
> micro-gestion-facile@1.0.0 test
> vitest


[1m[44m DEV [49m[22m [34mv4.0.18 [39m[90mC:/Users/Thomas/Micro-Gestion-Facile[39m

 [31mÔØ»[39m __tests__/components/InvoiceManager.test.tsx [2m([22m[2m38 tests[22m[2m | [22m[31m26 failed[39m[2m)[22m[33m 2999[2mms[22m[39m
[31m       [31m├ù[31m affiche le gestionnaire de factures[39m[32m 171[2mms[22m[39m
       [32mÔ£ô[39m affiche la liste des factures[32m 49[2mms[22m[39m
[31m       [31m├ù[31m affiche les statuts des factures[39m[32m 53[2mms[22m[39m
       [32mÔ£ô[39m affiche le num├®ro de facture[32m 39[2mms[22m[39m
[31m       [31m├ù[31m affiche le client de la facture[39m[32m 43[2mms[22m[39m
[31m       [31m├ù[31m affiche la date de facture[39m[32m 36[2mms[22m[39m
       [32mÔ£ô[39m affiche les montants totaux[32m 28[2mms[22m[39m
[31m       [31m├ù[31m ouvre le formulaire de cr├®ation de facture[39m[33m 1308[2mms[22m[39m
[31m       [31m├ù[31m filtre par statut[39m[32m 44[2mms[22m[39m
[31m       [31m├ù[31m filtre par client[39m[32m 36[2mms[22m[39m
[31m       [31m├ù[31m affiche un bouton pour dupliquer une facture[39m[32m 51[2mms[22m[39m
       [32mÔ£ô[39m affiche un bouton pour supprimer une facture[32m 29[2mms[22m[39m
       [32mÔ£ô[39m affiche un bouton pour t├®l├®charger une facture[32m 32[2mms[22m[39m
[31m       [31m├ù[31m affiche un bouton pour envoyer une facture[39m[32m 34[2mms[22m[39m
       [32mÔ£ô[39m affiche un message si pas de factures[32m 20[2mms[22m[39m
       [32mÔ£ô[39m g├¿re les factures standards[32m 59[2mms[22m[39m
[31m       [31m├ù[31m g├¿re les devis[39m[32m 23[2mms[22m[39m
       [32mÔ£ô[39m les boutons sont accessibles au clavier[32m 136[2mms[22m[39m
[31m       [31m├ù[31m calcule correctement HT (Hors Taxes) avec items simples[39m[32m 25[2mms[22m[39m
[31m       [31m├ù[31m calcule correctement la TVA ├á 20%[39m[32m 24[2mms[22m[39m
[31m       [31m├ù[31m calcule correctement avec TVA r├®duite 5.5%[39m[32m 25[2mms[22m[39m
[31m       [31m├ù[31m calcule correctement avec plusieurs items et TVA mixtes[39m[32m 22[2mms[22m[39m
[31m       [31m├ù[31m applique correctement une remise en pourcentage[39m[32m 20[2mms[22m[39m
[31m       [31m├ù[31m ajoute correctement les frais de port (shipping)[39m[32m 20[2mms[22m[39m
[31m       [31m├ù[31m g├¿re les acomptes/d├®p├┤ts correctement[39m[32m 22[2mms[22m[39m
[31m       [31m├ù[31m exon├¿re correctement la TVA si taxExempt = true[39m[32m 20[2mms[22m[39m
[31m       [31m├ù[31m g├¿re les d├®cimales correctement (precision Decimal.js)[39m[32m 25[2mms[22m[39m
[31m       [31m├ù[31m composition de calculs complexes: remise + port + TVA[39m[32m 20[2mms[22m[39m
[31m       [31m├ù[31m emp├¬che la cr├®ation avec un client non s├®lectionn├®[39m[32m 24[2mms[22m[39m
[31m       [31m├ù[31m emp├¬che la cr├®ation avec des items vides[39m[32m 22[2mms[22m[39m
       [32mÔ£ô[39m valide les num├®ros de facture uniques[32m 29[2mms[22m[39m
       [32mÔ£ô[39m valide que la date d'├®ch├®ance est apr├¿s la date de facture[32m 23[2mms[22m[39m
       [32mÔ£ô[39m emp├¬che les montants n├®gatifs[32m 16[2mms[22m[39m
[31m       [31m├ù[31m affiche les dates en format fran├ºais[39m[32m 44[2mms[22m[39m
[31m       [31m├ù[31m affiche les montants format├®s avec s├®parateurs de milliers[39m[32m 25[2mms[22m[39m
       [33m[2mÔ£ô[22m[39m g├¿re 100 factures sans ralentissements [33m 327[2mms[22m[39m
[31m       [31m├ù[31m g├¿re les montant extr├¬mement ├®lev├®s[39m[32m 28[2mms[22m[39m
[31m       [31m├ù[31m g├¿re les factures avec pas d'items[39m[32m 38[2mms[22m[39m
 [31mÔØ»[39m __tests__/AIAssistant.test.tsx [2m([22m[2m20 tests[22m[2m | [22m[31m4 failed[39m[2m)[22m[33m 5881[2mms[22m[39m
       [32mÔ£ô[39m devrait rendre le composant sans erreur[32m 118[2mms[22m[39m
       [32mÔ£ô[39m affiche le titre principal du composant[32m 22[2mms[22m[39m
       [32mÔ£ô[39m affiche le champ de saisie pour les questions[32m 24[2mms[22m[39m
       [32mÔ£ô[39m affiche le bouton d'envoi[32m 22[2mms[22m[39m
       [33m[2mÔ£ô[22m[39m devrait envoyer un message et afficher la r├®ponse [33m 825[2mms[22m[39m
       [33m[2mÔ£ô[22m[39m vide le champ de saisie apr├¿s envoi [33m 359[2mms[22m[39m
       [32mÔ£ô[39m n'envoie pas de message vide[32m 96[2mms[22m[39m
       [33m[2mÔ£ô[22m[39m affiche l'historique des messages [33m 326[2mms[22m[39m
       [32mÔ£ô[39m affiche la section de pr├®diction[32m 17[2mms[22m[39m
       [32mÔ£ô[39m affiche la balance pr├®dite[32m 14[2mms[22m[39m
[31m       [31m├ù[31m appelle predictCashflowJ30 au montage du composant[39m[33m 1026[2mms[22m[39m
[31m       [31m├ù[31m affiche le niveau de risque de la pr├®diction[39m[33m 1019[2mms[22m[39m
       [32mÔ£ô[39m g├¿re les erreurs d'API gracieusement[32m 171[2mms[22m[39m
       [32mÔ£ô[39m g├¿re les erreurs de pr├®diction au chargement[32m 11[2mms[22m[39m
       [32mÔ£ô[39m affiche un message par d├®faut en cas d'erreur de r├®ponse[32m 276[2mms[22m[39m
       [32mÔ£ô[39m affiche un indicateur de chargement en envoyant un message[32m 209[2mms[22m[39m
[31m       [31m├ù[31m envoie le message avec Enter[39m[33m 1145[2mms[22m[39m
[31m       [31m├ù[31m n'envoie pas avec Shift+Enter[39m[32m 172[2mms[22m[39m
       [32mÔ£ô[39m a des labels descriptifs pour les ├®l├®ments interactifs[32m 9[2mms[22m[39m
       [32mÔ£ô[39m le bouton est accessible au clavier[32m 10[2mms[22m[39m
 [31mÔØ»[39m __tests__/components/ClientManager.test.tsx [2m([22m[2m22 tests[22m[2m | [22m[31m22 failed[39m[2m)[22m[33m 367[2mms[22m[39m
[31m       [31m├ù[31m affiche le titre et interface du gestionnaire de clients[39m[32m 62[2mms[22m[39m
[31m       [31m├ù[31m affiche la liste des clients actifs[39m[32m 11[2mms[22m[39m
[31m       [31m├ù[31m affiche le nombre total de clients[39m[32m 15[2mms[22m[39m
[31m       [31m├ù[31m affiche les statuts et statistiques des clients[39m[32m 18[2mms[22m[39m
[31m       [31m├ù[31m filtre les clients par nom[39m[32m 14[2mms[22m[39m
[31m       [31m├ù[31m filtre les clients par email[39m[32m 13[2mms[22m[39m
[31m       [31m├ù[31m affiche message si aucun r├®sultat[39m[32m 12[2mms[22m[39m
[31m       [31m├ù[31m ignore les clients archiv├®s par d├®faut[39m[32m 14[2mms[22m[39m
[31m       [31m├ù[31m affiche le chiffre d'affaires total[39m[32m 11[2mms[22m[39m
[31m       [31m├ù[31m compte les factures pay├®es par client[39m[32m 11[2mms[22m[39m
[31m       [31m├ù[31m affiche le nombre total de clients[39m[32m 12[2mms[22m[39m
[31m       [31m├ù[31m ouvre le modal pour ajouter un client[39m[32m 12[2mms[22m[39m
[31m       [31m├ù[31m cr├®e un nouveau client avec les donn├®es du formulaire[39m[32m 11[2mms[22m[39m
[31m       [31m├ù[31m ouvre le modal pour ├®diter un client[39m[32m 10[2mms[22m[39m
[31m       [31m├ù[31m pr├®charge les donn├®es du client en ├®dition[39m[32m 11[2mms[22m[39m
[31m       [31m├ù[31m sauvegarde les modifications du client[39m[32m 9[2mms[22m[39m
[31m       [31m├ù[31m affiche un bouton supprimer[39m[32m 10[2mms[22m[39m
[31m       [31m├ù[31m appelle onDelete avec l'ID du client[39m[32m 12[2mms[22m[39m
[31m       [31m├ù[31m affiche l'option d'archivage[39m[32m 15[2mms[22m[39m
[31m       [31m├ù[31m affiche un message si pas de clients[39m[32m 20[2mms[22m[39m
[31m       [31m├ù[31m les inputs sont accessibles au clavier[39m[32m 37[2mms[22m[39m
[31m       [31m├ù[31m les boutons d'action sont accessibles[39m[32m 19[2mms[22m[39m
 [31mÔØ»[39m __tests__/lib/exportUtils.test.ts [2m([22m[2m34 tests[22m[2m | [22m[31m4 failed[39m[2m)[22m[32m 48[2mms[22m[39m
       [32mÔ£ô[39m exporte compl├¿tement les donn├®es en JSON[32m 4[2mms[22m[39m
       [32mÔ£ô[39m inclut les m├®tadonn├®es (exportedAt)[32m 1[2mms[22m[39m
       [32mÔ£ô[39m s├®rialise les Decimal en string[32m 1[2mms[22m[39m
       [32mÔ£ô[39m g├¿re les donn├®es vides correctement[32m 1[2mms[22m[39m
       [32mÔ£ô[39m sort et formate correctement le JSON[32m 1[2mms[22m[39m
       [32mÔ£ô[39m exporte avec toutes les cl├®s r├®quises[32m 1[2mms[22m[39m
[31m       [31m├ù[31m exporte les factures en CSV[39m[32m 8[2mms[22m[39m
[31m       [31m├ù[31m inclut les headers automatiquement[39m[32m 4[2mms[22m[39m
       [32mÔ£ô[39m g├¿re les custom headers[32m 1[2mms[22m[39m
       [32mÔ£ô[39m ├®chappe les valeurs contenant des virgules[32m 0[2mms[22m[39m
       [32mÔ£ô[39m ├®chappe les valeurs contenant des guillemets[32m 1[2mms[22m[39m
       [32mÔ£ô[39m exporte les clients[32m 0[2mms[22m[39m
       [32mÔ£ô[39m g├¿re les collections vides[32m 0[2mms[22m[39m
       [32mÔ£ô[39m exporte plusieurs items avec donn├®es compl├¿tes[32m 0[2mms[22m[39m
       [32mÔ£ô[39m g├¿re les donn├®es avec accents fran├ºais[32m 0[2mms[22m[39m
       [32mÔ£ô[39m exporte les num├®ros correctement format├®s[32m 0[2mms[22m[39m
       [32mÔ£ô[39m exporte compl├¿tement les donn├®es personnelles[32m 0[2mms[22m[39m
       [32mÔ£ô[39m inclut le timestamp d'export (RGPD requirement)[32m 0[2mms[22m[39m
       [32mÔ£ô[39m produit un JSON valide et parsable[32m 1[2mms[22m[39m
       [32mÔ£ô[39m utilise l'encodage UTF-8 correctement[32m 0[2mms[22m[39m
       [32mÔ£ô[39m CSV r├®cup├¿re tous les champs de l'entit├®[32m 0[2mms[22m[39m
       [32mÔ£ô[39m exporte 1000 factures rapidement en JSON[32m 5[2mms[22m[39m
[31m       [31m├ù[31m exporte 1000 factures rapidement en CSV[39m[32m 5[2mms[22m[39m
       [32mÔ£ô[39m g├¿re les montants tr├¿s ├®lev├®s sans perte de pr├®cision[32m 0[2mms[22m[39m
       [32mÔ£ô[39m g├¿re les montants tr├¿s petits avec pr├®cision d├®cimale[32m 0[2mms[22m[39m
       [32mÔ£ô[39m g├¿re les valeurs null/undefined gracieux[32m 0[2mms[22m[39m
       [32mÔ£ô[39m g├¿re les cha├«nes vides correctement[32m 0[2mms[22m[39m
       [32mÔ£ô[39m g├¿re les caract├¿res de contr├┤le dans les donn├®es[32m 0[2mms[22m[39m
       [32mÔ£ô[39m ├®chappe correctement les guillemets doubles en CSV[32m 0[2mms[22m[39m
       [32mÔ£ô[39m conserve l'ordre des lignes en CSV[32m 0[2mms[22m[39m
       [32mÔ£ô[39m exporte correctement les donn├®es multilingues[32m 0[2mms[22m[39m
       [32mÔ£ô[39m exporte le CSV avec support multilingue UTF-8[32m 0[2mms[22m[39m
[31m       [31m├ù[31m produit un JSON de taille raisonnable pour 1000 factures[39m[32m 3[2mms[22m[39m
       [32mÔ£ô[39m encode correctement en base64 si n├®cessaire[32m 1[2mms[22m[39m
 [31mÔØ»[39m __tests__/lib/facturX.test.ts [2m([22m[2m34 tests[22m[2m | [22m[31m6 failed[39m[2m)[22m[32m 68[2mms[22m[39m
       [32mÔ£ô[39m g├®n├¿re un XML bien form├®[32m 3[2mms[22m[39m
       [32mÔ£ô[39m inclut les informations du vendeur[32m 1[2mms[22m[39m
       [32mÔ£ô[39m inclut les informations de l'acheteur[32m 0[2mms[22m[39m
       [32mÔ£ô[39m inclut le num├®ro de facture[32m 0[2mms[22m[39m
       [32mÔ£ô[39m inclut la date au format YYYYMMDD[32m 0[2mms[22m[39m
       [32mÔ£ô[39m inclut tous les items avec descriptions[32m 0[2mms[22m[39m
       [32mÔ£ô[39m inclut les quantit├®s correctes[32m 0[2mms[22m[39m
       [32mÔ£ô[39m inclut les montants unitaires[32m 0[2mms[22m[39m
       [32mÔ£ô[39m inclut les taux de TVA[32m 0[2mms[22m[39m
       [32mÔ£ô[39m utilise le profil BASIC Factur-X[32m 0[2mms[22m[39m
       [32mÔ£ô[39m utilise typeCode 380 pour facture normale[32m 0[2mms[22m[39m
       [32mÔ£ô[39m utilise typeCode 381 pour avoir-facture[32m 0[2mms[22m[39m
       [32mÔ£ô[39m utilise EUR comme devise[32m 0[2mms[22m[39m
       [32mÔ£ô[39m g├¿re les accents fran├ºais correctement (UTF-8)[32m 0[2mms[22m[39m
       [32mÔ£ô[39m structure bien form├®e avec ├®l├®ments requis[32m 0[2mms[22m[39m
[31m       [31m├ù[31m calcule correctement les totaux HT et TTC[39m[32m 15[2mms[22m[39m
[31m       [31m├ù[31m inclut les adresses compl├¿tes du vendeur et acheteur[39m[32m 5[2mms[22m[39m
       [32mÔ£ô[39m g├¿re les factures sans items sans erreur[32m 0[2mms[22m[39m
       [32mÔ£ô[39m g├¿re le code S (standard VAT rate)[32m 0[2mms[22m[39m
[31m       [31m├ù[31m g├¿re le code Z (zero rated)[39m[32m 1[2mms[22m[39m
       [32mÔ£ô[39m g├¿re le code E (exempt from VAT)[32m 0[2mms[22m[39m
       [32mÔ£ô[39m g├¿re le code RL (reverse charge)[32m 0[2mms[22m[39m
[31m       [31m├ù[31m inclut les conditions de paiement[39m[32m 3[2mms[22m[39m
       [32mÔ£ô[39m respecte la pr├®cision d├®cimale sur les montants[32m 0[2mms[22m[39m
[31m       [31m├ù[31m ├®chappe correctement les caract├¿res XML sp├®ciaux[39m[32m 10[2mms[22m[39m
       [32mÔ£ô[39m g├¿re plusieurs items avec diff├®rents taux de TVA[32m 2[2mms[22m[39m
       [32mÔ£ô[39m inclut le statut ACRE dans le profil[32m 1[2mms[22m[39m
       [32mÔ£ô[39m g├¿re les montants ├®lev├®s sans perte de pr├®cision[32m 0[2mms[22m[39m
[31m       [31m├ù[31m inclut compl├¿tement les adresses structur├®es (CodeListId)[39m[32m 7[2mms[22m[39m
       [32mÔ£ô[39m utilise le num├®ro de facture comme SchemeID[32m 0[2mms[22m[39m
       [32mÔ£ô[39m valide l'XML pour Structure compl├¿te (pas de tags orphelins)[32m 1[2mms[22m[39m
       [32mÔ£ô[39m diff├®rencie les types de document (facture vs avoir)[32m 0[2mms[22m[39m
       [32mÔ£ô[39m g├®n├¿re le XML rapidement (< 100ms)[32m 0[2mms[22m[39m
       [32mÔ£ô[39m g├®n├¿re le m├¬me XML pour la m├¬me facture (d├®terministe)[32m 0[2mms[22m[39m
 [31mÔØ»[39m __tests__/db/invoiceDB.test.ts [2m([22m[2m40 tests[22m[2m | [22m[31m40 failed[39m[2m)[22m[32m 52[2mms[22m[39m
[31m       [31m├ù[31m cr├®e une facture[39m[32m 7[2mms[22m[39m
[31m       [31m├ù[31m r├®cup├¿re une facture par ID[39m[32m 1[2mms[22m[39m
[31m       [31m├ù[31m met ├á jour une facture[39m[32m 1[2mms[22m[39m
[31m       [31m├ù[31m supprime une facture[39m[32m 1[2mms[22m[39m
[31m       [31m├ù[31m liste toutes les factures[39m[32m 1[2mms[22m[39m
[31m       [31m├ù[31m filtre par status[39m[32m 1[2mms[22m[39m
[31m       [31m├ù[31m filtre par clientId[39m[32m 1[2mms[22m[39m
[31m       [31m├ù[31m filtre par status[39m[32m 1[2mms[22m[39m
[31m       [31m├ù[31m l├¿ve une erreur si l'invoice existe d├®j├á[39m[32m 1[2mms[22m[39m
[31m       [31m├ù[31m cr├®e un item[39m[32m 1[2mms[22m[39m
[31m       [31m├ù[31m cr├®e et r├®cup├¿re un item[39m[32m 1[2mms[22m[39m
[31m       [31m├ù[31m supporte plusieurs items[39m[32m 1[2mms[22m[39m
[31m       [31m├ù[31m cr├®e un client[39m[32m 1[2mms[22m[39m
[31m       [31m├ù[31m filtre les clients actifs[39m[32m 1[2mms[22m[39m
[31m       [31m├ù[31m recherche par email[39m[32m 1[2mms[22m[39m
[31m       [31m├ù[31m met ├á jour un client[39m[32m 1[2mms[22m[39m
[31m       [31m├ù[31m cr├®e facture + items atomiquement[39m[32m 1[2mms[22m[39m
[31m       [31m├ù[31m g├¿re 1000 factures sans d├®grade[39m[32m 1[2mms[22m[39m
[31m       [31m├ù[31m cherche rapidement dans 1000 records[39m[32m 1[2mms[22m[39m
[31m       [31m├ù[31m cr├®e un fournisseur[39m[32m 1[2mms[22m[39m
[31m       [31m├ù[31m filtre les fournisseurs actifs[39m[32m 1[2mms[22m[39m
[31m       [31m├ù[31m met ├á jour un fournisseur[39m[32m 1[2mms[22m[39m
[31m       [31m├ù[31m supprime un fournisseur[39m[32m 1[2mms[22m[39m
[31m       [31m├ù[31m cr├®e un produit[39m[32m 1[2mms[22m[39m
[31m       [31m├ù[31m filtre par cat├®gorie[39m[32m 1[2mms[22m[39m
[31m       [31m├ù[31m liste les produits actifs[39m[32m 1[2mms[22m[39m
[31m       [31m├ù[31m cr├®e une d├®pense[39m[32m 1[2mms[22m[39m
[31m       [31m├ù[31m filtre par fournisseur[39m[32m 1[2mms[22m[39m
[31m       [31m├ù[31m filtre par cat├®gorie[39m[32m 2[2mms[22m[39m
[31m       [31m├ù[31m exporte toutes les tables en JSON[39m[32m 1[2mms[22m[39m
[31m       [31m├ù[31m exporte des donn├®es vides si la base est vide[39m[32m 1[2mms[22m[39m
[31m       [31m├ù[31m exporte correctement Decimal.js amounts[39m[32m 1[2mms[22m[39m
[31m       [31m├ù[31m cr├®e un ├®v├®nement calendrier[39m[32m 1[2mms[22m[39m
[31m       [31m├ù[31m filtre par client[39m[32m 1[2mms[22m[39m
[31m       [31m├ù[31m filtre par facture[39m[32m 1[2mms[22m[39m
[31m       [31m├ù[31m cr├®e un template email[39m[32m 1[2mms[22m[39m
[31m       [31m├ù[31m r├®cup├¿re templates par type[39m[32m 1[2mms[22m[39m
[31m       [31m├ù[31m cr├®e un message chat[39m[32m 1[2mms[22m[39m
[31m       [31m├ù[31m liste messages par timestamp[39m[32m 1[2mms[22m[39m
[31m       [31m├ù[31m vide compl├¿tement la base[39m[32m 1[2mms[22m[39m
 [32mÔ£ô[39m __tests__/FormFields_extra.test.tsx [2m([22m[2m4 tests[22m[2m)[22m[33m 364[2mms[22m[39m
node.exe : [90mstderr[2m | __tests__/Dashboard.test.tsx
Au caractère Ligne:1 : 1
+ & "C:\Program Files\nodejs/node.exe" "C:\Program Files\nodejs/node_mo ...
+ ~~~~~~~~~~~~~~~~~~~~~~~~~~~~~~~~~~~~~~~~~~~~~~~~~~~~~~~~~~~~~~~~~~~~~
    + CategoryInfo          : NotSpecified: ([90mstderr[2m...hboard.test.tsx 
   :String) [], RemoteException
    + FullyQualifiedErrorId : NativeCommandError
 
[22m[39mAPI key should be set when using the Gemini API.
API key should be set when using the Gemini API.

[90mstderr[2m | __tests__/Dashboard.test.tsx[2m > [22m[2mDashboard[2m > 
[22m[2maffiche le titre du tableau de bord
[22m[39mThe tag <stop> is unrecognized in this browser. If you meant to 
render a React component, start its name with an uppercase letter.
<linearGradient /> is using incorrect casing. Use PascalCase for React 
components, or lowercase for HTML elements.
The tag <linearGradient> is unrecognized in this browser. If you meant to 
render a React component, start its name with an uppercase letter.
<linearGradient /> is using incorrect casing. Use PascalCase for React 
components, or lowercase for HTML elements.
The tag <defs> is unrecognized in this browser. If you meant to render a React 
component, start its name with an uppercase letter.

[90mstderr[2m | __tests__/Dashboard.test.tsx[2m > [22m[2mDashboard[2m > 
[22m[2maffiche les statistiques de chiffre d affaire
[22m[39m<linearGradient /> is using incorrect casing. Use PascalCase for 
React components, or lowercase for HTML elements.
<linearGradient /> is using incorrect casing. Use PascalCase for React 
components, or lowercase for HTML elements.

[90mstderr[2m | __tests__/Sidebar.test.tsx[2m > [22m[2mSidebar[2m > 
[22m[2maffiche tous les ├®l├®ments du menu
[22m[39mReact does not recognize the `layoutId` prop on a DOM element. If 
you intentionally want it to appear in the DOM as a custom attribute, spell it 
as lowercase `layoutid` instead. If you accidentally passed it from a parent 
component, remove it from the DOM element.

[90mstderr[2m | __tests__/Dashboard.test.tsx[2m > [22m[2mDashboard[2m > 
[22m[2maffiche les graphiques Recharts (mock├®s)
[22m[39m<linearGradient /> is using incorrect casing. Use PascalCase for 
React components, or lowercase for HTML elements.
<linearGradient /> is using incorrect casing. Use PascalCase for React 
components, or lowercase for HTML elements.

[90mstderr[2m | __tests__/Dashboard.test.tsx[2m > [22m[2mDashboard[2m > 
[22m[2mr├®agit au clic sur les actions rapides
[22m[39m<linearGradient /> is using incorrect casing. Use PascalCase for 
React components, or lowercase for HTML elements.
<linearGradient /> is using incorrect casing. Use PascalCase for React 
components, or lowercase for HTML elements.

 [32mÔ£ô[39m __tests__/Dashboard.test.tsx [2m([22m[2m4 tests[22m[2m)[22m[33m 504[2mms[22m[39m
 [32mÔ£ô[39m __tests__/Sidebar.test.tsx [2m([22m[2m4 tests[22m[2m)[22m[33m 461[2mms[22m[39m
 [32mÔ£ô[39m __tests__/EntityFormFields.test.tsx [2m([22m[2m5 tests[22m[2m)[22m[32m 182[2mms[22m[39m
[90mstderr[2m | __tests__/geminiService.test.ts
[22m[39mAPI key should be set when using the Gemini API.
API key should be set when using the Gemini API.

 [32mÔ£ô[39m __tests__/geminiService.test.ts [2m([22m[2m24 tests[22m[2m)[22m[32m 165[2mms[22m[39m
 [32mÔ£ô[39m __tests__/invoiceCalculations.test.tsx [2m([22m[2m107 tests[22m[2m)[22m[32m 46[2mms[22m[39m
 [32mÔ£ô[39m __tests__/FormFields.test.tsx [2m([22m[2m4 tests[22m[2m)[22m[32m 177[2mms[22m[39m
 [32mÔ£ô[39m __tests__/lib/validators.test.ts [2m([22m[2m85 tests[22m[2m)[22m[32m 27[2mms[22m[39m
 [32mÔ£ô[39m __tests__/appStore.test.ts [2m([22m[2m8 tests[22m[2m)[22m[32m 21[2mms[22m[39m
 [32mÔ£ô[39m __tests__/fiscalCalculations.test.ts [2m([22m[2m15 tests[22m[2m)[22m[32m 13[2mms[22m[39m

[31mÔÄ»ÔÄ»ÔÄ»ÔÄ»ÔÄ»ÔÄ»[39m[1m[41m Failed Tests 102 
[49m[22m[31mÔÄ»ÔÄ»ÔÄ»ÔÄ»ÔÄ»ÔÄ»[39m

[41m[1m FAIL [22m[49m __tests__/AIAssistant.test.tsx[2m > 
[22mAIAssistant Component - Improved Tests[2m > [22mAI Features[2m > 
[22mappelle predictCashflowJ30 au montage du composant
[31m[1mAssertionError[22m[39m: expected "vi.fn()" to be called at least 
once

Ignored nodes: comments, script, style
[36m<html>[39m
  [36m<head />[39m
  [36m<body>[39m
    [36m<div>[39m
      [36m<div[39m
        [33mclass[39m=[32m"h-[calc(100vh-6rem)] max-w-5xl mx-auto flex 
flex-col bg-white rounded-4xl shadow-xl border border-brand-200 
overflow-hidden animate-fade-in"[39m
      [36m>[39m
        [36m<div[39m
          [33mclass[39m=[32m"bg-linear-to-r from-brand-900 to-brand-800 p-6 
flex items-center justify-between"[39m
        [36m>[39m
          [36m<div[39m
            [33mclass[39m=[32m"flex items-center gap-4"[39m
          [36m>[39m
            [36m<div[39m
              [33mclass[39m=[32m"p-2.5 bg-white/20 -webkit-backdrop-blur-md 
backdrop-blur-md rounded-xl shadow-inner"[39m
            [36m>[39m
              [36m<svg[39m
                [33maria-hidden[39m=[32m"true"[39m
                [33mclass[39m=[32m"lucide lucide-sparkles text-white"[39m
                [33mfill[39m=[32m"none"[39m
                [33mheight[39m=[32m"24"[39m
                [33mstroke[39m=[32m"currentColor"[39m
                [33mstroke-linecap[39m=[32m"round"[39m
                [33mstroke-linejoin[39m=[32m"round"[39m
                [33mstroke-width[39m=[32m"2"[39m
                [33mviewBox[39m=[32m"0 0 24 24"[39m
                [33mwidth[39m=[32m"24"[39m
                [33mxmlns[39m=[32m"http://www.w3.org/2000/svg"[39m
              [36m>[39m
                [36m<path[39m
                  [33md[39m=[32m"M11.017 2.814a1 1 0 0 1 1.966 0l1.051 
5.558a2 2 0 0 0 1.594 1.594l5.558 1.051a1 1 0 0 1 0 1.966l-5.558 1.051a2 2 0 0 
0-1.594 1.594l-1.051 5.558a1 1 0 0 1-1.966 0l-1.051-5.558a2 2 0 0 
0-1.594-1.594l-5.558-1.051a1 1 0 0 1 0-1.966l5.558-1.051a2 2 0 0 0 
1.594-1.594z"[39m
                [36m/>[39m
                [36m<path[39m
                  [33md[39m=[32m"M20 2v4"[39m
                [36m/>[39m
                [36m<path[39m
                  [33md[39m=[32m"M22 4h-4"[39m
                [36m/>[39m
                [36m<circle[39m
                  [33mcx[39m=[32m"4"[39m
                  [33mcy[39m=[32m"20"[39m
                  [33mr[39m=[32m"2"[39m
                [36m/>[39m
              [36m</svg>[39m
            [36m</div>[39m
            [36m<div>[39m
              [36m<h2[39m
                [33mclass[39m=[32m"text-white font-bold text-lg"[39m
              [36m>[39m
                [0mAssistant Administratif[0m
              [36m</h2>[39m
              [36m<div[39m
                [33mclass[39m=[32m"flex items-center gap-2"[39m
              [36m>[39m
                [36m<span[39m
                  [33mclass[39m=[32m"relative flex h-2 w-2"[39m
                [36m>[39m
                  [36m<span[39m
                    [33mclass[39m=[32m"animate-ping absolute inline-flex 
h-full w-full rounded-full bg-accent-400 opacity-75"[39m
                  [36m/>[39m
                  [36m<span[39m
                    [33mclass[39m=[32m"relative inline-flex rounded-full 
h-2 w-2 bg-accent-500"[39m
                  [36m/>[39m
                [36m</span>[39m
                [36m<p[39m
                  [33mclass[39m=[32m"text-brand-100 text-xs 
font-medium"[39m
                [36m>[39m
                  [0mEn ligne ÔÇó Propuls├® par Google Gemini[0m
                [36m</p>[39m
              [36m</div>[39m
            [36m</div>[39m
          [36m</div>[39m
        [36m</div>[39m
        [36m<div[39m
          [33mclass[39m=[32m"flex-1 overflow-y-auto p-6 space-y-6 
bg-brand-50/30 scroll-smooth"[39m
        [36m>[39m
          [36m<div[39m
            [33mclass[39m=[32m"grid grid-cols-1 md:grid-cols-2 gap-4 
mb-6"[39m
          [36m>[39m
            [36m<div[39m
              [33mclass[39m=[32m"bg-white rounded-2xl p-5 border 
border-brand-100 shadow-sm relative overflow-hidden group"[39m
            [36m>[39m
              [36m<div[39m
                [33mclass[39m=[32m"absolute top-0 right-0 p-3 opacity-10 
group-hover:rotate-12 transition-transform"[39m
              [36m>[39m
                [36m<svg[39m
                  [33maria-hidden[39m=[32m"true"[39m
                  [33mclass[39m=[32m"lucide lucide-trending-up 
text-brand-900"[39m
                  [33mfill[39m=[32m"none"[39m
                  [33mheight[39m=[32m"64"[39m
                  [33mstroke[39m=[32m"currentColor"[39m
                  [33mstroke-linecap[39m=[32m"round"[39m
                  [33mstroke-linejoin[39m=[32m"round"[39m
                  [33mstroke-width[39m=[32m"2"[39m
                  [33mviewBox[39m=[32m"0 0 24 24"[39m
                  [33mwidth[39m=[32m"64"[39m
                  [33mxmlns[39m=[32m"http://www.w3.org/2000/svg"[39m
                [36m>[39m
                  [36m<path[39m
                    [33md[39m=[32m"M16 7h6v6"[39m
                  [36m/>[39m
                  [36m<path[39m
                    [33md[39m=[32m"m22 7-8.5 8.5-5-5L2 17"[39m
                  [36m/>[39m
                [36m</svg>[39m
              [36m</div>[39m
              [36m<div[39m
                [33mclass[39m=[32m"flex items-center gap-3 mb-3"[39m
              [36m>[39m
                [36m<div[39m
                  [33mclass[39m=[32m"p-2 bg-brand-100 text-brand-900 
rounded-lg"[39m
                [36m>[39m
                  [36m<svg[39m
                    [33maria-hidden[39m=[32m"true"[39m
                    [33mclass[39m=[32m"lucide lucide-trending-up"[39m
                    [33mfill[39m=[32m"none"[39m
                    [33mheight[39m=[32m"20"[39m
                    [33mstroke[39m=[32m"currentColor"[39m
                    [33mstroke-linecap[39m=[32m"round"[39m
                    [33mstroke-linejoin[39m=[32m"round"[39m
                    [33mstroke-width[39m=[32m"2"[39m
                    [33mviewBox[39m=[32m"0 0 24 24"[39m
                    [33mwidth[39m=[32m"20"[39m
                    [33mxmlns[39m=[32m"http://www.w3.org/2000/svg"[39m
                  [36m>[39m
                    [36m<path[39m
                      [33md[39m=[32m"M16 7h6v6"[39m
                    [36m/>[39m
                    [36m<path[39m
                      [33md[39m=[32m"m22 7-8.5 8.5-5-5L2 17"[39m
                    [36m/>[39m
                  [36m</svg>[39m
                [36m</div>[39m
                [36m<h3[39m
                  [33mclass[39m=[32m"font-bold text-brand-900"[39m
                [36m>[39m
                  [0mPr├®diction Tr├®sorerie (30j)[0m
                [36m</h3>[39m
              [36m</div>[39m
              [36m<p[39m
                [33mclass[39m=[32m"text-sm text-brand-400"[39m
              [36m>[39m
                [0mAucune donn├®e de pr├®diction disponible.[0m
              [36m</p>[39m
            [36m</div>[39m
            [36m<div[39m
              [33mclass[39m=[32m"bg-white rounded-2xl p-5 border 
border-brand-100 shadow-sm relative overflow-hidden group"[39m
            [36m>[39m
              [36m<div[39m
                [33mclass[39m=[32m"absolute top-0 right-0 p-3 opacity-10 
group-hover:rotate-12 transition-transform"[39m
              [36m>[39m
                [36m<svg[39m
                  [33maria-hidden[39m=[32m"true"[39m
                  [33mclass[39m=[32m"lucide lucide-triangle-alert 
text-brand-900"[39m
                  [33mfill[39m=[32m"none"[39m
                  [33mheight[39m=[32m"64"[39m
                  [33mstroke[39m=[32m"currentColor"[39m
                  [33mstroke-linecap[39m=[32m"round"[39m
                  [33mstroke-linejoin[39m=[32m"round"[39m
                  [33mstroke-width[39m=[32m"2"[39m
                  [33mviewBox[39m=[32m"0 0 24 24"[39m
                  [33mwidth[39m=[32m"64"[39m
                  [33mxmlns[39m=[32m"http://www.w3.org/2000/svg"[39m
                [36m>[39m
                  [36m<path[39m
                    [33md[39m=[32m"m21.73 18-8-14a2 2 0 0 0-3.48 0l-8 14A2 
2 0 0 0 4 21h16a2 2 0 0 0 1.73-3"[39m
                  [36m/>[39m
                  [36m<path[39m
                    [33md[39m=[32m"M12 9v4"[39m
                  [36m/>[39m
                  [36m<path[39m
                    [33md[39m=[32m"M12 17h.01"[39m
                  [36m/>[39m
                [36m</svg>[39m
              [36m</div>[39m
              [36m<div[39m
                [33mclass[39m=[32m"flex items-center gap-3 mb-3"[39m
              [36m>[39m
                [36m<div[39m
                  [33mclass[39m=[32m"p-2 bg-brand-100 text-brand-900 
rounded-lg"[39m
                [36m>[39m
                  [36m<svg[39m
                    [33maria-hidden[39m=[32m"true"[39m
                    [33mclass[39m=[32m"lucide lucide-shield"[39m
                    [33mfill[39m=[32m"none"[39m
                    [33mheight[39m=[32m"20"[39m
                    [33mstroke[39m=[32m"currentColor"[39m
                    [33mstroke-linecap[39m=[32m"round"[39m
                    [33mstroke-linejoin[39m=[32m"round"[39m
                    [33mstroke-width[39m=[32m"2"[39m
                    [33mviewBox[39m=[32m"0 0 24 24"[39m
                    [33mwidth[39m=[32m"20"[39m
                    [33mxmlns[39m=[32m"http://www.w3.org/2000/svg"[39m
                  [36m>[39m
                    [36m<path[39m
                      [33md[39m=[32m"M20 13c0 5-3.5 7.5-7.66 8.95a1 1 0 0 
1-.67-.01C7.5 20.5 4 18 4 13V6a1 1 0 0 1 1-1c2 0 4.5-1.2 6.24-2.72a1.17 1.17 0 
0 1 1.52 0C14.51 3.81 17 5 19 5a1 1 0 0 1 1 1z"[39m
                    [36m/>[39m
                  [36m</svg>[39m
                [36m</div>[39m
                [36m<h3[39m
                  [33mclass[39m=[32m"font-bold text-brand-900"[39m
                [36m>[39m
                  [0mConformit├® L├®gale (Auto-Audit)[0m
                [36m</h3>[39m
              [36m</div>[39m
              [36m<p[39m
                [33mclass[39m=[32m"text-sm text-brand-400"[39m
              [36m>[39m
                [0mPas encore de factures ├á analyser.[0m
              [36m</p>[39m
            [36m</div>[39m
          [36m</div>[39m
          [36m<div[39m
            [33mclass[39m=[32m"flex items-start gap-4 "[39m
          [36m>[39m
            [36m<div[39m
              [33mclass[39m=[32m"
              w-10 h-10 rounded-full flex items-center justify-center shrink-0 
shadow-sm border
              bg-white border-brand-200 text-brand-600
            "[39m
            [36m>[39m
              [36m<svg[39m
                [33maria-hidden[39m=[32m"true"[39m
                [33mclass[39m=[32m"lucide lucide-bot"[39m
                [33mfill[39m=[32m"none"[39m
                [33mheight[39m=[32m"20"[39m
                [33mstroke[39m=[32m"currentColor"[39m
                [33mstroke-linecap[39m=[32m"round"[39m
                [33mstroke-linejoin[39m=[32m"round"[39m
                [33mstroke-width[39m=[32m"2"[39m
                [33mviewBox[39m=[32m"0 0 24 24"[39m
                [33mwidth[39m=[32m"20"[39m
                [33mxmlns[39m=[32m"http://www.w3.org/2000/svg"[39m
              [36m>[39m
                [36m<path[39m
                  [33md[39m=[32m"M12 8V4H8"[39m
                [36m/>[39m
                [36m<rect[39m
                  [33mheight[39m=[32m"12"[39m
                  [33mrx[39m=[32m"2"[39m
                  [33mwidth[39m=[32m"16"[39m
                  [33mx[39m=[32m"4"[39m
                  [33my[39m=[32m"8"[39m
                [36m/>[39m
                [36m<path[39m
                  [33md[39m=[32m"M2 14h2"[39m
                [36m/>[39m
                [36m<path[39m
                  [33md[39m=[32m"M20 14h2"[39m
                [36m/>[39m
                [36m<path[39m
                  [33md[39m=[32m"M15 13v2"[39m
                [36m/>[39m
                [36m<path[39m
                  [33md[39m=[32m"M9 13v2"[39m
                [36m/>[39m
              [36m</svg>[39m
            [36m</div>[39m
            [36m<div[39m
              [33mclass[39m=[32m"flex flex-col items-start"[39m
            [36m>[39m
              [36m<div[39m
                [33mclass[39m=[32m"
                max-w-[85%] px-5 py-3.5 text-sm leading-relaxed 
whitespace-pre-wrap shadow-sm
                bg-white text-brand-800 rounded-[2rem] rounded-tl-sm border 
border-brand-100
                "[39m
              [36m>[39m
                [0mBonjour ! Je suis votre assistant administratif virtuel. 
Je peux vous aider avec vos questions sur le statut auto-entrepreneur, les 
d├®clarations URSSAF, ou la r├®daction de courriers. Comment puis-je vous 
aider aujourd'hui ?[0m
              [36m</div>[39m
              [36m<span[39m
                [33mclass[39m=[32m"text-[10px] text-brand-400 mt-1 
px-1"[39m
              [36m>[39m
                [0m00:10[0m
              [36m</span>[39m
            [36m</div>[39m
          [36m</div>[39m
          [36m<div />[39m
        [36m</div>[39m
        [36m<form[39m
          [33mclass[39m=[32m"p-6 bg-white border-t border-brand-100"[39m
        [36m>[39m
          [36m<div[39m
            [33mclass[39m=[32m"relative flex gap-3"[39m
          [36m>[39m
            [36m<input[39m
              [33mclass[39m=[32m"flex-1 pl-5 pr-12 py-3.5 border 
border-brand-200 rounded-2xl focus:ring-2 focus:ring-accent-500/20 
focus:border-accent-500 outline-none transition-all shadow-sm bg-brand-50/50 
focus:bg-white"[39m
              [33mplaceholder[39m=[32m"Posez une question (ex: Comment 
d├®clarer mon CA ?)"[39m
              [33mtype[39m=[32m"text"[39m
              [33mvalue[39m=[32m""[39m
            [36m/>[39m
            [36m<button[39m
              [33mclass[39m=[32m"px-6 py-3.5 bg-brand-900 text-white 
rounded-2xl hover:bg-brand-800 disabled:opacity-50 disabled:hover:bg-brand-900 
transition-all font-bold shadow-md flex items-center gap-2"[39m
              [33mdisabled[39m=[32m""[39m
              [33mtype[39m=[32m"submit"[39m
            [36m>[39m
              [36m<span>[39m
                [0mEnvoyer[0m
              [36m</span>[39m
              [36m<svg[39m
                [33maria-hidden[39m=[32m"true"[39m
                [33mclass[39m=[32m"lucide lucide-send"[39m
                [33mfill[39m=[32m"none"[39m
                [33mheight[39m=[32m"18"[39m
                [33mstroke[39m=[32m"currentColor"[39m
                [33mstroke-linecap[39m=[32m"round"[39m
                [33mstroke-linejoin[39m=[32m"round"[39m
                [33mstroke-width[39m=[32m"2"[39m
                [33mviewBox[39m=[32m"0 0 24 24"[39m
                [33mwidth[39m=[32m"18"[39m
                [33mxmlns[39m=[32m"http://www.w3.org/2000/svg"[39m
              [36m>[39m
                [36m<path[39m
                  [33md[39m=[32m"M14.536 21.686a.5.5 0 0 0 
.937-.024l6.5-19a.496.496 0 0 0-.635-.635l-19 6.5a.5.5 0 0 0-.024.937l7.93 
3.18a2 2 0 0 1 1.112 1.11z"[39m
                [36m/>[39m
                [36m<path[39m
                  [33md[39m=[32m"m21.854 2.147-10.94 10.939"[39m
                [36m/>[39m
              [36m</svg>[39m
            [36m</button>[39m
          [36m</div>[39m
          [36m<div[39m
            [33mclass[39m=[32m"text-center mt-3"[39m
          [36m>[39m
            [36m<p[39m
              [33mclass[39m=[32m"text-[10px] text-brand-400 flex 
items-center justify-center gap-1.5"[39m
            [36m>[39m
              [36m<svg[39m
                [33maria-hidden[39m=[32m"true"[39m
                [33mclass[39m=[32m"lucide lucide-message-square"[39m
                [33mfill[39m=[32m"none"[39m
                [33mheight[39m=[32m"10"[39m
                [33mstroke[39m=[32m"currentColor"[39m
                [33mstroke-linecap[39m=[32m"round"[39m
                [33mstroke-linejoin[39m=[32m"round"[39m
                [33mstroke-width[39m=[32m"2"[39m
                [33mviewBox[39m=[32m"0 0 24 24"[39m
                [33mwidth[39m=[32m"10"[39m
                [33mxmlns[39m=[32m"http://www.w3.org/2000/svg"[39m
              [36m>[39m
                [36m<path[39m
                  [33md[39m=[32m"M22 17a2 2 0 0 1-2 2H6.828a2 2 0 0 
0-1.414.586l-2.202 2.202A.71.71 0 0 1 2 21.286V5a2 2 0 0 1 2-2h16a2 2 0 0 1 2 
2z"[39m
                [36m/>[39m
              [36m</svg>[39m
              [0mL'IA peut commettre des erreurs. V├®rifiez toujours les 
informations l├®gales.[0m
            [36m</p>[39m
          [36m</div>[39m
        [36m</form>[39m
      [36m</div>[39m
    [36m</div>[39m
  [36m</body>[39m
[36m</html>[39m
[36m [2mÔØ»[22m __tests__/AIAssistant.test.tsx:[2m139:36[22m[39m
    [90m137| [39m
    [90m138| [39m      [35mawait[39m [34mwaitFor[39m(() [33m=>[39m {
    [90m139| [39m        [34mexpect[39m(predictCashflowJ30)[33m.[39m[34m
toHaveBeenCalled[39m()[33m;[39m
    [90m   | [39m                                   [31m^[39m
    [90m140| [39m      })[33m;[39m
    [90m141| [39m    })[33m;[39m
[90m [2mÔØ»[22m runWithExpensiveErrorDiagnosticsDisabled 
node_modules/@testing-library/dom/dist/config.js:[2m47:12[22m[39m
[90m [2mÔØ»[22m checkCallback 
node_modules/@testing-library/dom/dist/wait-for.js:[2m124:77[22m[39m
[90m [2mÔØ»[22m Timeout.checkRealTimersCallback 
node_modules/@testing-library/dom/dist/wait-for.js:[2m118:16[22m[39m

[31m[2mÔÄ»ÔÄ»ÔÄ»ÔÄ»ÔÄ»ÔÄ»ÔÄ»ÔÄ»ÔÄ»ÔÄ»ÔÄ»ÔÄ»ÔÄ»ÔÄ»ÔÄ»ÔÄ»ÔÄ»ÔÄ»ÔÄ»ÔÄ»ÔÄ»ÔÄ»[1/1
42]ÔÄ»[22m[39m

[41m[1m FAIL [22m[49m __tests__/AIAssistant.test.tsx[2m > 
[22mAIAssistant Component - Improved Tests[2m > [22mAI Features[2m > 
[22maffiche le niveau de risque de la pr├®diction
[31m[1mTestingLibraryElementError[22m[39m: Unable to find an element with 
the text: /low|medium|high|faible|moyen|├®lev├®/i. This could be because the 
text is broken up by multiple elements. In this case, you can provide a 
function for your text matcher to make your matcher more flexible.

Ignored nodes: comments, script, style
[36m<body>[39m
  [36m<div>[39m
    [36m<div[39m
      [33mclass[39m=[32m"h-[calc(100vh-6rem)] max-w-5xl mx-auto flex 
flex-col bg-white rounded-4xl shadow-xl border border-brand-200 
overflow-hidden animate-fade-in"[39m
    [36m>[39m
      [36m<div[39m
        [33mclass[39m=[32m"bg-linear-to-r from-brand-900 to-brand-800 p-6 
flex items-center justify-between"[39m
      [36m>[39m
        [36m<div[39m
          [33mclass[39m=[32m"flex items-center gap-4"[39m
        [36m>[39m
          [36m<div[39m
            [33mclass[39m=[32m"p-2.5 bg-white/20 -webkit-backdrop-blur-md 
backdrop-blur-md rounded-xl shadow-inner"[39m
          [36m>[39m
            [36m<svg[39m
              [33maria-hidden[39m=[32m"true"[39m
              [33mclass[39m=[32m"lucide lucide-sparkles text-white"[39m
              [33mfill[39m=[32m"none"[39m
              [33mheight[39m=[32m"24"[39m
              [33mstroke[39m=[32m"currentColor"[39m
              [33mstroke-linecap[39m=[32m"round"[39m
              [33mstroke-linejoin[39m=[32m"round"[39m
              [33mstroke-width[39m=[32m"2"[39m
              [33mviewBox[39m=[32m"0 0 24 24"[39m
              [33mwidth[39m=[32m"24"[39m
              [33mxmlns[39m=[32m"http://www.w3.org/2000/svg"[39m
            [36m>[39m
              [36m<path[39m
                [33md[39m=[32m"M11.017 2.814a1 1 0 0 1 1.966 0l1.051 
5.558a2 2 0 0 0 1.594 1.594l5.558 1.051a1 1 0 0 1 0 1.966l-5.558 1.051a2 2 0 0 
0-1.594 1.594l-1.051 5.558a1 1 0 0 1-1.966 0l-1.051-5.558a2 2 0 0 
0-1.594-1.594l-5.558-1.051a1 1 0 0 1 0-1.966l5.558-1.051a2 2 0 0 0 
1.594-1.594z"[39m
              [36m/>[39m
              [36m<path[39m
                [33md[39m=[32m"M20 2v4"[39m
              [36m/>[39m
              [36m<path[39m
                [33md[39m=[32m"M22 4h-4"[39m
              [36m/>[39m
              [36m<circle[39m
                [33mcx[39m=[32m"4"[39m
                [33mcy[39m=[32m"20"[39m
                [33mr[39m=[32m"2"[39m
              [36m/>[39m
            [36m</svg>[39m
          [36m</div>[39m
          [36m<div>[39m
            [36m<h2[39m
              [33mclass[39m=[32m"text-white font-bold text-lg"[39m
            [36m>[39m
              [0mAssistant Administratif[0m
            [36m</h2>[39m
            [36m<div[39m
              [33mclass[39m=[32m"flex items-center gap-2"[39m
            [36m>[39m
              [36m<span[39m
                [33mclass[39m=[32m"relative flex h-2 w-2"[39m
              [36m>[39m
                [36m<span[39m
                  [33mclass[39m=[32m"animate-ping absolute inline-flex 
h-full w-full rounded-full bg-accent-400 opacity-75"[39m
                [36m/>[39m
                [36m<span[39m
                  [33mclass[39m=[32m"relative inline-flex rounded-full h-2 
w-2 bg-accent-500"[39m
                [36m/>[39m
              [36m</span>[39m
              [36m<p[39m
                [33mclass[39m=[32m"text-brand-100 text-xs font-medium"[39m
              [36m>[39m
                [0mEn ligne ÔÇó Propuls├® par Google Gemini[0m
              [36m</p>[39m
            [36m</div>[39m
          [36m</div>[39m
        [36m</div>[39m
      [36m</div>[39m
      [36m<div[39m
        [33mclass[39m=[32m"flex-1 overflow-y-auto p-6 space-y-6 
bg-brand-50/30 scroll-smooth"[39m
      [36m>[39m
        [36m<div[39m
          [33mclass[39m=[32m"grid grid-cols-1 md:grid-cols-2 gap-4 
mb-6"[39m
        [36m>[39m
          [36m<div[39m
            [33mclass[39m=[32m"bg-white rounded-2xl p-5 border 
border-brand-100 shadow-sm relative overflow-hidden group"[39m
          [36m>[39m
            [36m<div[39m
              [33mclass[39m=[32m"absolute top-0 right-0 p-3 opacity-10 
group-hover:rotate-12 transition-transform"[39m
            [36m>[39m
              [36m<svg[39m
                [33maria-hidden[39m=[32m"true"[39m
                [33mclass[39m=[32m"lucide lucide-trending-up 
text-brand-900"[39m
                [33mfill[39m=[32m"none"[39m
                [33mheight[39m=[32m"64"[39m
                [33mstroke[39m=[32m"currentColor"[39m
                [33mstroke-linecap[39m=[32m"round"[39m
                [33mstroke-linejoin[39m=[32m"round"[39m
                [33mstroke-width[39m=[32m"2"[39m
                [33mviewBox[39m=[32m"0 0 24 24"[39m
                [33mwidth[39m=[32m"64"[39m
                [33mxmlns[39m=[32m"http://www.w3.org/2000/svg"[39m
              [36m>[39m
                [36m<path[39m
                  [33md[39m=[32m"M16 7h6v6"[39m
                [36m/>[39m
                [36m<path[39m
                  [33md[39m=[32m"m22 7-8.5 8.5-5-5L2 17"[39m
                [36m/>[39m
              [36m</svg>[39m
            [36m</div>[39m
            [36m<div[39m
              [33mclass[39m=[32m"flex items-center gap-3 mb-3"[39m
            [36m>[39m
              [36m<div[39m
                [33mclass[39m=[32m"p-2 bg-brand-100 text-brand-900 
rounded-lg"[39m
              [36m>[39m
                [36m<svg[39m
                  [33maria-hidden[39m=[32m"true"[39m
                  [33mclass[39m=[32m"lucide lucide-trending-up"[39m
                  [33mfill[39m=[32m"none"[39m
                  [33mheight[39m=[32m"20"[39m
                  [33mstroke[39m=[32m"currentColor"[39m
                  [33mstroke-linecap[39m=[32m"round"[39m
                  [33mstroke-linejoin[39m=[32m"round"[39m
                  [33mstroke-width[39m=[32m"2"[39m
                  [33mviewBox[39m=[32m"0 0 24 24"[39m
                  [33mwidth[39m=[32m"20"[39m
                  [33mxmlns[39m=[32m"http://www.w3.org/2000/svg"[39m
                [36m>[39m
                  [36m<path[39m
                    [33md[39m=[32m"M16 7h6v6"[39m
                  [36m/>[39m
                  [36m<path[39m
                    [33md[39m=[32m"m22 7-8.5 8.5-5-5L2 17"[39m
                  [36m/>[39m
                [36m</svg>[39m
              [36m</div>[39m
              [36m<h3[39m
                [33mclass[39m=[32m"font-bold text-brand-900"[39m
              [36m>[39m
                [0mPr├®diction Tr├®sorerie (30j)[0m
              [36m</h3>[39m
            [36m</div>[39m
            [36m<p[39m
              [33mclass[39m=[32m"text-sm text-brand-400"[39m
            [36m>[39m
              [0mAucune donn├®e de pr├®diction disponible.[0m
            [36m</p>[39m
          [36m</div>[39m
          [36m<div[39m
            [33mclass[39m=[32m"bg-white rounded-2xl p-5 border 
border-brand-100 shadow-sm relative overflow-hidden group"[39m
          [36m>[39m
            [36m<div[39m
              [33mclass[39m=[32m"absolute top-0 right-0 p-3 opacity-10 
group-hover:rotate-12 transition-transform"[39m
            [36m>[39m
              [36m<svg[39m
                [33maria-hidden[39m=[32m"true"[39m
                [33mclass[39m=[32m"lucide lucide-triangle-alert 
text-brand-900"[39m
                [33mfill[39m=[32m"none"[39m
                [33mheight[39m=[32m"64"[39m
                [33mstroke[39m=[32m"currentColor"[39m
                [33mstroke-linecap[39m=[32m"round"[39m
                [33mstroke-linejoin[39m=[32m"round"[39m
                [33mstroke-width[39m=[32m"2"[39m
                [33mviewBox[39m=[32m"0 0 24 24"[39m
                [33mwidth[39m=[32m"64"[39m
                [33mxmlns[39m=[32m"http://www.w3.org/2000/svg"[39m
              [36m>[39m
                [36m<path[39m
                  [33md[39m=[32m"m21.73 18-8-14a2 2 0 0 0-3.48 0l-8 14A2 2 
0 0 0 4 21h16a2 2 0 0 0 1.73-3"[39m
                [36m/>[39m
                [36m<path[39m
                  [33md[39m=[32m"M12 9v4"[39m
                [36m/>[39m
                [36m<path[39m
                  [33md[39m=[32m"M12 17h.01"[39m
                [36m/>[39m
              [36m</svg>[39m
            [36m</div>[39m
            [36m<div[39m
              [33mclass[39m=[32m"flex items-center gap-3 mb-3"[39m
            [36m>[39m
              [36m<div[39m
                [33mclass[39m=[32m"p-2 bg-brand-100 text-brand-900 
rounded-lg"[39m
              [36m>[39m
                [36m<svg[39m
                  [33maria-hidden[39m=[32m"true"[39m
                  [33mclass[39m=[32m"lucide lucide-shield"[39m
                  [33mfill[39m=[32m"none"[39m
                  [33mheight[39m=[32m"20"[39m
                  [33mstroke[39m=[32m"currentColor"[39m
                  [33mstroke-linecap[39m=[32m"round"[39m
                  [33mstroke-linejoin[39m=[32m"round"[39m
                  [33mstroke-width[39m=[32m"2"[39m
                  [33mviewBox[39m=[32m"0 0 24 24"[39m
                  [33mwidth[39m=[32m"20"[39m
                  [33mxmlns[39m=[32m"http://www.w3.org/2000/svg"[39m
                [36m>[39m
                  [36m<path[39m
                    [33md[39m=[32m"M20 13c0 5-3.5 7.5-7.66 8.95a1 1 0 0 
1-.67-.01C7.5 20.5 4 18 4 13V6a1 1 0 0 1 1-1c2 0 4.5-1.2 6.24-2.72a1.17 1.17 0 
0 1 1.52 0C14.51 3.81 17 5 19 5a1 1 0 0 1 1 1z"[39m
                  [36m/>[39m
                [36m</svg>[39m
              [36m</div>[39m
              [36m<h3[39m
                [33mclass[39m=[32m"font-bold text-brand-900"[39m
              [36m>[39m
                [0mConformit├® L├®gale (Auto-Audit)[0m
              [36m</h3>[39m
            [36m</div>[39m
            [36m<p[39m
              [33mclass[39m=[32m"text-sm text-brand-400"[39m
            [36m>[39m
              [0mPas encore de factures ├á analyser.[0m
            [36m</p>[39m
          [36m</div>[39m
        [36m</div>[39m
        [36m<div[39m
          [33mclass[39m=[32m"flex items-start gap-4 "[39m
        [36m>[39m
          [36m<div[39m
            [33mclass[39m=[32m"
              w-10 h-10 rounded-full flex items-center justify-center shrink-0 
shadow-sm border
              bg-white border-brand-200 text-brand-600
            "[39m
          [36m>[39m
            [36m<svg[39m
              [33maria-hidden[39m=[32m"true"[39m
              [33mclass[39m=[32m"lucide lucide-bot"[39m
              [33mfill[39m=[32m"none"[39m
              [33mheight[39m=[32m"20"[39m
              [33mstroke[39m=[32m"currentColor"[39m
              [33mstroke-linecap[39m=[32m"round"[39m
              [33mstroke-linejoin[39m=[32m"round"[39m
              [33mstroke-width[39m=[32m"2"[39m
              [33mviewBox[39m=[32m"0 0 24 24"[39m
              [33mwidth[39m=[32m"20"[39m
              [33mxmlns[39m=[32m"http://www.w3.org/2000/svg"[39m
            [36m>[39m
              [36m<path[39m
                [33md[39m=[32m"M12 8V4H8"[39m
              [36m/>[39m
              [36m<rect[39m
                [33mheight[39m=[32m"12"[39m
                [33mrx[39m=[32m"2"[39m
                [33mwidth[39m=[32m"16"[39m
                [33mx[39m=[32m"4"[39m
                [33my[39m=[32m"8"[39m
              [36m/>[39m
              [36m<path[39m
                [33md[39m=[32m"M2 14h2"[39m
              [36m/>[39m
              [36m<path[39m
                [33md[39m=[32m"M20 14h2"[39m
              [36m/>[39m
              [36m<path[39m
                [33md[39m=[32m"M15 13v2"[39m
              [36m/>[39m
              [36m<path[39m
                [33md[39m=[32m"M9 13v2"[39m
              [36m/>[39m
            [36m</svg>[39m
          [36m</div>[39m
          [36m<div[39m
            [33mclass[39m=[32m"flex flex-col items-start"[39m
          [36m>[39m
            [36m<div[39m
              [33mclass[39m=[32m"
                max-w-[85%] px-5 py-3.5 text-sm leading-relaxed 
whitespace-pre-wrap shadow-sm
                bg-white text-brand-800 rounded-[2rem] rounded-tl-sm border 
border-brand-100
                "[39m
            [36m>[39m
              [0mBonjour ! Je suis votre assistant administratif virtuel. Je 
peux vous aider avec vos questions sur le statut auto-entrepreneur, les 
d├®clarations URSSAF, ou la r├®daction de courriers. Comment puis-je vous 
aider aujourd'hui ?[0m
            [36m</div>[39m
            [36m<span[39m
              [33mclass[39m=[32m"text-[10px] text-brand-400 mt-1 px-1"[39m
            [36m>[39m
              [0m00:10[0m
            [36m</span>[39m
          [36m</div>[39m
        [36m</div>[39m
        [36m<div />[39m
      [36m</div>[39m
      [36m<form[39m
        [33mclass[39m=[32m"p-6 bg-white border-t border-brand-100"[39m
      [36m>[39m
        [36m<div[39m
          [33mclass[39m=[32m"relative flex gap-3"[39m
        [36m>[39m
          [36m<input[39m
            [33mclass[39m=[32m"flex-1 pl-5 pr-12 py-3.5 border 
border-brand-200 rounded-2xl focus:ring-2 focus:ring-accent-500/20 
focus:border-accent-500 outline-none transition-all shadow-sm bg-brand-50/50 
focus:bg-white"[39m
            [33mplaceholder[39m=[32m"Posez une question (ex: Comment 
d├®clarer mon CA ?)"[39m
            [33mtype[39m=[32m"text"[39m
            [33mvalue[39m=[32m""[39m
          [36m/>[39m
          [36m<button[39m
            [33mclass[39m=[32m"px-6 py-3.5 bg-brand-900 text-white 
rounded-2xl hover:bg-brand-800 disabled:opacity-50 disabled:hover:bg-brand-900 
transition-all font-bold shadow-md flex items-center gap-2"[39m
            [33mdisabled[39m=[32m""[39m
            [33mtype[39m=[32m"submit"[39m
          [36m>[39m
            [36m<span>[39m
              [0mEnvoyer[0m
            [36m</span>[39m
            [36m<svg[39m
              [33maria-hidden[39m=[32m"true"[39m
              [33mclass[39m=[32m"lucide lucide-send"[39m
              [33mfill[39m=[32m"none"[39m
              [33mheight[39m=[32m"18"[39m
              [33mstroke[39m=[32m"currentColor"[39m
              [33mstroke-linecap[39m=[32m"round"[39m
              [33mstroke-linejoin[39m=[32m"round"[39m
              [33mstroke-width[39m=[32m"2"[39m
              [33mviewBox[39m=[32m"0 0 24 24"[39m
              [33mwidth[39m=[32m"18"[39m
              [33mxmlns[39m=[32m"http://www.w3.org/2000/svg"[39m
            [36m>[39m
              [36m<path[39m
                [33md[39m=[32m"M14.536 21.686a.5.5 0 0 0 
.937-.024l6.5-19a.496.496 0 0 0-.635-.635l-19 6.5a.5.5 0 0 0-.024.937l7.93 
3.18a2 2 0 0 1 1.112 1.11z"[39m
              [36m/>[39m
              [36m<path[39m
                [33md[39m=[32m"m21.854 2.147-10.94 10.939"[39m
              [36m/>[39m
            [36m</svg>[39m
          [36m</button>[39m
        [36m</div>[39m
        [36m<div[39m
          [33mclass[39m=[32m"text-center mt-3"[39m
        [36m>[39m
          [36m<p[39m
            [33mclass[39m=[32m"text-[10px] text-brand-400 flex items-center 
justify-center gap-1.5"[39m
          [36m>[39m
            [36m<svg[39m
              [33maria-hidden[39m=[32m"true"[39m
              [33mclass[39m=[32m"lucide lucide-message-square"[39m
              [33mfill[39m=[32m"none"[39m
              [33mheight[39m=[32m"10"[39m
              [33mstroke[39m=[32m"currentColor"[39m
              [33mstroke-linecap[39m=[32m"round"[39m
              [33mstroke-linejoin[39m=[32m"round"[39m
              [33mstroke-width[39m=[32m"2"[39m
              [33mviewBox[39m=[32m"0 0 24 24"[39m
              [33mwidth[39m=[32m"10"[39m
              [33mxmlns[39m=[32m"http://www.w3.org/2000/svg"[39m
            [36m>[39m
              [36m<path[39m
                [33md[39m=[32m"M22 17a2 2 0 0 1-2 2H6.828a2 2 0 0 
0-1.414.586l-2.202 2.202A.71.71 0 0 1 2 21.286V5a2 2 0 0 1 2-2h16a2 2 0 0 1 2 
2z"[39m
              [36m/>[39m
            [36m</svg>[39m
            [0mL'IA peut commettre des erreurs. V├®rifiez toujours les 
informations l├®gales.[0m
          [36m</p>[39m
        [36m</div>[39m
      [36m</form>[39m
    [36m</div>[39m
  [36m</div>[39m
[36m</body>[39m

Ignored nodes: comments, script, style
[36m<html>[39m
  [36m<head />[39m
  [36m<body>[39m
    [36m<div>[39m
      [36m<div[39m
        [33mclass[39m=[32m"h-[calc(100vh-6rem)] max-w-5xl mx-auto flex 
flex-col bg-white rounded-4xl shadow-xl border border-brand-200 
overflow-hidden animate-fade-in"[39m
      [36m>[39m
        [36m<div[39m
          [33mclass[39m=[32m"bg-linear-to-r from-brand-900 to-brand-800 p-6 
flex items-center justify-between"[39m
        [36m>[39m
          [36m<div[39m
            [33mclass[39m=[32m"flex items-center gap-4"[39m
          [36m>[39m
            [36m<div[39m
              [33mclass[39m=[32m"p-2.5 bg-white/20 -webkit-backdrop-blur-md 
backdrop-blur-md rounded-xl shadow-inner"[39m
            [36m>[39m
              [36m<svg[39m
                [33maria-hidden[39m=[32m"true"[39m
                [33mclass[39m=[32m"lucide lucide-sparkles text-white"[39m
                [33mfill[39m=[32m"none"[39m
                [33mheight[39m=[32m"24"[39m
                [33mstroke[39m=[32m"currentColor"[39m
                [33mstroke-linecap[39m=[32m"round"[39m
                [33mstroke-linejoin[39m=[32m"round"[39m
                [33mstroke-width[39m=[32m"2"[39m
                [33mviewBox[39m=[32m"0 0 24 24"[39m
                [33mwidth[39m=[32m"24"[39m
                [33mxmlns[39m=[32m"http://www.w3.org/2000/svg"[39m
              [36m>[39m
                [36m<path[39m
                  [33md[39m=[32m"M11.017 2.814a1 1 0 0 1 1.966 0l1.051 
5.558a2 2 0 0 0 1.594 1.594l5.558 1.051a1 1 0 0 1 0 1.966l-5.558 1.051a2 2 0 0 
0-1.594 1.594l-1.051 5.558a1 1 0 0 1-1.966 0l-1.051-5.558a2 2 0 0 
0-1.594-1.594l-5.558-1.051a1 1 0 0 1 0-1.966l5.558-1.051a2 2 0 0 0 
1.594-1.594z"[39m
                [36m/>[39m
                [36m<path[39m
                  [33md[39m=[32m"M20 2v4"[39m
                [36m/>[39m
                [36m<path[39m
                  [33md[39m=[32m"M22 4h-4"[39m
                [36m/>[39m
                [36m<circle[39m
                  [33mcx[39m=[32m"4"[39m
                  [33mcy[39m=[32m"20"[39m
                  [33mr[39m=[32m"2"[39m
                [36m/>[39m
              [36m</svg>[39m
            [36m</div>[39m
            [36m<div>[39m
              [36m<h2[39m
                [33mclass[39m=[32m"text-white font-bold text-lg"[39m
              [36m>[39m
                [0mAssistant Administratif[0m
              [36m</h2>[39m
              [36m<div[39m
                [33mclass[39m=[32m"flex items-center gap-2"[39m
              [36m>[39m
                [36m<span[39m
                  [33mclass[39m=[32m"relative flex h-2 w-2"[39m
                [36m>[39m
                  [36m<span[39m
                    [33mclass[39m=[32m"animate-ping absolute inline-flex 
h-full w-full rounded-full bg-accent-400 opacity-75"[39m
                  [36m/>[39m
                  [36m<span[39m
                    [33mclass[39m=[32m"relative inline-flex rounded-full 
h-2 w-2 bg-accent-500"[39m
                  [36m/>[39m
                [36m</span>[39m
                [36m<p[39m
                  [33mclass[39m=[32m"text-brand-100 text-xs 
font-medium"[39m
                [36m>[39m
                  [0mEn ligne ÔÇó Propuls├® par Google Gemini[0m
                [36m</p>[39m
              [36m</div>[39m
            [36m</div>[39m
          [36m</div>[39m
        [36m</div>[39m
        [36m<div[39m
          [33mclass[39m=[32m"flex-1 overflow-y-auto p-6 space-y-6 
bg-brand-50/30 scroll-smooth"[39m
        [36m>[39m
          [36m<div[39m
            [33mclass[39m=[32m"grid grid-cols-1 md:grid-cols-2 gap-4 
mb-6"[39m
          [36m>[39m
            [36m<div[39m
              [33mclass[39m=[32m"bg-white rounded-2xl p-5 border 
border-brand-100 shadow-sm relative overflow-hidden group"[39m
            [36m>[39m
              [36m<div[39m
                [33mclass[39m=[32m"absolute top-0 right-0 p-3 opacity-10 
group-hover:rotate-12 transition-transform"[39m
              [36m>[39m
                [36m<svg[39m
                  [33maria-hidden[39m=[32m"true"[39m
                  [33mclass[39m=[32m"lucide lucide-trending-up 
text-brand-900"[39m
                  [33mfill[39m=[32m"none"[39m
                  [33mheight[39m=[32m"64"[39m
                  [33mstroke[39m=[32m"currentColor"[39m
                  [33mstroke-linecap[39m=[32m"round"[39m
                  [33mstroke-linejoin[39m=[32m"round"[39m
                  [33mstroke-width[39m=[32m"2"[39m
                  [33mviewBox[39m=[32m"0 0 24 24"[39m
                  [33mwidth[39m=[32m"64"[39m
                  [33mxmlns[39m=[32m"http://www.w3.org/2000/svg"[39m
                [36m>[39m
                  [36m<path[39m
                    [33md[39m=[32m"M16 7h6v6"[39m
                  [36m/>[39m
                  [36m<path[39m
                    [33md[39m=[32m"m22 7-8.5 8.5-5-5L2 17"[39m
                  [36m/>[39m
                [36m</svg>[39m
              [36m</div>[39m
              [36m<div[39m
                [33mclass[39m=[32m"flex items-center gap-3 mb-3"[39m
              [36m>[39m
                [36m<div[39m
                  [33mclass[39m=[32m"p-2 bg-brand-100 text-brand-900 
rounded-lg"[39m
                [36m>[39m
                  [36m<svg[39m
                    [33maria-hidden[39m=[32m"true"[39m
                    [33mclass[39m=[32m"lucide lucide-trending-up"[39m
                    [33mfill[39m=[32m"none"[39m
                    [33mheight[39m=[32m"20"[39m
                    [33mstroke[39m=[32m"currentColor"[39m
                    [33mstroke-linecap[39m=[32m"round"[39m
                    [33mstroke-linejoin[39m=[32m"round"[39m
                    [33mstroke-width[39m=[32m"2"[39m
                    [33mviewBox[39m=[32m"0 0 24 24"[39m
                    [33mwidth[39m=[32m"20"[39m
                    [33mxmlns[39m=[32m"http://www.w3.org/2000/svg"[39m
                  [36m>[39m
                    [36m<path[39m
                      [33md[39m=[32m"M16 7h6v6"[39m
                    [36m/>[39m
                    [36m<path[39m
                      [33md[39m=[32m"m22 7-8.5 8.5-5-5L2 17"[39m
                    [36m/>[39m
                  [36m</svg>[39m
                [36m</div>[39m
                [36m<h3[39m
                  [33mclass[39m=[32m"font-bold text-brand-900"[39m
                [36m>[39m
                  [0mPr├®diction Tr├®sorerie (30j)[0m
                [36m</h3>[39m
              [36m</div>[39m
              [36m<p[39m
                [33mclass[39m=[32m"text-sm text-brand-400"[39m
              [36m>[39m
                [0mAucune donn├®e de pr├®diction disponible.[0m
              [36m</p>[39m
            [36m</div>[39m
            [36m<div[39m
              [33mclass[39m=[32m"bg-white rounded-2xl p-5 border 
border-brand-100 shadow-sm relative overflow-hidden group"[39m
            [36m>[39m
              [36m<div[39m
                [33mclass[39m=[32m"absolute top-0 right-0 p-3 opacity-10 
group-hover:rotate-12 transition-transform"[39m
              [36m>[39m
                [36m<svg[39m
                  [33maria-hidden[39m=[32m"true"[39m
                  [33mclass[39m=[32m"lucide lucide-triangle-alert 
text-brand-900"[39m
                  [33mfill[39m=[32m"none"[39m
                  [33mheight[39m=[32m"64"[39m
                  [33mstroke[39m=[32m"currentColor"[39m
                  [33mstroke-linecap[39m=[32m"round"[39m
                  [33mstroke-linejoin[39m=[32m"round"[39m
                  [33mstroke-width[39m=[32m"2"[39m
                  [33mviewBox[39m=[32m"0 0 24 24"[39m
                  [33mwidth[39m=[32m"64"[39m
                  [33mxmlns[39m=[32m"http://www.w3.org/2000/svg"[39m
                [36m>[39m
                  [36m<path[39m
                    [33md[39m=[32m"m21.73 18-8-14a2 2 0 0 0-3.48 0l-8 14A2 
2 0 0 0 4 21h16a2 2 0 0 0 1.73-3"[39m
                  [36m/>[39m
                  [36m<path[39m
                    [33md[39m=[32m"M12 9v4"[39m
                  [36m/>[39m
                  [36m<path[39m
                    [33md[39m=[32m"M12 17h.01"[39m
                  [36m/>[39m
                [36m</svg>[39m
              [36m</div>[39m
              [36m<div[39m
                [33mclass[39m=[32m"flex items-center gap-3 mb-3"[39m
              [36m>[39m
                [36m<div[39m
                  [33mclass[39m=[32m"p-2 bg-brand-100 text-brand-900 
rounded-lg"[39m
                [36m>[39m
                  [36m<svg[39m
                    [33maria-hidden[39m=[32m"true"[39m
                    [33mclass[39m=[32m"lucide lucide-shield"[39m
                    [33mfill[39m=[32m"none"[39m
                    [33mheight[39m=[32m"20"[39m
                    [33mstroke[39m=[32m"currentColor"[39m
                    [33mstroke-linecap[39m=[32m"round"[39m
                    [33mstroke-linejoin[39m=[32m"round"[39m
                    [33mstroke-width[39m=[32m"2"[39m
                    [33mviewBox[39m=[32m"0 0 24 24"[39m
                    [33mwidth[39m=[32m"20"[39m
                    [33mxmlns[39m=[32m"http://www.w3.org/2000/svg"[39m
                  [36m>[39m
                    [36m<path[39m
                      [33md[39m=[32m"M20 13c0 5-3.5 7.5-7.66 8.95a1 1 0 0 
1-.67-.01C7.5 20.5 4 18 4 13V6a1 1 0 0 1 1-1c2 0 4.5-1.2 6.24-2.72a1.17 1.17 0 
0 1 1.52 0C14.51 3.81 17 5 19 5a1 1 0 0 1 1 1z"[39m
                    [36m/>[39m
                  [36m</svg>[39m
                [36m</div>[39m
                [36m<h3[39m
                  [33mclass[39m=[32m"font-bold text-brand-900"[39m
                [36m>[39m
                  [0mConformit├® L├®gale (Auto-Audit)[0m
                [36m</h3>[39m
              [36m</div>[39m
              [36m<p[39m
                [33mclass[39m=[32m"text-sm text-brand-400"[39m
              [36m>[39m
                [0mPas encore de factures ├á analyser.[0m
              [36m</p>[39m
            [36m</div>[39m
          [36m</div>[39m
          [36m<div[39m
            [33mclass[39m=[32m"flex items-start gap-4 "[39m
          [36m>[39m
            [36m<div[39m
              [33mclass[39m=[32m"
              w-10 h-10 rounded-full flex items-center justify-center shrink-0 
shadow-sm border
              bg-white border-brand-200 text-brand-600
            "[39m
            [36m>[39m
              [36m<svg[39m
                [33maria-hidden[39m=[32m"true"[39m
                [33mclass[39m=[32m"lucide lucide-bot"[39m
                [33mfill[39m=[32m"none"[39m
                [33mheight[39m=[32m"20"[39m
                [33mstroke[39m=[32m"currentColor"[39m
                [33mstroke-linecap[39m=[32m"round"[39m
                [33mstroke-linejoin[39m=[32m"round"[39m
                [33mstroke-width[39m=[32m"2"[39m
                [33mviewBox[39m=[32m"0 0 24 24"[39m
                [33mwidth[39m=[32m"20"[39m
                [33mxmlns[39m=[32m"http://www.w3.org/2000/svg"[39m
              [36m>[39m
                [36m<path[39m
                  [33md[39m=[32m"M12 8V4H8"[39m
                [36m/>[39m
                [36m<rect[39m
                  [33mheight[39m=[32m"12"[39m
                  [33mrx[39m=[32m"2"[39m
                  [33mwidth[39m=[32m"16"[39m
                  [33mx[39m=[32m"4"[39m
                  [33my[39m=[32m"8"[39m
                [36m/>[39m
                [36m<path[39m
                  [33md[39m=[32m"M2 14h2"[39m
                [36m/>[39m
                [36m<path[39m
                  [33md[39m=[32m"M20 14h2"[39m
                [36m/>[39m
                [36m<path[39m
                  [33md[39m=[32m"M15 13v2"[39m
                [36m/>[39m
                [36m<path[39m
                  [33md[39m=[32m"M9 13v2"[39m
                [36m/>[39m
              [36m</svg>[39m
            [36m</div>[39m
            [36m<div[39m
              [33mclass[39m=[32m"flex flex-col items-start"[39m
            [36m>[39m
              [36m<div[39m
                [33mclass[39m=[32m"
                max-w-[85%] px-5 py-3.5 text-sm leading-relaxed 
whitespace-pre-wrap shadow-sm
                bg-white text-brand-800 rounded-[2rem] rounded-tl-sm border 
border-brand-100
                "[39m
              [36m>[39m
                [0mBonjour ! Je suis votre assistant administratif virtuel. 
Je peux vous aider avec vos questions sur le statut auto-entrepreneur, les 
d├®clarations URSSAF, ou la r├®daction de courriers. Comment puis-je vous 
aider aujourd'hui ?[0m
              [36m</div>[39m
              [36m<span[39m
                [33mclass[39m=[32m"text-[10px] text-brand-400 mt-1 
px-1"[39m
              [36m>[39m
                [0m00:10[0m
              [36m</span>[39m
            [36m</div>[39m
          [36m</div>[39m
          [36m<div />[39m
        [36m</div>[39m
        [36m<form[39m
          [33mclass[39m=[32m"p-6 bg-white border-t border-brand-100"[39m
        [36m>[39m
          [36m<div[39m
            [33mclass[39m=[32m"relative flex gap-3"[39m
          [36m>[39m
            [36m<input[39m
              [33mclass[39m=[32m"flex-1 pl-5 pr-12 py-3.5 border 
border-brand-200 rounded-2xl focus:ring-2 focus:ring-accent-500/20 
focus:border-accent-500 outline-none transition-all shadow-sm bg-brand-50/50 
focus:bg-white"[39m
              [33mplaceholder[39m=[32m"Posez une question (ex: Comment 
d├®clarer mon CA ?)"[39m
              [33mtype[39m=[32m"text"[39m
              [33mvalue[39m=[32m""[39m
            [36m/>[39m
            [36m<button[39m
              [33mclass[39m=[32m"px-6 py-3.5 bg-brand-900 text-white 
rounded-2xl hover:bg-brand-800 disabled:opacity-50 disabled:hover:bg-brand-900 
transition-all font-bold shadow-md flex items-center gap-2"[39m
              [33mdisabled[39m=[32m""[39m
              [33mtype[39m=[32m"submit"[39m
            [36m>[39m
              [36m<span>[39m
                [0mEnvoyer[0m
              [36m</span>[39m
              [36m<svg[39m
                [33maria-hidden[39m=[32m"true"[39m
                [33mclass[39m=[32m"lucide lucide-send"[39m
                [33mfill[39m=[32m"none"[39m
                [33mheight[39m=[32m"18"[39m
                [33mstroke[39m=[32m"currentColor"[39m
                [33mstroke-linecap[39m=[32m"round"[39m
                [33mstroke-linejoin[39m=[32m"round"[39m
                [33mstroke-width[39m=[32m"2"[39m
                [33mviewBox[39m=[32m"0 0 24 24"[39m
                [33mwidth[39m=[32m"18"[39m
                [33mxmlns[39m=[32m"http://www.w3.org/2000/svg"[39m
              [36m>[39m
                [36m<path[39m
                  [33md[39m=[32m"M14.536 21.686a.5.5 0 0 0 
.937-.024l6.5-19a.496.496 0 0 0-.635-.635l-19 6.5a.5.5 0 0 0-.024.937l7.93 
3.18a2 2 0 0 1 1.112 1.11z"[39m
                [36m/>[39m
                [36m<path[39m
                  [33md[39m=[32m"m21.854 2.147-10.94 10.939"[39m
                [36m/>[39m
              [36m</svg>[39m
            [36m</button>[39m
          [36m</div>[39m
          [36m<div[39m
            [33mclass[39m=[32m"text-center mt-3"[39m
          [36m>[39m
            [36m<p[39m
              [33mclass[39m=[32m"text-[10px] text-brand-400 flex 
items-center justify-center gap-1.5"[39m
            [36m>[39m
              [36m<svg[39m
                [33maria-hidden[39m=[32m"true"[39m
                [33mclass[39m=[32m"lucide lucide-message-square"[39m
                [33mfill[39m=[32m"none"[39m
                [33mheight[39m=[32m"10"[39m
                [33mstroke[39m=[32m"currentColor"[39m
                [33mstroke-linecap[39m=[32m"round"[39m
                [33mstroke-linejoin[39m=[32m"round"[39m
                [33mstroke-width[39m=[32m"2"[39m
                [33mviewBox[39m=[32m"0 0 24 24"[39m
                [33mwidth[39m=[32m"10"[39m
                [33mxmlns[39m=[32m"http://www.w3.org/2000/svg"[39m
              [36m>[39m
                [36m<path[39m
                  [33md[39m=[32m"M22 17a2 2 0 0 1-2 2H6.828a2 2 0 0 
0-1.414.586l-2.202 2.202A.71.71 0 0 1 2 21.286V5a2 2 0 0 1 2-2h16a2 2 0 0 1 2 
2z"[39m
                [36m/>[39m
              [36m</svg>[39m
              [0mL'IA peut commettre des erreurs. V├®rifiez toujours les 
informations l├®gales.[0m
            [36m</p>[39m
          [36m</div>[39m
        [36m</form>[39m
      [36m</div>[39m
    [36m</div>[39m
  [36m</body>[39m
[36m</html>[39m
[90m [2mÔØ»[22m Proxy.waitForWrapper 
node_modules/@testing-library/dom/dist/wait-for.js:[2m163:27[22m[39m
[36m [2mÔØ»[22m __tests__/AIAssistant.test.tsx:[2m146:13[22m[39m
    [90m144| [39m      [34mrender[39m([33m<[39m[33mAIAssistant[39m 
[33m/[39m[33m>[39m)[33m;[39m
    [90m145| [39m
    [90m146| [39m      [35mawait[39m [34mwaitFor[39m(() [33m=>[39m {
    [90m   | [39m            [31m^[39m
    [90m147| [39m        [90m// Cherche le texte du risque[39m
    [90m148| [39m        
expect(screen.getByText(/low|medium|high|faible|moyen|├®lev├®/i)ÔÇª

[31m[2mÔÄ»ÔÄ»ÔÄ»ÔÄ»ÔÄ»ÔÄ»ÔÄ»ÔÄ»ÔÄ»ÔÄ»ÔÄ»ÔÄ»ÔÄ»ÔÄ»ÔÄ»ÔÄ»ÔÄ»ÔÄ»ÔÄ»ÔÄ»ÔÄ»ÔÄ»[2/1
42]ÔÄ»[22m[39m

[41m[1m FAIL [22m[49m __tests__/AIAssistant.test.tsx[2m > 
[22mAIAssistant Component - Improved Tests[2m > [22mKeyboard Navigation[2m 
> [22menvoie le message avec Enter
[31m[1mAssertionError[22m[39m: expected "vi.fn()" to be called with 
arguments: [ 'Test' ][90m

Received: 

[1m  1st vi.fn() call:

[22m[2m  [[22m
[2m    "Test",[22m
[31m+   "model: Bonjour ! Je suis votre assistant administratif virtuel. Je 
peux vous aider avec vos questions sur le statut auto-entrepreneur, les 
d├®clarations URSSAF, ou la r├®daction de courriers. Comment puis-je vous 
aider aujourd'hui ?",[90m
[2m  ][22m
[39m[90m

Number of calls: [1m1[22m
[39m

Ignored nodes: comments, script, style
[36m<html>[39m
  [36m<head />[39m
  [36m<body>[39m
    [36m<div>[39m
      [36m<div[39m
        [33mclass[39m=[32m"h-[calc(100vh-6rem)] max-w-5xl mx-auto flex 
flex-col bg-white rounded-4xl shadow-xl border border-brand-200 
overflow-hidden animate-fade-in"[39m
      [36m>[39m
        [36m<div[39m
          [33mclass[39m=[32m"bg-linear-to-r from-brand-900 to-brand-800 p-6 
flex items-center justify-between"[39m
        [36m>[39m
          [36m<div[39m
            [33mclass[39m=[32m"flex items-center gap-4"[39m
          [36m>[39m
            [36m<div[39m
              [33mclass[39m=[32m"p-2.5 bg-white/20 -webkit-backdrop-blur-md 
backdrop-blur-md rounded-xl shadow-inner"[39m
            [36m>[39m
              [36m<svg[39m
                [33maria-hidden[39m=[32m"true"[39m
                [33mclass[39m=[32m"lucide lucide-sparkles text-white"[39m
                [33mfill[39m=[32m"none"[39m
                [33mheight[39m=[32m"24"[39m
                [33mstroke[39m=[32m"currentColor"[39m
                [33mstroke-linecap[39m=[32m"round"[39m
                [33mstroke-linejoin[39m=[32m"round"[39m
                [33mstroke-width[39m=[32m"2"[39m
                [33mviewBox[39m=[32m"0 0 24 24"[39m
                [33mwidth[39m=[32m"24"[39m
                [33mxmlns[39m=[32m"http://www.w3.org/2000/svg"[39m
              [36m>[39m
                [36m<path[39m
                  [33md[39m=[32m"M11.017 2.814a1 1 0 0 1 1.966 0l1.051 
5.558a2 2 0 0 0 1.594 1.594l5.558 1.051a1 1 0 0 1 0 1.966l-5.558 1.051a2 2 0 0 
0-1.594 1.594l-1.051 5.558a1 1 0 0 1-1.966 0l-1.051-5.558a2 2 0 0 
0-1.594-1.594l-5.558-1.051a1 1 0 0 1 0-1.966l5.558-1.051a2 2 0 0 0 
1.594-1.594z"[39m
                [36m/>[39m
                [36m<path[39m
                  [33md[39m=[32m"M20 2v4"[39m
                [36m/>[39m
                [36m<path[39m
                  [33md[39m=[32m"M22 4h-4"[39m
                [36m/>[39m
                [36m<circle[39m
                  [33mcx[39m=[32m"4"[39m
                  [33mcy[39m=[32m"20"[39m
                  [33mr[39m=[32m"2"[39m
                [36m/>[39m
              [36m</svg>[39m
            [36m</div>[39m
            [36m<div>[39m
              [36m<h2[39m
                [33mclass[39m=[32m"text-white font-bold text-lg"[39m
              [36m>[39m
                [0mAssistant Administratif[0m
              [36m</h2>[39m
              [36m<div[39m
                [33mclass[39m=[32m"flex items-center gap-2"[39m
              [36m>[39m
                [36m<span[39m
                  [33mclass[39m=[32m"relative flex h-2 w-2"[39m
                [36m>[39m
                  [36m<span[39m
                    [33mclass[39m=[32m"animate-ping absolute inline-flex 
h-full w-full rounded-full bg-accent-400 opacity-75"[39m
                  [36m/>[39m
                  [36m<span[39m
                    [33mclass[39m=[32m"relative inline-flex rounded-full 
h-2 w-2 bg-accent-500"[39m
                  [36m/>[39m
                [36m</span>[39m
                [36m<p[39m
                  [33mclass[39m=[32m"text-brand-100 text-xs 
font-medium"[39m
                [36m>[39m
                  [0mEn ligne ÔÇó Propuls├® par Google Gemini[0m
                [36m</p>[39m
              [36m</div>[39m
            [36m</div>[39m
          [36m</div>[39m
        [36m</div>[39m
        [36m<div[39m
          [33mclass[39m=[32m"flex-1 overflow-y-auto p-6 space-y-6 
bg-brand-50/30 scroll-smooth"[39m
        [36m>[39m
          [36m<div[39m
            [33mclass[39m=[32m"grid grid-cols-1 md:grid-cols-2 gap-4 
mb-6"[39m
          [36m>[39m
            [36m<div[39m
              [33mclass[39m=[32m"bg-white rounded-2xl p-5 border 
border-brand-100 shadow-sm relative overflow-hidden group"[39m
            [36m>[39m
              [36m<div[39m
                [33mclass[39m=[32m"absolute top-0 right-0 p-3 opacity-10 
group-hover:rotate-12 transition-transform"[39m
              [36m>[39m
                [36m<svg[39m
                  [33maria-hidden[39m=[32m"true"[39m
                  [33mclass[39m=[32m"lucide lucide-trending-up 
text-brand-900"[39m
                  [33mfill[39m=[32m"none"[39m
                  [33mheight[39m=[32m"64"[39m
                  [33mstroke[39m=[32m"currentColor"[39m
                  [33mstroke-linecap[39m=[32m"round"[39m
                  [33mstroke-linejoin[39m=[32m"round"[39m
                  [33mstroke-width[39m=[32m"2"[39m
                  [33mviewBox[39m=[32m"0 0 24 24"[39m
                  [33mwidth[39m=[32m"64"[39m
                  [33mxmlns[39m=[32m"http://www.w3.org/2000/svg"[39m
                [36m>[39m
                  [36m<path[39m
                    [33md[39m=[32m"M16 7h6v6"[39m
                  [36m/>[39m
                  [36m<path[39m
                    [33md[39m=[32m"m22 7-8.5 8.5-5-5L2 17"[39m
                  [36m/>[39m
                [36m</svg>[39m
              [36m</div>[39m
              [36m<div[39m
                [33mclass[39m=[32m"flex items-center gap-3 mb-3"[39m
              [36m>[39m
                [36m<div[39m
                  [33mclass[39m=[32m"p-2 bg-brand-100 text-brand-900 
rounded-lg"[39m
                [36m>[39m
                  [36m<svg[39m
                    [33maria-hidden[39m=[32m"true"[39m
                    [33mclass[39m=[32m"lucide lucide-trending-up"[39m
                    [33mfill[39m=[32m"none"[39m
                    [33mheight[39m=[32m"20"[39m
                    [33mstroke[39m=[32m"currentColor"[39m
                    [33mstroke-linecap[39m=[32m"round"[39m
                    [33mstroke-linejoin[39m=[32m"round"[39m
                    [33mstroke-width[39m=[32m"2"[39m
                    [33mviewBox[39m=[32m"0 0 24 24"[39m
                    [33mwidth[39m=[32m"20"[39m
                    [33mxmlns[39m=[32m"http://www.w3.org/2000/svg"[39m
                  [36m>[39m
                    [36m<path[39m
                      [33md[39m=[32m"M16 7h6v6"[39m
                    [36m/>[39m
                    [36m<path[39m
                      [33md[39m=[32m"m22 7-8.5 8.5-5-5L2 17"[39m
                    [36m/>[39m
                  [36m</svg>[39m
                [36m</div>[39m
                [36m<h3[39m
                  [33mclass[39m=[32m"font-bold text-brand-900"[39m
                [36m>[39m
                  [0mPr├®diction Tr├®sorerie (30j)[0m
                [36m</h3>[39m
              [36m</div>[39m
              [36m<p[39m
                [33mclass[39m=[32m"text-sm text-brand-400"[39m
              [36m>[39m
                [0mAucune donn├®e de pr├®diction disponible.[0m
              [36m</p>[39m
            [36m<...
[36m [2mÔØ»[22m __tests__/AIAssistant.test.tsx:[2m227:43[22m[39m
    [90m225| [39m
    [90m226| [39m      [35mawait[39m [34mwaitFor[39m(() [33m=>[39m {
    [90m227| [39m        [34mexpect[39m(generateAssistantResponse)[33m.[3
9m[34mtoHaveBeenCalledWith[39m([32m'Test'[39m)[33m;[39m
    [90m   | [39m                                          [31m^[39m
    [90m228| [39m      })[33m;[39m
    [90m229| [39m    })[33m;[39m
[90m [2mÔØ»[22m runWithExpensiveErrorDiagnosticsDisabled 
node_modules/@testing-library/dom/dist/config.js:[2m47:12[22m[39m
[90m [2mÔØ»[22m checkCallback 
node_modules/@testing-library/dom/dist/wait-for.js:[2m124:77[22m[39m
[90m [2mÔØ»[22m Timeout.checkRealTimersCallback 
node_modules/@testing-library/dom/dist/wait-for.js:[2m118:16[22m[39m

[31m[2mÔÄ»ÔÄ»ÔÄ»ÔÄ»ÔÄ»ÔÄ»ÔÄ»ÔÄ»ÔÄ»ÔÄ»ÔÄ»ÔÄ»ÔÄ»ÔÄ»ÔÄ»ÔÄ»ÔÄ»ÔÄ»ÔÄ»ÔÄ»ÔÄ»ÔÄ»[3/1
42]ÔÄ»[22m[39m

[41m[1m FAIL [22m[49m __tests__/AIAssistant.test.tsx[2m > 
[22mAIAssistant Component - Improved Tests[2m > [22mKeyboard Navigation[2m 
> [22mn'envoie pas avec Shift+Enter
[31m[1mAssertionError[22m: expected '' to contain 'Test'[39m

[32m- Expected[39m
[31m+ Received[39m

[32m- Test[39m

[36m [2mÔØ»[22m __tests__/AIAssistant.test.tsx:[2m240:27[22m[39m
    [90m238| [39m      [90m// Shift+Enter ne devrait pas envoyer (pour 
multi-ligne)[39m
    [90m239| [39m      [90m// Comportement optionnel selon 
l'impl├®mentation[39m
    [90m240| [39m      [34mexpect[39m(input[33m.[39mvalue)[33m.[39m[34
mtoContain[39m([32m'Test'[39m)[33m;[39m
    [90m   | [39m                          [31m^[39m
    [90m241| [39m    })[33m;[39m
    [90m242| [39m  })[33m;[39m

[31m[2mÔÄ»ÔÄ»ÔÄ»ÔÄ»ÔÄ»ÔÄ»ÔÄ»ÔÄ»ÔÄ»ÔÄ»ÔÄ»ÔÄ»ÔÄ»ÔÄ»ÔÄ»ÔÄ»ÔÄ»ÔÄ»ÔÄ»ÔÄ»ÔÄ»ÔÄ»[4/1
42]ÔÄ»[22m[39m

[41m[1m FAIL [22m[49m __tests__/components/ClientManager.test.tsx[2m > 
[22mClientManager Component[2m > [22mRendering & UI[2m > [22maffiche le 
titre et interface du gestionnaire de clients
[41m[1m FAIL [22m[49m __tests__/components/ClientManager.test.tsx[2m > 
[22mClientManager Component[2m > [22mRendering & UI[2m > [22maffiche la 
liste des clients actifs
[41m[1m FAIL [22m[49m __tests__/components/ClientManager.test.tsx[2m > 
[22mClientManager Component[2m > [22mRendering & UI[2m > [22maffiche le 
nombre total de clients
[41m[1m FAIL [22m[49m __tests__/components/ClientManager.test.tsx[2m > 
[22mClientManager Component[2m > [22mRendering & UI[2m > [22maffiche les 
statuts et statistiques des clients
[41m[1m FAIL [22m[49m __tests__/components/ClientManager.test.tsx[2m > 
[22mClientManager Component[2m > [22mClient Search & Filter[2m > 
[22mfiltre les clients par nom
[41m[1m FAIL [22m[49m __tests__/components/ClientManager.test.tsx[2m > 
[22mClientManager Component[2m > [22mClient Search & Filter[2m > 
[22mfiltre les clients par email
[41m[1m FAIL [22m[49m __tests__/components/ClientManager.test.tsx[2m > 
[22mClientManager Component[2m > [22mClient Search & Filter[2m > 
[22maffiche message si aucun r├®sultat
[41m[1m FAIL [22m[49m __tests__/components/ClientManager.test.tsx[2m > 
[22mClientManager Component[2m > [22mClient Search & Filter[2m > 
[22mignore les clients archiv├®s par d├®faut
[41m[1m FAIL [22m[49m __tests__/components/ClientManager.test.tsx[2m > 
[22mClientManager Component[2m > [22mStatistics[2m > [22maffiche le 
chiffre d'affaires total
[41m[1m FAIL [22m[49m __tests__/components/ClientManager.test.tsx[2m > 
[22mClientManager Component[2m > [22mStatistics[2m > [22mcompte les 
factures pay├®es par client
[41m[1m FAIL [22m[49m __tests__/components/ClientManager.test.tsx[2m > 
[22mClientManager Component[2m > [22mStatistics[2m > [22maffiche le 
nombre total de clients
[41m[1m FAIL [22m[49m __tests__/components/ClientManager.test.tsx[2m > 
[22mClientManager Component[2m > [22mAdd Client Workflow[2m > [22mouvre 
le modal pour ajouter un client
[41m[1m FAIL [22m[49m __tests__/components/ClientManager.test.tsx[2m > 
[22mClientManager Component[2m > [22mAdd Client Workflow[2m > [22mcr├®e 
un nouveau client avec les donn├®es du formulaire
[41m[1m FAIL [22m[49m __tests__/components/ClientManager.test.tsx[2m > 
[22mClientManager Component[2m > [22mEdit Client Workflow[2m > [22mouvre 
le modal pour ├®diter un client
[41m[1m FAIL [22m[49m __tests__/components/ClientManager.test.tsx[2m > 
[22mClientManager Component[2m > [22mEdit Client Workflow[2m > 
[22mpr├®charge les donn├®es du client en ├®dition
[41m[1m FAIL [22m[49m __tests__/components/ClientManager.test.tsx[2m > 
[22mClientManager Component[2m > [22mEdit Client Workflow[2m > 
[22msauvegarde les modifications du client
[41m[1m FAIL [22m[49m __tests__/components/ClientManager.test.tsx[2m > 
[22mClientManager Component[2m > [22mDelete Client Workflow[2m > 
[22maffiche un bouton supprimer
[41m[1m FAIL [22m[49m __tests__/components/ClientManager.test.tsx[2m > 
[22mClientManager Component[2m > [22mDelete Client Workflow[2m > 
[22mappelle onDelete avec l'ID du client
[41m[1m FAIL [22m[49m __tests__/components/ClientManager.test.tsx[2m > 
[22mClientManager Component[2m > [22mArchive Client[2m > [22maffiche 
l'option d'archivage
[41m[1m FAIL [22m[49m __tests__/components/ClientManager.test.tsx[2m > 
[22mClientManager Component[2m > [22mEmpty State[2m > [22maffiche un 
message si pas de clients
[41m[1m FAIL [22m[49m __tests__/components/ClientManager.test.tsx[2m > 
[22mClientManager Component[2m > [22mAccessibility[2m > [22mles inputs 
sont accessibles au clavier
[41m[1m FAIL [22m[49m __tests__/components/ClientManager.test.tsx[2m > 
[22mClientManager Component[2m > [22mAccessibility[2m > [22mles boutons 
d'action sont accessibles
[31m[1mTypeError[22m: Cannot read properties of undefined (reading 
'search')[39m
[36m [2mÔØ»[22m SearchFilterFields 
__tests__/components/ClientManager.test.tsx:[2m58:24[22m[39m
    [90m 56| [39m      [33m<[39m[33minput[39m
    [90m 57| [39m        
[33mplaceholder[39m[33m=[39m[32m"Chercher..."[39m
    [90m 58| [39m        
[33mvalue[39m[33m=[39m[33m{[39mfilters[33m.[39msearch [33m||[39m 
[32m''[39m[33m}[39m
    [90m   | [39m                       [31m^[39m
    [90m 59| [39m        onChange={(e) => onChange({ ...filters, search: 
e.target.valueÔÇª
    [90m 60| [39m      [33m/[39m[33m>[39m
[90m [2mÔØ»[22m Object.react_stack_bottom_frame node_modules/react-dom/cjs/r
eact-dom-client.development.js:[2m25904:20[22m[39m
[90m [2mÔØ»[22m renderWithHooks node_modules/react-dom/cjs/react-dom-client.
development.js:[2m7662:22[22m[39m
[90m [2mÔØ»[22m updateFunctionComponent node_modules/react-dom/cjs/react-dom
-client.development.js:[2m10166:19[22m[39m
[90m [2mÔØ»[22m beginWork node_modules/react-dom/cjs/react-dom-client.develo
pment.js:[2m11778:18[22m[39m
[90m [2mÔØ»[22m runWithFiberInDEV 
node_modules/react-dom/cjs/react-dom-client.development.js:[2m874:13[22m[39m
[90m [2mÔØ»[22m performUnitOfWork node_modules/react-dom/cjs/react-dom-clien
t.development.js:[2m17641:22[22m[39m
[90m [2mÔØ»[22m workLoopSync node_modules/react-dom/cjs/react-dom-client.dev
elopment.js:[2m17469:41[22m[39m
[90m [2mÔØ»[22m renderRootSync node_modules/react-dom/cjs/react-dom-client.d
evelopment.js:[2m17450:11[22m[39m
[90m [2mÔØ»[22m performWorkOnRoot node_modules/react-dom/cjs/react-dom-clien
t.development.js:[2m16583:35[22m[39m

[31m[2mÔÄ»ÔÄ»ÔÄ»ÔÄ»ÔÄ»ÔÄ»ÔÄ»ÔÄ»ÔÄ»ÔÄ»ÔÄ»ÔÄ»ÔÄ»ÔÄ»ÔÄ»ÔÄ»ÔÄ»ÔÄ»ÔÄ»ÔÄ»ÔÄ»ÔÄ»[5/1
42]ÔÄ»[22m[39m

[41m[1m FAIL [22m[49m __tests__/components/InvoiceManager.test.tsx[2m > 
[22mInvoiceManager Component[2m > [22mRendering & UI[2m > [22maffiche le 
gestionnaire de factures
[31m[1mTestingLibraryElementError[22m[39m: Found multiple elements with 
the text: /Factures|factures|Invoices/i

Here are the matching elements:

Ignored nodes: comments, script, style
[36m<p[39m
  [33mclass[39m=[32m"text-brand-500 dark:text-brand-400 mt-1 text-sm 
font-medium"[39m
[36m>[39m
  [0mG├®rez vos factures, devis et commandes en un seul endroit.[0m
[36m</p>[39m

Ignored nodes: comments, script, style
[36m<button[39m
  [33mclass[39m=[32m"px-5 py-2.5 rounded-xl text-[10px] font-bold uppercase 
tracking-widest transition-all duration-300 flex items-center gap-2 bg-white 
dark:bg-brand-800 text-brand-900 dark:text-brand-50 shadow-sm"[39m
[36m>[39m
  [36m<span>[39m
    [0mFileTextIcon[0m
  [36m</span>[39m
  [0m Factures[0m
[36m</button>[39m

Ignored nodes: comments, script, style
[36m<span[39m
  [33mclass[39m=[32m"badge bg-brand-50 dark:bg-brand-800 text-brand-600 
dark:text-brand-400"[39m
[36m>[39m
  [0mTotal [0m
  [0mFacture[0m
  [0ms[0m
[36m</span>[39m

(If this is intentional, then use the `*AllBy*` variant of the query (like 
`queryAllByText`, `getAllByText`, or `findAllByText`)).

Ignored nodes: comments, script, style
[36m<body>[39m
  [36m<div>[39m
    [36m<div[39m
      [33mclass[39m=[32m"space-y-8 max-w-7xl mx-auto animate-fade-in 
relative pb-12"[39m
    [36m>[39m
      [36m<div[39m
        [33mclass[39m=[32m"flex flex-col lg:flex-row justify-between 
items-start lg:items-center gap-6"[39m
      [36m>[39m
        [36m<div>[39m
          [36m<h2[39m
            [33mclass[39m=[32m"text-3xl font-bold text-brand-900 
dark:text-white font-display tracking-tight"[39m
          [36m>[39m
            [0mDocuments Commerciaux[0m
          [36m</h2>[39m
          [36m<p[39m
            [33mclass[39m=[32m"text-brand-500 dark:text-brand-400 mt-1 
text-sm font-medium"[39m
          [36m>[39m
            [0mG├®rez vos factures, devis et commandes en un seul endroit.[0m
          [36m</p>[39m
        [36m</div>[39m
        [36m<div[39m
          [33mclass[39m=[32m"flex flex-wrap items-center gap-3"[39m
        [36m>[39m
          [36m<div[39m
            [33mclass[39m=[32m"bg-brand-100/50 dark:bg-brand-900/50 p-1 
rounded-2xl border border-brand-100 dark:border-brand-800 backdrop-blur-sm 
flex gap-1"[39m
          [36m>[39m
            [36m<button[39m
              [33mclass[39m=[32m"px-5 py-2.5 rounded-xl text-[10px] 
font-bold uppercase tracking-widest transition-all duration-300 flex 
items-center gap-2 bg-white dark:bg-brand-800 text-brand-900 
dark:text-brand-50 shadow-sm"[39m
            [36m>[39m
              [36m<span>[39m
                [0mFileTextIcon[0m
              [36m</span>[39m
              [0m Factures[0m
            [36m</button>[39m
            [36m<button[39m
              [33mclass[39m=[32m"px-5 py-2.5 rounded-xl text-[10px] 
font-bold uppercase tracking-widest transition-all duration-300 flex 
items-center gap-2 text-brand-400 dark:text-brand-500 hover:text-brand-600 
dark:hover:text-brand-300"[39m
            [36m>[39m
              [36m<span>[39m
                [0mFileCheckIcon[0m
              [36m</span>[39m
              [0m Devis[0m
            [36m</button>[39m
            [36m<button[39m
              [33mclass[39m=[32m"px-5 py-2.5 rounded-xl text-[10px] 
font-bold uppercase tracking-widest transition-all duration-300 flex 
items-center gap-2 text-brand-400 dark:text-brand-500 hover:text-brand-600 
dark:hover:text-brand-300"[39m
            [36m>[39m
              [36m<span>[39m
                [0mShoppingBagIcon[0m
              [36m</span>[39m
              [0m Commandes[0m
            [36m</button>[39m
            [36m<button[39m
              [33mclass[39m=[32m"px-5 py-2.5 rounded-xl text-[10px] 
font-bold uppercase tracking-widest transition-all duration-300 flex 
items-center gap-2 text-brand-400 dark:text-brand-500 hover:text-brand-600 
dark:hover:text-brand-300"[39m
            [36m>[39m
              [36m<span>[39m
                [0mReceiptIcon[0m
              [36m</span>[39m
              [0m Avoirs[0m
            [36m</button>[39m
          [36m</div>[39m
          [36m<div[39m
            [33mclass[39m=[32m"flex gap-2"[39m
          [36m>[39m
            [36m<button[39m
              [33mclass[39m=[32m"bg-white dark:bg-brand-900 text-brand-600 
dark:text-brand-300 border border-brand-100 dark:border-brand-800 px-5 py-2.5 
rounded-2xl flex items-center gap-2 transition-all text-[10px] font-bold 
uppercase tracking-widest shadow-sm hover:bg-brand-50 
dark:hover:bg-brand-800"[39m
              [33mtitle[39m=[32m"Exporter en CSV"[39m
            [36m>[39m
              [36m<span>[39m
                [0mDownloadIcon[0m
              [36m</span>[39m
              [36m<span[39m
                [33mclass[39m=[32m"hidden sm:inline"[39m
              [36m>[39m
                [0mExport[0m
              [36m</span>[39m
            [36m</button>[39m
            [36m<button[39m
              [33mclass[39m=[32m"bg-brand-900 dark:bg-white text-white 
dark:text-brand-900 px-6 py-2.5 rounded-2xl flex items-center gap-2 
transition-all shadow-lg shadow-brand-900/10 dark:shadow-white/5 text-[10px] 
font-bold uppercase tracking-widest hover:scale-[1.02] 
active:scale-[0.98]"[39m
              [33mtitle[39m=[32m"Cr├®er un nouveau document"[39m
            [36m>[39m
              [36m<span>[39m
                [0mPlusIcon[0m
              [36m</span>[39m
              [0mNouveau[0m
            [36m</button>[39m
          [36m</div>[39m
        [36m</div>[39m
      [36m</div>[39m
      [36m<div[39m
        [33mclass[39m=[32m"grid grid-cols-1 md:grid-cols-2 lg:grid-cols-4 
gap-6"[39m
      [36m>[39m
        [36m<div[39m
          [33mclass[39m=[32m"card-modern p-6 flex flex-col justify-between 
relative overflow-hidden group"[39m
        [36m>[39m
          [36m<div[39m
            [33mclass[39m=[32m"absolute -right-4 -top-4 p-8 opacity-[0.03] 
group-hover:opacity-[0.08] transition-opacity text-brand-900 
dark:text-brand-50"[39m
          [36m>[39m
            [36m<span>[39m
              [0mCalculatorIcon[0m
            [36m</span>[39m
          [36m</div>[39m
          [36m<div[39m
            [33mclass[39m=[32m"flex justify-between items-start mb-4"[39m
          [36m>[39m
            [36m<div[39m
              [33mclass[39m=[32m"p-2.5 bg-brand-50 dark:bg-brand-800 
text-brand-900 dark:text-brand-50 rounded-xl"[39m
            [36m>[39m
              [36m<span>[39m
                [0mCalculatorIcon[0m
              [36m</span>[39m
            [36m</div>[39m
            [36m<span[39m
              [33mclass[39m=[32m"badge bg-brand-50 dark:bg-brand-800 
text-brand-600 dark:text-brand-400"[39m
            [36m>[39m
              [0mTotal [0m
              [0mFacture[0m
              [0ms[0m
            [36m</span>[39m
          [36m</div>[39m
          [36m<div>[39m
            [36m<h3[39m
              [33mclass[39m=[32m"text-2xl font-bold text-brand-900 
dark:text-white font-display tracking-tight"[39m
            [36m>[39m
              [0m1ÔÇ»500,00┬áÔé¼[0m
            [36m</h3>[39m
            [36m<p[39m
              [33mclass[39m=[32m"text-xs text-brand-500 dark:text-brand-400 
mt-1 font-medium"[39m
            [36m>[39m
              [0m2[0m
              [0m documents au total[0m
            [36m</p>[39m
          [36m</div>[39m
        [36m</div>[39m
        [36m<div[39m
          [33mclass[39m=[32m"card-modern p-6 flex flex-col justify-between 
relative overflow-hidden group"[39m
        [36m>[39m
          [36m<div[39m
            [33mclass[39m=[32m"absolute -right-4 -top-4 p-8 opacity-[0.03] 
group-hover:opacity-[0.08] transition-opacity text-accent-600"[39m
          [36m>[39m
            [36m<span>[39m
              [0mFileCheckIcon[0m
            [36m</span>[39m
          [36m</div>[39m
          [36m<div[39m
            [33mclass[39m=[32m"flex justify-between i...
[90m [2mÔØ»[22m Object.getElementError 
node_modules/@testing-library/dom/dist/config.js:[2m37:19[22m[39m
[90m [2mÔØ»[22m getElementError 
node_modules/@testing-library/dom/dist/query-helpers.js:[2m20:35[22m[39m
[90m [2mÔØ»[22m getMultipleElementsFoundError 
node_modules/@testing-library/dom/dist/query-helpers.js:[2m23:10[22m[39m
[90m [2mÔØ»[22m 
node_modules/@testing-library/dom/dist/query-helpers.js:[2m55:13[22m[39m
[90m [2mÔØ»[22m 
node_modules/@testing-library/dom/dist/query-helpers.js:[2m95:19[22m[39m
[36m [2mÔØ»[22m 
__tests__/components/InvoiceManager.test.tsx:[2m151:21[22m[39m
    [90m149| [39m      )[33m;[39m
    [90m150| [39m
    [90m151| [39m      
expect(screen.getByText(/Factures|factures|Invoices/i)).toBeTrutÔÇª
    [90m   | [39m                    [31m^[39m
    [90m152| [39m    })[33m;[39m
    [90m153| [39m

[31m[2mÔÄ»ÔÄ»ÔÄ»ÔÄ»ÔÄ»ÔÄ»ÔÄ»ÔÄ»ÔÄ»ÔÄ»ÔÄ»ÔÄ»ÔÄ»ÔÄ»ÔÄ»ÔÄ»ÔÄ»ÔÄ»ÔÄ»ÔÄ»ÔÄ»ÔÄ»[6/1
42]ÔÄ»[22m[39m

[41m[1m FAIL [22m[49m __tests__/components/InvoiceManager.test.tsx[2m > 
[22mInvoiceManager Component[2m > [22mRendering & UI[2m > [22maffiche les 
statuts des factures
[31m[1mTestingLibraryElementError[22m[39m: Found multiple elements with 
the text: /draft|brouillon|Draft/i

Here are the matching elements:

Ignored nodes: comments, script, style
[36m<option[39m
  [33mvalue[39m=[32m"draft"[39m
[36m>[39m
  [0mdraft[0m
[36m</option>[39m

Ignored nodes: comments, script, style
[36m<option[39m
  [33mvalue[39m=[32m"Brouillon"[39m
[36m>[39m
  [0mBrouillon[0m
[36m</option>[39m

Ignored nodes: comments, script, style
[36m<span[39m
  [33mclass[39m=[32m"inline-flex px-3 py-1.5 rounded-xl text-[10px] 
font-black uppercase tracking-widest border
                        bg-brand-50 dark:bg-brand-800 text-brand-500 
dark:text-brand-400 border-brand-200 dark:border-brand-700"[39m
[36m>[39m
  [0mdraft[0m
[36m</span>[39m

(If this is intentional, then use the `*AllBy*` variant of the query (like 
`queryAllByText`, `getAllByText`, or `findAllByText`)).

Ignored nodes: comments, script, style
[36m<body>[39m
  [36m<div>[39m
    [36m<div[39m
      [33mclass[39m=[32m"space-y-8 max-w-7xl mx-auto animate-fade-in 
relative pb-12"[39m
    [36m>[39m
      [36m<div[39m
        [33mclass[39m=[32m"flex flex-col lg:flex-row justify-between 
items-start lg:items-center gap-6"[39m
      [36m>[39m
        [36m<div>[39m
          [36m<h2[39m
            [33mclass[39m=[32m"text-3xl font-bold text-brand-900 
dark:text-white font-display tracking-tight"[39m
          [36m>[39m
            [0mDocuments Commerciaux[0m
          [36m</h2>[39m
          [36m<p[39m
            [33mclass[39m=[32m"text-brand-500 dark:text-brand-400 mt-1 
text-sm font-medium"[39m
          [36m>[39m
            [0mG├®rez vos factures, devis et commandes en un seul endroit.[0m
          [36m</p>[39m
        [36m</div>[39m
        [36m<div[39m
          [33mclass[39m=[32m"flex flex-wrap items-center gap-3"[39m
        [36m>[39m
          [36m<div[39m
            [33mclass[39m=[32m"bg-brand-100/50 dark:bg-brand-900/50 p-1 
rounded-2xl border border-brand-100 dark:border-brand-800 backdrop-blur-sm 
flex gap-1"[39m
          [36m>[39m
            [36m<button[39m
              [33mclass[39m=[32m"px-5 py-2.5 rounded-xl text-[10px] 
font-bold uppercase tracking-widest transition-all duration-300 flex 
items-center gap-2 bg-white dark:bg-brand-800 text-brand-900 
dark:text-brand-50 shadow-sm"[39m
            [36m>[39m
              [36m<span>[39m
                [0mFileTextIcon[0m
              [36m</span>[39m
              [0m Factures[0m
            [36m</button>[39m
            [36m<button[39m
              [33mclass[39m=[32m"px-5 py-2.5 rounded-xl text-[10px] 
font-bold uppercase tracking-widest transition-all duration-300 flex 
items-center gap-2 text-brand-400 dark:text-brand-500 hover:text-brand-600 
dark:hover:text-brand-300"[39m
            [36m>[39m
              [36m<span>[39m
                [0mFileCheckIcon[0m
              [36m</span>[39m
              [0m Devis[0m
            [36m</button>[39m
            [36m<button[39m
              [33mclass[39m=[32m"px-5 py-2.5 rounded-xl text-[10px] 
font-bold uppercase tracking-widest transition-all duration-300 flex 
items-center gap-2 text-brand-400 dark:text-brand-500 hover:text-brand-600 
dark:hover:text-brand-300"[39m
            [36m>[39m
              [36m<span>[39m
                [0mShoppingBagIcon[0m
              [36m</span>[39m
              [0m Commandes[0m
            [36m</button>[39m
            [36m<button[39m
              [33mclass[39m=[32m"px-5 py-2.5 rounded-xl text-[10px] 
font-bold uppercase tracking-widest transition-all duration-300 flex 
items-center gap-2 text-brand-400 dark:text-brand-500 hover:text-brand-600 
dark:hover:text-brand-300"[39m
            [36m>[39m
              [36m<span>[39m
                [0mReceiptIcon[0m
              [36m</span>[39m
              [0m Avoirs[0m
            [36m</button>[39m
          [36m</div>[39m
          [36m<div[39m
            [33mclass[39m=[32m"flex gap-2"[39m
          [36m>[39m
            [36m<button[39m
              [33mclass[39m=[32m"bg-white dark:bg-brand-900 text-brand-600 
dark:text-brand-300 border border-brand-100 dark:border-brand-800 px-5 py-2.5 
rounded-2xl flex items-center gap-2 transition-all text-[10px] font-bold 
uppercase tracking-widest shadow-sm hover:bg-brand-50 
dark:hover:bg-brand-800"[39m
              [33mtitle[39m=[32m"Exporter en CSV"[39m
            [36m>[39m
              [36m<span>[39m
                [0mDownloadIcon[0m
              [36m</span>[39m
              [36m<span[39m
                [33mclass[39m=[32m"hidden sm:inline"[39m
              [36m>[39m
                [0mExport[0m
              [36m</span>[39m
            [36m</button>[39m
            [36m<button[39m
              [33mclass[39m=[32m"bg-brand-900 dark:bg-white text-white 
dark:text-brand-900 px-6 py-2.5 rounded-2xl flex items-center gap-2 
transition-all shadow-lg shadow-brand-900/10 dark:shadow-white/5 text-[10px] 
font-bold uppercase tracking-widest hover:scale-[1.02] 
active:scale-[0.98]"[39m
              [33mtitle[39m=[32m"Cr├®er un nouveau document"[39m
            [36m>[39m
              [36m<span>[39m
                [0mPlusIcon[0m
              [36m</span>[39m
              [0mNouveau[0m
            [36m</button>[39m
          [36m</div>[39m
        [36m</div>[39m
      [36m</div>[39m
      [36m<div[39m
        [33mclass[39m=[32m"grid grid-cols-1 md:grid-cols-2 lg:grid-cols-4 
gap-6"[39m
      [36m>[39m
        [36m<div[39m
          [33mclass[39m=[32m"card-modern p-6 flex flex-col justify-between 
relative overflow-hidden group"[39m
        [36m>[39m
          [36m<div[39m
            [33mclass[39m=[32m"absolute -right-4 -top-4 p-8 opacity-[0.03] 
group-hover:opacity-[0.08] transition-opacity text-brand-900 
dark:text-brand-50"[39m
          [36m>[39m
            [36m<span>[39m
              [0mCalculatorIcon[0m
            [36m</span>[39m
          [36m</div>[39m
          [36m<div[39m
            [33mclass[39m=[32m"flex justify-between items-start mb-4"[39m
          [36m>[39m
            [36m<div[39m
              [33mclass[39m=[32m"p-2.5 bg-brand-50 dark:bg-brand-800 
text-brand-900 dark:text-brand-50 rounded-xl"[39m
            [36m>[39m
              [36m<span>[39m
                [0mCalculatorIcon[0m
              [36m</span>[39m
            [36m</div>[39m
            [36m<span[39m
              [33mclass[39m=[32m"badge bg-brand-50 dark:bg-brand-800 
text-brand-600 dark:text-brand-400"[39m
            [36m>[39m
              [0mTotal [0m
              [0mFacture[0m
              [0ms[0m
            [36m</span>[39m
          [36m</div>[39m
          [36m<div>[39m
            [36m<h3[39m
              [33mclass[39m=[32m"text-2xl font-bold text-brand-900 
dark:text-white font-display tracking-tight"[39m
            [36m>[39m
              [0m1ÔÇ»500,00┬áÔé¼[0m
            [36m</h3>[39m
            [36m<p[39m
              [33mclass[39m=[32m"text-xs text-brand-500 dark:text-brand-400 
mt-1 font-medium"[39m
            [36m>[39m
              [0m2[0m
              [0m documents au total[0m
            [36m</p>[39m
          [36m</div>[39m
        [36m</div>[39m
        [36m<div[39m
          [33mclass[39m=[32m"card-modern p-6 flex flex-col justify-between 
relative overflow-hidden group"[39m
        [36m>[39m
          [36m<div[39m
            [33mclass[39m=[32m"absolute -right-4 -top-4 p-8 opacity-[0.03] 
group-hover:opacity-[0.08] transition-opacity text-accent-600"[39m
          [36m>[39m
            [36m<span>[39m
              [0mFileCheckIcon[0m
            [36m</span>[39m
          [36m</div>[39m
          [36m<div[39m
            [33mclass[39m=[32m"flex justify-between i...
[90m [2mÔØ»[22m Object.getElementError 
node_modules/@testing-library/dom/dist/config.js:[2m37:19[22m[39m
[90m [2mÔØ»[22m getElementError 
node_modules/@testing-library/dom/dist/query-helpers.js:[2m20:35[22m[39m
[90m [2mÔØ»[22m getMultipleElementsFoundError 
node_modules/@testing-library/dom/dist/query-helpers.js:[2m23:10[22m[39m
[90m [2mÔØ»[22m 
node_modules/@testing-library/dom/dist/query-helpers.js:[2m55:13[22m[39m
[90m [2mÔØ»[22m 
node_modules/@testing-library/dom/dist/query-helpers.js:[2m95:19[22m[39m
[36m [2mÔØ»[22m 
__tests__/components/InvoiceManager.test.tsx:[2m182:21[22m[39m
    [90m180| [39m      )[33m;[39m
    [90m181| [39m
    [90m182| [39m      [34mexpect[39m(screen[33m.[39m[34mgetByText[39m(
[36m/draft|brouillon|Draft/i[39m))[33m.[39m[34mtoBeTruthy[39m()[33m;[39
m
    [90m   | [39m                    [31m^[39m
    [90m183| [39m      [34mexpect[39m(screen[33m.[39m[34mgetByText[39m(
[36m/sent|envoy├®|Sent/i[39m))[33m.[39m[34mtoBeTruthy[39m()[33m;[39m
    [90m184| [39m    })[33m;[39m

[31m[2mÔÄ»ÔÄ»ÔÄ»ÔÄ»ÔÄ»ÔÄ»ÔÄ»ÔÄ»ÔÄ»ÔÄ»ÔÄ»ÔÄ»ÔÄ»ÔÄ»ÔÄ»ÔÄ»ÔÄ»ÔÄ»ÔÄ»ÔÄ»ÔÄ»ÔÄ»[7/1
42]ÔÄ»[22m[39m

[41m[1m FAIL [22m[49m __tests__/components/InvoiceManager.test.tsx[2m > 
[22mInvoiceManager Component[2m > [22mInvoice List[2m > [22maffiche le 
client de la facture
[31m[1mTestingLibraryElementError[22m[39m: Found multiple elements with 
the text: Client A

Here are the matching elements:

Ignored nodes: comments, script, style
[36m<option[39m
  [33mvalue[39m=[32m"cli-1"[39m
[36m>[39m
  [0mClient A[0m
[36m</option>[39m

Ignored nodes: comments, script, style
[36m<span[39m
  [33mclass[39m=[32m"text-brand-900 dark:text-white font-bold block"[39m
[36m>[39m
  [0mClient A[0m
[36m</span>[39m

(If this is intentional, then use the `*AllBy*` variant of the query (like 
`queryAllByText`, `getAllByText`, or `findAllByText`)).

Ignored nodes: comments, script, style
[36m<body>[39m
  [36m<div>[39m
    [36m<div[39m
      [33mclass[39m=[32m"space-y-8 max-w-7xl mx-auto animate-fade-in 
relative pb-12"[39m
    [36m>[39m
      [36m<div[39m
        [33mclass[39m=[32m"flex flex-col lg:flex-row justify-between 
items-start lg:items-center gap-6"[39m
      [36m>[39m
        [36m<div>[39m
          [36m<h2[39m
            [33mclass[39m=[32m"text-3xl font-bold text-brand-900 
dark:text-white font-display tracking-tight"[39m
          [36m>[39m
            [0mDocuments Commerciaux[0m
          [36m</h2>[39m
          [36m<p[39m
            [33mclass[39m=[32m"text-brand-500 dark:text-brand-400 mt-1 
text-sm font-medium"[39m
          [36m>[39m
            [0mG├®rez vos factures, devis et commandes en un seul endroit.[0m
          [36m</p>[39m
        [36m</div>[39m
        [36m<div[39m
          [33mclass[39m=[32m"flex flex-wrap items-center gap-3"[39m
        [36m>[39m
          [36m<div[39m
            [33mclass[39m=[32m"bg-brand-100/50 dark:bg-brand-900/50 p-1 
rounded-2xl border border-brand-100 dark:border-brand-800 backdrop-blur-sm 
flex gap-1"[39m
          [36m>[39m
            [36m<button[39m
              [33mclass[39m=[32m"px-5 py-2.5 rounded-xl text-[10px] 
font-bold uppercase tracking-widest transition-all duration-300 flex 
items-center gap-2 bg-white dark:bg-brand-800 text-brand-900 
dark:text-brand-50 shadow-sm"[39m
            [36m>[39m
              [36m<span>[39m
                [0mFileTextIcon[0m
              [36m</span>[39m
              [0m Factures[0m
            [36m</button>[39m
            [36m<button[39m
              [33mclass[39m=[32m"px-5 py-2.5 rounded-xl text-[10px] 
font-bold uppercase tracking-widest transition-all duration-300 flex 
items-center gap-2 text-brand-400 dark:text-brand-500 hover:text-brand-600 
dark:hover:text-brand-300"[39m
            [36m>[39m
              [36m<span>[39m
                [0mFileCheckIcon[0m
              [36m</span>[39m
              [0m Devis[0m
            [36m</button>[39m
            [36m<button[39m
              [33mclass[39m=[32m"px-5 py-2.5 rounded-xl text-[10px] 
font-bold uppercase tracking-widest transition-all duration-300 flex 
items-center gap-2 text-brand-400 dark:text-brand-500 hover:text-brand-600 
dark:hover:text-brand-300"[39m
            [36m>[39m
              [36m<span>[39m
                [0mShoppingBagIcon[0m
              [36m</span>[39m
              [0m Commandes[0m
            [36m</button>[39m
            [36m<button[39m
              [33mclass[39m=[32m"px-5 py-2.5 rounded-xl text-[10px] 
font-bold uppercase tracking-widest transition-all duration-300 flex 
items-center gap-2 text-brand-400 dark:text-brand-500 hover:text-brand-600 
dark:hover:text-brand-300"[39m
            [36m>[39m
              [36m<span>[39m
                [0mReceiptIcon[0m
              [36m</span>[39m
              [0m Avoirs[0m
            [36m</button>[39m
          [36m</div>[39m
          [36m<div[39m
            [33mclass[39m=[32m"flex gap-2"[39m
          [36m>[39m
            [36m<button[39m
              [33mclass[39m=[32m"bg-white dark:bg-brand-900 text-brand-600 
dark:text-brand-300 border border-brand-100 dark:border-brand-800 px-5 py-2.5 
rounded-2xl flex items-center gap-2 transition-all text-[10px] font-bold 
uppercase tracking-widest shadow-sm hover:bg-brand-50 
dark:hover:bg-brand-800"[39m
              [33mtitle[39m=[32m"Exporter en CSV"[39m
            [36m>[39m
              [36m<span>[39m
                [0mDownloadIcon[0m
              [36m</span>[39m
              [36m<span[39m
                [33mclass[39m=[32m"hidden sm:inline"[39m
              [36m>[39m
                [0mExport[0m
              [36m</span>[39m
            [36m</button>[39m
            [36m<button[39m
              [33mclass[39m=[32m"bg-brand-900 dark:bg-white text-white 
dark:text-brand-900 px-6 py-2.5 rounded-2xl flex items-center gap-2 
transition-all shadow-lg shadow-brand-900/10 dark:shadow-white/5 text-[10px] 
font-bold uppercase tracking-widest hover:scale-[1.02] 
active:scale-[0.98]"[39m
              [33mtitle[39m=[32m"Cr├®er un nouveau document"[39m
            [36m>[39m
              [36m<span>[39m
                [0mPlusIcon[0m
              [36m</span>[39m
              [0mNouveau[0m
            [36m</button>[39m
          [36m</div>[39m
        [36m</div>[39m
      [36m</div>[39m
      [36m<div[39m
        [33mclass[39m=[32m"grid grid-cols-1 md:grid-cols-2 lg:grid-cols-4 
gap-6"[39m
      [36m>[39m
        [36m<div[39m
          [33mclass[39m=[32m"card-modern p-6 flex flex-col justify-between 
relative overflow-hidden group"[39m
        [36m>[39m
          [36m<div[39m
            [33mclass[39m=[32m"absolute -right-4 -top-4 p-8 opacity-[0.03] 
group-hover:opacity-[0.08] transition-opacity text-brand-900 
dark:text-brand-50"[39m
          [36m>[39m
            [36m<span>[39m
              [0mCalculatorIcon[0m
            [36m</span>[39m
          [36m</div>[39m
          [36m<div[39m
            [33mclass[39m=[32m"flex justify-between items-start mb-4"[39m
          [36m>[39m
            [36m<div[39m
              [33mclass[39m=[32m"p-2.5 bg-brand-50 dark:bg-brand-800 
text-brand-900 dark:text-brand-50 rounded-xl"[39m
            [36m>[39m
              [36m<span>[39m
                [0mCalculatorIcon[0m
              [36m</span>[39m
            [36m</div>[39m
            [36m<span[39m
              [33mclass[39m=[32m"badge bg-brand-50 dark:bg-brand-800 
text-brand-600 dark:text-brand-400"[39m
            [36m>[39m
              [0mTotal [0m
              [0mFacture[0m
              [0ms[0m
            [36m</span>[39m
          [36m</div>[39m
          [36m<div>[39m
            [36m<h3[39m
              [33mclass[39m=[32m"text-2xl font-bold text-brand-900 
dark:text-white font-display tracking-tight"[39m
            [36m>[39m
              [0m1ÔÇ»500,00┬áÔé¼[0m
            [36m</h3>[39m
            [36m<p[39m
              [33mclass[39m=[32m"text-xs text-brand-500 dark:text-brand-400 
mt-1 font-medium"[39m
            [36m>[39m
              [0m2[0m
              [0m documents au total[0m
            [36m</p>[39m
          [36m</div>[39m
        [36m</div>[39m
        [36m<div[39m
          [33mclass[39m=[32m"card-modern p-6 flex flex-col justify-between 
relative overflow-hidden group"[39m
        [36m>[39m
          [36m<div[39m
            [33mclass[39m=[32m"absolute -right-4 -top-4 p-8 opacity-[0.03] 
group-hover:opacity-[0.08] transition-opacity text-accent-600"[39m
          [36m>[39m
            [36m<span>[39m
              [0mFileCheckIcon[0m
            [36m</span>[39m
          [36m</div>[39m
          [36m<div[39m
            [33mclass[39m=[32m"flex justify-between i...
[90m [2mÔØ»[22m Object.getElementError 
node_modules/@testing-library/dom/dist/config.js:[2m37:19[22m[39m
[90m [2mÔØ»[22m getElementError 
node_modules/@testing-library/dom/dist/query-helpers.js:[2m20:35[22m[39m
[90m [2mÔØ»[22m getMultipleElementsFoundError 
node_modules/@testing-library/dom/dist/query-helpers.js:[2m23:10[22m[39m
[90m [2mÔØ»[22m 
node_modules/@testing-library/dom/dist/query-helpers.js:[2m55:13[22m[39m
[90m [2mÔØ»[22m 
node_modules/@testing-library/dom/dist/query-helpers.js:[2m95:19[22m[39m
[36m [2mÔØ»[22m 
__tests__/components/InvoiceManager.test.tsx:[2m215:21[22m[39m
    [90m213| [39m      )[33m;[39m
    [90m214| [39m
    [90m215| [39m      
[34mexpect[39m(screen[33m.[39m[34mgetByText[39m([32m'Client 
A'[39m))[33m.[39m[34mtoBeTruthy[39m()[33m;[39m
    [90m   | [39m                    [31m^[39m
    [90m216| [39m      
[34mexpect[39m(screen[33m.[39m[34mgetByText[39m([32m'Client 
B'[39m))[33m.[39m[34mtoBeTruthy[39m()[33m;[39m
    [90m217| [39m    })[33m;[39m

[31m[2mÔÄ»ÔÄ»ÔÄ»ÔÄ»ÔÄ»ÔÄ»ÔÄ»ÔÄ»ÔÄ»ÔÄ»ÔÄ»ÔÄ»ÔÄ»ÔÄ»ÔÄ»ÔÄ»ÔÄ»ÔÄ»ÔÄ»ÔÄ»ÔÄ»ÔÄ»[8/1
42]ÔÄ»[22m[39m

[41m[1m FAIL [22m[49m __tests__/components/InvoiceManager.test.tsx[2m > 
[22mInvoiceManager Component[2m > [22mInvoice List[2m > [22maffiche la 
date de facture
[31m[1mTestingLibraryElementError[22m[39m: Unable to find an element with 
the text: /2026-03-10|10\/03|03\/10/. This could be because the text is broken 
up by multiple elements. In this case, you can provide a function for your 
text matcher to make your matcher more flexible.

Ignored nodes: comments, script, style
[36m<body>[39m
  [36m<div>[39m
    [36m<div[39m
      [33mclass[39m=[32m"space-y-8 max-w-7xl mx-auto animate-fade-in 
relative pb-12"[39m
    [36m>[39m
      [36m<div[39m
        [33mclass[39m=[32m"flex flex-col lg:flex-row justify-between 
items-start lg:items-center gap-6"[39m
      [36m>[39m
        [36m<div>[39m
          [36m<h2[39m
            [33mclass[39m=[32m"text-3xl font-bold text-brand-900 
dark:text-white font-display tracking-tight"[39m
          [36m>[39m
            [0mDocuments Commerciaux[0m
          [36m</h2>[39m
          [36m<p[39m
            [33mclass[39m=[32m"text-brand-500 dark:text-brand-400 mt-1 
text-sm font-medium"[39m
          [36m>[39m
            [0mG├®rez vos factures, devis et commandes en un seul endroit.[0m
          [36m</p>[39m
        [36m</div>[39m
        [36m<div[39m
          [33mclass[39m=[32m"flex flex-wrap items-center gap-3"[39m
        [36m>[39m
          [36m<div[39m
            [33mclass[39m=[32m"bg-brand-100/50 dark:bg-brand-900/50 p-1 
rounded-2xl border border-brand-100 dark:border-brand-800 backdrop-blur-sm 
flex gap-1"[39m
          [36m>[39m
            [36m<button[39m
              [33mclass[39m=[32m"px-5 py-2.5 rounded-xl text-[10px] 
font-bold uppercase tracking-widest transition-all duration-300 flex 
items-center gap-2 bg-white dark:bg-brand-800 text-brand-900 
dark:text-brand-50 shadow-sm"[39m
            [36m>[39m
              [36m<span>[39m
                [0mFileTextIcon[0m
              [36m</span>[39m
              [0m Factures[0m
            [36m</button>[39m
            [36m<button[39m
              [33mclass[39m=[32m"px-5 py-2.5 rounded-xl text-[10px] 
font-bold uppercase tracking-widest transition-all duration-300 flex 
items-center gap-2 text-brand-400 dark:text-brand-500 hover:text-brand-600 
dark:hover:text-brand-300"[39m
            [36m>[39m
              [36m<span>[39m
                [0mFileCheckIcon[0m
              [36m</span>[39m
              [0m Devis[0m
            [36m</button>[39m
            [36m<button[39m
              [33mclass[39m=[32m"px-5 py-2.5 rounded-xl text-[10px] 
font-bold uppercase tracking-widest transition-all duration-300 flex 
items-center gap-2 text-brand-400 dark:text-brand-500 hover:text-brand-600 
dark:hover:text-brand-300"[39m
            [36m>[39m
              [36m<span>[39m
                [0mShoppingBagIcon[0m
              [36m</span>[39m
              [0m Commandes[0m
            [36m</button>[39m
            [36m<button[39m
              [33mclass[39m=[32m"px-5 py-2.5 rounded-xl text-[10px] 
font-bold uppercase tracking-widest transition-all duration-300 flex 
items-center gap-2 text-brand-400 dark:text-brand-500 hover:text-brand-600 
dark:hover:text-brand-300"[39m
            [36m>[39m
              [36m<span>[39m
                [0mReceiptIcon[0m
              [36m</span>[39m
              [0m Avoirs[0m
            [36m</button>[39m
          [36m</div>[39m
          [36m<div[39m
            [33mclass[39m=[32m"flex gap-2"[39m
          [36m>[39m
            [36m<button[39m
              [33mclass[39m=[32m"bg-white dark:bg-brand-900 text-brand-600 
dark:text-brand-300 border border-brand-100 dark:border-brand-800 px-5 py-2.5 
rounded-2xl flex items-center gap-2 transition-all text-[10px] font-bold 
uppercase tracking-widest shadow-sm hover:bg-brand-50 
dark:hover:bg-brand-800"[39m
              [33mtitle[39m=[32m"Exporter en CSV"[39m
            [36m>[39m
              [36m<span>[39m
                [0mDownloadIcon[0m
              [36m</span>[39m
              [36m<span[39m
                [33mclass[39m=[32m"hidden sm:inline"[39m
              [36m>[39m
                [0mExport[0m
              [36m</span>[39m
            [36m</button>[39m
            [36m<button[39m
              [33mclass[39m=[32m"bg-brand-900 dark:bg-white text-white 
dark:text-brand-900 px-6 py-2.5 rounded-2xl flex items-center gap-2 
transition-all shadow-lg shadow-brand-900/10 dark:shadow-white/5 text-[10px] 
font-bold uppercase tracking-widest hover:scale-[1.02] 
active:scale-[0.98]"[39m
              [33mtitle[39m=[32m"Cr├®er un nouveau document"[39m
            [36m>[39m
              [36m<span>[39m
                [0mPlusIcon[0m
              [36m</span>[39m
              [0mNouveau[0m
            [36m</button>[39m
          [36m</div>[39m
        [36m</div>[39m
      [36m</div>[39m
      [36m<div[39m
        [33mclass[39m=[32m"grid grid-cols-1 md:grid-cols-2 lg:grid-cols-4 
gap-6"[39m
      [36m>[39m
        [36m<div[39m
          [33mclass[39m=[32m"card-modern p-6 flex flex-col justify-between 
relative overflow-hidden group"[39m
        [36m>[39m
          [36m<div[39m
            [33mclass[39m=[32m"absolute -right-4 -top-4 p-8 opacity-[0.03] 
group-hover:opacity-[0.08] transition-opacity text-brand-900 
dark:text-brand-50"[39m
          [36m>[39m
            [36m<span>[39m
              [0mCalculatorIcon[0m
            [36m</span>[39m
          [36m</div>[39m
          [36m<div[39m
            [33mclass[39m=[32m"flex justify-between items-start mb-4"[39m
          [36m>[39m
            [36m<div[39m
              [33mclass[39m=[32m"p-2.5 bg-brand-50 dark:bg-brand-800 
text-brand-900 dark:text-brand-50 rounded-xl"[39m
            [36m>[39m
              [36m<span>[39m
                [0mCalculatorIcon[0m
              [36m</span>[39m
            [36m</div>[39m
            [36m<span[39m
              [33mclass[39m=[32m"badge bg-brand-50 dark:bg-brand-800 
text-brand-600 dark:text-brand-400"[39m
            [36m>[39m
              [0mTotal [0m
              [0mFacture[0m
              [0ms[0m
            [36m</span>[39m
          [36m</div>[39m
          [36m<div>[39m
            [36m<h3[39m
              [33mclass[39m=[32m"text-2xl font-bold text-brand-900 
dark:text-white font-display tracking-tight"[39m
            [36m>[39m
              [0m1ÔÇ»500,00┬áÔé¼[0m
            [36m</h3>[39m
            [36m<p[39m
              [33mclass[39m=[32m"text-xs text-brand-500 dark:text-brand-400 
mt-1 font-medium"[39m
            [36m>[39m
              [0m2[0m
              [0m documents au total[0m
            [36m</p>[39m
          [36m</div>[39m
        [36m</div>[39m
        [36m<div[39m
          [33mclass[39m=[32m"card-modern p-6 flex flex-col justify-between 
relative overflow-hidden group"[39m
        [36m>[39m
          [36m<div[39m
            [33mclass[39m=[32m"absolute -right-4 -top-4 p-8 opacity-[0.03] 
group-hover:opacity-[0.08] transition-opacity text-accent-600"[39m
          [36m>[39m
            [36m<span>[39m
              [0mFileCheckIcon[0m
            [36m</span>[39m
          [36m</div>[39m
          [36m<div[39m
            [33mclass[39m=[32m"flex justify-between i...
[90m [2mÔØ»[22m Object.getElementError 
node_modules/@testing-library/dom/dist/config.js:[2m37:19[22m[39m
[90m [2mÔØ»[22m 
node_modules/@testing-library/dom/dist/query-helpers.js:[2m76:38[22m[39m
[90m [2mÔØ»[22m 
node_modules/@testing-library/dom/dist/query-helpers.js:[2m52:17[22m[39m
[90m [2mÔØ»[22m 
node_modules/@testing-library/dom/dist/query-helpers.js:[2m95:19[22m[39m
[36m [2mÔØ»[22m 
__tests__/components/InvoiceManager.test.tsx:[2m231:21[22m[39m
    [90m229| [39m      )[33m;[39m
    [90m230| [39m
    [90m231| [39m      
expect(screen.getByText(/2026-03-10|10\/03|03\/10/)).toBeTruthy(ÔÇª
    [90m   | [39m                    [31m^[39m
    [90m232| [39m    })[33m;[39m
    [90m233| [39m

[31m[2mÔÄ»ÔÄ»ÔÄ»ÔÄ»ÔÄ»ÔÄ»ÔÄ»ÔÄ»ÔÄ»ÔÄ»ÔÄ»ÔÄ»ÔÄ»ÔÄ»ÔÄ»ÔÄ»ÔÄ»ÔÄ»ÔÄ»ÔÄ»ÔÄ»ÔÄ»[9/1
42]ÔÄ»[22m[39m

[41m[1m FAIL [22m[49m __tests__/components/InvoiceManager.test.tsx[2m > 
[22mInvoiceManager Component[2m > [22mInvoice Creation[2m > [22mouvre le 
formulaire de cr├®ation de facture
[31m[1mTestingLibraryElementError[22m[39m: Unable to find an element with 
the text: /Nouveau|Cr├®er|Create/i. This could be because the text is broken 
up by multiple elements. In this case, you can provide a function for your 
text matcher to make your matcher more flexible.

Ignored nodes: comments, script, style
[36m<body>[39m
  [36m<div>[39m
    [36m<div[39m
      [33mclass[39m=[32m"max-w-6xl mx-auto animate-slide-in pb-20 
relative"[39m
    [36m>[39m
      [36m<div[39m
        [33mclass[39m=[32m"flex items-center justify-between mb-8"[39m
      [36m>[39m
        [36m<div[39m
          [33mclass[39m=[32m"flex items-center gap-4"[39m
        [36m>[39m
          [36m<button[39m
            [33mclass[39m=[32m"p-2.5 hover:bg-brand-200 text-brand-500 
rounded-xl transition-all"[39m
            [33mtitle[39m=[32m"Retour ├á la liste"[39m
          [36m>[39m
            [36m<span>[39m
              [0mArrowLeftIcon[0m
            [36m</span>[39m
          [36m</button>[39m
          [36m<div>[39m
            [36m<h2[39m
              [33mclass[39m=[32m"text-2xl font-bold text-brand-900 
font-display"[39m
            [36m>[39m
              [0m├ëditeur : [0m
              [0mFacture[0m
            [36m</h2>[39m
            [36m<p[39m
              [33mclass[39m=[32m"text-brand-500 text-sm"[39m
            [36m>[39m
              [0mCr├®ez votre document en quelques clics.[0m
            [36m</p>[39m
          [36m</div>[39m
        [36m</div>[39m
      [36m</div>[39m
      [36m<div[39m
        [33mclass[39m=[32m"grid grid-cols-1 lg:grid-cols-3 gap-8"[39m
      [36m>[39m
        [36m<div[39m
          [33mclass[39m=[32m"lg:col-span-2 space-y-6"[39m
        [36m>[39m
          [36m<div[39m
            [33mclass[39m=[32m"bg-white rounded-4xl shadow-sm border 
border-brand-200 p-8"[39m
          [36m>[39m
            [36m<div[39m
              [33mclass[39m=[32m"grid grid-cols-1 md:grid-cols-2 gap-8"[39m
            [36m>[39m
              [36m<div>[39m
                [36m<label[39m
                  [33mclass[39m=[32m"block text-xs font-bold text-brand-500 
uppercase tracking-wider mb-2"[39m
                  [33mfor[39m=[32m"client-select"[39m
                [36m>[39m
                  [0mClient[0m
                [36m</label>[39m
                [36m<select[39m
                  [33mclass[39m=[32m"w-full p-3 bg-brand-50 border 
border-brand-200 rounded-xl focus:ring-4 focus:ring-brand-900/5 
focus:border-brand-900 outline-none transition-all font-semibold 
text-brand-900"[39m
                  [33mid[39m=[32m"client-select"[39m
                  [33mtitle[39m=[32m"S├®lectionner un client"[39m
                [36m>[39m
                  [36m<option[39m
                    [33mvalue[39m=[32m""[39m
                  [36m>[39m
                    [0mS├®lectionner un client...[0m
                  [36m</option>[39m
                  [36m<option[39m
                    [33mvalue[39m=[32m"cli-1"[39m
                  [36m>[39m
                    [0mClient A[0m
                  [36m</option>[39m
                  [36m<option[39m
                    [33mvalue[39m=[32m"cli-2"[39m
                  [36m>[39m
                    [0mClient B[0m
                  [36m</option>[39m
                [36m</select>[39m
              [36m</div>[39m
              [36m<div[39m
                [33mclass[39m=[32m"space-y-4"[39m
              [36m>[39m
                [36m<div>[39m
                  [36m<label[39m
                    [33mclass[39m=[32m"block text-xs font-bold 
text-brand-500 uppercase tracking-wider mb-2"[39m
                    [33mfor[39m=[32m"emission-date"[39m
                  [36m>[39m
                    [0mDate d'├®mission[0m
                  [36m</label>[39m
                  [36m<input[39m
                    [33mclass[39m=[32m"w-full p-3 bg-brand-50 border 
border-brand-200 rounded-xl focus:ring-4 focus:ring-brand-900/5 
focus:border-brand-900 outline-none transition-all text-brand-900 
font-medium"[39m
                    [33mid[39m=[32m"emission-date"[39m
                    [33mtitle[39m=[32m"Date d'├®mission du document"[39m
                    [33mtype[39m=[32m"date"[39m
                    [33mvalue[39m=[32m"2026-03-21"[39m
                  [36m/>[39m
                [36m</div>[39m
                [36m<div>[39m
                  [36m<label[39m
                    [33mclass[39m=[32m"block text-xs font-bold 
text-brand-500 uppercase tracking-wider mb-2"[39m
                    [33mfor[39m=[32m"due-date"[39m
                  [36m>[39m
                    [0mDate d'├®ch├®ance[0m
                  [36m</label>[39m
                  [36m<input[39m
                    [33mclass[39m=[32m"w-full p-3 bg-brand-50 border 
border-brand-200 rounded-xl focus:ring-4 focus:ring-brand-900/5 
focus:border-brand-900 outline-none transition-all text-brand-900 
font-medium"[39m
                    [33mid[39m=[32m"due-date"[39m
                    [33mtitle[39m=[32m"Date limite de paiement"[39m
                    [33mtype[39m=[32m"date"[39m
                    [33mvalue[39m=[32m"2026-04-20"[39m
                  [36m/>[39m
                [36m</div>[39m
              [36m</div>[39m
            [36m</div>[39m
          [36m</div>[39m
          [36m<div[39m
            [33mclass[39m=[32m"bg-white rounded-4xl shadow-sm border 
border-brand-200 p-8"[39m
          [36m>[39m
            [36m<div[39m
              [33mclass[39m=[32m"flex justify-between items-center 
mb-6"[39m
            [36m>[39m
              [36m<h3[39m
                [33mclass[39m=[32m"text-lg font-bold text-brand-900 
font-display"[39m
              [36m>[39m
                [0mPrestations & Produits[0m
              [36m</h3>[39m
            [36m</div>[39m
            [36m<div[39m
              [33mclass[39m=[32m"space-y-4"[39m
            [36m>[39m
              [36m<div[39m
                [33mclass[39m=[32m"flex flex-col sm:flex-row gap-4"[39m
              [36m>[39m
                [36m<button[39m
                  [33mclass[39m=[32m"flex-1 py-3 border-2 border-dashed 
border-brand-200 rounded-xl text-brand-500 hover:border-brand-400 
hover:text-brand-600 transition-all font-bold text-[10px] uppercase 
tracking-widest flex items-center justify-center gap-2"[39m
                  [33mtitle[39m=[32m"Ajouter une ligne vide"[39m
                [36m>[39m
                  [36m<span>[39m
                    [0mPlusIcon[0m
                  [36m</span>[39m
                  [0m Ajouter une ligne vide[0m
                [36m</button>[39m
                [36m<div[39m
                  [33mclass[39m=[32m"relative flex-1"[39m
                [36m>[39m
                  [36m<button[39m
                    [33mclass[39m=[32m"w-full py-3 pl-10 pr-4 border-2 
border-dashed border-brand-200 rounded-xl text-brand-500 
hover:border-brand-400 hover:text-brand-600 transition-all font-bold 
text-[10px] uppercase tracking-widest flex items-center justify-center gap-2 
bg-transparent outline-none"[39m
        ...

Ignored nodes: comments, script, style
[36m<html>[39m
  [36m<head />[39m
  [36m<body>[39m
    [36m<div>[39m
      [36m<div[39m
        [33mclass[39m=[32m"max-w-6xl mx-auto animate-slide-in pb-20 
relative"[39m
      [36m>[39m
        [36m<div[39m
          [33mclass[39m=[32m"flex items-center justify-between mb-8"[39m
        [36m>[39m
          [36m<div[39m
            [33mclass[39m=[32m"flex items-center gap-4"[39m
          [36m>[39m
            [36m<button[39m
              [33mclass[39m=[32m"p-2.5 hover:bg-brand-200 text-brand-500 
rounded-xl transition-all"[39m
              [33mtitle[39m=[32m"Retour ├á la liste"[39m
            [36m>[39m
              [36m<span>[39m
                [0mArrowLeftIcon[0m
              [36m</span>[39m
            [36m</button>[39m
            [36m<div>[39m
              [36m<h2[39m
                [33mclass[39m=[32m"text-2xl font-bold text-brand-900 
font-display"[39m
              [36m>[39m
                [0m├ëditeur : [0m
                [0mFacture[0m
              [36m</h2>[39m
              [36m<p[39m
                [33mclass[39m=[32m"text-brand-500 text-sm"[39m
              [36m>[39m
                [0mCr├®ez votre document en quelques clics.[0m
              [36m</p>[39m
            [36m</div>[39m
          [36m</div>[39m
        [36m</div>[39m
        [36m<div[39m
          [33mclass[39m=[32m"grid grid-cols-1 lg:grid-cols-3 gap-8"[39m
        [36m>[39m
          [36m<div[39m
            [33mclass[39m=[32m"lg:col-span-2 space-y-6"[39m
          [36m>[39m
            [36m<div[39m
              [33mclass[39m=[32m"bg-white rounded-4xl shadow-sm border 
border-brand-200 p-8"[39m
            [36m>[39m
              [36m<div[39m
                [33mclass[39m=[32m"grid grid-cols-1 md:grid-cols-2 
gap-8"[39m
              [36m>[39m
                [36m<div>[39m
                  [36m<label[39m
                    [33mclass[39m=[32m"block text-xs font-bold 
text-brand-500 uppercase tracking-wider mb-2"[39m
                    [33mfor[39m=[32m"client-select"[39m
                  [36m>[39m
                    [0mClient[0m
                  [36m</label>[39m
                  [36m<select[39m
                    [33mclass[39m=[32m"w-full p-3 bg-brand-50 border 
border-brand-200 rounded-xl focus:ring-4 focus:ring-brand-900/5 
focus:border-brand-900 outline-none transition-all font-semibold 
text-brand-900"[39m
                    [33mid[39m=[32m"client-select"[39m
                    [33mtitle[39m=[32m"S├®lectionner un client"[39m
                  [36m>[39m
                    [36m<option[39m
                      [33mvalue[39m=[32m""[39m
                    [36m>[39m
                      [0mS├®lectionner un client...[0m
                    [36m</option>[39m
                    [36m<option[39m
                      [33mvalue[39m=[32m"cli-1"[39m
                    [36m>[39m
                      [0mClient A[0m
                    [36m</option>[39m
                    [36m<option[39m
                      [33mvalue[39m=[32m"cli-2"[39m
                    [36m>[39m
                      [0mClient B[0m
                    [36m</option>[39m
                  [36m</select>[39m
                [36m</div>[39m
                [36m<div[39m
                  [33mclass[39m=[32m"space-y-4"[39m
                [36m>[39m
                  [36m<div>[39m
                    [36m<label[39m
                      [33mclass[39m=[32m"block text-xs font-bold 
text-brand-500 uppercase tracking-wider mb-2"[39m
                      [33mfor[39m=[32m"emission-date"[39m
                    [36m>[39m
                      [0mDate d'├®mission[0m
                    [36m</label>[39m
                    [36m<input[39m
                      [33mclass[39m=[32m"w-full p-3 bg-brand-50 border 
border-brand-200 rounded-xl focus:ring-4 focus:ring-brand-900/5 
focus:border-brand-900 outline-none transition-all text-brand-900 
font-medium"[39m
                      [33mid[39m=[32m"emission-date"[39m
                      [33mtitle[39m=[32m"Date d'├®mission du document"[39m
                      [33mtype[39m=[32m"date"[39m
                      [33mvalue[39m=[32m"2026-03-21"[39m
                    [36m/>[39m
                  [36m</div>[39m
                  [36m<div>[39m
                    [36m<label[39m
                      [33mclass[39m=[32m"block text-xs font-bold 
text-brand-500 uppercase tracking-wider mb-2"[39m
                      [33mfor[39m=[32m"due-date"[39m
                    [36m>[39m
                      [0mDate d'├®ch├®ance[0m
                    [36m</label>[39m
                    [36m<input[39m
                      [33mclass[39m=[32m"w-full p-3 bg-brand-50 border 
border-brand-200 rounded-xl focus:ring-4 focus:ring-brand-900/5 
focus:border-brand-900 outline-none transition-all text-brand-900 
font-medium"[39m
                      [33mid[39m=[32m"due-date"[39m
                      [33mtitle[39m=[32m"Date limite de paiement"[39m
                      [33mtype[39m=[32m"date"[39m
                      [33mvalue[39m=[32m"2026-04-20"[39m
                    [36m/>[39m
                  [36m</div>[39m
                [36m</div>[39m
              [36m</div>[39m
            [36m</div>[39m
            [36m<div[39m
              [33mclass[39m=[32m"bg-white rounded-4xl shadow-sm border 
border-brand-200 p-8"[39m
            [36m>[39m
              [36m<div[39m
                [33mclass[39m=[32m"flex justify-between items-center 
mb-6"[39m
              [36m>[39m
                [36m<h3[39m
                  [33mclass[39m=[32m"text-lg font-bold text-brand-900 
font-display"[39m
                [36m>[39m
                  [0mPrestations & Produits[0m
                [36m</h3>[39m
              [36m</div>[39m
              [36m<div[39m
                [33mclass[39m=[32m"space-y-4"[39m
              [36m>[39m
                [36m<div[39m
                  [33mclass[39m=[32m"flex flex-col sm:flex-row gap-4"[39m
                [36m>[39m
                  [36m<button[39m
                    [33mclass[39m=[32m"flex-1 py-3 border-2 border-dashed 
border-brand-200 rounded-xl text-brand-500 hover:border-brand-400 
hover:text-brand-600 transition-all font-bold text-[10px] uppercase 
tracking-widest flex items-center justify-center gap-2"[39m
                    [33mtitle[39m=[32m"Ajouter une ligne vide"[39m
                  [36m>[39m
                    [36m<span>[39m
                      [0mPlusIcon[0m
                    [36m</span>[39m
                    [0m Ajouter une ligne vide[0m
                  [36m</button>[39m
                  [36m<div[39m
                    [33mclass[39m=[32m"relative flex-1"[39m
                  [36m>[39m
                    [36m<button[3...
[90m [2mÔØ»[22m Proxy.waitForWrapper 
node_modules/@testing-library/dom/dist/wait-for.js:[2m163:27[22m[39m
[36m [2mÔØ»[22m 
__tests__/components/InvoiceManager.test.tsx:[2m269:13[22m[39m
    [90m267| [39m
    [90m268| [39m      [90m// Devrait afficher des champs de formulaire[39m
    [90m269| [39m      [35mawait[39m [34mwaitFor[39m(() [33m=>[39m {
    [90m   | [39m            [31m^[39m
    [90m270| [39m        [34mexpect[39m(screen[33m.[39m[34mgetByText[39
m([36m/Nouveau|Cr├®er|Create/i[39m))[33m.[39m[34mtoBeTruthy[39m()[33m;[
39m
    [90m271| [39m      })[33m;[39m

[31m[2mÔÄ»ÔÄ»ÔÄ»ÔÄ»ÔÄ»ÔÄ»ÔÄ»ÔÄ»ÔÄ»ÔÄ»ÔÄ»ÔÄ»ÔÄ»ÔÄ»ÔÄ»ÔÄ»ÔÄ»ÔÄ»ÔÄ»ÔÄ»ÔÄ»[10/142
]ÔÄ»[22m[39m

[41m[1m FAIL [22m[49m __tests__/components/InvoiceManager.test.tsx[2m > 
[22mInvoiceManager Component[2m > [22mInvoice Filtering[2m > [22mfiltre 
par statut
[31m[1mTestingLibraryElementError[22m[39m: Unable to find an element with 
the text: /Filter|Filtre|filter/i. This could be because the text is broken up 
by multiple elements. In this case, you can provide a function for your text 
matcher to make your matcher more flexible.

Ignored nodes: comments, script, style
[36m<body>[39m
  [36m<div>[39m
    [36m<div[39m
      [33mclass[39m=[32m"space-y-8 max-w-7xl mx-auto animate-fade-in 
relative pb-12"[39m
    [36m>[39m
      [36m<div[39m
        [33mclass[39m=[32m"flex flex-col lg:flex-row justify-between 
items-start lg:items-center gap-6"[39m
      [36m>[39m
        [36m<div>[39m
          [36m<h2[39m
            [33mclass[39m=[32m"text-3xl font-bold text-brand-900 
dark:text-white font-display tracking-tight"[39m
          [36m>[39m
            [0mDocuments Commerciaux[0m
          [36m</h2>[39m
          [36m<p[39m
            [33mclass[39m=[32m"text-brand-500 dark:text-brand-400 mt-1 
text-sm font-medium"[39m
          [36m>[39m
            [0mG├®rez vos factures, devis et commandes en un seul endroit.[0m
          [36m</p>[39m
        [36m</div>[39m
        [36m<div[39m
          [33mclass[39m=[32m"flex flex-wrap items-center gap-3"[39m
        [36m>[39m
          [36m<div[39m
            [33mclass[39m=[32m"bg-brand-100/50 dark:bg-brand-900/50 p-1 
rounded-2xl border border-brand-100 dark:border-brand-800 backdrop-blur-sm 
flex gap-1"[39m
          [36m>[39m
            [36m<button[39m
              [33mclass[39m=[32m"px-5 py-2.5 rounded-xl text-[10px] 
font-bold uppercase tracking-widest transition-all duration-300 flex 
items-center gap-2 bg-white dark:bg-brand-800 text-brand-900 
dark:text-brand-50 shadow-sm"[39m
            [36m>[39m
              [36m<span>[39m
                [0mFileTextIcon[0m
              [36m</span>[39m
              [0m Factures[0m
            [36m</button>[39m
            [36m<button[39m
              [33mclass[39m=[32m"px-5 py-2.5 rounded-xl text-[10px] 
font-bold uppercase tracking-widest transition-all duration-300 flex 
items-center gap-2 text-brand-400 dark:text-brand-500 hover:text-brand-600 
dark:hover:text-brand-300"[39m
            [36m>[39m
              [36m<span>[39m
                [0mFileCheckIcon[0m
              [36m</span>[39m
              [0m Devis[0m
            [36m</button>[39m
            [36m<button[39m
              [33mclass[39m=[32m"px-5 py-2.5 rounded-xl text-[10px] 
font-bold uppercase tracking-widest transition-all duration-300 flex 
items-center gap-2 text-brand-400 dark:text-brand-500 hover:text-brand-600 
dark:hover:text-brand-300"[39m
            [36m>[39m
              [36m<span>[39m
                [0mShoppingBagIcon[0m
              [36m</span>[39m
              [0m Commandes[0m
            [36m</button>[39m
            [36m<button[39m
              [33mclass[39m=[32m"px-5 py-2.5 rounded-xl text-[10px] 
font-bold uppercase tracking-widest transition-all duration-300 flex 
items-center gap-2 text-brand-400 dark:text-brand-500 hover:text-brand-600 
dark:hover:text-brand-300"[39m
            [36m>[39m
              [36m<span>[39m
                [0mReceiptIcon[0m
              [36m</span>[39m
              [0m Avoirs[0m
            [36m</button>[39m
          [36m</div>[39m
          [36m<div[39m
            [33mclass[39m=[32m"flex gap-2"[39m
          [36m>[39m
            [36m<button[39m
              [33mclass[39m=[32m"bg-white dark:bg-brand-900 text-brand-600 
dark:text-brand-300 border border-brand-100 dark:border-brand-800 px-5 py-2.5 
rounded-2xl flex items-center gap-2 transition-all text-[10px] font-bold 
uppercase tracking-widest shadow-sm hover:bg-brand-50 
dark:hover:bg-brand-800"[39m
              [33mtitle[39m=[32m"Exporter en CSV"[39m
            [36m>[39m
              [36m<span>[39m
                [0mDownloadIcon[0m
              [36m</span>[39m
              [36m<span[39m
                [33mclass[39m=[32m"hidden sm:inline"[39m
              [36m>[39m
                [0mExport[0m
              [36m</span>[39m
            [36m</button>[39m
            [36m<button[39m
              [33mclass[39m=[32m"bg-brand-900 dark:bg-white text-white 
dark:text-brand-900 px-6 py-2.5 rounded-2xl flex items-center gap-2 
transition-all shadow-lg shadow-brand-900/10 dark:shadow-white/5 text-[10px] 
font-bold uppercase tracking-widest hover:scale-[1.02] 
active:scale-[0.98]"[39m
              [33mtitle[39m=[32m"Cr├®er un nouveau document"[39m
            [36m>[39m
              [36m<span>[39m
                [0mPlusIcon[0m
              [36m</span>[39m
              [0mNouveau[0m
            [36m</button>[39m
          [36m</div>[39m
        [36m</div>[39m
      [36m</div>[39m
      [36m<div[39m
        [33mclass[39m=[32m"grid grid-cols-1 md:grid-cols-2 lg:grid-cols-4 
gap-6"[39m
      [36m>[39m
        [36m<div[39m
          [33mclass[39m=[32m"card-modern p-6 flex flex-col justify-between 
relative overflow-hidden group"[39m
        [36m>[39m
          [36m<div[39m
            [33mclass[39m=[32m"absolute -right-4 -top-4 p-8 opacity-[0.03] 
group-hover:opacity-[0.08] transition-opacity text-brand-900 
dark:text-brand-50"[39m
          [36m>[39m
            [36m<span>[39m
              [0mCalculatorIcon[0m
            [36m</span>[39m
          [36m</div>[39m
          [36m<div[39m
            [33mclass[39m=[32m"flex justify-between items-start mb-4"[39m
          [36m>[39m
            [36m<div[39m
              [33mclass[39m=[32m"p-2.5 bg-brand-50 dark:bg-brand-800 
text-brand-900 dark:text-brand-50 rounded-xl"[39m
            [36m>[39m
              [36m<span>[39m
                [0mCalculatorIcon[0m
              [36m</span>[39m
            [36m</div>[39m
            [36m<span[39m
              [33mclass[39m=[32m"badge bg-brand-50 dark:bg-brand-800 
text-brand-600 dark:text-brand-400"[39m
            [36m>[39m
              [0mTotal [0m
              [0mFacture[0m
              [0ms[0m
            [36m</span>[39m
          [36m</div>[39m
          [36m<div>[39m
            [36m<h3[39m
              [33mclass[39m=[32m"text-2xl font-bold text-brand-900 
dark:text-white font-display tracking-tight"[39m
            [36m>[39m
              [0m1ÔÇ»500,00┬áÔé¼[0m
            [36m</h3>[39m
            [36m<p[39m
              [33mclass[39m=[32m"text-xs text-brand-500 dark:text-brand-400 
mt-1 font-medium"[39m
            [36m>[39m
              [0m2[0m
              [0m documents au total[0m
            [36m</p>[39m
          [36m</div>[39m
        [36m</div>[39m
        [36m<div[39m
          [33mclass[39m=[32m"card-modern p-6 flex flex-col justify-between 
relative overflow-hidden group"[39m
        [36m>[39m
          [36m<div[39m
            [33mclass[39m=[32m"absolute -right-4 -top-4 p-8 opacity-[0.03] 
group-hover:opacity-[0.08] transition-opacity text-accent-600"[39m
          [36m>[39m
            [36m<span>[39m
              [0mFileCheckIcon[0m
            [36m</span>[39m
          [36m</div>[39m
          [36m<div[39m
            [33mclass[39m=[32m"flex justify-between i...
[90m [2mÔØ»[22m Object.getElementError 
node_modules/@testing-library/dom/dist/config.js:[2m37:19[22m[39m
[90m [2mÔØ»[22m 
node_modules/@testing-library/dom/dist/query-helpers.js:[2m76:38[22m[39m
[90m [2mÔØ»[22m 
node_modules/@testing-library/dom/dist/query-helpers.js:[2m52:17[22m[39m
[90m [2mÔØ»[22m 
node_modules/@testing-library/dom/dist/query-helpers.js:[2m95:19[22m[39m
[36m [2mÔØ»[22m 
__tests__/components/InvoiceManager.test.tsx:[2m290:35[22m[39m
    [90m288| [39m      )[33m;[39m
    [90m289| [39m
    [90m290| [39m      [35mconst[39m filterButton [33m=[39m screen[33m.
[39m[34mgetByText[39m([36m/Filter|Filtre|filter/i[39m)[33m;[39m
    [90m   | [39m                                  [31m^[39m
    [90m291| [39m      [35mif[39m (filterButton) {
    [90m292| [39m        [35mawait[39m 
user[33m.[39m[34mclick[39m(filterButton)[33m;[39m

[31m[2mÔÄ»ÔÄ»ÔÄ»ÔÄ»ÔÄ»ÔÄ»ÔÄ»ÔÄ»ÔÄ»ÔÄ»ÔÄ»ÔÄ»ÔÄ»ÔÄ»ÔÄ»ÔÄ»ÔÄ»ÔÄ»ÔÄ»ÔÄ»ÔÄ»[11/142
]ÔÄ»[22m[39m

[41m[1m FAIL [22m[49m __tests__/components/InvoiceManager.test.tsx[2m > 
[22mInvoiceManager Component[2m > [22mInvoice Filtering[2m > [22mfiltre 
par client
[31m[1mTestingLibraryElementError[22m[39m: Found multiple elements with 
the text: /Client A|Client B/

Here are the matching elements:

Ignored nodes: comments, script, style
[36m<option[39m
  [33mvalue[39m=[32m"cli-1"[39m
[36m>[39m
  [0mClient A[0m
[36m</option>[39m

Ignored nodes: comments, script, style
[36m<option[39m
  [33mvalue[39m=[32m"cli-2"[39m
[36m>[39m
  [0mClient B[0m
[36m</option>[39m

Ignored nodes: comments, script, style
[36m<span[39m
  [33mclass[39m=[32m"text-brand-900 dark:text-white font-bold block"[39m
[36m>[39m
  [0mClient B[0m
[36m</span>[39m

Ignored nodes: comments, script, style
[36m<span[39m
  [33mclass[39m=[32m"text-brand-900 dark:text-white font-bold block"[39m
[36m>[39m
  [0mClient A[0m
[36m</span>[39m

(If this is intentional, then use the `*AllBy*` variant of the query (like 
`queryAllByText`, `getAllByText`, or `findAllByText`)).

Ignored nodes: comments, script, style
[36m<body>[39m
  [36m<div>[39m
    [36m<div[39m
      [33mclass[39m=[32m"space-y-8 max-w-7xl mx-auto animate-fade-in 
relative pb-12"[39m
    [36m>[39m
      [36m<div[39m
        [33mclass[39m=[32m"flex flex-col lg:flex-row justify-between 
items-start lg:items-center gap-6"[39m
      [36m>[39m
        [36m<div>[39m
          [36m<h2[39m
            [33mclass[39m=[32m"text-3xl font-bold text-brand-900 
dark:text-white font-display tracking-tight"[39m
          [36m>[39m
            [0mDocuments Commerciaux[0m
          [36m</h2>[39m
          [36m<p[39m
            [33mclass[39m=[32m"text-brand-500 dark:text-brand-400 mt-1 
text-sm font-medium"[39m
          [36m>[39m
            [0mG├®rez vos factures, devis et commandes en un seul endroit.[0m
          [36m</p>[39m
        [36m</div>[39m
        [36m<div[39m
          [33mclass[39m=[32m"flex flex-wrap items-center gap-3"[39m
        [36m>[39m
          [36m<div[39m
            [33mclass[39m=[32m"bg-brand-100/50 dark:bg-brand-900/50 p-1 
rounded-2xl border border-brand-100 dark:border-brand-800 backdrop-blur-sm 
flex gap-1"[39m
          [36m>[39m
            [36m<button[39m
              [33mclass[39m=[32m"px-5 py-2.5 rounded-xl text-[10px] 
font-bold uppercase tracking-widest transition-all duration-300 flex 
items-center gap-2 bg-white dark:bg-brand-800 text-brand-900 
dark:text-brand-50 shadow-sm"[39m
            [36m>[39m
              [36m<span>[39m
                [0mFileTextIcon[0m
              [36m</span>[39m
              [0m Factures[0m
            [36m</button>[39m
            [36m<button[39m
              [33mclass[39m=[32m"px-5 py-2.5 rounded-xl text-[10px] 
font-bold uppercase tracking-widest transition-all duration-300 flex 
items-center gap-2 text-brand-400 dark:text-brand-500 hover:text-brand-600 
dark:hover:text-brand-300"[39m
            [36m>[39m
              [36m<span>[39m
                [0mFileCheckIcon[0m
              [36m</span>[39m
              [0m Devis[0m
            [36m</button>[39m
            [36m<button[39m
              [33mclass[39m=[32m"px-5 py-2.5 rounded-xl text-[10px] 
font-bold uppercase tracking-widest transition-all duration-300 flex 
items-center gap-2 text-brand-400 dark:text-brand-500 hover:text-brand-600 
dark:hover:text-brand-300"[39m
            [36m>[39m
              [36m<span>[39m
                [0mShoppingBagIcon[0m
              [36m</span>[39m
              [0m Commandes[0m
            [36m</button>[39m
            [36m<button[39m
              [33mclass[39m=[32m"px-5 py-2.5 rounded-xl text-[10px] 
font-bold uppercase tracking-widest transition-all duration-300 flex 
items-center gap-2 text-brand-400 dark:text-brand-500 hover:text-brand-600 
dark:hover:text-brand-300"[39m
            [36m>[39m
              [36m<span>[39m
                [0mReceiptIcon[0m
              [36m</span>[39m
              [0m Avoirs[0m
            [36m</button>[39m
          [36m</div>[39m
          [36m<div[39m
            [33mclass[39m=[32m"flex gap-2"[39m
          [36m>[39m
            [36m<button[39m
              [33mclass[39m=[32m"bg-white dark:bg-brand-900 text-brand-600 
dark:text-brand-300 border border-brand-100 dark:border-brand-800 px-5 py-2.5 
rounded-2xl flex items-center gap-2 transition-all text-[10px] font-bold 
uppercase tracking-widest shadow-sm hover:bg-brand-50 
dark:hover:bg-brand-800"[39m
              [33mtitle[39m=[32m"Exporter en CSV"[39m
            [36m>[39m
              [36m<span>[39m
                [0mDownloadIcon[0m
              [36m</span>[39m
              [36m<span[39m
                [33mclass[39m=[32m"hidden sm:inline"[39m
              [36m>[39m
                [0mExport[0m
              [36m</span>[39m
            [36m</button>[39m
            [36m<button[39m
              [33mclass[39m=[32m"bg-brand-900 dark:bg-white text-white 
dark:text-brand-900 px-6 py-2.5 rounded-2xl flex items-center gap-2 
transition-all shadow-lg shadow-brand-900/10 dark:shadow-white/5 text-[10px] 
font-bold uppercase tracking-widest hover:scale-[1.02] 
active:scale-[0.98]"[39m
              [33mtitle[39m=[32m"Cr├®er un nouveau document"[39m
            [36m>[39m
              [36m<span>[39m
                [0mPlusIcon[0m
              [36m</span>[39m
              [0mNouveau[0m
            [36m</button>[39m
          [36m</div>[39m
        [36m</div>[39m
      [36m</div>[39m
      [36m<div[39m
        [33mclass[39m=[32m"grid grid-cols-1 md:grid-cols-2 lg:grid-cols-4 
gap-6"[39m
      [36m>[39m
        [36m<div[39m
          [33mclass[39m=[32m"card-modern p-6 flex flex-col justify-between 
relative overflow-hidden group"[39m
        [36m>[39m
          [36m<div[39m
            [33mclass[39m=[32m"absolute -right-4 -top-4 p-8 opacity-[0.03] 
group-hover:opacity-[0.08] transition-opacity text-brand-900 
dark:text-brand-50"[39m
          [36m>[39m
            [36m<span>[39m
              [0mCalculatorIcon[0m
            [36m</span>[39m
          [36m</div>[39m
          [36m<div[39m
            [33mclass[39m=[32m"flex justify-between items-start mb-4"[39m
          [36m>[39m
            [36m<div[39m
              [33mclass[39m=[32m"p-2.5 bg-brand-50 dark:bg-brand-800 
text-brand-900 dark:text-brand-50 rounded-xl"[39m
            [36m>[39m
              [36m<span>[39m
                [0mCalculatorIcon[0m
              [36m</span>[39m
            [36m</div>[39m
            [36m<span[39m
              [33mclass[39m=[32m"badge bg-brand-50 dark:bg-brand-800 
text-brand-600 dark:text-brand-400"[39m
            [36m>[39m
              [0mTotal [0m
              [0mFacture[0m
              [0ms[0m
            [36m</span>[39m
          [36m</div>[39m
          [36m<div>[39m
            [36m<h3[39m
              [33mclass[39m=[32m"text-2xl font-bold text-brand-900 
dark:text-white font-display tracking-tight"[39m
            [36m>[39m
              [0m1ÔÇ»500,00┬áÔé¼[0m
            [36m</h3>[39m
            [36m<p[39m
              [33mclass[39m=[32m"text-xs text-brand-500 dark:text-brand-400 
mt-1 font-medium"[39m
            [36m>[39m
              [0m2[0m
              [0m documents au total[0m
            [36m</p>[39m
          [36m</div>[39m
        [36m</div>[39m
        [36m<div[39m
          [33mclass[39m=[32m"card-modern p-6 flex flex-col justify-between 
relative overflow-hidden group"[39m
        [36m>[39m
          [36m<div[39m
            [33mclass[39m=[32m"absolute -right-4 -top-4 p-8 opacity-[0.03] 
group-hover:opacity-[0.08] transition-opacity text-accent-600"[39m
          [36m>[39m
            [36m<span>[39m
              [0mFileCheckIcon[0m
            [36m</span>[39m
          [36m</div>[39m
          [36m<div[39m
            [33mclass[39m=[32m"flex justify-between i...
[90m [2mÔØ»[22m Object.getElementError 
node_modules/@testing-library/dom/dist/config.js:[2m37:19[22m[39m
[90m [2mÔØ»[22m getElementError 
node_modules/@testing-library/dom/dist/query-helpers.js:[2m20:35[22m[39m
[90m [2mÔØ»[22m getMultipleElementsFoundError 
node_modules/@testing-library/dom/dist/query-helpers.js:[2m23:10[22m[39m
[90m [2mÔØ»[22m 
node_modules/@testing-library/dom/dist/query-helpers.js:[2m55:13[22m[39m
[90m [2mÔØ»[22m 
node_modules/@testing-library/dom/dist/query-helpers.js:[2m95:19[22m[39m
[36m [2mÔØ»[22m 
__tests__/components/InvoiceManager.test.tsx:[2m311:21[22m[39m
    [90m309| [39m
    [90m310| [39m      [90m// Devrait avoir un champ de 
recherche/filtre[39m
    [90m311| [39m      
[34mexpect[39m(screen[33m.[39m[34mgetByText[39m([36m/Client A|Client 
B/[39m))[33m.[39m[34mtoBeTruthy[39m()[33m;[39m
    [90m   | [39m                    [31m^[39m
    [90m312| [39m    })[33m;[39m
    [90m313| [39m  })[33m;[39m

[31m[2mÔÄ»ÔÄ»ÔÄ»ÔÄ»ÔÄ»ÔÄ»ÔÄ»ÔÄ»ÔÄ»ÔÄ»ÔÄ»ÔÄ»ÔÄ»ÔÄ»ÔÄ»ÔÄ»ÔÄ»ÔÄ»ÔÄ»ÔÄ»ÔÄ»[12/142
]ÔÄ»[22m[39m

[41m[1m FAIL [22m[49m __tests__/components/InvoiceManager.test.tsx[2m > 
[22mInvoiceManager Component[2m > [22mInvoice Actions[2m > [22maffiche un 
bouton pour dupliquer une facture
[31m[1mTestingLibraryElementError[22m[39m: Unable to find an element with 
the text: CopyIcon. This could be because the text is broken up by multiple 
elements. In this case, you can provide a function for your text matcher to 
make your matcher more flexible.

Ignored nodes: comments, script, style
[36m<body>[39m
  [36m<div>[39m
    [36m<div[39m
      [33mclass[39m=[32m"space-y-8 max-w-7xl mx-auto animate-fade-in 
relative pb-12"[39m
    [36m>[39m
      [36m<div[39m
        [33mclass[39m=[32m"flex flex-col lg:flex-row justify-between 
items-start lg:items-center gap-6"[39m
      [36m>[39m
        [36m<div>[39m
          [36m<h2[39m
            [33mclass[39m=[32m"text-3xl font-bold text-brand-900 
dark:text-white font-display tracking-tight"[39m
          [36m>[39m
            [0mDocuments Commerciaux[0m
          [36m</h2>[39m
          [36m<p[39m
            [33mclass[39m=[32m"text-brand-500 dark:text-brand-400 mt-1 
text-sm font-medium"[39m
          [36m>[39m
            [0mG├®rez vos factures, devis et commandes en un seul endroit.[0m
          [36m</p>[39m
        [36m</div>[39m
        [36m<div[39m
          [33mclass[39m=[32m"flex flex-wrap items-center gap-3"[39m
        [36m>[39m
          [36m<div[39m
            [33mclass[39m=[32m"bg-brand-100/50 dark:bg-brand-900/50 p-1 
rounded-2xl border border-brand-100 dark:border-brand-800 backdrop-blur-sm 
flex gap-1"[39m
          [36m>[39m
            [36m<button[39m
              [33mclass[39m=[32m"px-5 py-2.5 rounded-xl text-[10px] 
font-bold uppercase tracking-widest transition-all duration-300 flex 
items-center gap-2 bg-white dark:bg-brand-800 text-brand-900 
dark:text-brand-50 shadow-sm"[39m
            [36m>[39m
              [36m<span>[39m
                [0mFileTextIcon[0m
              [36m</span>[39m
              [0m Factures[0m
            [36m</button>[39m
            [36m<button[39m
              [33mclass[39m=[32m"px-5 py-2.5 rounded-xl text-[10px] 
font-bold uppercase tracking-widest transition-all duration-300 flex 
items-center gap-2 text-brand-400 dark:text-brand-500 hover:text-brand-600 
dark:hover:text-brand-300"[39m
            [36m>[39m
              [36m<span>[39m
                [0mFileCheckIcon[0m
              [36m</span>[39m
              [0m Devis[0m
            [36m</button>[39m
            [36m<button[39m
              [33mclass[39m=[32m"px-5 py-2.5 rounded-xl text-[10px] 
font-bold uppercase tracking-widest transition-all duration-300 flex 
items-center gap-2 text-brand-400 dark:text-brand-500 hover:text-brand-600 
dark:hover:text-brand-300"[39m
            [36m>[39m
              [36m<span>[39m
                [0mShoppingBagIcon[0m
              [36m</span>[39m
              [0m Commandes[0m
            [36m</button>[39m
            [36m<button[39m
              [33mclass[39m=[32m"px-5 py-2.5 rounded-xl text-[10px] 
font-bold uppercase tracking-widest transition-all duration-300 flex 
items-center gap-2 text-brand-400 dark:text-brand-500 hover:text-brand-600 
dark:hover:text-brand-300"[39m
            [36m>[39m
              [36m<span>[39m
                [0mReceiptIcon[0m
              [36m</span>[39m
              [0m Avoirs[0m
            [36m</button>[39m
          [36m</div>[39m
          [36m<div[39m
            [33mclass[39m=[32m"flex gap-2"[39m
          [36m>[39m
            [36m<button[39m
              [33mclass[39m=[32m"bg-white dark:bg-brand-900 text-brand-600 
dark:text-brand-300 border border-brand-100 dark:border-brand-800 px-5 py-2.5 
rounded-2xl flex items-center gap-2 transition-all text-[10px] font-bold 
uppercase tracking-widest shadow-sm hover:bg-brand-50 
dark:hover:bg-brand-800"[39m
              [33mtitle[39m=[32m"Exporter en CSV"[39m
            [36m>[39m
              [36m<span>[39m
                [0mDownloadIcon[0m
              [36m</span>[39m
              [36m<span[39m
                [33mclass[39m=[32m"hidden sm:inline"[39m
              [36m>[39m
                [0mExport[0m
              [36m</span>[39m
            [36m</button>[39m
            [36m<button[39m
              [33mclass[39m=[32m"bg-brand-900 dark:bg-white text-white 
dark:text-brand-900 px-6 py-2.5 rounded-2xl flex items-center gap-2 
transition-all shadow-lg shadow-brand-900/10 dark:shadow-white/5 text-[10px] 
font-bold uppercase tracking-widest hover:scale-[1.02] 
active:scale-[0.98]"[39m
              [33mtitle[39m=[32m"Cr├®er un nouveau document"[39m
            [36m>[39m
              [36m<span>[39m
                [0mPlusIcon[0m
              [36m</span>[39m
              [0mNouveau[0m
            [36m</button>[39m
          [36m</div>[39m
        [36m</div>[39m
      [36m</div>[39m
      [36m<div[39m
        [33mclass[39m=[32m"grid grid-cols-1 md:grid-cols-2 lg:grid-cols-4 
gap-6"[39m
      [36m>[39m
        [36m<div[39m
          [33mclass[39m=[32m"card-modern p-6 flex flex-col justify-between 
relative overflow-hidden group"[39m
        [36m>[39m
          [36m<div[39m
            [33mclass[39m=[32m"absolute -right-4 -top-4 p-8 opacity-[0.03] 
group-hover:opacity-[0.08] transition-opacity text-brand-900 
dark:text-brand-50"[39m
          [36m>[39m
            [36m<span>[39m
              [0mCalculatorIcon[0m
            [36m</span>[39m
          [36m</div>[39m
          [36m<div[39m
            [33mclass[39m=[32m"flex justify-between items-start mb-4"[39m
          [36m>[39m
            [36m<div[39m
              [33mclass[39m=[32m"p-2.5 bg-brand-50 dark:bg-brand-800 
text-brand-900 dark:text-brand-50 rounded-xl"[39m
            [36m>[39m
              [36m<span>[39m
                [0mCalculatorIcon[0m
              [36m</span>[39m
            [36m</div>[39m
            [36m<span[39m
              [33mclass[39m=[32m"badge bg-brand-50 dark:bg-brand-800 
text-brand-600 dark:text-brand-400"[39m
            [36m>[39m
              [0mTotal [0m
              [0mFacture[0m
              [0ms[0m
            [36m</span>[39m
          [36m</div>[39m
          [36m<div>[39m
            [36m<h3[39m
              [33mclass[39m=[32m"text-2xl font-bold text-brand-900 
dark:text-white font-display tracking-tight"[39m
            [36m>[39m
              [0m1ÔÇ»500,00┬áÔé¼[0m
            [36m</h3>[39m
            [36m<p[39m
              [33mclass[39m=[32m"text-xs text-brand-500 dark:text-brand-400 
mt-1 font-medium"[39m
            [36m>[39m
              [0m2[0m
              [0m documents au total[0m
            [36m</p>[39m
          [36m</div>[39m
        [36m</div>[39m
        [36m<div[39m
          [33mclass[39m=[32m"card-modern p-6 flex flex-col justify-between 
relative overflow-hidden group"[39m
        [36m>[39m
          [36m<div[39m
            [33mclass[39m=[32m"absolute -right-4 -top-4 p-8 opacity-[0.03] 
group-hover:opacity-[0.08] transition-opacity text-accent-600"[39m
          [36m>[39m
            [36m<span>[39m
              [0mFileCheckIcon[0m
            [36m</span>[39m
          [36m</div>[39m
          [36m<div[39m
            [33mclass[39m=[32m"flex justify-between i...
[90m [2mÔØ»[22m Object.getElementError 
node_modules/@testing-library/dom/dist/config.js:[2m37:19[22m[39m
[90m [2mÔØ»[22m 
node_modules/@testing-library/dom/dist/query-helpers.js:[2m76:38[22m[39m
[90m [2mÔØ»[22m 
node_modules/@testing-library/dom/dist/query-helpers.js:[2m109:15[22m[39m
[36m [2mÔØ»[22m 
__tests__/components/InvoiceManager.test.tsx:[2m328:34[22m[39m
    [90m326| [39m      )[33m;[39m
    [90m327| [39m
    [90m328| [39m      [35mconst[39m copyButtons [33m=[39m 
screen[33m.[39m[34mgetAllByText[39m([32m'CopyIcon'[39m)[33m;[39m
    [90m   | [39m                                 [31m^[39m
    [90m329| [39m      [34mexpect[39m(copyButtons[33m.[39mlength)[33m.[
39m[34mtoBeGreaterThan[39m([34m0[39m)[33m;[39m
    [90m330| [39m    })[33m;[39m

[31m[2mÔÄ»ÔÄ»ÔÄ»ÔÄ»ÔÄ»ÔÄ»ÔÄ»ÔÄ»ÔÄ»ÔÄ»ÔÄ»ÔÄ»ÔÄ»ÔÄ»ÔÄ»ÔÄ»ÔÄ»ÔÄ»ÔÄ»ÔÄ»ÔÄ»[13/142
]ÔÄ»[22m[39m

[41m[1m FAIL [22m[49m __tests__/components/InvoiceManager.test.tsx[2m > 
[22mInvoiceManager Component[2m > [22mInvoice Actions[2m > [22maffiche un 
bouton pour envoyer une facture
[31m[1mTestingLibraryElementError[22m[39m: Unable to find an element with 
the text: MailIcon. This could be because the text is broken up by multiple 
elements. In this case, you can provide a function for your text matcher to 
make your matcher more flexible.

Ignored nodes: comments, script, style
[36m<body>[39m
  [36m<div>[39m
    [36m<div[39m
      [33mclass[39m=[32m"space-y-8 max-w-7xl mx-auto animate-fade-in 
relative pb-12"[39m
    [36m>[39m
      [36m<div[39m
        [33mclass[39m=[32m"flex flex-col lg:flex-row justify-between 
items-start lg:items-center gap-6"[39m
      [36m>[39m
        [36m<div>[39m
          [36m<h2[39m
            [33mclass[39m=[32m"text-3xl font-bold text-brand-900 
dark:text-white font-display tracking-tight"[39m
          [36m>[39m
            [0mDocuments Commerciaux[0m
          [36m</h2>[39m
          [36m<p[39m
            [33mclass[39m=[32m"text-brand-500 dark:text-brand-400 mt-1 
text-sm font-medium"[39m
          [36m>[39m
            [0mG├®rez vos factures, devis et commandes en un seul endroit.[0m
          [36m</p>[39m
        [36m</div>[39m
        [36m<div[39m
          [33mclass[39m=[32m"flex flex-wrap items-center gap-3"[39m
        [36m>[39m
          [36m<div[39m
            [33mclass[39m=[32m"bg-brand-100/50 dark:bg-brand-900/50 p-1 
rounded-2xl border border-brand-100 dark:border-brand-800 backdrop-blur-sm 
flex gap-1"[39m
          [36m>[39m
            [36m<button[39m
              [33mclass[39m=[32m"px-5 py-2.5 rounded-xl text-[10px] 
font-bold uppercase tracking-widest transition-all duration-300 flex 
items-center gap-2 bg-white dark:bg-brand-800 text-brand-900 
dark:text-brand-50 shadow-sm"[39m
            [36m>[39m
              [36m<span>[39m
                [0mFileTextIcon[0m
              [36m</span>[39m
              [0m Factures[0m
            [36m</button>[39m
            [36m<button[39m
              [33mclass[39m=[32m"px-5 py-2.5 rounded-xl text-[10px] 
font-bold uppercase tracking-widest transition-all duration-300 flex 
items-center gap-2 text-brand-400 dark:text-brand-500 hover:text-brand-600 
dark:hover:text-brand-300"[39m
            [36m>[39m
              [36m<span>[39m
                [0mFileCheckIcon[0m
              [36m</span>[39m
              [0m Devis[0m
            [36m</button>[39m
            [36m<button[39m
              [33mclass[39m=[32m"px-5 py-2.5 rounded-xl text-[10px] 
font-bold uppercase tracking-widest transition-all duration-300 flex 
items-center gap-2 text-brand-400 dark:text-brand-500 hover:text-brand-600 
dark:hover:text-brand-300"[39m
            [36m>[39m
              [36m<span>[39m
                [0mShoppingBagIcon[0m
              [36m</span>[39m
              [0m Commandes[0m
            [36m</button>[39m
            [36m<button[39m
              [33mclass[39m=[32m"px-5 py-2.5 rounded-xl text-[10px] 
font-bold uppercase tracking-widest transition-all duration-300 flex 
items-center gap-2 text-brand-400 dark:text-brand-500 hover:text-brand-600 
dark:hover:text-brand-300"[39m
            [36m>[39m
              [36m<span>[39m
                [0mReceiptIcon[0m
              [36m</span>[39m
              [0m Avoirs[0m
            [36m</button>[39m
          [36m</div>[39m
          [36m<div[39m
            [33mclass[39m=[32m"flex gap-2"[39m
          [36m>[39m
            [36m<button[39m
              [33mclass[39m=[32m"bg-white dark:bg-brand-900 text-brand-600 
dark:text-brand-300 border border-brand-100 dark:border-brand-800 px-5 py-2.5 
rounded-2xl flex items-center gap-2 transition-all text-[10px] font-bold 
uppercase tracking-widest shadow-sm hover:bg-brand-50 
dark:hover:bg-brand-800"[39m
              [33mtitle[39m=[32m"Exporter en CSV"[39m
            [36m>[39m
              [36m<span>[39m
                [0mDownloadIcon[0m
              [36m</span>[39m
              [36m<span[39m
                [33mclass[39m=[32m"hidden sm:inline"[39m
              [36m>[39m
                [0mExport[0m
              [36m</span>[39m
            [36m</button>[39m
            [36m<button[39m
              [33mclass[39m=[32m"bg-brand-900 dark:bg-white text-white 
dark:text-brand-900 px-6 py-2.5 rounded-2xl flex items-center gap-2 
transition-all shadow-lg shadow-brand-900/10 dark:shadow-white/5 text-[10px] 
font-bold uppercase tracking-widest hover:scale-[1.02] 
active:scale-[0.98]"[39m
              [33mtitle[39m=[32m"Cr├®er un nouveau document"[39m
            [36m>[39m
              [36m<span>[39m
                [0mPlusIcon[0m
              [36m</span>[39m
              [0mNouveau[0m
            [36m</button>[39m
          [36m</div>[39m
        [36m</div>[39m
      [36m</div>[39m
      [36m<div[39m
        [33mclass[39m=[32m"grid grid-cols-1 md:grid-cols-2 lg:grid-cols-4 
gap-6"[39m
      [36m>[39m
        [36m<div[39m
          [33mclass[39m=[32m"card-modern p-6 flex flex-col justify-between 
relative overflow-hidden group"[39m
        [36m>[39m
          [36m<div[39m
            [33mclass[39m=[32m"absolute -right-4 -top-4 p-8 opacity-[0.03] 
group-hover:opacity-[0.08] transition-opacity text-brand-900 
dark:text-brand-50"[39m
          [36m>[39m
            [36m<span>[39m
              [0mCalculatorIcon[0m
            [36m</span>[39m
          [36m</div>[39m
          [36m<div[39m
            [33mclass[39m=[32m"flex justify-between items-start mb-4"[39m
          [36m>[39m
            [36m<div[39m
              [33mclass[39m=[32m"p-2.5 bg-brand-50 dark:bg-brand-800 
text-brand-900 dark:text-brand-50 rounded-xl"[39m
            [36m>[39m
              [36m<span>[39m
                [0mCalculatorIcon[0m
              [36m</span>[39m
            [36m</div>[39m
            [36m<span[39m
              [33mclass[39m=[32m"badge bg-brand-50 dark:bg-brand-800 
text-brand-600 dark:text-brand-400"[39m
            [36m>[39m
              [0mTotal [0m
              [0mFacture[0m
              [0ms[0m
            [36m</span>[39m
          [36m</div>[39m
          [36m<div>[39m
            [36m<h3[39m
              [33mclass[39m=[32m"text-2xl font-bold text-brand-900 
dark:text-white font-display tracking-tight"[39m
            [36m>[39m
              [0m1ÔÇ»500,00┬áÔé¼[0m
            [36m</h3>[39m
            [36m<p[39m
              [33mclass[39m=[32m"text-xs text-brand-500 dark:text-brand-400 
mt-1 font-medium"[39m
            [36m>[39m
              [0m2[0m
              [0m documents au total[0m
            [36m</p>[39m
          [36m</div>[39m
        [36m</div>[39m
        [36m<div[39m
          [33mclass[39m=[32m"card-modern p-6 flex flex-col justify-between 
relative overflow-hidden group"[39m
        [36m>[39m
          [36m<div[39m
            [33mclass[39m=[32m"absolute -right-4 -top-4 p-8 opacity-[0.03] 
group-hover:opacity-[0.08] transition-opacity text-accent-600"[39m
          [36m>[39m
            [36m<span>[39m
              [0mFileCheckIcon[0m
            [36m</span>[39m
          [36m</div>[39m
          [36m<div[39m
            [33mclass[39m=[32m"flex justify-between i...
[90m [2mÔØ»[22m Object.getElementError 
node_modules/@testing-library/dom/dist/config.js:[2m37:19[22m[39m
[90m [2mÔØ»[22m 
node_modules/@testing-library/dom/dist/query-helpers.js:[2m76:38[22m[39m
[90m [2mÔØ»[22m 
node_modules/@testing-library/dom/dist/query-helpers.js:[2m109:15[22m[39m
[36m [2mÔØ»[22m 
__tests__/components/InvoiceManager.test.tsx:[2m376:34[22m[39m
    [90m374| [39m      )[33m;[39m
    [90m375| [39m
    [90m376| [39m      [35mconst[39m mailButtons [33m=[39m 
screen[33m.[39m[34mgetAllByText[39m([32m'MailIcon'[39m)[33m;[39m
    [90m   | [39m                                 [31m^[39m
    [90m377| [39m      [34mexpect[39m(mailButtons[33m.[39mlength)[33m.[
39m[34mtoBeGreaterThan[39m([34m0[39m)[33m;[39m
    [90m378| [39m    })[33m;[39m

[31m[2mÔÄ»ÔÄ»ÔÄ»ÔÄ»ÔÄ»ÔÄ»ÔÄ»ÔÄ»ÔÄ»ÔÄ»ÔÄ»ÔÄ»ÔÄ»ÔÄ»ÔÄ»ÔÄ»ÔÄ»ÔÄ»ÔÄ»ÔÄ»ÔÄ»[14/142
]ÔÄ»[22m[39m

[41m[1m FAIL [22m[49m __tests__/components/InvoiceManager.test.tsx[2m > 
[22mInvoiceManager Component[2m > [22mDifferent Invoice Types[2m > 
[22mg├¿re les devis
[31m[1mTestingLibraryElementError[22m[39m: Unable to find an element with 
the text: DEV-001. This could be because the text is broken up by multiple 
elements. In this case, you can provide a function for your text matcher to 
make your matcher more flexible.

Ignored nodes: comments, script, style
[36m<body>[39m
  [36m<div>[39m
    [36m<div[39m
      [33mclass[39m=[32m"space-y-8 max-w-7xl mx-auto animate-fade-in 
relative pb-12"[39m
    [36m>[39m
      [36m<div[39m
        [33mclass[39m=[32m"flex flex-col lg:flex-row justify-between 
items-start lg:items-center gap-6"[39m
      [36m>[39m
        [36m<div>[39m
          [36m<h2[39m
            [33mclass[39m=[32m"text-3xl font-bold text-brand-900 
dark:text-white font-display tracking-tight"[39m
          [36m>[39m
            [0mDocuments Commerciaux[0m
          [36m</h2>[39m
          [36m<p[39m
            [33mclass[39m=[32m"text-brand-500 dark:text-brand-400 mt-1 
text-sm font-medium"[39m
          [36m>[39m
            [0mG├®rez vos factures, devis et commandes en un seul endroit.[0m
          [36m</p>[39m
        [36m</div>[39m
        [36m<div[39m
          [33mclass[39m=[32m"flex flex-wrap items-center gap-3"[39m
        [36m>[39m
          [36m<div[39m
            [33mclass[39m=[32m"bg-brand-100/50 dark:bg-brand-900/50 p-1 
rounded-2xl border border-brand-100 dark:border-brand-800 backdrop-blur-sm 
flex gap-1"[39m
          [36m>[39m
            [36m<button[39m
              [33mclass[39m=[32m"px-5 py-2.5 rounded-xl text-[10px] 
font-bold uppercase tracking-widest transition-all duration-300 flex 
items-center gap-2 bg-white dark:bg-brand-800 text-brand-900 
dark:text-brand-50 shadow-sm"[39m
            [36m>[39m
              [36m<span>[39m
                [0mFileTextIcon[0m
              [36m</span>[39m
              [0m Factures[0m
            [36m</button>[39m
            [36m<button[39m
              [33mclass[39m=[32m"px-5 py-2.5 rounded-xl text-[10px] 
font-bold uppercase tracking-widest transition-all duration-300 flex 
items-center gap-2 text-brand-400 dark:text-brand-500 hover:text-brand-600 
dark:hover:text-brand-300"[39m
            [36m>[39m
              [36m<span>[39m
                [0mFileCheckIcon[0m
              [36m</span>[39m
              [0m Devis[0m
            [36m</button>[39m
            [36m<button[39m
              [33mclass[39m=[32m"px-5 py-2.5 rounded-xl text-[10px] 
font-bold uppercase tracking-widest transition-all duration-300 flex 
items-center gap-2 text-brand-400 dark:text-brand-500 hover:text-brand-600 
dark:hover:text-brand-300"[39m
            [36m>[39m
              [36m<span>[39m
                [0mShoppingBagIcon[0m
              [36m</span>[39m
              [0m Commandes[0m
            [36m</button>[39m
            [36m<button[39m
              [33mclass[39m=[32m"px-5 py-2.5 rounded-xl text-[10px] 
font-bold uppercase tracking-widest transition-all duration-300 flex 
items-center gap-2 text-brand-400 dark:text-brand-500 hover:text-brand-600 
dark:hover:text-brand-300"[39m
            [36m>[39m
              [36m<span>[39m
                [0mReceiptIcon[0m
              [36m</span>[39m
              [0m Avoirs[0m
            [36m</button>[39m
          [36m</div>[39m
          [36m<div[39m
            [33mclass[39m=[32m"flex gap-2"[39m
          [36m>[39m
            [36m<button[39m
              [33mclass[39m=[32m"bg-white dark:bg-brand-900 text-brand-600 
dark:text-brand-300 border border-brand-100 dark:border-brand-800 px-5 py-2.5 
rounded-2xl flex items-center gap-2 transition-all text-[10px] font-bold 
uppercase tracking-widest shadow-sm hover:bg-brand-50 
dark:hover:bg-brand-800"[39m
              [33mtitle[39m=[32m"Exporter en CSV"[39m
            [36m>[39m
              [36m<span>[39m
                [0mDownloadIcon[0m
              [36m</span>[39m
              [36m<span[39m
                [33mclass[39m=[32m"hidden sm:inline"[39m
              [36m>[39m
                [0mExport[0m
              [36m</span>[39m
            [36m</button>[39m
            [36m<button[39m
              [33mclass[39m=[32m"bg-brand-900 dark:bg-white text-white 
dark:text-brand-900 px-6 py-2.5 rounded-2xl flex items-center gap-2 
transition-all shadow-lg shadow-brand-900/10 dark:shadow-white/5 text-[10px] 
font-bold uppercase tracking-widest hover:scale-[1.02] 
active:scale-[0.98]"[39m
              [33mtitle[39m=[32m"Cr├®er un nouveau document"[39m
            [36m>[39m
              [36m<span>[39m
                [0mPlusIcon[0m
              [36m</span>[39m
              [0mNouveau[0m
            [36m</button>[39m
          [36m</div>[39m
        [36m</div>[39m
      [36m</div>[39m
      [36m<div[39m
        [33mclass[39m=[32m"grid grid-cols-1 md:grid-cols-2 lg:grid-cols-4 
gap-6"[39m
      [36m>[39m
        [36m<div[39m
          [33mclass[39m=[32m"card-modern p-6 flex flex-col justify-between 
relative overflow-hidden group"[39m
        [36m>[39m
          [36m<div[39m
            [33mclass[39m=[32m"absolute -right-4 -top-4 p-8 opacity-[0.03] 
group-hover:opacity-[0.08] transition-opacity text-brand-900 
dark:text-brand-50"[39m
          [36m>[39m
            [36m<span>[39m
              [0mCalculatorIcon[0m
            [36m</span>[39m
          [36m</div>[39m
          [36m<div[39m
            [33mclass[39m=[32m"flex justify-between items-start mb-4"[39m
          [36m>[39m
            [36m<div[39m
              [33mclass[39m=[32m"p-2.5 bg-brand-50 dark:bg-brand-800 
text-brand-900 dark:text-brand-50 rounded-xl"[39m
            [36m>[39m
              [36m<span>[39m
                [0mCalculatorIcon[0m
              [36m</span>[39m
            [36m</div>[39m
            [36m<span[39m
              [33mclass[39m=[32m"badge bg-brand-50 dark:bg-brand-800 
text-brand-600 dark:text-brand-400"[39m
            [36m>[39m
              [0mTotal [0m
              [0mFacture[0m
              [0ms[0m
            [36m</span>[39m
          [36m</div>[39m
          [36m<div>[39m
            [36m<h3[39m
              [33mclass[39m=[32m"text-2xl font-bold text-brand-900 
dark:text-white font-display tracking-tight"[39m
            [36m>[39m
              [0m0,00┬áÔé¼[0m
            [36m</h3>[39m
            [36m<p[39m
              [33mclass[39m=[32m"text-xs text-brand-500 dark:text-brand-400 
mt-1 font-medium"[39m
            [36m>[39m
              [0m0[0m
              [0m documents au total[0m
            [36m</p>[39m
          [36m</div>[39m
        [36m</div>[39m
        [36m<div[39m
          [33mclass[39m=[32m"card-modern p-6 flex flex-col justify-between 
relative overflow-hidden group"[39m
        [36m>[39m
          [36m<div[39m
            [33mclass[39m=[32m"absolute -right-4 -top-4 p-8 opacity-[0.03] 
group-hover:opacity-[0.08] transition-opacity text-accent-600"[39m
          [36m>[39m
            [36m<span>[39m
              [0mFileCheckIcon[0m
            [36m</span>[39m
          [36m</div>[39m
          [36m<div[39m
            [33mclass[39m=[32m"flex justify-between items...
[90m [2mÔØ»[22m Object.getElementError 
node_modules/@testing-library/dom/dist/config.js:[2m37:19[22m[39m
[90m [2mÔØ»[22m 
node_modules/@testing-library/dom/dist/query-helpers.js:[2m76:38[22m[39m
[90m [2mÔØ»[22m 
node_modules/@testing-library/dom/dist/query-helpers.js:[2m52:17[22m[39m
[90m [2mÔØ»[22m 
node_modules/@testing-library/dom/dist/query-helpers.js:[2m95:19[22m[39m
[36m [2mÔØ»[22m 
__tests__/components/InvoiceManager.test.tsx:[2m433:21[22m[39m
    [90m431| [39m      )[33m;[39m
    [90m432| [39m
    [90m433| [39m      [34mexpect[39m(screen[33m.[39m[34mgetByText[39m(
[32m'DEV-001'[39m))[33m.[39m[34mtoBeTruthy[39m()[33m;[39m
    [90m   | [39m                    [31m^[39m
    [90m434| [39m    })[33m;[39m
    [90m435| [39m  })[33m;[39m

[31m[2mÔÄ»ÔÄ»ÔÄ»ÔÄ»ÔÄ»ÔÄ»ÔÄ»ÔÄ»ÔÄ»ÔÄ»ÔÄ»ÔÄ»ÔÄ»ÔÄ»ÔÄ»ÔÄ»ÔÄ»ÔÄ»ÔÄ»ÔÄ»ÔÄ»[15/142
]ÔÄ»[22m[39m

[41m[1m FAIL [22m[49m __tests__/components/InvoiceManager.test.tsx[2m > 
[22mInvoiceManager Component[2m > [22mBusiness Logic - Calculations[2m > 
[22mcalcule correctement HT (Hors Taxes) avec items simples
[31m[1mTestingLibraryElementError[22m[39m: Found multiple elements with 
the text: /1200|1.200/

Here are the matching elements:

Ignored nodes: comments, script, style
[36m<h3[39m
  [33mclass[39m=[32m"text-2xl font-bold text-brand-900 dark:text-white 
font-display tracking-tight"[39m
[36m>[39m
  [0m1ÔÇ»200,00┬áÔé¼[0m
[36m</h3>[39m

Ignored nodes: comments, script, style
[36m<h3[39m
  [33mclass[39m=[32m"text-2xl font-bold text-amber-600 dark:text-amber-400 
font-display tracking-tight"[39m
[36m>[39m
  [0m1ÔÇ»200,00┬áÔé¼[0m
[36m</h3>[39m

Ignored nodes: comments, script, style
[36m<span[39m
  [33mclass[39m=[32m"text-brand-900 dark:text-white font-black 
text-base"[39m
[36m>[39m
  [0m1ÔÇ»200,00┬áÔé¼[0m
[36m</span>[39m

(If this is intentional, then use the `*AllBy*` variant of the query (like 
`queryAllByText`, `getAllByText`, or `findAllByText`)).

Ignored nodes: comments, script, style
[36m<body>[39m
  [36m<div>[39m
    [36m<div[39m
      [33mclass[39m=[32m"space-y-8 max-w-7xl mx-auto animate-fade-in 
relative pb-12"[39m
    [36m>[39m
      [36m<div[39m
        [33mclass[39m=[32m"flex flex-col lg:flex-row justify-between 
items-start lg:items-center gap-6"[39m
      [36m>[39m
        [36m<div>[39m
          [36m<h2[39m
            [33mclass[39m=[32m"text-3xl font-bold text-brand-900 
dark:text-white font-display tracking-tight"[39m
          [36m>[39m
            [0mDocuments Commerciaux[0m
          [36m</h2>[39m
          [36m<p[39m
            [33mclass[39m=[32m"text-brand-500 dark:text-brand-400 mt-1 
text-sm font-medium"[39m
          [36m>[39m
            [0mG├®rez vos factures, devis et commandes en un seul endroit.[0m
          [36m</p>[39m
        [36m</div>[39m
        [36m<div[39m
          [33mclass[39m=[32m"flex flex-wrap items-center gap-3"[39m
        [36m>[39m
          [36m<div[39m
            [33mclass[39m=[32m"bg-brand-100/50 dark:bg-brand-900/50 p-1 
rounded-2xl border border-brand-100 dark:border-brand-800 backdrop-blur-sm 
flex gap-1"[39m
          [36m>[39m
            [36m<button[39m
              [33mclass[39m=[32m"px-5 py-2.5 rounded-xl text-[10px] 
font-bold uppercase tracking-widest transition-all duration-300 flex 
items-center gap-2 bg-white dark:bg-brand-800 text-brand-900 
dark:text-brand-50 shadow-sm"[39m
            [36m>[39m
              [36m<span>[39m
                [0mFileTextIcon[0m
              [36m</span>[39m
              [0m Factures[0m
            [36m</button>[39m
            [36m<button[39m
              [33mclass[39m=[32m"px-5 py-2.5 rounded-xl text-[10px] 
font-bold uppercase tracking-widest transition-all duration-300 flex 
items-center gap-2 text-brand-400 dark:text-brand-500 hover:text-brand-600 
dark:hover:text-brand-300"[39m
            [36m>[39m
              [36m<span>[39m
                [0mFileCheckIcon[0m
              [36m</span>[39m
              [0m Devis[0m
            [36m</button>[39m
            [36m<button[39m
              [33mclass[39m=[32m"px-5 py-2.5 rounded-xl text-[10px] 
font-bold uppercase tracking-widest transition-all duration-300 flex 
items-center gap-2 text-brand-400 dark:text-brand-500 hover:text-brand-600 
dark:hover:text-brand-300"[39m
            [36m>[39m
              [36m<span>[39m
                [0mShoppingBagIcon[0m
              [36m</span>[39m
              [0m Commandes[0m
            [36m</button>[39m
            [36m<button[39m
              [33mclass[39m=[32m"px-5 py-2.5 rounded-xl text-[10px] 
font-bold uppercase tracking-widest transition-all duration-300 flex 
items-center gap-2 text-brand-400 dark:text-brand-500 hover:text-brand-600 
dark:hover:text-brand-300"[39m
            [36m>[39m
              [36m<span>[39m
                [0mReceiptIcon[0m
              [36m</span>[39m
              [0m Avoirs[0m
            [36m</button>[39m
          [36m</div>[39m
          [36m<div[39m
            [33mclass[39m=[32m"flex gap-2"[39m
          [36m>[39m
            [36m<button[39m
              [33mclass[39m=[32m"bg-white dark:bg-brand-900 text-brand-600 
dark:text-brand-300 border border-brand-100 dark:border-brand-800 px-5 py-2.5 
rounded-2xl flex items-center gap-2 transition-all text-[10px] font-bold 
uppercase tracking-widest shadow-sm hover:bg-brand-50 
dark:hover:bg-brand-800"[39m
              [33mtitle[39m=[32m"Exporter en CSV"[39m
            [36m>[39m
              [36m<span>[39m
                [0mDownloadIcon[0m
              [36m</span>[39m
              [36m<span[39m
                [33mclass[39m=[32m"hidden sm:inline"[39m
              [36m>[39m
                [0mExport[0m
              [36m</span>[39m
            [36m</button>[39m
            [36m<button[39m
              [33mclass[39m=[32m"bg-brand-900 dark:bg-white text-white 
dark:text-brand-900 px-6 py-2.5 rounded-2xl flex items-center gap-2 
transition-all shadow-lg shadow-brand-900/10 dark:shadow-white/5 text-[10px] 
font-bold uppercase tracking-widest hover:scale-[1.02] 
active:scale-[0.98]"[39m
              [33mtitle[39m=[32m"Cr├®er un nouveau document"[39m
            [36m>[39m
              [36m<span>[39m
                [0mPlusIcon[0m
              [36m</span>[39m
              [0mNouveau[0m
            [36m</button>[39m
          [36m</div>[39m
        [36m</div>[39m
      [36m</div>[39m
      [36m<div[39m
        [33mclass[39m=[32m"grid grid-cols-1 md:grid-cols-2 lg:grid-cols-4 
gap-6"[39m
      [36m>[39m
        [36m<div[39m
          [33mclass[39m=[32m"card-modern p-6 flex flex-col justify-between 
relative overflow-hidden group"[39m
        [36m>[39m
          [36m<div[39m
            [33mclass[39m=[32m"absolute -right-4 -top-4 p-8 opacity-[0.03] 
group-hover:opacity-[0.08] transition-opacity text-brand-900 
dark:text-brand-50"[39m
          [36m>[39m
            [36m<span>[39m
              [0mCalculatorIcon[0m
            [36m</span>[39m
          [36m</div>[39m
          [36m<div[39m
            [33mclass[39m=[32m"flex justify-between items-start mb-4"[39m
          [36m>[39m
            [36m<div[39m
              [33mclass[39m=[32m"p-2.5 bg-brand-50 dark:bg-brand-800 
text-brand-900 dark:text-brand-50 rounded-xl"[39m
            [36m>[39m
              [36m<span>[39m
                [0mCalculatorIcon[0m
              [36m</span>[39m
            [36m</div>[39m
            [36m<span[39m
              [33mclass[39m=[32m"badge bg-brand-50 dark:bg-brand-800 
text-brand-600 dark:text-brand-400"[39m
            [36m>[39m
              [0mTotal [0m
              [0mFacture[0m
              [0ms[0m
            [36m</span>[39m
          [36m</div>[39m
          [36m<div>[39m
            [36m<h3[39m
              [33mclass[39m=[32m"text-2xl font-bold text-brand-900 
dark:text-white font-display tracking-tight"[39m
            [36m>[39m
              [0m1ÔÇ»200,00┬áÔé¼[0m
            [36m</h3>[39m
            [36m<p[39m
              [33mclass[39m=[32m"text-xs text-brand-500 dark:text-brand-400 
mt-1 font-medium"[39m
            [36m>[39m
              [0m1[0m
              [0m documents au total[0m
            [36m</p>[39m
          [36m</div>[39m
        [36m</div>[39m
        [36m<div[39m
          [33mclass[39m=[32m"card-modern p-6 flex flex-col justify-between 
relative overflow-hidden group"[39m
        [36m>[39m
          [36m<div[39m
            [33mclass[39m=[32m"absolute -right-4 -top-4 p-8 opacity-[0.03] 
group-hover:opacity-[0.08] transition-opacity text-accent-600"[39m
          [36m>[39m
            [36m<span>[39m
              [0mFileCheckIcon[0m
            [36m</span>[39m
          [36m</div>[39m
          [36m<div[39m
            [33mclass[39m=[32m"flex justify-between i...
[90m [2mÔØ»[22m Object.getElementError 
node_modules/@testing-library/dom/dist/config.js:[2m37:19[22m[39m
[90m [2mÔØ»[22m getElementError 
node_modules/@testing-library/dom/dist/query-helpers.js:[2m20:35[22m[39m
[90m [2mÔØ»[22m getMultipleElementsFoundError 
node_modules/@testing-library/dom/dist/query-helpers.js:[2m23:10[22m[39m
[90m [2mÔØ»[22m 
node_modules/@testing-library/dom/dist/query-helpers.js:[2m55:13[22m[39m
[90m [2mÔØ»[22m 
node_modules/@testing-library/dom/dist/query-helpers.js:[2m95:19[22m[39m
[36m [2mÔØ»[22m 
__tests__/components/InvoiceManager.test.tsx:[2m494:21[22m[39m
    [90m492| [39m
    [90m493| [39m      [90m// V├®rifier que le total de 1200 est 
visible[39m
    [90m494| [39m      [34mexpect[39m(screen[33m.[39m[34mqueryByText[39
m([36m/1200|1.200/[39m))[33m.[39m[34mtoBeTruthy[39m()[33m;[39m
    [90m   | [39m                    [31m^[39m
    [90m495| [39m    })[33m;[39m
    [90m496| [39m

[31m[2mÔÄ»ÔÄ»ÔÄ»ÔÄ»ÔÄ»ÔÄ»ÔÄ»ÔÄ»ÔÄ»ÔÄ»ÔÄ»ÔÄ»ÔÄ»ÔÄ»ÔÄ»ÔÄ»ÔÄ»ÔÄ»ÔÄ»ÔÄ»ÔÄ»[16/142
]ÔÄ»[22m[39m

[41m[1m FAIL [22m[49m __tests__/components/InvoiceManager.test.tsx[2m > 
[22mInvoiceManager Component[2m > [22mBusiness Logic - Calculations[2m > 
[22mcalcule correctement la TVA ├á 20%
[31m[1mTestingLibraryElementError[22m[39m: Found multiple elements with 
the text: /120|100/

Here are the matching elements:

Ignored nodes: comments, script, style
[36m<h3[39m
  [33mclass[39m=[32m"text-2xl font-bold text-brand-900 dark:text-white 
font-display tracking-tight"[39m
[36m>[39m
  [0m120,00┬áÔé¼[0m
[36m</h3>[39m

Ignored nodes: comments, script, style
[36m<h3[39m
  [33mclass[39m=[32m"text-2xl font-bold text-amber-600 dark:text-amber-400 
font-display tracking-tight"[39m
[36m>[39m
  [0m120,00┬áÔé¼[0m
[36m</h3>[39m

Ignored nodes: comments, script, style
[36m<span[39m
  [33mclass[39m=[32m"text-brand-900 dark:text-white font-black 
text-base"[39m
[36m>[39m
  [0m120,00┬áÔé¼[0m
[36m</span>[39m

(If this is intentional, then use the `*AllBy*` variant of the query (like 
`queryAllByText`, `getAllByText`, or `findAllByText`)).

Ignored nodes: comments, script, style
[36m<body>[39m
  [36m<div>[39m
    [36m<div[39m
      [33mclass[39m=[32m"space-y-8 max-w-7xl mx-auto animate-fade-in 
relative pb-12"[39m
    [36m>[39m
      [36m<div[39m
        [33mclass[39m=[32m"flex flex-col lg:flex-row justify-between 
items-start lg:items-center gap-6"[39m
      [36m>[39m
        [36m<div>[39m
          [36m<h2[39m
            [33mclass[39m=[32m"text-3xl font-bold text-brand-900 
dark:text-white font-display tracking-tight"[39m
          [36m>[39m
            [0mDocuments Commerciaux[0m
          [36m</h2>[39m
          [36m<p[39m
            [33mclass[39m=[32m"text-brand-500 dark:text-brand-400 mt-1 
text-sm font-medium"[39m
          [36m>[39m
            [0mG├®rez vos factures, devis et commandes en un seul endroit.[0m
          [36m</p>[39m
        [36m</div>[39m
        [36m<div[39m
          [33mclass[39m=[32m"flex flex-wrap items-center gap-3"[39m
        [36m>[39m
          [36m<div[39m
            [33mclass[39m=[32m"bg-brand-100/50 dark:bg-brand-900/50 p-1 
rounded-2xl border border-brand-100 dark:border-brand-800 backdrop-blur-sm 
flex gap-1"[39m
          [36m>[39m
            [36m<button[39m
              [33mclass[39m=[32m"px-5 py-2.5 rounded-xl text-[10px] 
font-bold uppercase tracking-widest transition-all duration-300 flex 
items-center gap-2 bg-white dark:bg-brand-800 text-brand-900 
dark:text-brand-50 shadow-sm"[39m
            [36m>[39m
              [36m<span>[39m
                [0mFileTextIcon[0m
              [36m</span>[39m
              [0m Factures[0m
            [36m</button>[39m
            [36m<button[39m
              [33mclass[39m=[32m"px-5 py-2.5 rounded-xl text-[10px] 
font-bold uppercase tracking-widest transition-all duration-300 flex 
items-center gap-2 text-brand-400 dark:text-brand-500 hover:text-brand-600 
dark:hover:text-brand-300"[39m
            [36m>[39m
              [36m<span>[39m
                [0mFileCheckIcon[0m
              [36m</span>[39m
              [0m Devis[0m
            [36m</button>[39m
            [36m<button[39m
              [33mclass[39m=[32m"px-5 py-2.5 rounded-xl text-[10px] 
font-bold uppercase tracking-widest transition-all duration-300 flex 
items-center gap-2 text-brand-400 dark:text-brand-500 hover:text-brand-600 
dark:hover:text-brand-300"[39m
            [36m>[39m
              [36m<span>[39m
                [0mShoppingBagIcon[0m
              [36m</span>[39m
              [0m Commandes[0m
            [36m</button>[39m
            [36m<button[39m
              [33mclass[39m=[32m"px-5 py-2.5 rounded-xl text-[10px] 
font-bold uppercase tracking-widest transition-all duration-300 flex 
items-center gap-2 text-brand-400 dark:text-brand-500 hover:text-brand-600 
dark:hover:text-brand-300"[39m
            [36m>[39m
              [36m<span>[39m
                [0mReceiptIcon[0m
              [36m</span>[39m
              [0m Avoirs[0m
            [36m</button>[39m
          [36m</div>[39m
          [36m<div[39m
            [33mclass[39m=[32m"flex gap-2"[39m
          [36m>[39m
            [36m<button[39m
              [33mclass[39m=[32m"bg-white dark:bg-brand-900 text-brand-600 
dark:text-brand-300 border border-brand-100 dark:border-brand-800 px-5 py-2.5 
rounded-2xl flex items-center gap-2 transition-all text-[10px] font-bold 
uppercase tracking-widest shadow-sm hover:bg-brand-50 
dark:hover:bg-brand-800"[39m
              [33mtitle[39m=[32m"Exporter en CSV"[39m
            [36m>[39m
              [36m<span>[39m
                [0mDownloadIcon[0m
              [36m</span>[39m
              [36m<span[39m
                [33mclass[39m=[32m"hidden sm:inline"[39m
              [36m>[39m
                [0mExport[0m
              [36m</span>[39m
            [36m</button>[39m
            [36m<button[39m
              [33mclass[39m=[32m"bg-brand-900 dark:bg-white text-white 
dark:text-brand-900 px-6 py-2.5 rounded-2xl flex items-center gap-2 
transition-all shadow-lg shadow-brand-900/10 dark:shadow-white/5 text-[10px] 
font-bold uppercase tracking-widest hover:scale-[1.02] 
active:scale-[0.98]"[39m
              [33mtitle[39m=[32m"Cr├®er un nouveau document"[39m
            [36m>[39m
              [36m<span>[39m
                [0mPlusIcon[0m
              [36m</span>[39m
              [0mNouveau[0m
            [36m</button>[39m
          [36m</div>[39m
        [36m</div>[39m
      [36m</div>[39m
      [36m<div[39m
        [33mclass[39m=[32m"grid grid-cols-1 md:grid-cols-2 lg:grid-cols-4 
gap-6"[39m
      [36m>[39m
        [36m<div[39m
          [33mclass[39m=[32m"card-modern p-6 flex flex-col justify-between 
relative overflow-hidden group"[39m
        [36m>[39m
          [36m<div[39m
            [33mclass[39m=[32m"absolute -right-4 -top-4 p-8 opacity-[0.03] 
group-hover:opacity-[0.08] transition-opacity text-brand-900 
dark:text-brand-50"[39m
          [36m>[39m
            [36m<span>[39m
              [0mCalculatorIcon[0m
            [36m</span>[39m
          [36m</div>[39m
          [36m<div[39m
            [33mclass[39m=[32m"flex justify-between items-start mb-4"[39m
          [36m>[39m
            [36m<div[39m
              [33mclass[39m=[32m"p-2.5 bg-brand-50 dark:bg-brand-800 
text-brand-900 dark:text-brand-50 rounded-xl"[39m
            [36m>[39m
              [36m<span>[39m
                [0mCalculatorIcon[0m
              [36m</span>[39m
            [36m</div>[39m
            [36m<span[39m
              [33mclass[39m=[32m"badge bg-brand-50 dark:bg-brand-800 
text-brand-600 dark:text-brand-400"[39m
            [36m>[39m
              [0mTotal [0m
              [0mFacture[0m
              [0ms[0m
            [36m</span>[39m
          [36m</div>[39m
          [36m<div>[39m
            [36m<h3[39m
              [33mclass[39m=[32m"text-2xl font-bold text-brand-900 
dark:text-white font-display tracking-tight"[39m
            [36m>[39m
              [0m120,00┬áÔé¼[0m
            [36m</h3>[39m
            [36m<p[39m
              [33mclass[39m=[32m"text-xs text-brand-500 dark:text-brand-400 
mt-1 font-medium"[39m
            [36m>[39m
              [0m1[0m
              [0m documents au total[0m
            [36m</p>[39m
          [36m</div>[39m
        [36m</div>[39m
        [36m<div[39m
          [33mclass[39m=[32m"card-modern p-6 flex flex-col justify-between 
relative overflow-hidden group"[39m
        [36m>[39m
          [36m<div[39m
            [33mclass[39m=[32m"absolute -right-4 -top-4 p-8 opacity-[0.03] 
group-hover:opacity-[0.08] transition-opacity text-accent-600"[39m
          [36m>[39m
            [36m<span>[39m
              [0mFileCheckIcon[0m
            [36m</span>[39m
          [36m</div>[39m
          [36m<div[39m
            [33mclass[39m=[32m"flex justify-between ite...
[90m [2mÔØ»[22m Object.getElementError 
node_modules/@testing-library/dom/dist/config.js:[2m37:19[22m[39m
[90m [2mÔØ»[22m getElementError 
node_modules/@testing-library/dom/dist/query-helpers.js:[2m20:35[22m[39m
[90m [2mÔØ»[22m getMultipleElementsFoundError 
node_modules/@testing-library/dom/dist/query-helpers.js:[2m23:10[22m[39m
[90m [2mÔØ»[22m 
node_modules/@testing-library/dom/dist/query-helpers.js:[2m55:13[22m[39m
[90m [2mÔØ»[22m 
node_modules/@testing-library/dom/dist/query-helpers.js:[2m95:19[22m[39m
[36m [2mÔØ»[22m 
__tests__/components/InvoiceManager.test.tsx:[2m525:21[22m[39m
    [90m523| [39m
    [90m524| [39m      [90m// Total TTC doit ├¬tre 120[39m
    [90m525| [39m      [34mexpect[39m(screen[33m.[39m[34mqueryByText[39
m([36m/120|100/[39m))[33m.[39m[34mtoBeTruthy[39m()[33m;[39m
    [90m   | [39m                    [31m^[39m
    [90m526| [39m    })[33m;[39m
    [90m527| [39m

[31m[2mÔÄ»ÔÄ»ÔÄ»ÔÄ»ÔÄ»ÔÄ»ÔÄ»ÔÄ»ÔÄ»ÔÄ»ÔÄ»ÔÄ»ÔÄ»ÔÄ»ÔÄ»ÔÄ»ÔÄ»ÔÄ»ÔÄ»ÔÄ»ÔÄ»[17/142
]ÔÄ»[22m[39m

[41m[1m FAIL [22m[49m __tests__/components/InvoiceManager.test.tsx[2m > 
[22mInvoiceManager Component[2m > [22mBusiness Logic - Calculations[2m > 
[22mcalcule correctement avec TVA r├®duite 5.5%
[31m[1mTestingLibraryElementError[22m[39m: Found multiple elements with 
the text: /105|100/

Here are the matching elements:

Ignored nodes: comments, script, style
[36m<h3[39m
  [33mclass[39m=[32m"text-2xl font-bold text-brand-900 dark:text-white 
font-display tracking-tight"[39m
[36m>[39m
  [0m105,50┬áÔé¼[0m
[36m</h3>[39m

Ignored nodes: comments, script, style
[36m<h3[39m
  [33mclass[39m=[32m"text-2xl font-bold text-amber-600 dark:text-amber-400 
font-display tracking-tight"[39m
[36m>[39m
  [0m105,50┬áÔé¼[0m
[36m</h3>[39m

Ignored nodes: comments, script, style
[36m<span[39m
  [33mclass[39m=[32m"text-brand-900 dark:text-white font-black 
text-base"[39m
[36m>[39m
  [0m105,50┬áÔé¼[0m
[36m</span>[39m

(If this is intentional, then use the `*AllBy*` variant of the query (like 
`queryAllByText`, `getAllByText`, or `findAllByText`)).

Ignored nodes: comments, script, style
[36m<body>[39m
  [36m<div>[39m
    [36m<div[39m
      [33mclass[39m=[32m"space-y-8 max-w-7xl mx-auto animate-fade-in 
relative pb-12"[39m
    [36m>[39m
      [36m<div[39m
        [33mclass[39m=[32m"flex flex-col lg:flex-row justify-between 
items-start lg:items-center gap-6"[39m
      [36m>[39m
        [36m<div>[39m
          [36m<h2[39m
            [33mclass[39m=[32m"text-3xl font-bold text-brand-900 
dark:text-white font-display tracking-tight"[39m
          [36m>[39m
            [0mDocuments Commerciaux[0m
          [36m</h2>[39m
          [36m<p[39m
            [33mclass[39m=[32m"text-brand-500 dark:text-brand-400 mt-1 
text-sm font-medium"[39m
          [36m>[39m
            [0mG├®rez vos factures, devis et commandes en un seul endroit.[0m
          [36m</p>[39m
        [36m</div>[39m
        [36m<div[39m
          [33mclass[39m=[32m"flex flex-wrap items-center gap-3"[39m
        [36m>[39m
          [36m<div[39m
            [33mclass[39m=[32m"bg-brand-100/50 dark:bg-brand-900/50 p-1 
rounded-2xl border border-brand-100 dark:border-brand-800 backdrop-blur-sm 
flex gap-1"[39m
          [36m>[39m
            [36m<button[39m
              [33mclass[39m=[32m"px-5 py-2.5 rounded-xl text-[10px] 
font-bold uppercase tracking-widest transition-all duration-300 flex 
items-center gap-2 bg-white dark:bg-brand-800 text-brand-900 
dark:text-brand-50 shadow-sm"[39m
            [36m>[39m
              [36m<span>[39m
                [0mFileTextIcon[0m
              [36m</span>[39m
              [0m Factures[0m
            [36m</button>[39m
            [36m<button[39m
              [33mclass[39m=[32m"px-5 py-2.5 rounded-xl text-[10px] 
font-bold uppercase tracking-widest transition-all duration-300 flex 
items-center gap-2 text-brand-400 dark:text-brand-500 hover:text-brand-600 
dark:hover:text-brand-300"[39m
            [36m>[39m
              [36m<span>[39m
                [0mFileCheckIcon[0m
              [36m</span>[39m
              [0m Devis[0m
            [36m</button>[39m
            [36m<button[39m
              [33mclass[39m=[32m"px-5 py-2.5 rounded-xl text-[10px] 
font-bold uppercase tracking-widest transition-all duration-300 flex 
items-center gap-2 text-brand-400 dark:text-brand-500 hover:text-brand-600 
dark:hover:text-brand-300"[39m
            [36m>[39m
              [36m<span>[39m
                [0mShoppingBagIcon[0m
              [36m</span>[39m
              [0m Commandes[0m
            [36m</button>[39m
            [36m<button[39m
              [33mclass[39m=[32m"px-5 py-2.5 rounded-xl text-[10px] 
font-bold uppercase tracking-widest transition-all duration-300 flex 
items-center gap-2 text-brand-400 dark:text-brand-500 hover:text-brand-600 
dark:hover:text-brand-300"[39m
            [36m>[39m
              [36m<span>[39m
                [0mReceiptIcon[0m
              [36m</span>[39m
              [0m Avoirs[0m
            [36m</button>[39m
          [36m</div>[39m
          [36m<div[39m
            [33mclass[39m=[32m"flex gap-2"[39m
          [36m>[39m
            [36m<button[39m
              [33mclass[39m=[32m"bg-white dark:bg-brand-900 text-brand-600 
dark:text-brand-300 border border-brand-100 dark:border-brand-800 px-5 py-2.5 
rounded-2xl flex items-center gap-2 transition-all text-[10px] font-bold 
uppercase tracking-widest shadow-sm hover:bg-brand-50 
dark:hover:bg-brand-800"[39m
              [33mtitle[39m=[32m"Exporter en CSV"[39m
            [36m>[39m
              [36m<span>[39m
                [0mDownloadIcon[0m
              [36m</span>[39m
              [36m<span[39m
                [33mclass[39m=[32m"hidden sm:inline"[39m
              [36m>[39m
                [0mExport[0m
              [36m</span>[39m
            [36m</button>[39m
            [36m<button[39m
              [33mclass[39m=[32m"bg-brand-900 dark:bg-white text-white 
dark:text-brand-900 px-6 py-2.5 rounded-2xl flex items-center gap-2 
transition-all shadow-lg shadow-brand-900/10 dark:shadow-white/5 text-[10px] 
font-bold uppercase tracking-widest hover:scale-[1.02] 
active:scale-[0.98]"[39m
              [33mtitle[39m=[32m"Cr├®er un nouveau document"[39m
            [36m>[39m
              [36m<span>[39m
                [0mPlusIcon[0m
              [36m</span>[39m
              [0mNouveau[0m
            [36m</button>[39m
          [36m</div>[39m
        [36m</div>[39m
      [36m</div>[39m
      [36m<div[39m
        [33mclass[39m=[32m"grid grid-cols-1 md:grid-cols-2 lg:grid-cols-4 
gap-6"[39m
      [36m>[39m
        [36m<div[39m
          [33mclass[39m=[32m"card-modern p-6 flex flex-col justify-between 
relative overflow-hidden group"[39m
        [36m>[39m
          [36m<div[39m
            [33mclass[39m=[32m"absolute -right-4 -top-4 p-8 opacity-[0.03] 
group-hover:opacity-[0.08] transition-opacity text-brand-900 
dark:text-brand-50"[39m
          [36m>[39m
            [36m<span>[39m
              [0mCalculatorIcon[0m
            [36m</span>[39m
          [36m</div>[39m
          [36m<div[39m
            [33mclass[39m=[32m"flex justify-between items-start mb-4"[39m
          [36m>[39m
            [36m<div[39m
              [33mclass[39m=[32m"p-2.5 bg-brand-50 dark:bg-brand-800 
text-brand-900 dark:text-brand-50 rounded-xl"[39m
            [36m>[39m
              [36m<span>[39m
                [0mCalculatorIcon[0m
              [36m</span>[39m
            [36m</div>[39m
            [36m<span[39m
              [33mclass[39m=[32m"badge bg-brand-50 dark:bg-brand-800 
text-brand-600 dark:text-brand-400"[39m
            [36m>[39m
              [0mTotal [0m
              [0mFacture[0m
              [0ms[0m
            [36m</span>[39m
          [36m</div>[39m
          [36m<div>[39m
            [36m<h3[39m
              [33mclass[39m=[32m"text-2xl font-bold text-brand-900 
dark:text-white font-display tracking-tight"[39m
            [36m>[39m
              [0m105,50┬áÔé¼[0m
            [36m</h3>[39m
            [36m<p[39m
              [33mclass[39m=[32m"text-xs text-brand-500 dark:text-brand-400 
mt-1 font-medium"[39m
            [36m>[39m
              [0m1[0m
              [0m documents au total[0m
            [36m</p>[39m
          [36m</div>[39m
        [36m</div>[39m
        [36m<div[39m
          [33mclass[39m=[32m"card-modern p-6 flex flex-col justify-between 
relative overflow-hidden group"[39m
        [36m>[39m
          [36m<div[39m
            [33mclass[39m=[32m"absolute -right-4 -top-4 p-8 opacity-[0.03] 
group-hover:opacity-[0.08] transition-opacity text-accent-600"[39m
          [36m>[39m
            [36m<span>[39m
              [0mFileCheckIcon[0m
            [36m</span>[39m
          [36m</div>[39m
          [36m<div[39m
            [33mclass[39m=[32m"flex justify-between ite...
[90m [2mÔØ»[22m Object.getElementError 
node_modules/@testing-library/dom/dist/config.js:[2m37:19[22m[39m
[90m [2mÔØ»[22m getElementError 
node_modules/@testing-library/dom/dist/query-helpers.js:[2m20:35[22m[39m
[90m [2mÔØ»[22m getMultipleElementsFoundError 
node_modules/@testing-library/dom/dist/query-helpers.js:[2m23:10[22m[39m
[90m [2mÔØ»[22m 
node_modules/@testing-library/dom/dist/query-helpers.js:[2m55:13[22m[39m
[90m [2mÔØ»[22m 
node_modules/@testing-library/dom/dist/query-helpers.js:[2m95:19[22m[39m
[36m [2mÔØ»[22m 
__tests__/components/InvoiceManager.test.tsx:[2m555:21[22m[39m
    [90m553| [39m      )[33m;[39m
    [90m554| [39m
    [90m555| [39m      [34mexpect[39m(screen[33m.[39m[34mqueryByText[39
m([36m/105|100/[39m))[33m.[39m[34mtoBeTruthy[39m()[33m;[39m
    [90m   | [39m                    [31m^[39m
    [90m556| [39m    })[33m;[39m
    [90m557| [39m

[31m[2mÔÄ»ÔÄ»ÔÄ»ÔÄ»ÔÄ»ÔÄ»ÔÄ»ÔÄ»ÔÄ»ÔÄ»ÔÄ»ÔÄ»ÔÄ»ÔÄ»ÔÄ»ÔÄ»ÔÄ»ÔÄ»ÔÄ»ÔÄ»ÔÄ»[18/142
]ÔÄ»[22m[39m

[41m[1m FAIL [22m[49m __tests__/components/InvoiceManager.test.tsx[2m > 
[22mInvoiceManager Component[2m > [22mBusiness Logic - Calculations[2m > 
[22mcalcule correctement avec plusieurs items et TVA mixtes
[31m[1mAssertionError[22m: expected null to be truthy[39m

[32m- Expected:[39m 
true

[31m+ Received:[39m 
null

[36m [2mÔØ»[22m 
__tests__/components/InvoiceManager.test.tsx:[2m599:47[22m[39m
    [90m597| [39m      )[33m;[39m
    [90m598| [39m
    [90m599| [39m      [34mexpect[39m(screen[33m.[39m[34mqueryByText[39
m([36m/1777|1700/[39m))[33m.[39m[34mtoBeTruthy[39m()[33m;[39m
    [90m   | [39m                                              [31m^[39m
    [90m600| [39m    })[33m;[39m
    [90m601| [39m

[31m[2mÔÄ»ÔÄ»ÔÄ»ÔÄ»ÔÄ»ÔÄ»ÔÄ»ÔÄ»ÔÄ»ÔÄ»ÔÄ»ÔÄ»ÔÄ»ÔÄ»ÔÄ»ÔÄ»ÔÄ»ÔÄ»ÔÄ»ÔÄ»ÔÄ»[19/142
]ÔÄ»[22m[39m

[41m[1m FAIL [22m[49m __tests__/components/InvoiceManager.test.tsx[2m > 
[22mInvoiceManager Component[2m > [22mBusiness Logic - Calculations[2m > 
[22mapplique correctement une remise en pourcentage
[31m[1mAssertionError[22m: expected null to be truthy[39m

[32m- Expected:[39m 
true

[31m+ Received:[39m 
null

[36m [2mÔØ»[22m 
__tests__/components/InvoiceManager.test.tsx:[2m633:47[22m[39m
    [90m631| [39m      )[33m;[39m
    [90m632| [39m
    [90m633| [39m      [34mexpect[39m(screen[33m.[39m[34mqueryByText[39
m([36m/1080|1100/[39m))[33m.[39m[34mtoBeTruthy[39m()[33m;[39m
    [90m   | [39m                                              [31m^[39m
    [90m634| [39m    })[33m;[39m
    [90m635| [39m

[31m[2mÔÄ»ÔÄ»ÔÄ»ÔÄ»ÔÄ»ÔÄ»ÔÄ»ÔÄ»ÔÄ»ÔÄ»ÔÄ»ÔÄ»ÔÄ»ÔÄ»ÔÄ»ÔÄ»ÔÄ»ÔÄ»ÔÄ»ÔÄ»ÔÄ»[20/142
]ÔÄ»[22m[39m

[41m[1m FAIL [22m[49m __tests__/components/InvoiceManager.test.tsx[2m > 
[22mInvoiceManager Component[2m > [22mBusiness Logic - Calculations[2m > 
[22majoute correctement les frais de port (shipping)
[31m[1mAssertionError[22m: expected null to be truthy[39m

[32m- Expected:[39m 
true

[31m+ Received:[39m 
null

[36m [2mÔØ»[22m 
__tests__/components/InvoiceManager.test.tsx:[2m665:47[22m[39m
    [90m663| [39m      )[33m;[39m
    [90m664| [39m
    [90m665| [39m      [34mexpect[39m(screen[33m.[39m[34mqueryByText[39
m([36m/1218|1215/[39m))[33m.[39m[34mtoBeTruthy[39m()[33m;[39m
    [90m   | [39m                                              [31m^[39m
    [90m666| [39m    })[33m;[39m
    [90m667| [39m

[31m[2mÔÄ»ÔÄ»ÔÄ»ÔÄ»ÔÄ»ÔÄ»ÔÄ»ÔÄ»ÔÄ»ÔÄ»ÔÄ»ÔÄ»ÔÄ»ÔÄ»ÔÄ»ÔÄ»ÔÄ»ÔÄ»ÔÄ»ÔÄ»ÔÄ»[21/142
]ÔÄ»[22m[39m

[41m[1m FAIL [22m[49m __tests__/components/InvoiceManager.test.tsx[2m > 
[22mInvoiceManager Component[2m > [22mBusiness Logic - Calculations[2m > 
[22mg├¿re les acomptes/d├®p├┤ts correctement
[31m[1mAssertionError[22m: expected null to be truthy[39m

[32m- Expected:[39m 
true

[31m+ Received:[39m 
null

[36m [2mÔØ»[22m 
__tests__/components/InvoiceManager.test.tsx:[2m698:46[22m[39m
    [90m696| [39m
    [90m697| [39m      [90m// Le total doit ├¬tre affich├® m├¬me avec 
acompte[39m
    [90m698| [39m      [34mexpect[39m(screen[33m.[39m[34mqueryByText[39
m([36m/1200|900/[39m))[33m.[39m[34mtoBeTruthy[39m()[33m;[39m
    [90m   | [39m                                             [31m^[39m
    [90m699| [39m    })[33m;[39m
    [90m700| [39m

[31m[2mÔÄ»ÔÄ»ÔÄ»ÔÄ»ÔÄ»ÔÄ»ÔÄ»ÔÄ»ÔÄ»ÔÄ»ÔÄ»ÔÄ»ÔÄ»ÔÄ»ÔÄ»ÔÄ»ÔÄ»ÔÄ»ÔÄ»ÔÄ»ÔÄ»[22/142
]ÔÄ»[22m[39m

[41m[1m FAIL [22m[49m __tests__/components/InvoiceManager.test.tsx[2m > 
[22mInvoiceManager Component[2m > [22mBusiness Logic - Calculations[2m > 
[22mexon├¿re correctement la TVA si taxExempt = true
[31m[1mAssertionError[22m: expected null to be truthy[39m

[32m- Expected:[39m 
true

[31m+ Received:[39m 
null

[36m [2mÔØ»[22m 
__tests__/components/InvoiceManager.test.tsx:[2m731:42[22m[39m
    [90m729| [39m
    [90m730| [39m      [90m// Total HT sans TVA[39m
    [90m731| [39m      [34mexpect[39m(screen[33m.[39m[34mqueryByText[39
m([36m/1000/[39m))[33m.[39m[34mtoBeTruthy[39m()[33m;[39m
    [90m   | [39m                                         [31m^[39m
    [90m732| [39m    })[33m;[39m
    [90m733| [39m

[31m[2mÔÄ»ÔÄ»ÔÄ»ÔÄ»ÔÄ»ÔÄ»ÔÄ»ÔÄ»ÔÄ»ÔÄ»ÔÄ»ÔÄ»ÔÄ»ÔÄ»ÔÄ»ÔÄ»ÔÄ»ÔÄ»ÔÄ»ÔÄ»ÔÄ»[23/142
]ÔÄ»[22m[39m

[41m[1m FAIL [22m[49m __tests__/components/InvoiceManager.test.tsx[2m > 
[22mInvoiceManager Component[2m > [22mBusiness Logic - Calculations[2m > 
[22mg├¿re les d├®cimales correctement (precision Decimal.js)
[31m[1mTestingLibraryElementError[22m[39m: Found multiple elements with 
the text: /99.99|99,99/

Here are the matching elements:

Ignored nodes: comments, script, style
[36m<h3[39m
  [33mclass[39m=[32m"text-2xl font-bold text-brand-900 dark:text-white 
font-display tracking-tight"[39m
[36m>[39m
  [0m99,99┬áÔé¼[0m
[36m</h3>[39m

Ignored nodes: comments, script, style
[36m<h3[39m
  [33mclass[39m=[32m"text-2xl font-bold text-amber-600 dark:text-amber-400 
font-display tracking-tight"[39m
[36m>[39m
  [0m99,99┬áÔé¼[0m
[36m</h3>[39m

Ignored nodes: comments, script, style
[36m<span[39m
  [33mclass[39m=[32m"text-brand-900 dark:text-white font-black 
text-base"[39m
[36m>[39m
  [0m99,99┬áÔé¼[0m
[36m</span>[39m

(If this is intentional, then use the `*AllBy*` variant of the query (like 
`queryAllByText`, `getAllByText`, or `findAllByText`)).

Ignored nodes: comments, script, style
[36m<body>[39m
  [36m<div>[39m
    [36m<div[39m
      [33mclass[39m=[32m"space-y-8 max-w-7xl mx-auto animate-fade-in 
relative pb-12"[39m
    [36m>[39m
      [36m<div[39m
        [33mclass[39m=[32m"flex flex-col lg:flex-row justify-between 
items-start lg:items-center gap-6"[39m
      [36m>[39m
        [36m<div>[39m
          [36m<h2[39m
            [33mclass[39m=[32m"text-3xl font-bold text-brand-900 
dark:text-white font-display tracking-tight"[39m
          [36m>[39m
            [0mDocuments Commerciaux[0m
          [36m</h2>[39m
          [36m<p[39m
            [33mclass[39m=[32m"text-brand-500 dark:text-brand-400 mt-1 
text-sm font-medium"[39m
          [36m>[39m
            [0mG├®rez vos factures, devis et commandes en un seul endroit.[0m
          [36m</p>[39m
        [36m</div>[39m
        [36m<div[39m
          [33mclass[39m=[32m"flex flex-wrap items-center gap-3"[39m
        [36m>[39m
          [36m<div[39m
            [33mclass[39m=[32m"bg-brand-100/50 dark:bg-brand-900/50 p-1 
rounded-2xl border border-brand-100 dark:border-brand-800 backdrop-blur-sm 
flex gap-1"[39m
          [36m>[39m
            [36m<button[39m
              [33mclass[39m=[32m"px-5 py-2.5 rounded-xl text-[10px] 
font-bold uppercase tracking-widest transition-all duration-300 flex 
items-center gap-2 bg-white dark:bg-brand-800 text-brand-900 
dark:text-brand-50 shadow-sm"[39m
            [36m>[39m
              [36m<span>[39m
                [0mFileTextIcon[0m
              [36m</span>[39m
              [0m Factures[0m
            [36m</button>[39m
            [36m<button[39m
              [33mclass[39m=[32m"px-5 py-2.5 rounded-xl text-[10px] 
font-bold uppercase tracking-widest transition-all duration-300 flex 
items-center gap-2 text-brand-400 dark:text-brand-500 hover:text-brand-600 
dark:hover:text-brand-300"[39m
            [36m>[39m
              [36m<span>[39m
                [0mFileCheckIcon[0m
              [36m</span>[39m
              [0m Devis[0m
            [36m</button>[39m
            [36m<button[39m
              [33mclass[39m=[32m"px-5 py-2.5 rounded-xl text-[10px] 
font-bold uppercase tracking-widest transition-all duration-300 flex 
items-center gap-2 text-brand-400 dark:text-brand-500 hover:text-brand-600 
dark:hover:text-brand-300"[39m
            [36m>[39m
              [36m<span>[39m
                [0mShoppingBagIcon[0m
              [36m</span>[39m
              [0m Commandes[0m
            [36m</button>[39m
            [36m<button[39m
              [33mclass[39m=[32m"px-5 py-2.5 rounded-xl text-[10px] 
font-bold uppercase tracking-widest transition-all duration-300 flex 
items-center gap-2 text-brand-400 dark:text-brand-500 hover:text-brand-600 
dark:hover:text-brand-300"[39m
            [36m>[39m
              [36m<span>[39m
                [0mReceiptIcon[0m
              [36m</span>[39m
              [0m Avoirs[0m
            [36m</button>[39m
          [36m</div>[39m
          [36m<div[39m
            [33mclass[39m=[32m"flex gap-2"[39m
          [36m>[39m
            [36m<button[39m
              [33mclass[39m=[32m"bg-white dark:bg-brand-900 text-brand-600 
dark:text-brand-300 border border-brand-100 dark:border-brand-800 px-5 py-2.5 
rounded-2xl flex items-center gap-2 transition-all text-[10px] font-bold 
uppercase tracking-widest shadow-sm hover:bg-brand-50 
dark:hover:bg-brand-800"[39m
              [33mtitle[39m=[32m"Exporter en CSV"[39m
            [36m>[39m
              [36m<span>[39m
                [0mDownloadIcon[0m
              [36m</span>[39m
              [36m<span[39m
                [33mclass[39m=[32m"hidden sm:inline"[39m
              [36m>[39m
                [0mExport[0m
              [36m</span>[39m
            [36m</button>[39m
            [36m<button[39m
              [33mclass[39m=[32m"bg-brand-900 dark:bg-white text-white 
dark:text-brand-900 px-6 py-2.5 rounded-2xl flex items-center gap-2 
transition-all shadow-lg shadow-brand-900/10 dark:shadow-white/5 text-[10px] 
font-bold uppercase tracking-widest hover:scale-[1.02] 
active:scale-[0.98]"[39m
              [33mtitle[39m=[32m"Cr├®er un nouveau document"[39m
            [36m>[39m
              [36m<span>[39m
                [0mPlusIcon[0m
              [36m</span>[39m
              [0mNouveau[0m
            [36m</button>[39m
          [36m</div>[39m
        [36m</div>[39m
      [36m</div>[39m
      [36m<div[39m
        [33mclass[39m=[32m"grid grid-cols-1 md:grid-cols-2 lg:grid-cols-4 
gap-6"[39m
      [36m>[39m
        [36m<div[39m
          [33mclass[39m=[32m"card-modern p-6 flex flex-col justify-between 
relative overflow-hidden group"[39m
        [36m>[39m
          [36m<div[39m
            [33mclass[39m=[32m"absolute -right-4 -top-4 p-8 opacity-[0.03] 
group-hover:opacity-[0.08] transition-opacity text-brand-900 
dark:text-brand-50"[39m
          [36m>[39m
            [36m<span>[39m
              [0mCalculatorIcon[0m
            [36m</span>[39m
          [36m</div>[39m
          [36m<div[39m
            [33mclass[39m=[32m"flex justify-between items-start mb-4"[39m
          [36m>[39m
            [36m<div[39m
              [33mclass[39m=[32m"p-2.5 bg-brand-50 dark:bg-brand-800 
text-brand-900 dark:text-brand-50 rounded-xl"[39m
            [36m>[39m
              [36m<span>[39m
                [0mCalculatorIcon[0m
              [36m</span>[39m
            [36m</div>[39m
            [36m<span[39m
              [33mclass[39m=[32m"badge bg-brand-50 dark:bg-brand-800 
text-brand-600 dark:text-brand-400"[39m
            [36m>[39m
              [0mTotal [0m
              [0mFacture[0m
              [0ms[0m
            [36m</span>[39m
          [36m</div>[39m
          [36m<div>[39m
            [36m<h3[39m
              [33mclass[39m=[32m"text-2xl font-bold text-brand-900 
dark:text-white font-display tracking-tight"[39m
            [36m>[39m
              [0m99,99┬áÔé¼[0m
            [36m</h3>[39m
            [36m<p[39m
              [33mclass[39m=[32m"text-xs text-brand-500 dark:text-brand-400 
mt-1 font-medium"[39m
            [36m>[39m
              [0m1[0m
              [0m documents au total[0m
            [36m</p>[39m
          [36m</div>[39m
        [36m</div>[39m
        [36m<div[39m
          [33mclass[39m=[32m"card-modern p-6 flex flex-col justify-between 
relative overflow-hidden group"[39m
        [36m>[39m
          [36m<div[39m
            [33mclass[39m=[32m"absolute -right-4 -top-4 p-8 opacity-[0.03] 
group-hover:opacity-[0.08] transition-opacity text-accent-600"[39m
          [36m>[39m
            [36m<span>[39m
              [0mFileCheckIcon[0m
            [36m</span>[39m
          [36m</div>[39m
          [36m<div[39m
            [33mclass[39m=[32m"flex justify-between item...
[90m [2mÔØ»[22m Object.getElementError 
node_modules/@testing-library/dom/dist/config.js:[2m37:19[22m[39m
[90m [2mÔØ»[22m getElementError 
node_modules/@testing-library/dom/dist/query-helpers.js:[2m20:35[22m[39m
[90m [2mÔØ»[22m getMultipleElementsFoundError 
node_modules/@testing-library/dom/dist/query-helpers.js:[2m23:10[22m[39m
[90m [2mÔØ»[22m 
node_modules/@testing-library/dom/dist/query-helpers.js:[2m55:13[22m[39m
[90m [2mÔØ»[22m 
node_modules/@testing-library/dom/dist/query-helpers.js:[2m95:19[22m[39m
[36m [2mÔØ»[22m 
__tests__/components/InvoiceManager.test.tsx:[2m762:21[22m[39m
    [90m760| [39m      )[33m;[39m
    [90m761| [39m
    [90m762| [39m      [34mexpect[39m(screen[33m.[39m[34mqueryByText[39
m([36m/99.99|99,99/[39m))[33m.[39m[34mtoBeTruthy[39m()[33m;[39m
    [90m   | [39m                    [31m^[39m
    [90m763| [39m    })[33m;[39m
    [90m764| [39m

[31m[2mÔÄ»ÔÄ»ÔÄ»ÔÄ»ÔÄ»ÔÄ»ÔÄ»ÔÄ»ÔÄ»ÔÄ»ÔÄ»ÔÄ»ÔÄ»ÔÄ»ÔÄ»ÔÄ»ÔÄ»ÔÄ»ÔÄ»ÔÄ»ÔÄ»[24/142
]ÔÄ»[22m[39m

[41m[1m FAIL [22m[49m __tests__/components/InvoiceManager.test.tsx[2m > 
[22mInvoiceManager Component[2m > [22mBusiness Logic - Calculations[2m > 
[22mcomposition de calculs complexes: remise + port + TVA
[31m[1mAssertionError[22m: expected null to be truthy[39m

[32m- Expected:[39m 
true

[31m+ Received:[39m 
null

[36m [2mÔØ»[22m 
__tests__/components/InvoiceManager.test.tsx:[2m801:47[22m[39m
    [90m799| [39m      )[33m;[39m
    [90m800| [39m
    [90m801| [39m      [34mexpect[39m(screen[33m.[39m[34mqueryByText[39
m([36m/1140|1100/[39m))[33m.[39m[34mtoBeTruthy[39m()[33m;[39m
    [90m   | [39m                                              [31m^[39m
    [90m802| [39m    })[33m;[39m
    [90m803| [39m  })[33m;[39m

[31m[2mÔÄ»ÔÄ»ÔÄ»ÔÄ»ÔÄ»ÔÄ»ÔÄ»ÔÄ»ÔÄ»ÔÄ»ÔÄ»ÔÄ»ÔÄ»ÔÄ»ÔÄ»ÔÄ»ÔÄ»ÔÄ»ÔÄ»ÔÄ»ÔÄ»[25/142
]ÔÄ»[22m[39m

[41m[1m FAIL [22m[49m __tests__/components/InvoiceManager.test.tsx[2m > 
[22mInvoiceManager Component[2m > [22mBusiness Rules & Validation[2m > 
[22memp├¬che la cr├®ation avec un client non s├®lectionn├®
[31m[1mTestingLibraryElementError[22m[39m: Found multiple elements with 
the text: /client|required|mandatory/i

Here are the matching elements:

Ignored nodes: comments, script, style
[36m<label[39m
  [33mclass[39m=[32m"text-[10px] font-bold text-brand-400 
dark:text-brand-500 uppercase tracking-widest"[39m
  [33mfor[39m=[32m"filter-client-select"[39m
[36m>[39m
  [0mClient[0m
[36m</label>[39m

Ignored nodes: comments, script, style
[36m<option[39m
  [33mvalue[39m=[32m""[39m
[36m>[39m
  [0mTous les clients[0m
[36m</option>[39m

Ignored nodes: comments, script, style
[36m<option[39m
  [33mvalue[39m=[32m"cli-1"[39m
[36m>[39m
  [0mClient A[0m
[36m</option>[39m

Ignored nodes: comments, script, style
[36m<option[39m
  [33mvalue[39m=[32m"cli-2"[39m
[36m>[39m
  [0mClient B[0m
[36m</option>[39m

Ignored nodes: comments, script, style
[36m<option[39m
  [33mvalue[39m=[32m"Accept├®e par client"[39m
[36m>[39m
  [0mAccept├®e par client[0m
[36m</option>[39m

Ignored nodes: comments, script, style
[36m<div[39m
  [33mclass[39m=[32m"flex items-center gap-2"[39m
[36m>[39m
  [0mClient [0m
[36m</div>[39m

Ignored nodes: comments, script, style
[36m<span[39m
  [33mclass[39m=[32m"text-brand-900 dark:text-white font-bold block"[39m
[36m>[39m
  [0mClient Inconnu[0m
[36m</span>[39m

Ignored nodes: comments, script, style
[36m<span[39m
  [33mclass[39m=[32m"text-[10px] text-brand-400 dark:text-brand-500 
uppercase font-bold tracking-widest"[39m
[36m>[39m
  [0mClient ID: [0m
[36m</span>[39m

(If this is intentional, then use the `*AllBy*` variant of the query (like 
`queryAllByText`, `getAllByText`, or `findAllByText`)).

Ignored nodes: comments, script, style
[36m<body>[39m
  [36m<div>[39m
    [36m<div[39m
      [33mclass[39m=[32m"space-y-8 max-w-7xl mx-auto animate-fade-in 
relative pb-12"[39m
    [36m>[39m
      [36m<div[39m
        [33mclass[39m=[32m"flex flex-col lg:flex-row justify-between 
items-start lg:items-center gap-6"[39m
      [36m>[39m
        [36m<div>[39m
          [36m<h2[39m
            [33mclass[39m=[32m"text-3xl font-bold text-brand-900 
dark:text-white font-display tracking-tight"[39m
          [36m>[39m
            [0mDocuments Commerciaux[0m
          [36m</h2>[39m
          [36m<p[39m
            [33mclass[39m=[32m"text-brand-500 dark:text-brand-400 mt-1 
text-sm font-medium"[39m
          [36m>[39m
            [0mG├®rez vos factures, devis et commandes en un seul endroit.[0m
          [36m</p>[39m
        [36m</div>[39m
        [36m<div[39m
          [33mclass[39m=[32m"flex flex-wrap items-center gap-3"[39m
        [36m>[39m
          [36m<div[39m
            [33mclass[39m=[32m"bg-brand-100/50 dark:bg-brand-900/50 p-1 
rounded-2xl border border-brand-100 dark:border-brand-800 backdrop-blur-sm 
flex gap-1"[39m
          [36m>[39m
            [36m<button[39m
              [33mclass[39m=[32m"px-5 py-2.5 rounded-xl text-[10px] 
font-bold uppercase tracking-widest transition-all duration-300 flex 
items-center gap-2 bg-white dark:bg-brand-800 text-brand-900 
dark:text-brand-50 shadow-sm"[39m
            [36m>[39m
              [36m<span>[39m
                [0mFileTextIcon[0m
              [36m</span>[39m
              [0m Factures[0m
            [36m</button>[39m
            [36m<button[39m
              [33mclass[39m=[32m"px-5 py-2.5 rounded-xl text-[10px] 
font-bold uppercase tracking-widest transition-all duration-300 flex 
items-center gap-2 text-brand-400 dark:text-brand-500 hover:text-brand-600 
dark:hover:text-brand-300"[39m
            [36m>[39m
              [36m<span>[39m
                [0mFileCheckIcon[0m
              [36m</span>[39m
              [0m Devis[0m
            [36m</button>[39m
            [36m<button[39m
              [33mclass[39m=[32m"px-5 py-2.5 rounded-xl text-[10px] 
font-bold uppercase tracking-widest transition-all duration-300 flex 
items-center gap-2 text-brand-400 dark:text-brand-500 hover:text-brand-600 
dark:hover:text-brand-300"[39m
            [36m>[39m
              [36m<span>[39m
                [0mShoppingBagIcon[0m
              [36m</span>[39m
              [0m Commandes[0m
            [36m</button>[39m
            [36m<button[39m
              [33mclass[39m=[32m"px-5 py-2.5 rounded-xl text-[10px] 
font-bold uppercase tracking-widest transition-all duration-300 flex 
items-center gap-2 text-brand-400 dark:text-brand-500 hover:text-brand-600 
dark:hover:text-brand-300"[39m
            [36m>[39m
              [36m<span>[39m
                [0mReceiptIcon[0m
              [36m</span>[39m
              [0m Avoirs[0m
            [36m</button>[39m
          [36m</div>[39m
          [36m<div[39m
            [33mclass[39m=[32m"flex gap-2"[39m
          [36m>[39m
            [36m<button[39m
              [33mclass[39m=[32m"bg-white dark:bg-brand-900 text-brand-600 
dark:text-brand-300 border border-brand-100 dark:border-brand-800 px-5 py-2.5 
rounded-2xl flex items-center gap-2 transition-all text-[10px] font-bold 
uppercase tracking-widest shadow-sm hover:bg-brand-50 
dark:hover:bg-brand-800"[39m
              [33mtitle[39m=[32m"Exporter en CSV"[39m
            [36m>[39m
              [36m<span>[39m
                [0mDownloadIcon[0m
              [36m</span>[39m
              [36m<span[39m
                [33mclass[39m=[32m"hidden sm:inline"[39m
              [36m>[39m
                [0mExport[0m
              [36m</span>[39m
            [36m</button>[39m
            [36m<button[39m
              [33mclass[39m=[32m"bg-brand-900 dark:bg-white text-white 
dark:text-brand-900 px-6 py-2.5 rounded-2xl flex items-center gap-2 
transition-all shadow-lg shadow-brand-900/10 dark:shadow-white/5 text-[10px] 
font-bold uppercase tracking-widest hover:scale-[1.02] 
active:scale-[0.98]"[39m
              [33mtitle[39m=[32m"Cr├®er un nouveau document"[39m
            [36m>[39m
              [36m<span>[39m
                [0mPlusIcon[0m
              [36m</span>[39m
              [0mNouveau[0m
            [36m</button>[39m
          [36m</div>[39m
        [36m</div>[39m
      [36m</div>[39m
      [36m<div[39m
        [33mclass[39m=[32m"grid grid-cols-1 md:grid-cols-2 lg:grid-cols-4 
gap-6"[39m
      [36m>[39m
        [36m<div[39m
          [33mclass[39m=[32m"card-modern p-6 flex flex-col justify-between 
relative overflow-hidden group"[39m
        [36m>[39m
          [36m<div[39m
            [33mclass[39m=[32m"absolute -right-4 -top-4 p-8 opacity-[0.03] 
group-hover:opacity-[0.08] transition-opacity text-brand-900 
dark:text-brand-50"[39m
          [36m>[39m
            [36m<span>[39m
              [0mCalculatorIcon[0m
            [36m</span>[39m
          [36m</div>[39m
          [36m<div[39m
            [33mclass[39m=[32m"flex justify-between items-start mb-4"[39m
          [36m>[39m
            [36m<div[39m
              [33mclass[39m=[32m"p-2.5 bg-brand-50 dark:bg-brand-800 
text-brand-900 dark:text-brand-50 rounded-xl"[39m
            [36m>[39m
              [36m<span>[39m
                [0mCalculatorIcon[0m
              [36m</span>[39m
            [36m</div>[39m
            [36m<span[39m
              [33mclass[39m=[32m"badge bg-brand-50 dark:bg-brand-800 
text-brand-600 dark:text-brand-400"[39m
            [36m>[39m
              [0mTotal [0m
              [0mFacture[0m
              [0ms[0m
            [36m</span>[39m
          [36m</div>[39m
          [36m<div>[39m
            [36m<h3[39m
              [33mclass[39m=[32m"text-2xl font-bold text-brand-900 
dark:text-white font-display tracking-tight"[39m
            [36m>[39m
              [0m1ÔÇ»000,00┬áÔé¼[0m
            [36m</h3>[39m
            [36m<p[39m
              [33mclass[39m=[32m"text-xs text-brand-500 dark:text-brand-400 
mt-1 font-medium"[39m
            [36m>[39m
              [0m1[0m
              [0m documents au total[0m
            [36m</p>[39m
          [36m</div>[39m
        [36m</div>[39m
        [36m<div[39m
          [33mclass[39m=[32m"card-modern p-6 flex flex-col justify-between 
relative overflow-hidden group"[39m
        [36m>[39m
          [36m<div[39m
            [33mclass[39m=[32m"absolute -right-4 -top-4 p-8 opacity-[0.03] 
group-hover:opacity-[0.08] transition-opacity text-accent-600"[39m
          [36m>[39m
            [36m<span>[39m
              [0mFileCheckIcon[0m
            [36m</span>[39m
          [36m</div>[39m
          [36m<div[39m
            [33mclass[39m=[32m"flex justify-between i...
[90m [2mÔØ»[22m Object.getElementError 
node_modules/@testing-library/dom/dist/config.js:[2m37:19[22m[39m
[90m [2mÔØ»[22m getElementError 
node_modules/@testing-library/dom/dist/query-helpers.js:[2m20:35[22m[39m
[90m [2mÔØ»[22m getMultipleElementsFoundError 
node_modules/@testing-library/dom/dist/query-helpers.js:[2m23:10[22m[39m
[90m [2mÔØ»[22m 
node_modules/@testing-library/dom/dist/query-helpers.js:[2m55:13[22m[39m
[90m [2mÔØ»[22m 
node_modules/@testing-library/dom/dist/query-helpers.js:[2m95:19[22m[39m
[36m [2mÔØ»[22m 
__tests__/components/InvoiceManager.test.tsx:[2m829:21[22m[39m
    [90m827| [39m      )[33m;[39m
    [90m828| [39m
    [90m829| [39m      
expect(screen.queryByText(/client|required|mandatory/i)).toBeTruÔÇª
    [90m   | [39m                    [31m^[39m
    [90m830| [39m    })[33m;[39m
    [90m831| [39m

[31m[2mÔÄ»ÔÄ»ÔÄ»ÔÄ»ÔÄ»ÔÄ»ÔÄ»ÔÄ»ÔÄ»ÔÄ»ÔÄ»ÔÄ»ÔÄ»ÔÄ»ÔÄ»ÔÄ»ÔÄ»ÔÄ»ÔÄ»ÔÄ»ÔÄ»[26/142
]ÔÄ»[22m[39m

[41m[1m FAIL [22m[49m __tests__/components/InvoiceManager.test.tsx[2m > 
[22mInvoiceManager Component[2m > [22mBusiness Rules & Validation[2m > 
[22memp├¬che la cr├®ation avec des items vides
[31m[1mAssertionError[22m: expected null to be truthy[39m

[32m- Expected:[39m 
true

[31m+ Received:[39m 
null

[36m [2mÔØ»[22m 
__tests__/components/InvoiceManager.test.tsx:[2m850:56[22m[39m
    [90m848| [39m      )[33m;[39m
    [90m849| [39m
    [90m850| [39m      [34mexpect[39m(screen[33m.[39m[34mqueryByText[39
m([36m/item|line|article/i[39m))[33m.[39m[34mtoBeTruthy[39m()[33m;[39m
    [90m   | [39m                                                       
[31m^[39m
    [90m851| [39m    })[33m;[39m
    [90m852| [39m

[31m[2mÔÄ»ÔÄ»ÔÄ»ÔÄ»ÔÄ»ÔÄ»ÔÄ»ÔÄ»ÔÄ»ÔÄ»ÔÄ»ÔÄ»ÔÄ»ÔÄ»ÔÄ»ÔÄ»ÔÄ»ÔÄ»ÔÄ»ÔÄ»ÔÄ»[27/142
]ÔÄ»[22m[39m

[41m[1m FAIL [22m[49m __tests__/components/InvoiceManager.test.tsx[2m > 
[22mInvoiceManager Component[2m > [22mMulti-Language & Localization[2m > 
[22maffiche les dates en format fran├ºais
[31m[1mTestingLibraryElementError[22m[39m: Found multiple elements with 
the text: /2026|mars|03|10/i

Here are the matching elements:

Ignored nodes: comments, script, style
[36m<span[39m
  [33mclass[39m=[32m"text-brand-700 dark:text-brand-300 font-medium"[39m
[36m>[39m
  [0m15 mars 2026[0m
[36m</span>[39m

Ignored nodes: comments, script, style
[36m<span[39m
  [33mclass[39m=[32m"text-brand-700 dark:text-brand-300 font-medium"[39m
[36m>[39m
  [0m10 mars 2026[0m
[36m</span>[39m

(If this is intentional, then use the `*AllBy*` variant of the query (like 
`queryAllByText`, `getAllByText`, or `findAllByText`)).

Ignored nodes: comments, script, style
[36m<body>[39m
  [36m<div>[39m
    [36m<div[39m
      [33mclass[39m=[32m"space-y-8 max-w-7xl mx-auto animate-fade-in 
relative pb-12"[39m
    [36m>[39m
      [36m<div[39m
        [33mclass[39m=[32m"flex flex-col lg:flex-row justify-between 
items-start lg:items-center gap-6"[39m
      [36m>[39m
        [36m<div>[39m
          [36m<h2[39m
            [33mclass[39m=[32m"text-3xl font-bold text-brand-900 
dark:text-white font-display tracking-tight"[39m
          [36m>[39m
            [0mDocuments Commerciaux[0m
          [36m</h2>[39m
          [36m<p[39m
            [33mclass[39m=[32m"text-brand-500 dark:text-brand-400 mt-1 
text-sm font-medium"[39m
          [36m>[39m
            [0mG├®rez vos factures, devis et commandes en un seul endroit.[0m
          [36m</p>[39m
        [36m</div>[39m
        [36m<div[39m
          [33mclass[39m=[32m"flex flex-wrap items-center gap-3"[39m
        [36m>[39m
          [36m<div[39m
            [33mclass[39m=[32m"bg-brand-100/50 dark:bg-brand-900/50 p-1 
rounded-2xl border border-brand-100 dark:border-brand-800 backdrop-blur-sm 
flex gap-1"[39m
          [36m>[39m
            [36m<button[39m
              [33mclass[39m=[32m"px-5 py-2.5 rounded-xl text-[10px] 
font-bold uppercase tracking-widest transition-all duration-300 flex 
items-center gap-2 bg-white dark:bg-brand-800 text-brand-900 
dark:text-brand-50 shadow-sm"[39m
            [36m>[39m
              [36m<span>[39m
                [0mFileTextIcon[0m
              [36m</span>[39m
              [0m Factures[0m
            [36m</button>[39m
            [36m<button[39m
              [33mclass[39m=[32m"px-5 py-2.5 rounded-xl text-[10px] 
font-bold uppercase tracking-widest transition-all duration-300 flex 
items-center gap-2 text-brand-400 dark:text-brand-500 hover:text-brand-600 
dark:hover:text-brand-300"[39m
            [36m>[39m
              [36m<span>[39m
                [0mFileCheckIcon[0m
              [36m</span>[39m
              [0m Devis[0m
            [36m</button>[39m
            [36m<button[39m
              [33mclass[39m=[32m"px-5 py-2.5 rounded-xl text-[10px] 
font-bold uppercase tracking-widest transition-all duration-300 flex 
items-center gap-2 text-brand-400 dark:text-brand-500 hover:text-brand-600 
dark:hover:text-brand-300"[39m
            [36m>[39m
              [36m<span>[39m
                [0mShoppingBagIcon[0m
              [36m</span>[39m
              [0m Commandes[0m
            [36m</button>[39m
            [36m<button[39m
              [33mclass[39m=[32m"px-5 py-2.5 rounded-xl text-[10px] 
font-bold uppercase tracking-widest transition-all duration-300 flex 
items-center gap-2 text-brand-400 dark:text-brand-500 hover:text-brand-600 
dark:hover:text-brand-300"[39m
            [36m>[39m
              [36m<span>[39m
                [0mReceiptIcon[0m
              [36m</span>[39m
              [0m Avoirs[0m
            [36m</button>[39m
          [36m</div>[39m
          [36m<div[39m
            [33mclass[39m=[32m"flex gap-2"[39m
          [36m>[39m
            [36m<button[39m
              [33mclass[39m=[32m"bg-white dark:bg-brand-900 text-brand-600 
dark:text-brand-300 border border-brand-100 dark:border-brand-800 px-5 py-2.5 
rounded-2xl flex items-center gap-2 transition-all text-[10px] font-bold 
uppercase tracking-widest shadow-sm hover:bg-brand-50 
dark:hover:bg-brand-800"[39m
              [33mtitle[39m=[32m"Exporter en CSV"[39m
            [36m>[39m
              [36m<span>[39m
                [0mDownloadIcon[0m
              [36m</span>[39m
              [36m<span[39m
                [33mclass[39m=[32m"hidden sm:inline"[39m
              [36m>[39m
                [0mExport[0m
              [36m</span>[39m
            [36m</button>[39m
            [36m<button[39m
              [33mclass[39m=[32m"bg-brand-900 dark:bg-white text-white 
dark:text-brand-900 px-6 py-2.5 rounded-2xl flex items-center gap-2 
transition-all shadow-lg shadow-brand-900/10 dark:shadow-white/5 text-[10px] 
font-bold uppercase tracking-widest hover:scale-[1.02] 
active:scale-[0.98]"[39m
              [33mtitle[39m=[32m"Cr├®er un nouveau document"[39m
            [36m>[39m
              [36m<span>[39m
                [0mPlusIcon[0m
              [36m</span>[39m
              [0mNouveau[0m
            [36m</button>[39m
          [36m</div>[39m
        [36m</div>[39m
      [36m</div>[39m
      [36m<div[39m
        [33mclass[39m=[32m"grid grid-cols-1 md:grid-cols-2 lg:grid-cols-4 
gap-6"[39m
      [36m>[39m
        [36m<div[39m
          [33mclass[39m=[32m"card-modern p-6 flex flex-col justify-between 
relative overflow-hidden group"[39m
        [36m>[39m
          [36m<div[39m
            [33mclass[39m=[32m"absolute -right-4 -top-4 p-8 opacity-[0.03] 
group-hover:opacity-[0.08] transition-opacity text-brand-900 
dark:text-brand-50"[39m
          [36m>[39m
            [36m<span>[39m
              [0mCalculatorIcon[0m
            [36m</span>[39m
          [36m</div>[39m
          [36m<div[39m
            [33mclass[39m=[32m"flex justify-between items-start mb-4"[39m
          [36m>[39m
            [36m<div[39m
              [33mclass[39m=[32m"p-2.5 bg-brand-50 dark:bg-brand-800 
text-brand-900 dark:text-brand-50 rounded-xl"[39m
            [36m>[39m
              [36m<span>[39m
                [0mCalculatorIcon[0m
              [36m</span>[39m
            [36m</div>[39m
            [36m<span[39m
              [33mclass[39m=[32m"badge bg-brand-50 dark:bg-brand-800 
text-brand-600 dark:text-brand-400"[39m
            [36m>[39m
              [0mTotal [0m
              [0mFacture[0m
              [0ms[0m
            [36m</span>[39m
          [36m</div>[39m
          [36m<div>[39m
            [36m<h3[39m
              [33mclass[39m=[32m"text-2xl font-bold text-brand-900 
dark:text-white font-display tracking-tight"[39m
            [36m>[39m
              [0m1ÔÇ»500,00┬áÔé¼[0m
            [36m</h3>[39m
            [36m<p[39m
              [33mclass[39m=[32m"text-xs text-brand-500 dark:text-brand-400 
mt-1 font-medium"[39m
            [36m>[39m
              [0m2[0m
              [0m documents au total[0m
            [36m</p>[39m
          [36m</div>[39m
        [36m</div>[39m
        [36m<div[39m
          [33mclass[39m=[32m"card-modern p-6 flex flex-col justify-between 
relative overflow-hidden group"[39m
        [36m>[39m
          [36m<div[39m
            [33mclass[39m=[32m"absolute -right-4 -top-4 p-8 opacity-[0.03] 
group-hover:opacity-[0.08] transition-opacity text-accent-600"[39m
          [36m>[39m
            [36m<span>[39m
              [0mFileCheckIcon[0m
            [36m</span>[39m
          [36m</div>[39m
          [36m<div[39m
            [33mclass[39m=[32m"flex justify-between i...
[90m [2mÔØ»[22m Object.getElementError 
node_modules/@testing-library/dom/dist/config.js:[2m37:19[22m[39m
[90m [2mÔØ»[22m getElementError 
node_modules/@testing-library/dom/dist/query-helpers.js:[2m20:35[22m[39m
[90m [2mÔØ»[22m getMultipleElementsFoundError 
node_modules/@testing-library/dom/dist/query-helpers.js:[2m23:10[22m[39m
[90m [2mÔØ»[22m 
node_modules/@testing-library/dom/dist/query-helpers.js:[2m55:13[22m[39m
[90m [2mÔØ»[22m 
node_modules/@testing-library/dom/dist/query-helpers.js:[2m95:19[22m[39m
[36m [2mÔØ»[22m 
__tests__/components/InvoiceManager.test.tsx:[2m949:21[22m[39m
    [90m947| [39m
    [90m948| [39m      [90m// Devrait afficher les dates de fa├ºon 
lisible[39m
    [90m949| [39m      [34mexpect[39m(screen[33m.[39m[34mqueryByText[39
m([36m/2026|mars|03|10/i[39m))[33m.[39m[34mtoBeTruthy[39m()[33m;[39m
    [90m   | [39m                    [31m^[39m
    [90m950| [39m    })[33m;[39m
    [90m951| [39m

[31m[2mÔÄ»ÔÄ»ÔÄ»ÔÄ»ÔÄ»ÔÄ»ÔÄ»ÔÄ»ÔÄ»ÔÄ»ÔÄ»ÔÄ»ÔÄ»ÔÄ»ÔÄ»ÔÄ»ÔÄ»ÔÄ»ÔÄ»ÔÄ»ÔÄ»[28/142
]ÔÄ»[22m[39m

[41m[1m FAIL [22m[49m __tests__/components/InvoiceManager.test.tsx[2m > 
[22mInvoiceManager Component[2m > [22mMulti-Language & Localization[2m > 
[22maffiche les montants format├®s avec s├®parateurs de milliers
[31m[1mTestingLibraryElementError[22m[39m: Found multiple elements with 
the text: /1.*234|1.234|1,234/i

Here are the matching elements:

Ignored nodes: comments, script, style
[36m<h3[39m
  [33mclass[39m=[32m"text-2xl font-bold text-brand-900 dark:text-white 
font-display tracking-tight"[39m
[36m>[39m
  [0m1ÔÇ»234ÔÇ»567,89┬áÔé¼[0m
[36m</h3>[39m

Ignored nodes: comments, script, style
[36m<h3[39m
  [33mclass[39m=[32m"text-2xl font-bold text-amber-600 dark:text-amber-400 
font-display tracking-tight"[39m
[36m>[39m
  [0m1ÔÇ»234ÔÇ»567,89┬áÔé¼[0m
[36m</h3>[39m

Ignored nodes: comments, script, style
[36m<span[39m
  [33mclass[39m=[32m"text-brand-900 dark:text-white font-black 
text-base"[39m
[36m>[39m
  [0m1ÔÇ»234ÔÇ»567,89┬áÔé¼[0m
[36m</span>[39m

(If this is intentional, then use the `*AllBy*` variant of the query (like 
`queryAllByText`, `getAllByText`, or `findAllByText`)).

Ignored nodes: comments, script, style
[36m<body>[39m
  [36m<div>[39m
    [36m<div[39m
      [33mclass[39m=[32m"space-y-8 max-w-7xl mx-auto animate-fade-in 
relative pb-12"[39m
    [36m>[39m
      [36m<div[39m
        [33mclass[39m=[32m"flex flex-col lg:flex-row justify-between 
items-start lg:items-center gap-6"[39m
      [36m>[39m
        [36m<div>[39m
          [36m<h2[39m
            [33mclass[39m=[32m"text-3xl font-bold text-brand-900 
dark:text-white font-display tracking-tight"[39m
          [36m>[39m
            [0mDocuments Commerciaux[0m
          [36m</h2>[39m
          [36m<p[39m
            [33mclass[39m=[32m"text-brand-500 dark:text-brand-400 mt-1 
text-sm font-medium"[39m
          [36m>[39m
            [0mG├®rez vos factures, devis et commandes en un seul endroit.[0m
          [36m</p>[39m
        [36m</div>[39m
        [36m<div[39m
          [33mclass[39m=[32m"flex flex-wrap items-center gap-3"[39m
        [36m>[39m
          [36m<div[39m
            [33mclass[39m=[32m"bg-brand-100/50 dark:bg-brand-900/50 p-1 
rounded-2xl border border-brand-100 dark:border-brand-800 backdrop-blur-sm 
flex gap-1"[39m
          [36m>[39m
            [36m<button[39m
              [33mclass[39m=[32m"px-5 py-2.5 rounded-xl text-[10px] 
font-bold uppercase tracking-widest transition-all duration-300 flex 
items-center gap-2 bg-white dark:bg-brand-800 text-brand-900 
dark:text-brand-50 shadow-sm"[39m
            [36m>[39m
              [36m<span>[39m
                [0mFileTextIcon[0m
              [36m</span>[39m
              [0m Factures[0m
            [36m</button>[39m
            [36m<button[39m
              [33mclass[39m=[32m"px-5 py-2.5 rounded-xl text-[10px] 
font-bold uppercase tracking-widest transition-all duration-300 flex 
items-center gap-2 text-brand-400 dark:text-brand-500 hover:text-brand-600 
dark:hover:text-brand-300"[39m
            [36m>[39m
              [36m<span>[39m
                [0mFileCheckIcon[0m
              [36m</span>[39m
              [0m Devis[0m
            [36m</button>[39m
            [36m<button[39m
              [33mclass[39m=[32m"px-5 py-2.5 rounded-xl text-[10px] 
font-bold uppercase tracking-widest transition-all duration-300 flex 
items-center gap-2 text-brand-400 dark:text-brand-500 hover:text-brand-600 
dark:hover:text-brand-300"[39m
            [36m>[39m
              [36m<span>[39m
                [0mShoppingBagIcon[0m
              [36m</span>[39m
              [0m Commandes[0m
            [36m</button>[39m
            [36m<button[39m
              [33mclass[39m=[32m"px-5 py-2.5 rounded-xl text-[10px] 
font-bold uppercase tracking-widest transition-all duration-300 flex 
items-center gap-2 text-brand-400 dark:text-brand-500 hover:text-brand-600 
dark:hover:text-brand-300"[39m
            [36m>[39m
              [36m<span>[39m
                [0mReceiptIcon[0m
              [36m</span>[39m
              [0m Avoirs[0m
            [36m</button>[39m
          [36m</div>[39m
          [36m<div[39m
            [33mclass[39m=[32m"flex gap-2"[39m
          [36m>[39m
            [36m<button[39m
              [33mclass[39m=[32m"bg-white dark:bg-brand-900 text-brand-600 
dark:text-brand-300 border border-brand-100 dark:border-brand-800 px-5 py-2.5 
rounded-2xl flex items-center gap-2 transition-all text-[10px] font-bold 
uppercase tracking-widest shadow-sm hover:bg-brand-50 
dark:hover:bg-brand-800"[39m
              [33mtitle[39m=[32m"Exporter en CSV"[39m
            [36m>[39m
              [36m<span>[39m
                [0mDownloadIcon[0m
              [36m</span>[39m
              [36m<span[39m
                [33mclass[39m=[32m"hidden sm:inline"[39m
              [36m>[39m
                [0mExport[0m
              [36m</span>[39m
            [36m</button>[39m
            [36m<button[39m
              [33mclass[39m=[32m"bg-brand-900 dark:bg-white text-white 
dark:text-brand-900 px-6 py-2.5 rounded-2xl flex items-center gap-2 
transition-all shadow-lg shadow-brand-900/10 dark:shadow-white/5 text-[10px] 
font-bold uppercase tracking-widest hover:scale-[1.02] 
active:scale-[0.98]"[39m
              [33mtitle[39m=[32m"Cr├®er un nouveau document"[39m
            [36m>[39m
              [36m<span>[39m
                [0mPlusIcon[0m
              [36m</span>[39m
              [0mNouveau[0m
            [36m</button>[39m
          [36m</div>[39m
        [36m</div>[39m
      [36m</div>[39m
      [36m<div[39m
        [33mclass[39m=[32m"grid grid-cols-1 md:grid-cols-2 lg:grid-cols-4 
gap-6"[39m
      [36m>[39m
        [36m<div[39m
          [33mclass[39m=[32m"card-modern p-6 flex flex-col justify-between 
relative overflow-hidden group"[39m
        [36m>[39m
          [36m<div[39m
            [33mclass[39m=[32m"absolute -right-4 -top-4 p-8 opacity-[0.03] 
group-hover:opacity-[0.08] transition-opacity text-brand-900 
dark:text-brand-50"[39m
          [36m>[39m
            [36m<span>[39m
              [0mCalculatorIcon[0m
            [36m</span>[39m
          [36m</div>[39m
          [36m<div[39m
            [33mclass[39m=[32m"flex justify-between items-start mb-4"[39m
          [36m>[39m
            [36m<div[39m
              [33mclass[39m=[32m"p-2.5 bg-brand-50 dark:bg-brand-800 
text-brand-900 dark:text-brand-50 rounded-xl"[39m
            [36m>[39m
              [36m<span>[39m
                [0mCalculatorIcon[0m
              [36m</span>[39m
            [36m</div>[39m
            [36m<span[39m
              [33mclass[39m=[32m"badge bg-brand-50 dark:bg-brand-800 
text-brand-600 dark:text-brand-400"[39m
            [36m>[39m
              [0mTotal [0m
              [0mFacture[0m
              [0ms[0m
            [36m</span>[39m
          [36m</div>[39m
          [36m<div>[39m
            [36m<h3[39m
              [33mclass[39m=[32m"text-2xl font-bold text-brand-900 
dark:text-white font-display tracking-tight"[39m
            [36m>[39m
              [0m1ÔÇ»234ÔÇ»567,89┬áÔé¼[0m
            [36m</h3>[39m
            [36m<p[39m
              [33mclass[39m=[32m"text-xs text-brand-500 dark:text-brand-400 
mt-1 font-medium"[39m
            [36m>[39m
              [0m1[0m
              [0m documents au total[0m
            [36m</p>[39m
          [36m</div>[39m
        [36m</div>[39m
        [36m<div[39m
          [33mclass[39m=[32m"card-modern p-6 flex flex-col justify-between 
relative overflow-hidden group"[39m
        [36m>[39m
          [36m<div[39m
            [33mclass[39m=[32m"absolute -right-4 -top-4 p-8 opacity-[0.03] 
group-hover:opacity-[0.08] transition-opacity text-accent-600"[39m
          [36m>[39m
            [36m<span>[39m
              [0mFileCheckIcon[0m
            [36m</span>[39m
          [36m</div>[39m
          [36m<div[39m
            [33mclass[39m=[32m"flex justify-betwe...
[90m [2mÔØ»[22m Object.getElementError 
node_modules/@testing-library/dom/dist/config.js:[2m37:19[22m[39m
[90m [2mÔØ»[22m getElementError 
node_modules/@testing-library/dom/dist/query-helpers.js:[2m20:35[22m[39m
[90m [2mÔØ»[22m getMultipleElementsFoundError 
node_modules/@testing-library/dom/dist/query-helpers.js:[2m23:10[22m[39m
[90m [2mÔØ»[22m 
node_modules/@testing-library/dom/dist/query-helpers.js:[2m55:13[22m[39m
[90m [2mÔØ»[22m 
node_modules/@testing-library/dom/dist/query-helpers.js:[2m95:19[22m[39m
[36m [2mÔØ»[22m 
__tests__/components/InvoiceManager.test.tsx:[2m971:21[22m[39m
    [90m969| [39m
    [90m970| [39m      [90m// Devrait formatter le grand nombre[39m
    [90m971| [39m      [34mexpect[39m(screen[33m.[39m[34mqueryByText[39
m([36m/1.*234|1.234|1,234/i[39m))[33m.[39m[34mtoBeTruthy[39m()[33m;[39m
    [90m   | [39m                    [31m^[39m
    [90m972| [39m    })[33m;[39m
    [90m973| [39m  })[33m;[39m

[31m[2mÔÄ»ÔÄ»ÔÄ»ÔÄ»ÔÄ»ÔÄ»ÔÄ»ÔÄ»ÔÄ»ÔÄ»ÔÄ»ÔÄ»ÔÄ»ÔÄ»ÔÄ»ÔÄ»ÔÄ»ÔÄ»ÔÄ»ÔÄ»ÔÄ»[29/142
]ÔÄ»[22m[39m

[41m[1m FAIL [22m[49m __tests__/components/InvoiceManager.test.tsx[2m > 
[22mInvoiceManager Component[2m > [22mPerformance & Edge Cases[2m > 
[22mg├¿re les montant extr├¬mement ├®lev├®s
[31m[1mTestingLibraryElementError[22m[39m: Found multiple elements with 
the text: /99|9999/i

Here are the matching elements:

Ignored nodes: comments, script, style
[36m<h3[39m
  [33mclass[39m=[32m"text-2xl font-bold text-brand-900 dark:text-white 
font-display tracking-tight"[39m
[36m>[39m
  [0m99ÔÇ»999ÔÇ»999,99┬áÔé¼[0m
[36m</h3>[39m

Ignored nodes: comments, script, style
[36m<h3[39m
  [33mclass[39m=[32m"text-2xl font-bold text-amber-600 dark:text-amber-400 
font-display tracking-tight"[39m
[36m>[39m
  [0m99ÔÇ»999ÔÇ»999,99┬áÔé¼[0m
[36m</h3>[39m

Ignored nodes: comments, script, style
[36m<span[39m
  [33mclass[39m=[32m"text-brand-900 dark:text-white font-black 
text-base"[39m
[36m>[39m
  [0m99ÔÇ»999ÔÇ»999,99┬áÔé¼[0m
[36m</span>[39m

(If this is intentional, then use the `*AllBy*` variant of the query (like 
`queryAllByText`, `getAllByText`, or `findAllByText`)).

Ignored nodes: comments, script, style
[36m<body>[39m
  [36m<div>[39m
    [36m<div[39m
      [33mclass[39m=[32m"space-y-8 max-w-7xl mx-auto animate-fade-in 
relative pb-12"[39m
    [36m>[39m
      [36m<div[39m
        [33mclass[39m=[32m"flex flex-col lg:flex-row justify-between 
items-start lg:items-center gap-6"[39m
      [36m>[39m
        [36m<div>[39m
          [36m<h2[39m
            [33mclass[39m=[32m"text-3xl font-bold text-brand-900 
dark:text-white font-display tracking-tight"[39m
          [36m>[39m
            [0mDocuments Commerciaux[0m
          [36m</h2>[39m
          [36m<p[39m
            [33mclass[39m=[32m"text-brand-500 dark:text-brand-400 mt-1 
text-sm font-medium"[39m
          [36m>[39m
            [0mG├®rez vos factures, devis et commandes en un seul endroit.[0m
          [36m</p>[39m
        [36m</div>[39m
        [36m<div[39m
          [33mclass[39m=[32m"flex flex-wrap items-center gap-3"[39m
        [36m>[39m
          [36m<div[39m
            [33mclass[39m=[32m"bg-brand-100/50 dark:bg-brand-900/50 p-1 
rounded-2xl border border-brand-100 dark:border-brand-800 backdrop-blur-sm 
flex gap-1"[39m
          [36m>[39m
            [36m<button[39m
              [33mclass[39m=[32m"px-5 py-2.5 rounded-xl text-[10px] 
font-bold uppercase tracking-widest transition-all duration-300 flex 
items-center gap-2 bg-white dark:bg-brand-800 text-brand-900 
dark:text-brand-50 shadow-sm"[39m
            [36m>[39m
              [36m<span>[39m
                [0mFileTextIcon[0m
              [36m</span>[39m
              [0m Factures[0m
            [36m</button>[39m
            [36m<button[39m
              [33mclass[39m=[32m"px-5 py-2.5 rounded-xl text-[10px] 
font-bold uppercase tracking-widest transition-all duration-300 flex 
items-center gap-2 text-brand-400 dark:text-brand-500 hover:text-brand-600 
dark:hover:text-brand-300"[39m
            [36m>[39m
              [36m<span>[39m
                [0mFileCheckIcon[0m
              [36m</span>[39m
              [0m Devis[0m
            [36m</button>[39m
            [36m<button[39m
              [33mclass[39m=[32m"px-5 py-2.5 rounded-xl text-[10px] 
font-bold uppercase tracking-widest transition-all duration-300 flex 
items-center gap-2 text-brand-400 dark:text-brand-500 hover:text-brand-600 
dark:hover:text-brand-300"[39m
            [36m>[39m
              [36m<span>[39m
                [0mShoppingBagIcon[0m
              [36m</span>[39m
              [0m Commandes[0m
            [36m</button>[39m
            [36m<button[39m
              [33mclass[39m=[32m"px-5 py-2.5 rounded-xl text-[10px] 
font-bold uppercase tracking-widest transition-all duration-300 flex 
items-center gap-2 text-brand-400 dark:text-brand-500 hover:text-brand-600 
dark:hover:text-brand-300"[39m
            [36m>[39m
              [36m<span>[39m
                [0mReceiptIcon[0m
              [36m</span>[39m
              [0m Avoirs[0m
            [36m</button>[39m
          [36m</div>[39m
          [36m<div[39m
            [33mclass[39m=[32m"flex gap-2"[39m
          [36m>[39m
            [36m<button[39m
              [33mclass[39m=[32m"bg-white dark:bg-brand-900 text-brand-600 
dark:text-brand-300 border border-brand-100 dark:border-brand-800 px-5 py-2.5 
rounded-2xl flex items-center gap-2 transition-all text-[10px] font-bold 
uppercase tracking-widest shadow-sm hover:bg-brand-50 
dark:hover:bg-brand-800"[39m
              [33mtitle[39m=[32m"Exporter en CSV"[39m
            [36m>[39m
              [36m<span>[39m
                [0mDownloadIcon[0m
              [36m</span>[39m
              [36m<span[39m
                [33mclass[39m=[32m"hidden sm:inline"[39m
              [36m>[39m
                [0mExport[0m
              [36m</span>[39m
            [36m</button>[39m
            [36m<button[39m
              [33mclass[39m=[32m"bg-brand-900 dark:bg-white text-white 
dark:text-brand-900 px-6 py-2.5 rounded-2xl flex items-center gap-2 
transition-all shadow-lg shadow-brand-900/10 dark:shadow-white/5 text-[10px] 
font-bold uppercase tracking-widest hover:scale-[1.02] 
active:scale-[0.98]"[39m
              [33mtitle[39m=[32m"Cr├®er un nouveau document"[39m
            [36m>[39m
              [36m<span>[39m
                [0mPlusIcon[0m
              [36m</span>[39m
              [0mNouveau[0m
            [36m</button>[39m
          [36m</div>[39m
        [36m</div>[39m
      [36m</div>[39m
      [36m<div[39m
        [33mclass[39m=[32m"grid grid-cols-1 md:grid-cols-2 lg:grid-cols-4 
gap-6"[39m
      [36m>[39m
        [36m<div[39m
          [33mclass[39m=[32m"card-modern p-6 flex flex-col justify-between 
relative overflow-hidden group"[39m
        [36m>[39m
          [36m<div[39m
            [33mclass[39m=[32m"absolute -right-4 -top-4 p-8 opacity-[0.03] 
group-hover:opacity-[0.08] transition-opacity text-brand-900 
dark:text-brand-50"[39m
          [36m>[39m
            [36m<span>[39m
              [0mCalculatorIcon[0m
            [36m</span>[39m
          [36m</div>[39m
          [36m<div[39m
            [33mclass[39m=[32m"flex justify-between items-start mb-4"[39m
          [36m>[39m
            [36m<div[39m
              [33mclass[39m=[32m"p-2.5 bg-brand-50 dark:bg-brand-800 
text-brand-900 dark:text-brand-50 rounded-xl"[39m
            [36m>[39m
              [36m<span>[39m
                [0mCalculatorIcon[0m
              [36m</span>[39m
            [36m</div>[39m
            [36m<span[39m
              [33mclass[39m=[32m"badge bg-brand-50 dark:bg-brand-800 
text-brand-600 dark:text-brand-400"[39m
            [36m>[39m
              [0mTotal [0m
              [0mFacture[0m
              [0ms[0m
            [36m</span>[39m
          [36m</div>[39m
          [36m<div>[39m
            [36m<h3[39m
              [33mclass[39m=[32m"text-2xl font-bold text-brand-900 
dark:text-white font-display tracking-tight"[39m
            [36m>[39m
              [0m99ÔÇ»999ÔÇ»999,99┬áÔé¼[0m
            [36m</h3>[39m
            [36m<p[39m
              [33mclass[39m=[32m"text-xs text-brand-500 dark:text-brand-400 
mt-1 font-medium"[39m
            [36m>[39m
              [0m1[0m
              [0m documents au total[0m
            [36m</p>[39m
          [36m</div>[39m
        [36m</div>[39m
        [36m<div[39m
          [33mclass[39m=[32m"card-modern p-6 flex flex-col justify-between 
relative overflow-hidden group"[39m
        [36m>[39m
          [36m<div[39m
            [33mclass[39m=[32m"absolute -right-4 -top-4 p-8 opacity-[0.03] 
group-hover:opacity-[0.08] transition-opacity text-accent-600"[39m
          [36m>[39m
            [36m<span>[39m
              [0mFileCheckIcon[0m
            [36m</span>[39m
          [36m</div>[39m
          [36m<div[39m
            [33mclass[39m=[32m"flex justify-betw...
[90m [2mÔØ»[22m Object.getElementError 
node_modules/@testing-library/dom/dist/config.js:[2m37:19[22m[39m
[90m [2mÔØ»[22m getElementError 
node_modules/@testing-library/dom/dist/query-helpers.js:[2m20:35[22m[39m
[90m [2mÔØ»[22m getMultipleElementsFoundError 
node_modules/@testing-library/dom/dist/query-helpers.js:[2m23:10[22m[39m
[90m [2mÔØ»[22m 
node_modules/@testing-library/dom/dist/query-helpers.js:[2m55:13[22m[39m
[90m [2mÔØ»[22m 
node_modules/@testing-library/dom/dist/query-helpers.js:[2m95:19[22m[39m
[36m [2mÔØ»[22m 
__tests__/components/InvoiceManager.test.tsx:[2m1034:21[22m[39m
    [90m1032| [39m
    [90m1033| [39m      [90m// Devrait afficher le grand nombre[39m
    [90m1034| [39m      [34mexpect[39m(screen[33m.[39m[34mqueryByText[3
9m([36m/99|9999/i[39m))[33m.[39m[34mtoBeTruthy[39m()[33m;[39m
    [90m   | [39m                    [31m^[39m
    [90m1035| [39m    })[33m;[39m
    [90m1036| [39m

[31m[2mÔÄ»ÔÄ»ÔÄ»ÔÄ»ÔÄ»ÔÄ»ÔÄ»ÔÄ»ÔÄ»ÔÄ»ÔÄ»ÔÄ»ÔÄ»ÔÄ»ÔÄ»ÔÄ»ÔÄ»ÔÄ»ÔÄ»ÔÄ»ÔÄ»[30/142
]ÔÄ»[22m[39m

[41m[1m FAIL [22m[49m __tests__/components/InvoiceManager.test.tsx[2m > 
[22mInvoiceManager Component[2m > [22mPerformance & Edge Cases[2m > 
[22mg├¿re les factures avec pas d'items
[31m[1mTestingLibraryElementError[22m[39m: Found multiple elements with 
the text: /FAC-001|0/

Here are the matching elements:

Ignored nodes: comments, script, style
[36m<h3[39m
  [33mclass[39m=[32m"text-2xl font-bold text-brand-900 dark:text-white 
font-display tracking-tight"[39m
[36m>[39m
  [0m0,00┬áÔé¼[0m
[36m</h3>[39m

Ignored nodes: comments, script, style
[36m<h3[39m
  [33mclass[39m=[32m"text-2xl font-bold text-accent-600 
dark:text-accent-400 font-display tracking-tight"[39m
[36m>[39m
  [0m0,00┬áÔé¼[0m
[36m</h3>[39m

Ignored nodes: comments, script, style
[36m<h3[39m
  [33mclass[39m=[32m"text-2xl font-bold text-amber-600 dark:text-amber-400 
font-display tracking-tight"[39m
[36m>[39m
  [0m0,00┬áÔé¼[0m
[36m</h3>[39m

Ignored nodes: comments, script, style
[36m<h3[39m
  [33mclass[39m=[32m"text-2xl font-bold text-red-600 dark:text-red-400 
font-display tracking-tight"[39m
[36m>[39m
  [0m0,00┬áÔé¼[0m
[36m</h3>[39m

Ignored nodes: comments, script, style
[36m<span[39m
  [33mclass[39m=[32m"font-mono font-bold text-brand-900 
dark:text-white"[39m
[36m>[39m
  [0mFAC-001[0m
[36m</span>[39m

Ignored nodes: comments, script, style
[36m<span[39m
  [33mclass[39m=[32m"text-brand-700 dark:text-brand-300 font-medium"[39m
[36m>[39m
  [0m10 mars 2026[0m
[36m</span>[39m

Ignored nodes: comments, script, style
[36m<span[39m
  [33mclass[39m=[32m"text-brand-900 dark:text-white font-black 
text-base"[39m
[36m>[39m
  [0m0,00┬áÔé¼[0m
[36m</span>[39m

(If this is intentional, then use the `*AllBy*` variant of the query (like 
`queryAllByText`, `getAllByText`, or `findAllByText`)).

Ignored nodes: comments, script, style
[36m<body>[39m
  [36m<div>[39m
    [36m<div[39m
      [33mclass[39m=[32m"space-y-8 max-w-7xl mx-auto animate-fade-in 
relative pb-12"[39m
    [36m>[39m
      [36m<div[39m
        [33mclass[39m=[32m"flex flex-col lg:flex-row justify-between 
items-start lg:items-center gap-6"[39m
      [36m>[39m
        [36m<div>[39m
          [36m<h2[39m
            [33mclass[39m=[32m"text-3xl font-bold text-brand-900 
dark:text-white font-display tracking-tight"[39m
          [36m>[39m
            [0mDocuments Commerciaux[0m
          [36m</h2>[39m
          [36m<p[39m
            [33mclass[39m=[32m"text-brand-500 dark:text-brand-400 mt-1 
text-sm font-medium"[39m
          [36m>[39m
            [0mG├®rez vos factures, devis et commandes en un seul endroit.[0m
          [36m</p>[39m
        [36m</div>[39m
        [36m<div[39m
          [33mclass[39m=[32m"flex flex-wrap items-center gap-3"[39m
        [36m>[39m
          [36m<div[39m
            [33mclass[39m=[32m"bg-brand-100/50 dark:bg-brand-900/50 p-1 
rounded-2xl border border-brand-100 dark:border-brand-800 backdrop-blur-sm 
flex gap-1"[39m
          [36m>[39m
            [36m<button[39m
              [33mclass[39m=[32m"px-5 py-2.5 rounded-xl text-[10px] 
font-bold uppercase tracking-widest transition-all duration-300 flex 
items-center gap-2 bg-white dark:bg-brand-800 text-brand-900 
dark:text-brand-50 shadow-sm"[39m
            [36m>[39m
              [36m<span>[39m
                [0mFileTextIcon[0m
              [36m</span>[39m
              [0m Factures[0m
            [36m</button>[39m
            [36m<button[39m
              [33mclass[39m=[32m"px-5 py-2.5 rounded-xl text-[10px] 
font-bold uppercase tracking-widest transition-all duration-300 flex 
items-center gap-2 text-brand-400 dark:text-brand-500 hover:text-brand-600 
dark:hover:text-brand-300"[39m
            [36m>[39m
              [36m<span>[39m
                [0mFileCheckIcon[0m
              [36m</span>[39m
              [0m Devis[0m
            [36m</button>[39m
            [36m<button[39m
              [33mclass[39m=[32m"px-5 py-2.5 rounded-xl text-[10px] 
font-bold uppercase tracking-widest transition-all duration-300 flex 
items-center gap-2 text-brand-400 dark:text-brand-500 hover:text-brand-600 
dark:hover:text-brand-300"[39m
            [36m>[39m
              [36m<span>[39m
                [0mShoppingBagIcon[0m
              [36m</span>[39m
              [0m Commandes[0m
            [36m</button>[39m
            [36m<button[39m
              [33mclass[39m=[32m"px-5 py-2.5 rounded-xl text-[10px] 
font-bold uppercase tracking-widest transition-all duration-300 flex 
items-center gap-2 text-brand-400 dark:text-brand-500 hover:text-brand-600 
dark:hover:text-brand-300"[39m
            [36m>[39m
              [36m<span>[39m
                [0mReceiptIcon[0m
              [36m</span>[39m
              [0m Avoirs[0m
            [36m</button>[39m
          [36m</div>[39m
          [36m<div[39m
            [33mclass[39m=[32m"flex gap-2"[39m
          [36m>[39m
            [36m<button[39m
              [33mclass[39m=[32m"bg-white dark:bg-brand-900 text-brand-600 
dark:text-brand-300 border border-brand-100 dark:border-brand-800 px-5 py-2.5 
rounded-2xl flex items-center gap-2 transition-all text-[10px] font-bold 
uppercase tracking-widest shadow-sm hover:bg-brand-50 
dark:hover:bg-brand-800"[39m
              [33mtitle[39m=[32m"Exporter en CSV"[39m
            [36m>[39m
              [36m<span>[39m
                [0mDownloadIcon[0m
              [36m</span>[39m
              [36m<span[39m
                [33mclass[39m=[32m"hidden sm:inline"[39m
              [36m>[39m
                [0mExport[0m
              [36m</span>[39m
            [36m</button>[39m
            [36m<button[39m
              [33mclass[39m=[32m"bg-brand-900 dark:bg-white text-white 
dark:text-brand-900 px-6 py-2.5 rounded-2xl flex items-center gap-2 
transition-all shadow-lg shadow-brand-900/10 dark:shadow-white/5 text-[10px] 
font-bold uppercase tracking-widest hover:scale-[1.02] 
active:scale-[0.98]"[39m
              [33mtitle[39m=[32m"Cr├®er un nouveau document"[39m
            [36m>[39m
              [36m<span>[39m
                [0mPlusIcon[0m
              [36m</span>[39m
              [0mNouveau[0m
            [36m</button>[39m
          [36m</div>[39m
        [36m</div>[39m
      [36m</div>[39m
      [36m<div[39m
        [33mclass[39m=[32m"grid grid-cols-1 md:grid-cols-2 lg:grid-cols-4 
gap-6"[39m
      [36m>[39m
        [36m<div[39m
          [33mclass[39m=[32m"card-modern p-6 flex flex-col justify-between 
relative overflow-hidden group"[39m
        [36m>[39m
          [36m<div[39m
            [33mclass[39m=[32m"absolute -right-4 -top-4 p-8 opacity-[0.03] 
group-hover:opacity-[0.08] transition-opacity text-brand-900 
dark:text-brand-50"[39m
          [36m>[39m
            [36m<span>[39m
              [0mCalculatorIcon[0m
            [36m</span>[39m
          [36m</div>[39m
          [36m<div[39m
            [33mclass[39m=[32m"flex justify-between items-start mb-4"[39m
          [36m>[39m
            [36m<div[39m
              [33mclass[39m=[32m"p-2.5 bg-brand-50 dark:bg-brand-800 
text-brand-900 dark:text-brand-50 rounded-xl"[39m
            [36m>[39m
              [36m<span>[39m
                [0mCalculatorIcon[0m
              [36m</span>[39m
            [36m</div>[39m
            [36m<span[39m
              [33mclass[39m=[32m"badge bg-brand-50 dark:bg-brand-800 
text-brand-600 dark:text-brand-400"[39m
            [36m>[39m
              [0mTotal [0m
              [0mFacture[0m
              [0ms[0m
            [36m</span>[39m
          [36m</div>[39m
          [36m<div>[39m
            [36m<h3[39m
              [33mclass[39m=[32m"text-2xl font-bold text-brand-900 
dark:text-white font-display tracking-tight"[39m
            [36m>[39m
              [0m0,00┬áÔé¼[0m
            [36m</h3>[39m
            [36m<p[39m
              [33mclass[39m=[32m"text-xs text-brand-500 dark:text-brand-400 
mt-1 font-medium"[39m
            [36m>[39m
              [0m1[0m
              [0m documents au total[0m
            [36m</p>[39m
          [36m</div>[39m
        [36m</div>[39m
        [36m<div[39m
          [33mclass[39m=[32m"card-modern p-6 flex flex-col justify-between 
relative overflow-hidden group"[39m
        [36m>[39m
          [36m<div[39m
            [33mclass[39m=[32m"absolute -right-4 -top-4 p-8 opacity-[0.03] 
group-hover:opacity-[0.08] transition-opacity text-accent-600"[39m
          [36m>[39m
            [36m<span>[39m
              [0mFileCheckIcon[0m
            [36m</span>[39m
          [36m</div>[39m
          [36m<div[39m
            [33mclass[39m=[32m"flex justify-between items...
[90m [2mÔØ»[22m Object.getElementError 
node_modules/@testing-library/dom/dist/config.js:[2m37:19[22m[39m
[90m [2mÔØ»[22m getElementError 
node_modules/@testing-library/dom/dist/query-helpers.js:[2m20:35[22m[39m
[90m [2mÔØ»[22m getMultipleElementsFoundError 
node_modules/@testing-library/dom/dist/query-helpers.js:[2m23:10[22m[39m
[90m [2mÔØ»[22m 
node_modules/@testing-library/dom/dist/query-helpers.js:[2m55:13[22m[39m
[90m [2mÔØ»[22m 
node_modules/@testing-library/dom/dist/query-helpers.js:[2m95:19[22m[39m
[36m [2mÔØ»[22m 
__tests__/components/InvoiceManager.test.tsx:[2m1057:21[22m[39m
    [90m1055| [39m
    [90m1056| [39m      [90m// Devrait g├®rer gracieux sans crash[39m
    [90m1057| [39m      [34mexpect[39m(screen[33m.[39m[34mqueryByText[3
9m([36m/FAC-001|0/[39m))[33m.[39m[34mtoBeTruthy[39m()[33m;[39m
    [90m   | [39m                    [31m^[39m
    [90m1058| [39m    })[33m;[39m
    [90m1059| [39m  })[33m;[39m

[31m[2mÔÄ»ÔÄ»ÔÄ»ÔÄ»ÔÄ»ÔÄ»ÔÄ»ÔÄ»ÔÄ»ÔÄ»ÔÄ»ÔÄ»ÔÄ»ÔÄ»ÔÄ»ÔÄ»ÔÄ»ÔÄ»ÔÄ»ÔÄ»ÔÄ»[31/142
]ÔÄ»[22m[39m

[41m[1m FAIL [22m[49m __tests__/db/invoiceDB.test.ts[2m > [22mInvoiceDB 
- Dexie Database[2m > [22minvoices table[2m > [22mcr├®e une facture
[41m[1m FAIL [22m[49m __tests__/db/invoiceDB.test.ts[2m > [22mInvoiceDB 
- Dexie Database[2m > [22minvoices table[2m > [22mr├®cup├¿re une facture 
par ID
[41m[1m FAIL [22m[49m __tests__/db/invoiceDB.test.ts[2m > [22mInvoiceDB 
- Dexie Database[2m > [22minvoices table[2m > [22mmet ├á jour une facture
[41m[1m FAIL [22m[49m __tests__/db/invoiceDB.test.ts[2m > [22mInvoiceDB 
- Dexie Database[2m > [22minvoices table[2m > [22msupprime une facture
[41m[1m FAIL [22m[49m __tests__/db/invoiceDB.test.ts[2m > [22mInvoiceDB 
- Dexie Database[2m > [22minvoices table[2m > [22mliste toutes les factures
[41m[1m FAIL [22m[49m __tests__/db/invoiceDB.test.ts[2m > [22mInvoiceDB 
- Dexie Database[2m > [22minvoices table[2m > [22mfiltre par status
[41m[1m FAIL [22m[49m __tests__/db/invoiceDB.test.ts[2m > [22mInvoiceDB 
- Dexie Database[2m > [22minvoices table[2m > [22mfiltre par clientId
[41m[1m FAIL [22m[49m __tests__/db/invoiceDB.test.ts[2m > [22mInvoiceDB 
- Dexie Database[2m > [22minvoices table[2m > [22mfiltre par status
[41m[1m FAIL [22m[49m __tests__/db/invoiceDB.test.ts[2m > [22mInvoiceDB 
- Dexie Database[2m > [22minvoices table[2m > [22ml├¿ve une erreur si 
l'invoice existe d├®j├á
[41m[1m FAIL [22m[49m __tests__/db/invoiceDB.test.ts[2m > [22mInvoiceDB 
- Dexie Database[2m > [22minvoiceItems table[2m > [22mcr├®e un item
[41m[1m FAIL [22m[49m __tests__/db/invoiceDB.test.ts[2m > [22mInvoiceDB 
- Dexie Database[2m > [22minvoiceItems table[2m > [22mcr├®e et r├®cup├¿re 
un item
[41m[1m FAIL [22m[49m __tests__/db/invoiceDB.test.ts[2m > [22mInvoiceDB 
- Dexie Database[2m > [22minvoiceItems table[2m > [22msupporte plusieurs 
items
[41m[1m FAIL [22m[49m __tests__/db/invoiceDB.test.ts[2m > [22mInvoiceDB 
- Dexie Database[2m > [22mclients table[2m > [22mcr├®e un client
[41m[1m FAIL [22m[49m __tests__/db/invoiceDB.test.ts[2m > [22mInvoiceDB 
- Dexie Database[2m > [22mclients table[2m > [22mfiltre les clients actifs
[41m[1m FAIL [22m[49m __tests__/db/invoiceDB.test.ts[2m > [22mInvoiceDB 
- Dexie Database[2m > [22mclients table[2m > [22mrecherche par email
[41m[1m FAIL [22m[49m __tests__/db/invoiceDB.test.ts[2m > [22mInvoiceDB 
- Dexie Database[2m > [22mclients table[2m > [22mmet ├á jour un client
[41m[1m FAIL [22m[49m __tests__/db/invoiceDB.test.ts[2m > [22mInvoiceDB 
- Dexie Database[2m > [22mmulti-table transactions[2m > [22mcr├®e facture 
+ items atomiquement
[41m[1m FAIL [22m[49m __tests__/db/invoiceDB.test.ts[2m > [22mInvoiceDB 
- Dexie Database[2m > [22mperformance avec gros volumes[2m > [22mg├¿re 
1000 factures sans d├®grade
[41m[1m FAIL [22m[49m __tests__/db/invoiceDB.test.ts[2m > [22mInvoiceDB 
- Dexie Database[2m > [22mperformance avec gros volumes[2m > [22mcherche 
rapidement dans 1000 records
[41m[1m FAIL [22m[49m __tests__/db/invoiceDB.test.ts[2m > [22mInvoiceDB 
- Dexie Database[2m > [22msuppliers table[2m > [22mcr├®e un fournisseur
[41m[1m FAIL [22m[49m __tests__/db/invoiceDB.test.ts[2m > [22mInvoiceDB 
- Dexie Database[2m > [22msuppliers table[2m > [22mfiltre les fournisseurs 
actifs
[41m[1m FAIL [22m[49m __tests__/db/invoiceDB.test.ts[2m > [22mInvoiceDB 
- Dexie Database[2m > [22msuppliers table[2m > [22mmet ├á jour un 
fournisseur
[41m[1m FAIL [22m[49m __tests__/db/invoiceDB.test.ts[2m > [22mInvoiceDB 
- Dexie Database[2m > [22msuppliers table[2m > [22msupprime un fournisseur
[41m[1m FAIL [22m[49m __tests__/db/invoiceDB.test.ts[2m > [22mInvoiceDB 
- Dexie Database[2m > [22mproducts table[2m > [22mcr├®e un produit
[41m[1m FAIL [22m[49m __tests__/db/invoiceDB.test.ts[2m > [22mInvoiceDB 
- Dexie Database[2m > [22mproducts table[2m > [22mfiltre par cat├®gorie
[41m[1m FAIL [22m[49m __tests__/db/invoiceDB.test.ts[2m > [22mInvoiceDB 
- Dexie Database[2m > [22mproducts table[2m > [22mliste les produits actifs
[41m[1m FAIL [22m[49m __tests__/db/invoiceDB.test.ts[2m > [22mInvoiceDB 
- Dexie Database[2m > [22mexpenses table[2m > [22mcr├®e une d├®pense
[41m[1m FAIL [22m[49m __tests__/db/invoiceDB.test.ts[2m > [22mInvoiceDB 
- Dexie Database[2m > [22mexpenses table[2m > [22mfiltre par fournisseur
[41m[1m FAIL [22m[49m __tests__/db/invoiceDB.test.ts[2m > [22mInvoiceDB 
- Dexie Database[2m > [22mexpenses table[2m > [22mfiltre par cat├®gorie
[41m[1m FAIL [22m[49m __tests__/db/invoiceDB.test.ts[2m > [22mInvoiceDB 
- Dexie Database[2m > [22mexportData method[2m > [22mexporte toutes les 
tables en JSON
[41m[1m FAIL [22m[49m __tests__/db/invoiceDB.test.ts[2m > [22mInvoiceDB 
- Dexie Database[2m > [22mexportData method[2m > [22mexporte des donn├®es 
vides si la base est vide
[41m[1m FAIL [22m[49m __tests__/db/invoiceDB.test.ts[2m > [22mInvoiceDB 
- Dexie Database[2m > [22mexportData method[2m > [22mexporte correctement 
Decimal.js amounts
[41m[1m FAIL [22m[49m __tests__/db/invoiceDB.test.ts[2m > [22mInvoiceDB 
- Dexie Database[2m > [22mcalendarEvents table[2m > [22mcr├®e un 
├®v├®nement calendrier
[41m[1m FAIL [22m[49m __tests__/db/invoiceDB.test.ts[2m > [22mInvoiceDB 
- Dexie Database[2m > [22mcalendarEvents table[2m > [22mfiltre par client
[41m[1m FAIL [22m[49m __tests__/db/invoiceDB.test.ts[2m > [22mInvoiceDB 
- Dexie Database[2m > [22mcalendarEvents table[2m > [22mfiltre par facture
[41m[1m FAIL [22m[49m __tests__/db/invoiceDB.test.ts[2m > [22mInvoiceDB 
- Dexie Database[2m > [22memailTemplates table[2m > [22mcr├®e un template 
email
[41m[1m FAIL [22m[49m __tests__/db/invoiceDB.test.ts[2m > [22mInvoiceDB 
- Dexie Database[2m > [22memailTemplates table[2m > [22mr├®cup├¿re 
templates par type
[41m[1m FAIL [22m[49m __tests__/db/invoiceDB.test.ts[2m > [22mInvoiceDB 
- Dexie Database[2m > [22mchatMessages table[2m > [22mcr├®e un message chat
[41m[1m FAIL [22m[49m __tests__/db/invoiceDB.test.ts[2m > [22mInvoiceDB 
- Dexie Database[2m > [22mchatMessages table[2m > [22mliste messages par 
timestamp
[41m[1m FAIL [22m[49m __tests__/db/invoiceDB.test.ts[2m > [22mInvoiceDB 
- Dexie Database[2m > [22mclearAll method[2m > [22mvide compl├¿tement la 
base
[31m[1mTypeError[22m: Cannot read properties of undefined (reading 
'deleteDatabase')[39m
[90m [2mÔØ»[22m doDelete 
node_modules/dexie/dist/dexie.js:[2m5574:51[22m[39m
[90m [2mÔØ»[22m node_modules/dexie/dist/dexie.js:[2m5588:19[22m[39m
[90m [2mÔØ»[22m executePromiseTask 
node_modules/dexie/dist/dexie.js:[2m776:11[22m[39m
[90m [2mÔØ»[22m new DexiePromise 
node_modules/dexie/dist/dexie.js:[2m607:7[22m[39m
[90m [2mÔØ»[22m InvoiceDB.Dexie.delete 
node_modules/dexie/dist/dexie.js:[2m5571:18[22m[39m
[36m [2mÔØ»[22m InvoiceDB.clearAll db/invoiceDB.ts:[2m75:16[22m[39m
    [90m 73| [39m   */[39m
    [90m 74| [39m  [35masync[39m [34mclearAll[39m()[33m:[39m 
[33mPromise[39m[33m<[39m[35mvoid[39m[33m>[39m {
    [90m 75| [39m    [35mawait[39m 
[35mthis[39m[33m.[39m[35mdelete[39m()[33m;[39m
    [90m   | [39m               [31m^[39m
    [90m 76| [39m    [35mawait[39m 
[35mthis[39m[33m.[39m[34mopen[39m()[33m;[39m
    [90m 77| [39m  }
[90m [2mÔØ»[22m __tests__/db/invoiceDB.test.ts:[2m7:14[22m[39m

[31m[2mÔÄ»ÔÄ»ÔÄ»ÔÄ»ÔÄ»ÔÄ»ÔÄ»ÔÄ»ÔÄ»ÔÄ»ÔÄ»ÔÄ»ÔÄ»ÔÄ»ÔÄ»ÔÄ»ÔÄ»ÔÄ»ÔÄ»ÔÄ»ÔÄ»[32/142
]ÔÄ»[22m[39m

[41m[1m FAIL [22m[49m __tests__/db/invoiceDB.test.ts[2m > [22mInvoiceDB 
- Dexie Database[2m > [22minvoices table[2m > [22mcr├®e une facture
[41m[1m FAIL [22m[49m __tests__/db/invoiceDB.test.ts[2m > [22mInvoiceDB 
- Dexie Database[2m > [22minvoices table[2m > [22mr├®cup├¿re une facture 
par ID
[41m[1m FAIL [22m[49m __tests__/db/invoiceDB.test.ts[2m > [22mInvoiceDB 
- Dexie Database[2m > [22minvoices table[2m > [22mmet ├á jour une facture
[41m[1m FAIL [22m[49m __tests__/db/invoiceDB.test.ts[2m > [22mInvoiceDB 
- Dexie Database[2m > [22minvoices table[2m > [22msupprime une facture
[41m[1m FAIL [22m[49m __tests__/db/invoiceDB.test.ts[2m > [22mInvoiceDB 
- Dexie Database[2m > [22minvoices table[2m > [22mliste toutes les factures
[41m[1m FAIL [22m[49m __tests__/db/invoiceDB.test.ts[2m > [22mInvoiceDB 
- Dexie Database[2m > [22minvoices table[2m > [22mfiltre par status
[41m[1m FAIL [22m[49m __tests__/db/invoiceDB.test.ts[2m > [22mInvoiceDB 
- Dexie Database[2m > [22minvoices table[2m > [22mfiltre par clientId
[41m[1m FAIL [22m[49m __tests__/db/invoiceDB.test.ts[2m > [22mInvoiceDB 
- Dexie Database[2m > [22minvoices table[2m > [22mfiltre par status
[41m[1m FAIL [22m[49m __tests__/db/invoiceDB.test.ts[2m > [22mInvoiceDB 
- Dexie Database[2m > [22minvoices table[2m > [22ml├¿ve une erreur si 
l'invoice existe d├®j├á
[41m[1m FAIL [22m[49m __tests__/db/invoiceDB.test.ts[2m > [22mInvoiceDB 
- Dexie Database[2m > [22minvoiceItems table[2m > [22mcr├®e un item
[41m[1m FAIL [22m[49m __tests__/db/invoiceDB.test.ts[2m > [22mInvoiceDB 
- Dexie Database[2m > [22minvoiceItems table[2m > [22mcr├®e et r├®cup├¿re 
un item
[41m[1m FAIL [22m[49m __tests__/db/invoiceDB.test.ts[2m > [22mInvoiceDB 
- Dexie Database[2m > [22minvoiceItems table[2m > [22msupporte plusieurs 
items
[41m[1m FAIL [22m[49m __tests__/db/invoiceDB.test.ts[2m > [22mInvoiceDB 
- Dexie Database[2m > [22mclients table[2m > [22mcr├®e un client
[41m[1m FAIL [22m[49m __tests__/db/invoiceDB.test.ts[2m > [22mInvoiceDB 
- Dexie Database[2m > [22mclients table[2m > [22mfiltre les clients actifs
[41m[1m FAIL [22m[49m __tests__/db/invoiceDB.test.ts[2m > [22mInvoiceDB 
- Dexie Database[2m > [22mclients table[2m > [22mrecherche par email
[41m[1m FAIL [22m[49m __tests__/db/invoiceDB.test.ts[2m > [22mInvoiceDB 
- Dexie Database[2m > [22mclients table[2m > [22mmet ├á jour un client
[41m[1m FAIL [22m[49m __tests__/db/invoiceDB.test.ts[2m > [22mInvoiceDB 
- Dexie Database[2m > [22mmulti-table transactions[2m > [22mcr├®e facture 
+ items atomiquement
[41m[1m FAIL [22m[49m __tests__/db/invoiceDB.test.ts[2m > [22mInvoiceDB 
- Dexie Database[2m > [22mperformance avec gros volumes[2m > [22mg├¿re 
1000 factures sans d├®grade
[41m[1m FAIL [22m[49m __tests__/db/invoiceDB.test.ts[2m > [22mInvoiceDB 
- Dexie Database[2m > [22mperformance avec gros volumes[2m > [22mcherche 
rapidement dans 1000 records
[41m[1m FAIL [22m[49m __tests__/db/invoiceDB.test.ts[2m > [22mInvoiceDB 
- Dexie Database[2m > [22msuppliers table[2m > [22mcr├®e un fournisseur
[41m[1m FAIL [22m[49m __tests__/db/invoiceDB.test.ts[2m > [22mInvoiceDB 
- Dexie Database[2m > [22msuppliers table[2m > [22mfiltre les fournisseurs 
actifs
[41m[1m FAIL [22m[49m __tests__/db/invoiceDB.test.ts[2m > [22mInvoiceDB 
- Dexie Database[2m > [22msuppliers table[2m > [22mmet ├á jour un 
fournisseur
[41m[1m FAIL [22m[49m __tests__/db/invoiceDB.test.ts[2m > [22mInvoiceDB 
- Dexie Database[2m > [22msuppliers table[2m > [22msupprime un fournisseur
[41m[1m FAIL [22m[49m __tests__/db/invoiceDB.test.ts[2m > [22mInvoiceDB 
- Dexie Database[2m > [22mproducts table[2m > [22mcr├®e un produit
[41m[1m FAIL [22m[49m __tests__/db/invoiceDB.test.ts[2m > [22mInvoiceDB 
- Dexie Database[2m > [22mproducts table[2m > [22mfiltre par cat├®gorie
[41m[1m FAIL [22m[49m __tests__/db/invoiceDB.test.ts[2m > [22mInvoiceDB 
- Dexie Database[2m > [22mproducts table[2m > [22mliste les produits actifs
[41m[1m FAIL [22m[49m __tests__/db/invoiceDB.test.ts[2m > [22mInvoiceDB 
- Dexie Database[2m > [22mexpenses table[2m > [22mcr├®e une d├®pense
[41m[1m FAIL [22m[49m __tests__/db/invoiceDB.test.ts[2m > [22mInvoiceDB 
- Dexie Database[2m > [22mexpenses table[2m > [22mfiltre par fournisseur
[41m[1m FAIL [22m[49m __tests__/db/invoiceDB.test.ts[2m > [22mInvoiceDB 
- Dexie Database[2m > [22mexpenses table[2m > [22mfiltre par cat├®gorie
[41m[1m FAIL [22m[49m __tests__/db/invoiceDB.test.ts[2m > [22mInvoiceDB 
- Dexie Database[2m > [22mexportData method[2m > [22mexporte toutes les 
tables en JSON
[41m[1m FAIL [22m[49m __tests__/db/invoiceDB.test.ts[2m > [22mInvoiceDB 
- Dexie Database[2m > [22mexportData method[2m > [22mexporte des donn├®es 
vides si la base est vide
[41m[1m FAIL [22m[49m __tests__/db/invoiceDB.test.ts[2m > [22mInvoiceDB 
- Dexie Database[2m > [22mexportData method[2m > [22mexporte correctement 
Decimal.js amounts
[41m[1m FAIL [22m[49m __tests__/db/invoiceDB.test.ts[2m > [22mInvoiceDB 
- Dexie Database[2m > [22mcalendarEvents table[2m > [22mcr├®e un 
├®v├®nement calendrier
[41m[1m FAIL [22m[49m __tests__/db/invoiceDB.test.ts[2m > [22mInvoiceDB 
- Dexie Database[2m > [22mcalendarEvents table[2m > [22mfiltre par client
[41m[1m FAIL [22m[49m __tests__/db/invoiceDB.test.ts[2m > [22mInvoiceDB 
- Dexie Database[2m > [22mcalendarEvents table[2m > [22mfiltre par facture
[41m[1m FAIL [22m[49m __tests__/db/invoiceDB.test.ts[2m > [22mInvoiceDB 
- Dexie Database[2m > [22memailTemplates table[2m > [22mcr├®e un template 
email
[41m[1m FAIL [22m[49m __tests__/db/invoiceDB.test.ts[2m > [22mInvoiceDB 
- Dexie Database[2m > [22memailTemplates table[2m > [22mr├®cup├¿re 
templates par type
[41m[1m FAIL [22m[49m __tests__/db/invoiceDB.test.ts[2m > [22mInvoiceDB 
- Dexie Database[2m > [22mchatMessages table[2m > [22mcr├®e un message chat
[41m[1m FAIL [22m[49m __tests__/db/invoiceDB.test.ts[2m > [22mInvoiceDB 
- Dexie Database[2m > [22mchatMessages table[2m > [22mliste messages par 
timestamp
[41m[1m FAIL [22m[49m __tests__/db/invoiceDB.test.ts[2m > [22mInvoiceDB 
- Dexie Database[2m > [22mclearAll method[2m > [22mvide compl├¿tement la 
base
[31m[1mTypeError[22m: Cannot read properties of undefined (reading 
'deleteDatabase')[39m
[90m [2mÔØ»[22m doDelete 
node_modules/dexie/dist/dexie.js:[2m5574:51[22m[39m
[90m [2mÔØ»[22m node_modules/dexie/dist/dexie.js:[2m5588:19[22m[39m
[90m [2mÔØ»[22m executePromiseTask 
node_modules/dexie/dist/dexie.js:[2m776:11[22m[39m
[90m [2mÔØ»[22m new DexiePromise 
node_modules/dexie/dist/dexie.js:[2m607:7[22m[39m
[90m [2mÔØ»[22m InvoiceDB.Dexie.delete 
node_modules/dexie/dist/dexie.js:[2m5571:18[22m[39m
[36m [2mÔØ»[22m InvoiceDB.clearAll db/invoiceDB.ts:[2m75:16[22m[39m
    [90m 73| [39m   */[39m
    [90m 74| [39m  [35masync[39m [34mclearAll[39m()[33m:[39m 
[33mPromise[39m[33m<[39m[35mvoid[39m[33m>[39m {
    [90m 75| [39m    [35mawait[39m 
[35mthis[39m[33m.[39m[35mdelete[39m()[33m;[39m
    [90m   | [39m               [31m^[39m
    [90m 76| [39m    [35mawait[39m 
[35mthis[39m[33m.[39m[34mopen[39m()[33m;[39m
    [90m 77| [39m  }
[90m [2mÔØ»[22m __tests__/db/invoiceDB.test.ts:[2m11:14[22m[39m

[31m[2mÔÄ»ÔÄ»ÔÄ»ÔÄ»ÔÄ»ÔÄ»ÔÄ»ÔÄ»ÔÄ»ÔÄ»ÔÄ»ÔÄ»ÔÄ»ÔÄ»ÔÄ»ÔÄ»ÔÄ»ÔÄ»ÔÄ»ÔÄ»ÔÄ»[33/142
]ÔÄ»[22m[39m

[41m[1m FAIL [22m[49m __tests__/lib/exportUtils.test.ts[2m > 
[22mexportUtils[2m > [22mexportAsCSV[2m > [22mexporte les factures en CSV
[31m[1mAssertionError[22m: expected 
'id,number,date,dueDate,clientId,itemsÔÇª' to contain 'Client Test'[39m

[32m- Expected[39m
[31m+ Received[39m

[32m- Client Test[39m
[31m+ id,number,date,dueDate,clientId,items,total,status,type[39m
[31m+ inv-1,FAC-001,2026-03-21,2026-04-21,cli-1,"[{""id"":""itm-1"",""descript
ion"":""Service"",""quantity"":10,""unitPrice"":100,""vatRate"":20}]",1000,paid
,invoice[39m

[36m [2mÔØ»[22m __tests__/lib/exportUtils.test.ts:[2m129:19[22m[39m
    [90m127| [39m      
[34mexpect[39m(csv)[33m.[39m[34mtoBeDefined[39m()[33m;[39m
    [90m128| [39m      [34mexpect[39m(csv)[33m.[39m[34mtoContain[39m([
32m'FAC-001'[39m)[33m;[39m
    [90m129| [39m      
[34mexpect[39m(csv)[33m.[39m[34mtoContain[39m([32m'Client 
Test'[39m)[33m;[39m
    [90m   | [39m                  [31m^[39m
    [90m130| [39m    })[33m;[39m
    [90m131| [39m

[31m[2mÔÄ»ÔÄ»ÔÄ»ÔÄ»ÔÄ»ÔÄ»ÔÄ»ÔÄ»ÔÄ»ÔÄ»ÔÄ»ÔÄ»ÔÄ»ÔÄ»ÔÄ»ÔÄ»ÔÄ»ÔÄ»ÔÄ»ÔÄ»ÔÄ»[34/142
]ÔÄ»[22m[39m

[41m[1m FAIL [22m[49m __tests__/lib/exportUtils.test.ts[2m > 
[22mexportUtils[2m > [22mexportAsCSV[2m > [22minclut les headers 
automatiquement
[31m[1mAssertionError[22m: expected 
'id,number,date,dueDate,clientId,itemsÔÇª' to contain 'customerName'[39m

Expected: [32m"[7mcustomerNam[27me"[39m
Received: 
[31m"[7mid,number,date,dueDate,clientId,items,total,status,typ[27me"[39m

[36m [2mÔØ»[22m __tests__/lib/exportUtils.test.ts:[2m140:22[22m[39m
    [90m138| [39m      [34mexpect[39m(header)[33m.[39m[34mtoContain[39m
([32m'id'[39m)[33m;[39m
    [90m139| [39m      [34mexpect[39m(header)[33m.[39m[34mtoContain[39m
([32m'number'[39m)[33m;[39m
    [90m140| [39m      [34mexpect[39m(header)[33m.[39m[34mtoContain[39m
([32m'customerName'[39m)[33m;[39m
    [90m   | [39m                     [31m^[39m
    [90m141| [39m    })[33m;[39m
    [90m142| [39m

[31m[2mÔÄ»ÔÄ»ÔÄ»ÔÄ»ÔÄ»ÔÄ»ÔÄ»ÔÄ»ÔÄ»ÔÄ»ÔÄ»ÔÄ»ÔÄ»ÔÄ»ÔÄ»ÔÄ»ÔÄ»ÔÄ»ÔÄ»ÔÄ»ÔÄ»[35/142
]ÔÄ»[22m[39m

[41m[1m FAIL [22m[49m __tests__/lib/exportUtils.test.ts[2m > 
[22mexportUtils[2m > [22mPerformance[2m > [22mexporte 1000 factures 
rapidement en CSV
[31m[1mAssertionError[22m: expected [ ÔÇª(1001) ] to have a length of 1002 
but got 1001[39m

[32m- Expected[39m
[31m+ Received[39m

[32m- 1002[39m
[31m+ 1001[39m

[36m [2mÔØ»[22m __tests__/lib/exportUtils.test.ts:[2m346:31[22m[39m
    [90m344| [39m
    [90m345| [39m      [34mexpect[39m(duration)[33m.[39m[34mtoBeLessThan
[39m([34m500[39m)[33m;[39m
    [90m346| [39m      expect(csv.split('\n')).toHaveLength(1001 + 1); // 
Header + 1000ÔÇª
    [90m   | [39m                              [31m^[39m
    [90m347| [39m    })[33m;[39m
    [90m348| [39m  })[33m;[39m

[31m[2mÔÄ»ÔÄ»ÔÄ»ÔÄ»ÔÄ»ÔÄ»ÔÄ»ÔÄ»ÔÄ»ÔÄ»ÔÄ»ÔÄ»ÔÄ»ÔÄ»ÔÄ»ÔÄ»ÔÄ»ÔÄ»ÔÄ»ÔÄ»ÔÄ»[36/142
]ÔÄ»[22m[39m

[41m[1m FAIL [22m[49m __tests__/lib/exportUtils.test.ts[2m > 
[22mexportUtils[2m > [22mFile Size & Streaming[2m > [22mproduit un JSON 
de taille raisonnable pour 1000 factures
[31m[1mAssertionError[22m: expected 237249 to be less than 200000[39m
[36m [2mÔØ»[22m __tests__/lib/exportUtils.test.ts:[2m523:27[22m[39m
    [90m521| [39m
    [90m522| [39m      [90m// Pour 1000 factures simples : ~100KB max[39m
    [90m523| [39m      [34mexpect[39m(json[33m.[39mlength)[33m.[39m[34
mtoBeLessThan[39m([34m200000[39m)[33m;[39m
    [90m   | [39m                          [31m^[39m
    [90m524| [39m    })[33m;[39m
    [90m525| [39m

[31m[2mÔÄ»ÔÄ»ÔÄ»ÔÄ»ÔÄ»ÔÄ»ÔÄ»ÔÄ»ÔÄ»ÔÄ»ÔÄ»ÔÄ»ÔÄ»ÔÄ»ÔÄ»ÔÄ»ÔÄ»ÔÄ»ÔÄ»ÔÄ»ÔÄ»[37/142
]ÔÄ»[22m[39m

[41m[1m FAIL [22m[49m __tests__/lib/facturX.test.ts[2m > [22mfacturX - 
Factur-X XML Generation[2m > [22mgenerateFacturX_XML[2m > [22mcalcule 
correctement les totaux HT et TTC
[31m[1mAssertionError[22m: expected '<?xml version="1.0" 
encoding="UTF-8"?ÔÇª' to contain '950'[39m

[32m- Expected[39m
[31m+ Received[39m

[32m- 950[39m
[31m+ <?xml version="1.0" encoding="UTF-8"?>[39m
[31m+ <rsm:CrossIndustryInvoice 
xmlns:a="urn:un:unece:uncefact:data:standard:QualifiedDataType:100" 
xmlns:rsm="urn:un:unece:uncefact:data:standard:CrossIndustryInvoice:100" 
xmlns:qdt="urn:un:unece:uncefact:data:standard:QualifiedDataType:10" xmlns:ram=
"urn:un:unece:uncefact:data:standard:ReusableAggregateBusinessInformationEntity
:100" xmlns:xs="http://www.w3.org/2001/XMLSchema" 
xmlns:udt="urn:un:unece:uncefact:data:standard:UnqualifiedDataType:100">[39m
[31m+   <rsm:ExchangedDocumentContext>[39m
[31m+     <ram:GuidelineSpecifiedDocumentContextParameter>[39m
[31m+       <ram:ID>urn:factur-x.eu:1p0:basic</ram:ID>[39m
[31m+     </ram:GuidelineSpecifiedDocumentContextParameter>[39m
[31m+   </rsm:ExchangedDocumentContext>[39m
[31m+   <rsm:ExchangedDocument>[39m
[31m+     <ram:ID>FAC-2026-001</ram:ID>[39m
[31m+     <ram:TypeCode>380</ram:TypeCode>[39m
[31m+     <ram:IssueDateTime>[39m
[31m+       <udt:DateTimeString 
format="102">20260321</udt:DateTimeString>[39m
[31m+     </ram:IssueDateTime>[39m
[31m+   </rsm:ExchangedDocument>[39m
[31m+   <rsm:SupplyChainTradeTransaction>[39m
[31m+     [39m
[31m+     <ram:IncludedSupplyChainTradeLineItem>[39m
[31m+       <ram:AssociatedDocumentLineDocument>[39m
[31m+         <ram:LineID>1</ram:LineID>[39m
[31m+       </ram:AssociatedDocumentLineDocument>[39m
[31m+       <ram:SpecifiedTradeProduct>[39m
[31m+         <ram:Name>D├®veloppement application web</ram:Name>[39m
[31m+       </ram:SpecifiedTradeProduct>[39m
[31m+       <ram:SpecifiedLineTradeAgreement>[39m
[31m+         <ram:NetPriceProductTradePrice>[39m
[31m+           <ram:ChargeAmount>100.00</ram:ChargeAmount>[39m
[31m+         </ram:NetPriceProductTradePrice>[39m
[31m+       </ram:SpecifiedLineTradeAgreement>[39m
[31m+       <ram:SpecifiedLineTradeDelivery>[39m
[31m+         <ram:BilledQuantity unitCode="C62">40</ram:BilledQuantity>[39m
[31m+       </ram:SpecifiedLineTradeDelivery>[39m
[31m+       <ram:SpecifiedLineTradeSettlement>[39m
[31m+         <ram:ApplicableTradeTax>[39m
[31m+           <ram:TypeCode>VAT</ram:TypeCode>[39m
[31m+           <ram:CategoryCode>S</ram:CategoryCode>[39m
[31m+           <ram:RateApplicablePercent>20</ram:RateApplicablePercent>[39m
[31m+         </ram:ApplicableTradeTax>[39m
[31m+         <ram:SpecifiedTradeSettlementLineMonetarySummation>[39m
[31m+           <ram:LineTotalAmount>4000.00</ram:LineTotalAmount>[39m
[31m+         </ram:SpecifiedTradeSettlementLineMonetarySummation>[39m
[31m+       </ram:SpecifiedLineTradeSettlement>[39m
[31m+     </ram:IncludedSupplyChainTradeLineItem>[39m
[31m+     <ram:IncludedSupplyChainTradeLineItem>[39m
[31m+       <ram:AssociatedDocumentLineDocument>[39m
[31m+         <ram:LineID>2</ram:LineID>[39m
[31m+       </ram:AssociatedDocumentLineDocument>[39m
[31m+       <ram:SpecifiedTradeProduct>[39m
[31m+         <ram:Name>Consultation</ram:Name>[39m
[31m+       </ram:SpecifiedTradeProduct>[39m
[31m+       <ram:SpecifiedLineTradeAgreement>[39m
[31m+         <ram:NetPriceProductTradePrice>[39m
[31m+           <ram:ChargeAmount>150.00</ram:ChargeAmount>[39m
[31m+         </ram:NetPriceProductTradePrice>[39m
[31m+       </ram:SpecifiedLineTradeAgreement>[39m
[31m+       <ram:SpecifiedLineTradeDelivery>[39m
[31m+         <ram:BilledQuantity unitCode="C62">5</ram:BilledQuantity>[39m
[31m+       </ram:SpecifiedLineTradeDelivery>[39m
[31m+       <ram:SpecifiedLineTradeSettlement>[39m
[31m+         <ram:ApplicableTradeTax>[39m
[31m+           <ram:TypeCode>VAT</ram:TypeCode>[39m
[31m+           <ram:CategoryCode>S</ram:CategoryCode>[39m
[31m+           <ram:RateApplicablePercent>20</ram:RateApplicablePercent>[39m
[31m+         </ram:ApplicableTradeTax>[39m
[31m+         <ram:SpecifiedTradeSettlementLineMonetarySummation>[39m
[31m+           <ram:LineTotalAmount>750.00</ram:LineTotalAmount>[39m
[31m+         </ram:SpecifiedTradeSettlementLineMonetarySummation>[39m
[31m+       </ram:SpecifiedLineTradeSettlement>[39m
[31m+     </ram:IncludedSupplyChainTradeLineItem>[39m
[31m+     <ram:ApplicableHeaderTradeAgreement>[39m
[31m+       <ram:SellerTradeParty>[39m
[31m+         <ram:Name>Ma Micro-Entreprise SARL</ram:Name>[39m
[31m+         <ram:SpecifiedLegalOrganization>[39m
[31m+           <ram:ID schemeID="0002">12345678901234</ram:ID>[39m
[31m+         </ram:SpecifiedLegalOrganization>[39m
[31m+       </ram:SellerTradeParty>[39m
[31m+       <ram:BuyerTradeParty>[39m
[31m+         <ram:Name>Client SARL</ram:Name>[39m
[31m+         <ram:SpecifiedLegalOrganization>[39m
[31m+           <ram:ID schemeID="0002">98765432109876</ram:ID>[39m
[31m+         </ram:SpecifiedLegalOrganization>[39m
[31m+       </ram:BuyerTradeParty>[39m
[31m+     </ram:ApplicableHeaderTradeAgreement>[39m
[31m+     <ram:ApplicableHeaderTradeDelivery/>[39m
[31m+     <ram:ApplicableHeaderTradeSettlement>[39m
[31m+       <ram:InvoiceCurrencyCode>EUR</ram:InvoiceCurrencyCode>[39m
[31m+       <ram:SpecifiedTradeSettlementHeaderMonetarySummation>[39m
[31m+         <ram:TaxBasisTotalAmount>4750</ram:TaxBasisTotalAmount>[39m
[31m+         <ram:TaxTotalAmount currencyID="EUR">0</ram:TaxTotalAmount>[39m
[31m+         <ram:GrandTotalAmount>4750</ram:GrandTotalAmount>[39m
[31m+         <ram:DuePayableAmount>4750</ram:DuePayableAmount>[39m
[31m+       </ram:SpecifiedTradeSettlementHeaderMonetarySummation>[39m
[31m+     </ram:ApplicableHeaderTradeSettlement>[39m
[31m+   </rsm:SupplyChainTradeTransaction>[39m
[31m+ </rsm:CrossIndustryInvoice>[39m

[36m [2mÔØ»[22m __tests__/lib/facturX.test.ts:[2m180:19[22m[39m
    [90m178| [39m      [34mexpect[39m(xml)[33m.[39m[34mtoContain[39m([
32m'4750'[39m)[33m;[39m
    [90m179| [39m      [90m// TVA = 950 euros[39m
    [90m180| [39m      
[34mexpect[39m(xml)[33m.[39m[34mtoContain[39m([32m'950'[39m)[33m;[39m
    [90m   | [39m                  [31m^[39m
    [90m181| [39m      [90m// Total TTC = 5700 euros[39m
    [90m182| [39m      [34mexpect[39m(xml)[33m.[39m[34mtoContain[39m([
32m'5700'[39m)[33m;[39m

[31m[2mÔÄ»ÔÄ»ÔÄ»ÔÄ»ÔÄ»ÔÄ»ÔÄ»ÔÄ»ÔÄ»ÔÄ»ÔÄ»ÔÄ»ÔÄ»ÔÄ»ÔÄ»ÔÄ»ÔÄ»ÔÄ»ÔÄ»ÔÄ»ÔÄ»[38/142
]ÔÄ»[22m[39m

[41m[1m FAIL [22m[49m __tests__/lib/facturX.test.ts[2m > [22mfacturX - 
Factur-X XML Generation[2m > [22mgenerateFacturX_XML[2m > [22minclut les 
adresses compl├¿tes du vendeur et acheteur
[31m[1mAssertionError[22m: expected '<?xml version="1.0" 
encoding="UTF-8"?ÔÇª' to contain '123 Rue de Paris'[39m

[32m- Expected[39m
[31m+ Received[39m

[32m- 123 Rue de Paris[39m
[31m+ <?xml version="1.0" encoding="UTF-8"?>[39m
[31m+ <rsm:CrossIndustryInvoice 
xmlns:a="urn:un:unece:uncefact:data:standard:QualifiedDataType:100" 
xmlns:rsm="urn:un:unece:uncefact:data:standard:CrossIndustryInvoice:100" 
xmlns:qdt="urn:un:unece:uncefact:data:standard:QualifiedDataType:10" xmlns:ram=
"urn:un:unece:uncefact:data:standard:ReusableAggregateBusinessInformationEntity
:100" xmlns:xs="http://www.w3.org/2001/XMLSchema" 
xmlns:udt="urn:un:unece:uncefact:data:standard:UnqualifiedDataType:100">[39m
[31m+   <rsm:ExchangedDocumentContext>[39m
[31m+     <ram:GuidelineSpecifiedDocumentContextParameter>[39m
[31m+       <ram:ID>urn:factur-x.eu:1p0:basic</ram:ID>[39m
[31m+     </ram:GuidelineSpecifiedDocumentContextParameter>[39m
[31m+   </rsm:ExchangedDocumentContext>[39m
[31m+   <rsm:ExchangedDocument>[39m
[31m+     <ram:ID>FAC-2026-001</ram:ID>[39m
[31m+     <ram:TypeCode>380</ram:TypeCode>[39m
[31m+     <ram:IssueDateTime>[39m
[31m+       <udt:DateTimeString 
format="102">20260321</udt:DateTimeString>[39m
[31m+     </ram:IssueDateTime>[39m
[31m+   </rsm:ExchangedDocument>[39m
[31m+   <rsm:SupplyChainTradeTransaction>[39m
[31m+     [39m
[31m+     <ram:IncludedSupplyChainTradeLineItem>[39m
[31m+       <ram:AssociatedDocumentLineDocument>[39m
[31m+         <ram:LineID>1</ram:LineID>[39m
[31m+       </ram:AssociatedDocumentLineDocument>[39m
[31m+       <ram:SpecifiedTradeProduct>[39m
[31m+         <ram:Name>D├®veloppement application web</ram:Name>[39m
[31m+       </ram:SpecifiedTradeProduct>[39m
[31m+       <ram:SpecifiedLineTradeAgreement>[39m
[31m+         <ram:NetPriceProductTradePrice>[39m
[31m+           <ram:ChargeAmount>100.00</ram:ChargeAmount>[39m
[31m+         </ram:NetPriceProductTradePrice>[39m
[31m+       </ram:SpecifiedLineTradeAgreement>[39m
[31m+       <ram:SpecifiedLineTradeDelivery>[39m
[31m+         <ram:BilledQuantity unitCode="C62">40</ram:BilledQuantity>[39m
[31m+       </ram:SpecifiedLineTradeDelivery>[39m
[31m+       <ram:SpecifiedLineTradeSettlement>[39m
[31m+         <ram:ApplicableTradeTax>[39m
[31m+           <ram:TypeCode>VAT</ram:TypeCode>[39m
[31m+           <ram:CategoryCode>S</ram:CategoryCode>[39m
[31m+           <ram:RateApplicablePercent>20</ram:RateApplicablePercent>[39m
[31m+         </ram:ApplicableTradeTax>[39m
[31m+         <ram:SpecifiedTradeSettlementLineMonetarySummation>[39m
[31m+           <ram:LineTotalAmount>4000.00</ram:LineTotalAmount>[39m
[31m+         </ram:SpecifiedTradeSettlementLineMonetarySummation>[39m
[31m+       </ram:SpecifiedLineTradeSettlement>[39m
[31m+     </ram:IncludedSupplyChainTradeLineItem>[39m
[31m+     <ram:IncludedSupplyChainTradeLineItem>[39m
[31m+       <ram:AssociatedDocumentLineDocument>[39m
[31m+         <ram:LineID>2</ram:LineID>[39m
[31m+       </ram:AssociatedDocumentLineDocument>[39m
[31m+       <ram:SpecifiedTradeProduct>[39m
[31m+         <ram:Name>Consultation</ram:Name>[39m
[31m+       </ram:SpecifiedTradeProduct>[39m
[31m+       <ram:SpecifiedLineTradeAgreement>[39m
[31m+         <ram:NetPriceProductTradePrice>[39m
[31m+           <ram:ChargeAmount>150.00</ram:ChargeAmount>[39m
[31m+         </ram:NetPriceProductTradePrice>[39m
[31m+       </ram:SpecifiedLineTradeAgreement>[39m
[31m+       <ram:SpecifiedLineTradeDelivery>[39m
[31m+         <ram:BilledQuantity unitCode="C62">5</ram:BilledQuantity>[39m
[31m+       </ram:SpecifiedLineTradeDelivery>[39m
[31m+       <ram:SpecifiedLineTradeSettlement>[39m
[31m+         <ram:ApplicableTradeTax>[39m
[31m+           <ram:TypeCode>VAT</ram:TypeCode>[39m
[31m+           <ram:CategoryCode>S</ram:CategoryCode>[39m
[31m+           <ram:RateApplicablePercent>20</ram:RateApplicablePercent>[39m
[31m+         </ram:ApplicableTradeTax>[39m
[31m+         <ram:SpecifiedTradeSettlementLineMonetarySummation>[39m
[31m+           <ram:LineTotalAmount>750.00</ram:LineTotalAmount>[39m
[31m+         </ram:SpecifiedTradeSettlementLineMonetarySummation>[39m
[31m+       </ram:SpecifiedLineTradeSettlement>[39m
[31m+     </ram:IncludedSupplyChainTradeLineItem>[39m
[31m+     <ram:ApplicableHeaderTradeAgreement>[39m
[31m+       <ram:SellerTradeParty>[39m
[31m+         <ram:Name>Ma Micro-Entreprise SARL</ram:Name>[39m
[31m+         <ram:SpecifiedLegalOrganization>[39m
[31m+           <ram:ID schemeID="0002">12345678901234</ram:ID>[39m
[31m+         </ram:SpecifiedLegalOrganization>[39m
[31m+       </ram:SellerTradeParty>[39m
[31m+       <ram:BuyerTradeParty>[39m
[31m+         <ram:Name>Client SARL</ram:Name>[39m
[31m+         <ram:SpecifiedLegalOrganization>[39m
[31m+           <ram:ID schemeID="0002">98765432109876</ram:ID>[39m
[31m+         </ram:SpecifiedLegalOrganization>[39m
[31m+       </ram:BuyerTradeParty>[39m
[31m+     </ram:ApplicableHeaderTradeAgreement>[39m
[31m+     <ram:ApplicableHeaderTradeDelivery/>[39m
[31m+     <ram:ApplicableHeaderTradeSettlement>[39m
[31m+       <ram:InvoiceCurrencyCode>EUR</ram:InvoiceCurrencyCode>[39m
[31m+       <ram:SpecifiedTradeSettlementHeaderMonetarySummation>[39m
[31m+         <ram:TaxBasisTotalAmount>4750</ram:TaxBasisTotalAmount>[39m
[31m+         <ram:TaxTotalAmount currencyID="EUR">0</ram:TaxTotalAmount>[39m
[31m+         <ram:GrandTotalAmount>4750</ram:GrandTotalAmount>[39m
[31m+         <ram:DuePayableAmount>4750</ram:DuePayableAmount>[39m
[31m+       </ram:SpecifiedTradeSettlementHeaderMonetarySummation>[39m
[31m+     </ram:ApplicableHeaderTradeSettlement>[39m
[31m+   </rsm:SupplyChainTradeTransaction>[39m
[31m+ </rsm:CrossIndustryInvoice>[39m

[36m [2mÔØ»[22m __tests__/lib/facturX.test.ts:[2m188:19[22m[39m
    [90m186| [39m      const xml = generateFacturX_XML(mockInvoice, 
mockClient, mockUseÔÇª
    [90m187| [39m
    [90m188| [39m      
[34mexpect[39m(xml)[33m.[39m[34mtoContain[39m([32m'123 Rue de 
Paris'[39m)[33m;[39m
    [90m   | [39m                  [31m^[39m
    [90m189| [39m      [34mexpect[39m(xml)[33m.[39m[34mtoContain[39m([
32m'75001'[39m)[33m;[39m
    [90m190| [39m      
[34mexpect[39m(xml)[33m.[39m[34mtoContain[39m([32m'456 Rue de 
Lyon'[39m)[33m;[39m

[31m[2mÔÄ»ÔÄ»ÔÄ»ÔÄ»ÔÄ»ÔÄ»ÔÄ»ÔÄ»ÔÄ»ÔÄ»ÔÄ»ÔÄ»ÔÄ»ÔÄ»ÔÄ»ÔÄ»ÔÄ»ÔÄ»ÔÄ»ÔÄ»ÔÄ»[39/142
]ÔÄ»[22m[39m

[41m[1m FAIL [22m[49m __tests__/lib/facturX.test.ts[2m > [22mfacturX - 
Factur-X XML Generation[2m > [22mgenerateFacturX_XML[2m > [22mg├¿re le 
code Z (zero rated)
[31m[1mAssertionError[22m: expected '<?xml version="1.0" 
encoding="UTF-8"?ÔÇª' to contain 'Z'[39m

[32m- Expected[39m
[31m+ Received[39m

[32m- Z[39m
[31m+ <?xml version="1.0" encoding="UTF-8"?>[39m
[31m+ <rsm:CrossIndustryInvoice 
xmlns:a="urn:un:unece:uncefact:data:standard:QualifiedDataType:100" 
xmlns:rsm="urn:un:unece:uncefact:data:standard:CrossIndustryInvoice:100" 
xmlns:qdt="urn:un:unece:uncefact:data:standard:QualifiedDataType:10" xmlns:ram=
"urn:un:unece:uncefact:data:standard:ReusableAggregateBusinessInformationEntity
:100" xmlns:xs="http://www.w3.org/2001/XMLSchema" 
xmlns:udt="urn:un:unece:uncefact:data:standard:UnqualifiedDataType:100">[39m
[31m+   <rsm:ExchangedDocumentContext>[39m
[31m+     <ram:GuidelineSpecifiedDocumentContextParameter>[39m
[31m+       <ram:ID>urn:factur-x.eu:1p0:basic</ram:ID>[39m
[31m+     </ram:GuidelineSpecifiedDocumentContextParameter>[39m
[31m+   </rsm:ExchangedDocumentContext>[39m
[31m+   <rsm:ExchangedDocument>[39m
[31m+     <ram:ID>FAC-2026-001</ram:ID>[39m
[31m+     <ram:TypeCode>380</ram:TypeCode>[39m
[31m+     <ram:IssueDateTime>[39m
[31m+       <udt:DateTimeString 
format="102">20260321</udt:DateTimeString>[39m
[31m+     </ram:IssueDateTime>[39m
[31m+   </rsm:ExchangedDocument>[39m
[31m+   <rsm:SupplyChainTradeTransaction>[39m
[31m+     [39m
[31m+     <ram:IncludedSupplyChainTradeLineItem>[39m
[31m+       <ram:AssociatedDocumentLineDocument>[39m
[31m+         <ram:LineID>1</ram:LineID>[39m
[31m+       </ram:AssociatedDocumentLineDocument>[39m
[31m+       <ram:SpecifiedTradeProduct>[39m
[31m+         <ram:Name>D├®veloppement application web</ram:Name>[39m
[31m+       </ram:SpecifiedTradeProduct>[39m
[31m+       <ram:SpecifiedLineTradeAgreement>[39m
[31m+         <ram:NetPriceProductTradePrice>[39m
[31m+           <ram:ChargeAmount>100.00</ram:ChargeAmount>[39m
[31m+         </ram:NetPriceProductTradePrice>[39m
[31m+       </ram:SpecifiedLineTradeAgreement>[39m
[31m+       <ram:SpecifiedLineTradeDelivery>[39m
[31m+         <ram:BilledQuantity unitCode="C62">40</ram:BilledQuantity>[39m
[31m+       </ram:SpecifiedLineTradeDelivery>[39m
[31m+       <ram:SpecifiedLineTradeSettlement>[39m
[31m+         <ram:ApplicableTradeTax>[39m
[31m+           <ram:TypeCode>VAT</ram:TypeCode>[39m
[31m+           <ram:CategoryCode>E</ram:CategoryCode>[39m
[31m+           <ram:RateApplicablePercent>0</ram:RateApplicablePercent>[39m
[31m+         </ram:ApplicableTradeTax>[39m
[31m+         <ram:SpecifiedTradeSettlementLineMonetarySummation>[39m
[31m+           <ram:LineTotalAmount>4000.00</ram:LineTotalAmount>[39m
[31m+         </ram:SpecifiedTradeSettlementLineMonetarySummation>[39m
[31m+       </ram:SpecifiedLineTradeSettlement>[39m
[31m+     </ram:IncludedSupplyChainTradeLineItem>[39m
[31m+     <ram:ApplicableHeaderTradeAgreement>[39m
[31m+       <ram:SellerTradeParty>[39m
[31m+         <ram:Name>Ma Micro-Entreprise SARL</ram:Name>[39m
[31m+         <ram:SpecifiedLegalOrganization>[39m
[31m+           <ram:ID schemeID="0002">12345678901234</ram:ID>[39m
[31m+         </ram:SpecifiedLegalOrganization>[39m
[31m+       </ram:SellerTradeParty>[39m
[31m+       <ram:BuyerTradeParty>[39m
[31m+         <ram:Name>Client SARL</ram:Name>[39m
[31m+         <ram:SpecifiedLegalOrganization>[39m
[31m+           <ram:ID schemeID="0002">98765432109876</ram:ID>[39m
[31m+         </ram:SpecifiedLegalOrganization>[39m
[31m+       </ram:BuyerTradeParty>[39m
[31m+     </ram:ApplicableHeaderTradeAgreement>[39m
[31m+     <ram:ApplicableHeaderTradeDelivery/>[39m
[31m+     <ram:ApplicableHeaderTradeSettlement>[39m
[31m+       <ram:InvoiceCurrencyCode>EUR</ram:InvoiceCurrencyCode>[39m
[31m+       <ram:SpecifiedTradeSettlementHeaderMonetarySummation>[39m
[31m+         <ram:TaxBasisTotalAmount>4750</ram:TaxBasisTotalAmount>[39m
[31m+         <ram:TaxTotalAmount currencyID="EUR">0</ram:TaxTotalAmount>[39m
[31m+         <ram:GrandTotalAmount>4750</ram:GrandTotalAmount>[39m
[31m+         <ram:DuePayableAmount>4750</ram:DuePayableAmount>[39m
[31m+       </ram:SpecifiedTradeSettlementHeaderMonetarySummation>[39m
[31m+     </ram:ApplicableHeaderTradeSettlement>[39m
[31m+   </rsm:SupplyChainTradeTransaction>[39m
[31m+ </rsm:CrossIndustryInvoice>[39m

[36m [2mÔØ»[22m __tests__/lib/facturX.test.ts:[2m223:19[22m[39m
    [90m221| [39m      }[33m;[39m
    [90m222| [39m      const xml = generateFacturX_XML(invoiceZ, mockClient, 
mockUserPrÔÇª
    [90m223| [39m      
[34mexpect[39m(xml)[33m.[39m[34mtoContain[39m([32m'Z'[39m)[33m;[39m 
[90m// Zero VAT[39m
    [90m   | [39m                  [31m^[39m
    [90m224| [39m    })[33m;[39m
    [90m225| [39m

[31m[2mÔÄ»ÔÄ»ÔÄ»ÔÄ»ÔÄ»ÔÄ»ÔÄ»ÔÄ»ÔÄ»ÔÄ»ÔÄ»ÔÄ»ÔÄ»ÔÄ»ÔÄ»ÔÄ»ÔÄ»ÔÄ»ÔÄ»ÔÄ»ÔÄ»[40/142
]ÔÄ»[22m[39m

[41m[1m FAIL [22m[49m __tests__/lib/facturX.test.ts[2m > [22mfacturX - 
Factur-X XML Generation[2m > [22mgenerateFacturX_XML[2m > [22minclut les 
conditions de paiement
[31m[1mAssertionError[22m: expected '<?xml version="1.0" 
encoding="UTF-8"?ÔÇª' to contain '2026-04-21'[39m

[32m- Expected[39m
[31m+ Received[39m

[32m- 2026-04-21[39m
[31m+ <?xml version="1.0" encoding="UTF-8"?>[39m
[31m+ <rsm:CrossIndustryInvoice 
xmlns:a="urn:un:unece:uncefact:data:standard:QualifiedDataType:100" 
xmlns:rsm="urn:un:unece:uncefact:data:standard:CrossIndustryInvoice:100" 
xmlns:qdt="urn:un:unece:uncefact:data:standard:QualifiedDataType:10" xmlns:ram=
"urn:un:unece:uncefact:data:standard:ReusableAggregateBusinessInformationEntity
:100" xmlns:xs="http://www.w3.org/2001/XMLSchema" 
xmlns:udt="urn:un:unece:uncefact:data:standard:UnqualifiedDataType:100">[39m
[31m+   <rsm:ExchangedDocumentContext>[39m
[31m+     <ram:GuidelineSpecifiedDocumentContextParameter>[39m
[31m+       <ram:ID>urn:factur-x.eu:1p0:basic</ram:ID>[39m
[31m+     </ram:GuidelineSpecifiedDocumentContextParameter>[39m
[31m+   </rsm:ExchangedDocumentContext>[39m
[31m+   <rsm:ExchangedDocument>[39m
[31m+     <ram:ID>FAC-2026-001</ram:ID>[39m
[31m+     <ram:TypeCode>380</ram:TypeCode>[39m
[31m+     <ram:IssueDateTime>[39m
[31m+       <udt:DateTimeString 
format="102">20260321</udt:DateTimeString>[39m
[31m+     </ram:IssueDateTime>[39m
[31m+   </rsm:ExchangedDocument>[39m
[31m+   <rsm:SupplyChainTradeTransaction>[39m
[31m+     [39m
[31m+     <ram:IncludedSupplyChainTradeLineItem>[39m
[31m+       <ram:AssociatedDocumentLineDocument>[39m
[31m+         <ram:LineID>1</ram:LineID>[39m
[31m+       </ram:AssociatedDocumentLineDocument>[39m
[31m+       <ram:SpecifiedTradeProduct>[39m
[31m+         <ram:Name>D├®veloppement application web</ram:Name>[39m
[31m+       </ram:SpecifiedTradeProduct>[39m
[31m+       <ram:SpecifiedLineTradeAgreement>[39m
[31m+         <ram:NetPriceProductTradePrice>[39m
[31m+           <ram:ChargeAmount>100.00</ram:ChargeAmount>[39m
[31m+         </ram:NetPriceProductTradePrice>[39m
[31m+       </ram:SpecifiedLineTradeAgreement>[39m
[31m+       <ram:SpecifiedLineTradeDelivery>[39m
[31m+         <ram:BilledQuantity unitCode="C62">40</ram:BilledQuantity>[39m
[31m+       </ram:SpecifiedLineTradeDelivery>[39m
[31m+       <ram:SpecifiedLineTradeSettlement>[39m
[31m+         <ram:ApplicableTradeTax>[39m
[31m+           <ram:TypeCode>VAT</ram:TypeCode>[39m
[31m+           <ram:CategoryCode>S</ram:CategoryCode>[39m
[31m+           <ram:RateApplicablePercent>20</ram:RateApplicablePercent>[39m
[31m+         </ram:ApplicableTradeTax>[39m
[31m+         <ram:SpecifiedTradeSettlementLineMonetarySummation>[39m
[31m+           <ram:LineTotalAmount>4000.00</ram:LineTotalAmount>[39m
[31m+         </ram:SpecifiedTradeSettlementLineMonetarySummation>[39m
[31m+       </ram:SpecifiedLineTradeSettlement>[39m
[31m+     </ram:IncludedSupplyChainTradeLineItem>[39m
[31m+     <ram:IncludedSupplyChainTradeLineItem>[39m
[31m+       <ram:AssociatedDocumentLineDocument>[39m
[31m+         <ram:LineID>2</ram:LineID>[39m
[31m+       </ram:AssociatedDocumentLineDocument>[39m
[31m+       <ram:SpecifiedTradeProduct>[39m
[31m+         <ram:Name>Consultation</ram:Name>[39m
[31m+       </ram:SpecifiedTradeProduct>[39m
[31m+       <ram:SpecifiedLineTradeAgreement>[39m
[31m+         <ram:NetPriceProductTradePrice>[39m
[31m+           <ram:ChargeAmount>150.00</ram:ChargeAmount>[39m
[31m+         </ram:NetPriceProductTradePrice>[39m
[31m+       </ram:SpecifiedLineTradeAgreement>[39m
[31m+       <ram:SpecifiedLineTradeDelivery>[39m
[31m+         <ram:BilledQuantity unitCode="C62">5</ram:BilledQuantity>[39m
[31m+       </ram:SpecifiedLineTradeDelivery>[39m
[31m+       <ram:SpecifiedLineTradeSettlement>[39m
[31m+         <ram:ApplicableTradeTax>[39m
[31m+           <ram:TypeCode>VAT</ram:TypeCode>[39m
[31m+           <ram:CategoryCode>S</ram:CategoryCode>[39m
[31m+           <ram:RateApplicablePercent>20</ram:RateApplicablePercent>[39m
[31m+         </ram:ApplicableTradeTax>[39m
[31m+         <ram:SpecifiedTradeSettlementLineMonetarySummation>[39m
[31m+           <ram:LineTotalAmount>750.00</ram:LineTotalAmount>[39m
[31m+         </ram:SpecifiedTradeSettlementLineMonetarySummation>[39m
[31m+       </ram:SpecifiedLineTradeSettlement>[39m
[31m+     </ram:IncludedSupplyChainTradeLineItem>[39m
[31m+     <ram:ApplicableHeaderTradeAgreement>[39m
[31m+       <ram:SellerTradeParty>[39m
[31m+         <ram:Name>Ma Micro-Entreprise SARL</ram:Name>[39m
[31m+         <ram:SpecifiedLegalOrganization>[39m
[31m+           <ram:ID schemeID="0002">12345678901234</ram:ID>[39m
[31m+         </ram:SpecifiedLegalOrganization>[39m
[31m+       </ram:SellerTradeParty>[39m
[31m+       <ram:BuyerTradeParty>[39m
[31m+         <ram:Name>Client SARL</ram:Name>[39m
[31m+         <ram:SpecifiedLegalOrganization>[39m
[31m+           <ram:ID schemeID="0002">98765432109876</ram:ID>[39m
[31m+         </ram:SpecifiedLegalOrganization>[39m
[31m+       </ram:BuyerTradeParty>[39m
[31m+     </ram:ApplicableHeaderTradeAgreement>[39m
[31m+     <ram:ApplicableHeaderTradeDelivery/>[39m
[31m+     <ram:ApplicableHeaderTradeSettlement>[39m
[31m+       <ram:InvoiceCurrencyCode>EUR</ram:InvoiceCurrencyCode>[39m
[31m+       <ram:SpecifiedTradeSettlementHeaderMonetarySummation>[39m
[31m+         <ram:TaxBasisTotalAmount>4750</ram:TaxBasisTotalAmount>[39m
[31m+         <ram:TaxTotalAmount currencyID="EUR">0</ram:TaxTotalAmount>[39m
[31m+         <ram:GrandTotalAmount>4750</ram:GrandTotalAmount>[39m
[31m+         <ram:DuePayableAmount>4750</ram:DuePayableAmount>[39m
[31m+       </ram:SpecifiedTradeSettlementHeaderMonetarySummation>[39m
[31m+     </ram:ApplicableHeaderTradeSettlement>[39m
[31m+   </rsm:SupplyChainTradeTransaction>[39m
[31m+ </rsm:CrossIndustryInvoice>[39m

[36m [2mÔØ»[22m __tests__/lib/facturX.test.ts:[2m252:19[22m[39m
    [90m250| [39m      const xml = generateFacturX_XML(invoiceDueDate, 
mockClient, mockÔÇª
    [90m251| [39m
    [90m252| [39m      [34mexpect[39m(xml)[33m.[39m[34mtoContain[39m([
32m'2026-04-21'[39m)[33m;[39m
    [90m   | [39m                  [31m^[39m
    [90m253| [39m    })[33m;[39m
    [90m254| [39m

[31m[2mÔÄ»ÔÄ»ÔÄ»ÔÄ»ÔÄ»ÔÄ»ÔÄ»ÔÄ»ÔÄ»ÔÄ»ÔÄ»ÔÄ»ÔÄ»ÔÄ»ÔÄ»ÔÄ»ÔÄ»ÔÄ»ÔÄ»ÔÄ»ÔÄ»[41/142
]ÔÄ»[22m[39m

[41m[1m FAIL [22m[49m __tests__/lib/facturX.test.ts[2m > [22mfacturX - 
Factur-X XML Generation[2m > [22mgenerateFacturX_XML[2m > [22m├®chappe 
correctement les caract├¿res XML sp├®ciaux
[31m[1mAssertionError[22m: expected '<?xml version="1.0" 
encoding="UTF-8"?ÔÇª' to contain '&amp;'[39m

[32m- Expected[39m
[31m+ Received[39m

[32m- &amp;[39m
[31m+ <?xml version="1.0" encoding="UTF-8"?>[39m
[31m+ <rsm:CrossIndustryInvoice 
xmlns:a="urn:un:unece:uncefact:data:standard:QualifiedDataType:100" 
xmlns:rsm="urn:un:unece:uncefact:data:standard:CrossIndustryInvoice:100" 
xmlns:qdt="urn:un:unece:uncefact:data:standard:QualifiedDataType:10" xmlns:ram=
"urn:un:unece:uncefact:data:standard:ReusableAggregateBusinessInformationEntity
:100" xmlns:xs="http://www.w3.org/2001/XMLSchema" 
xmlns:udt="urn:un:unece:uncefact:data:standard:UnqualifiedDataType:100">[39m
[31m+   <rsm:ExchangedDocumentContext>[39m
[31m+     <ram:GuidelineSpecifiedDocumentContextParameter>[39m
[31m+       <ram:ID>urn:factur-x.eu:1p0:basic</ram:ID>[39m
[31m+     </ram:GuidelineSpecifiedDocumentContextParameter>[39m
[31m+   </rsm:ExchangedDocumentContext>[39m
[31m+   <rsm:ExchangedDocument>[39m
[31m+     <ram:ID>FAC-2026-001</ram:ID>[39m
[31m+     <ram:TypeCode>380</ram:TypeCode>[39m
[31m+     <ram:IssueDateTime>[39m
[31m+       <udt:DateTimeString 
format="102">20260321</udt:DateTimeString>[39m
[31m+     </ram:IssueDateTime>[39m
[31m+   </rsm:ExchangedDocument>[39m
[31m+   <rsm:SupplyChainTradeTransaction>[39m
[31m+     [39m
[31m+     <ram:IncludedSupplyChainTradeLineItem>[39m
[31m+       <ram:AssociatedDocumentLineDocument>[39m
[31m+         <ram:LineID>1</ram:LineID>[39m
[31m+       </ram:AssociatedDocumentLineDocument>[39m
[31m+       <ram:SpecifiedTradeProduct>[39m
[31m+         <ram:Name>D├®veloppement application web</ram:Name>[39m
[31m+       </ram:SpecifiedTradeProduct>[39m
[31m+       <ram:SpecifiedLineTradeAgreement>[39m
[31m+         <ram:NetPriceProductTradePrice>[39m
[31m+           <ram:ChargeAmount>100.00</ram:ChargeAmount>[39m
[31m+         </ram:NetPriceProductTradePrice>[39m
[31m+       </ram:SpecifiedLineTradeAgreement>[39m
[31m+       <ram:SpecifiedLineTradeDelivery>[39m
[31m+         <ram:BilledQuantity unitCode="C62">40</ram:BilledQuantity>[39m
[31m+       </ram:SpecifiedLineTradeDelivery>[39m
[31m+       <ram:SpecifiedLineTradeSettlement>[39m
[31m+         <ram:ApplicableTradeTax>[39m
[31m+           <ram:TypeCode>VAT</ram:TypeCode>[39m
[31m+           <ram:CategoryCode>S</ram:CategoryCode>[39m
[31m+           <ram:RateApplicablePercent>20</ram:RateApplicablePercent>[39m
[31m+         </ram:ApplicableTradeTax>[39m
[31m+         <ram:SpecifiedTradeSettlementLineMonetarySummation>[39m
[31m+           <ram:LineTotalAmount>4000.00</ram:LineTotalAmount>[39m
[31m+         </ram:SpecifiedTradeSettlementLineMonetarySummation>[39m
[31m+       </ram:SpecifiedLineTradeSettlement>[39m
[31m+     </ram:IncludedSupplyChainTradeLineItem>[39m
[31m+     <ram:IncludedSupplyChainTradeLineItem>[39m
[31m+       <ram:AssociatedDocumentLineDocument>[39m
[31m+         <ram:LineID>2</ram:LineID>[39m
[31m+       </ram:AssociatedDocumentLineDocument>[39m
[31m+       <ram:SpecifiedTradeProduct>[39m
[31m+         <ram:Name>Consultation</ram:Name>[39m
[31m+       </ram:SpecifiedTradeProduct>[39m
[31m+       <ram:SpecifiedLineTradeAgreement>[39m
[31m+         <ram:NetPriceProductTradePrice>[39m
[31m+           <ram:ChargeAmount>150.00</ram:ChargeAmount>[39m
[31m+         </ram:NetPriceProductTradePrice>[39m
[31m+       </ram:SpecifiedLineTradeAgreement>[39m
[31m+       <ram:SpecifiedLineTradeDelivery>[39m
[31m+         <ram:BilledQuantity unitCode="C62">5</ram:BilledQuantity>[39m
[31m+       </ram:SpecifiedLineTradeDelivery>[39m
[31m+       <ram:SpecifiedLineTradeSettlement>[39m
[31m+         <ram:ApplicableTradeTax>[39m
[31m+           <ram:TypeCode>VAT</ram:TypeCode>[39m
[31m+           <ram:CategoryCode>S</ram:CategoryCode>[39m
[31m+           <ram:RateApplicablePercent>20</ram:RateApplicablePercent>[39m
[31m+         </ram:ApplicableTradeTax>[39m
[31m+         <ram:SpecifiedTradeSettlementLineMonetarySummation>[39m
[31m+           <ram:LineTotalAmount>750.00</ram:LineTotalAmount>[39m
[31m+         </ram:SpecifiedTradeSettlementLineMonetarySummation>[39m
[31m+       </ram:SpecifiedLineTradeSettlement>[39m
[31m+     </ram:IncludedSupplyChainTradeLineItem>[39m
[31m+     <ram:ApplicableHeaderTradeAgreement>[39m
[31m+       <ram:SellerTradeParty>[39m
[31m+         <ram:Name>Ma Micro-Entreprise SARL</ram:Name>[39m
[31m+         <ram:SpecifiedLegalOrganization>[39m
[31m+           <ram:ID schemeID="0002">12345678901234</ram:ID>[39m
[31m+         </ram:SpecifiedLegalOrganization>[39m
[31m+       </ram:SellerTradeParty>[39m
[31m+       <ram:BuyerTradeParty>[39m
[31m+         <ram:Name>Client & Associ├®s <SARL></ram:Name>[39m
[31m+         <ram:SpecifiedLegalOrganization>[39m
[31m+           <ram:ID schemeID="0002">98765432109876</ram:ID>[39m
[31m+         </ram:SpecifiedLegalOrganization>[39m
[31m+       </ram:BuyerTradeParty>[39m
[31m+     </ram:ApplicableHeaderTradeAgreement>[39m
[31m+     <ram:ApplicableHeaderTradeDelivery/>[39m
[31m+     <ram:ApplicableHeaderTradeSettlement>[39m
[31m+       <ram:InvoiceCurrencyCode>EUR</ram:InvoiceCurrencyCode>[39m
[31m+       <ram:SpecifiedTradeSettlementHeaderMonetarySummation>[39m
[31m+         <ram:TaxBasisTotalAmount>4750</ram:TaxBasisTotalAmount>[39m
[31m+         <ram:TaxTotalAmount currencyID="EUR">0</ram:TaxTotalAmount>[39m
[31m+         <ram:GrandTotalAmount>4750</ram:GrandTotalAmount>[39m
[31m+         <ram:DuePayableAmount>4750</ram:DuePayableAmount>[39m
[31m+       </ram:SpecifiedTradeSettlementHeaderMonetarySummation>[39m
[31m+     </ram:ApplicableHeaderTradeSettlement>[39m
[31m+   </rsm:SupplyChainTradeTransaction>[39m
[31m+ </rsm:CrossIndustryInvoice>[39m

[36m [2mÔØ»[22m __tests__/lib/facturX.test.ts:[2m284:19[22m[39m
    [90m282| [39m      const xml = generateFacturX_XML(mockInvoice, 
specialClient, mockÔÇª
    [90m283| [39m
    [90m284| [39m      [34mexpect[39m(xml)[33m.[39m[34mtoContain[39m([
32m'&amp;'[39m)[33m;[39m
    [90m   | [39m                  [31m^[39m
    [90m285| [39m      [34mexpect[39m(xml)[33m.[39m[34mtoContain[39m([
32m'&lt;'[39m)[33m;[39m
    [90m286| [39m      [34mexpect[39m(xml)[33m.[39m[34mtoContain[39m([
32m'&gt;'[39m)[33m;[39m

[31m[2mÔÄ»ÔÄ»ÔÄ»ÔÄ»ÔÄ»ÔÄ»ÔÄ»ÔÄ»ÔÄ»ÔÄ»ÔÄ»ÔÄ»ÔÄ»ÔÄ»ÔÄ»ÔÄ»ÔÄ»ÔÄ»ÔÄ»ÔÄ»ÔÄ»[42/142
]ÔÄ»[22m[39m

[41m[1m FAIL [22m[49m __tests__/lib/facturX.test.ts[2m > [22mfacturX - 
Factur-X XML Generation[2m > [22mgenerateFacturX_XML[2m > [22minclut 
compl├¿tement les adresses structur├®es (CodeListId)
[31m[1mAssertionError[22m: expected '<?xml version="1.0" 
encoding="UTF-8"?ÔÇª' to contain 'ram:PostalTradeAddress'[39m

[32m- Expected[39m
[31m+ Received[39m

[32m- ram:PostalTradeAddress[39m
[31m+ <?xml version="1.0" encoding="UTF-8"?>[39m
[31m+ <rsm:CrossIndustryInvoice 
xmlns:a="urn:un:unece:uncefact:data:standard:QualifiedDataType:100" 
xmlns:rsm="urn:un:unece:uncefact:data:standard:CrossIndustryInvoice:100" 
xmlns:qdt="urn:un:unece:uncefact:data:standard:QualifiedDataType:10" xmlns:ram=
"urn:un:unece:uncefact:data:standard:ReusableAggregateBusinessInformationEntity
:100" xmlns:xs="http://www.w3.org/2001/XMLSchema" 
xmlns:udt="urn:un:unece:uncefact:data:standard:UnqualifiedDataType:100">[39m
[31m+   <rsm:ExchangedDocumentContext>[39m
[31m+     <ram:GuidelineSpecifiedDocumentContextParameter>[39m
[31m+       <ram:ID>urn:factur-x.eu:1p0:basic</ram:ID>[39m
[31m+     </ram:GuidelineSpecifiedDocumentContextParameter>[39m
[31m+   </rsm:ExchangedDocumentContext>[39m
[31m+   <rsm:ExchangedDocument>[39m
[31m+     <ram:ID>FAC-2026-001</ram:ID>[39m
[31m+     <ram:TypeCode>380</ram:TypeCode>[39m
[31m+     <ram:IssueDateTime>[39m
[31m+       <udt:DateTimeString 
format="102">20260321</udt:DateTimeString>[39m
[31m+     </ram:IssueDateTime>[39m
[31m+   </rsm:ExchangedDocument>[39m
[31m+   <rsm:SupplyChainTradeTransaction>[39m
[31m+     [39m
[31m+     <ram:IncludedSupplyChainTradeLineItem>[39m
[31m+       <ram:AssociatedDocumentLineDocument>[39m
[31m+         <ram:LineID>1</ram:LineID>[39m
[31m+       </ram:AssociatedDocumentLineDocument>[39m
[31m+       <ram:SpecifiedTradeProduct>[39m
[31m+         <ram:Name>D├®veloppement application web</ram:Name>[39m
[31m+       </ram:SpecifiedTradeProduct>[39m
[31m+       <ram:SpecifiedLineTradeAgreement>[39m
[31m+         <ram:NetPriceProductTradePrice>[39m
[31m+           <ram:ChargeAmount>100.00</ram:ChargeAmount>[39m
[31m+         </ram:NetPriceProductTradePrice>[39m
[31m+       </ram:SpecifiedLineTradeAgreement>[39m
[31m+       <ram:SpecifiedLineTradeDelivery>[39m
[31m+         <ram:BilledQuantity unitCode="C62">40</ram:BilledQuantity>[39m
[31m+       </ram:SpecifiedLineTradeDelivery>[39m
[31m+       <ram:SpecifiedLineTradeSettlement>[39m
[31m+         <ram:ApplicableTradeTax>[39m
[31m+           <ram:TypeCode>VAT</ram:TypeCode>[39m
[31m+           <ram:CategoryCode>S</ram:CategoryCode>[39m
[31m+           <ram:RateApplicablePercent>20</ram:RateApplicablePercent>[39m
[31m+         </ram:ApplicableTradeTax>[39m
[31m+         <ram:SpecifiedTradeSettlementLineMonetarySummation>[39m
[31m+           <ram:LineTotalAmount>4000.00</ram:LineTotalAmount>[39m
[31m+         </ram:SpecifiedTradeSettlementLineMonetarySummation>[39m
[31m+       </ram:SpecifiedLineTradeSettlement>[39m
[31m+     </ram:IncludedSupplyChainTradeLineItem>[39m
[31m+     <ram:IncludedSupplyChainTradeLineItem>[39m
[31m+       <ram:AssociatedDocumentLineDocument>[39m
[31m+         <ram:LineID>2</ram:LineID>[39m
[31m+       </ram:AssociatedDocumentLineDocument>[39m
[31m+       <ram:SpecifiedTradeProduct>[39m
[31m+         <ram:Name>Consultation</ram:Name>[39m
[31m+       </ram:SpecifiedTradeProduct>[39m
[31m+       <ram:SpecifiedLineTradeAgreement>[39m
[31m+         <ram:NetPriceProductTradePrice>[39m
[31m+           <ram:ChargeAmount>150.00</ram:ChargeAmount>[39m
[31m+         </ram:NetPriceProductTradePrice>[39m

[2m Test Files [22m [1m[31m6 failed[39m[22m[2m | [22m[1m[32m10 passed[39m[22m[90m (16)[39m
[2m      Tests [22m [1m[31m102 failed[39m[22m[2m | [22m[1m[32m346 passed[39m[22m[90m (448)[39m
[31m+       </ram:SpecifiedLineTradeAgreement>[39m
[31m+       <ram:SpecifiedLineTradeDelivery>[39m
[31m+         <ram:BilledQuantity unitCode="C62">5</ram:BilledQuantity>[39m
[2m     Errors [22m [1m[31m2 errors[39m[22m
[2m   Start at [22m 00:10:46
[2m   Duration [22m 31.01s[2m (transform 1.24s, setup 9.08s, import 2.89s, tests 11.38s, environment 28.36s)[22m
[31m+       </ram:SpecifiedLineTradeDelivery>[39m
[31m+       <ram:SpecifiedLineTradeSettlement>[39m
[31m+         <ram:ApplicableTradeTax>[39m

[1m[41m FAIL [49m[22m [31mTests failed. Watching for file changes...[39m
       [2mpress [22m[1mh[22m[2m to show help[22m[2m, [22m[2mpress [22m[1mq[22m[2m to quit[22m
[31m+           <ram:TypeCode>VAT</ram:TypeCode>[39m
[31m+           <ram:CategoryCode>S</ram:CategoryCode>[39m
[31m+           <ram:RateApplicablePercent>20</ram:RateApplicablePercent>[39m
[31m+         </ram:ApplicableTradeTax>[39m
[31m+         <ram:SpecifiedTradeSettlementLineMonetarySummation>[39m
[31m+           <ram:LineTotalAmount>750.00</ram:LineTotalAmount>[39m
[31m+         </ram:SpecifiedTradeSettlementLineMonetarySummation>[39m
[31m+       </ram:SpecifiedLineTradeSettlement>[39m
[31m+     </ram:IncludedSupplyChainTradeLineItem>[39m
[31m+     <ram:ApplicableHeaderTradeAgreement>[39m
[31m+       <ram:SellerTradeParty>[39m
[31m+         <ram:Name>Ma Micro-Entreprise SARL</ram:Name>[39m
[31m+         <ram:SpecifiedLegalOrganization>[39m
[31m+           <ram:ID schemeID="0002">12345678901234</ram:ID>[39m
[31m+         </ram:SpecifiedLegalOrganization>[39m
[31m+       </ram:SellerTradeParty>[39m
[31m+       <ram:BuyerTradeParty>[39m
[31m+         <ram:Name>Client SARL</ram:Name>[39m
[31m+         <ram:SpecifiedLegalOrganization>[39m
[31m+           <ram:ID schemeID="0002">98765432109876</ram:ID>[39m
[31m+         </ram:SpecifiedLegalOrganization>[39m
[31m+       </ram:BuyerTradeParty>[39m
[31m+     </ram:ApplicableHeaderTradeAgreement>[39m
[31m+     <ram:ApplicableHeaderTradeDelivery/>[39m
[31m+     <ram:ApplicableHeaderTradeSettlement>[39m
[31m+       <ram:InvoiceCurrencyCode>EUR</ram:InvoiceCurrencyCode>[39m
[31m+       <ram:SpecifiedTradeSettlementHeaderMonetarySummation>[39m
[31m+         <ram:TaxBasisTotalAmount>4750</ram:TaxBasisTotalAmount>[39m
[31m+         <ram:TaxTotalAmount currencyID="EUR">0</ram:TaxTotalAmount>[39m
[31m+         <ram:GrandTotalAmount>4750</ram:GrandTotalAmount>[39m
[31m+         <ram:DuePayableAmount>4750</ram:DuePayableAmount>[39m
[31m+       </ram:SpecifiedTradeSettlementHeaderMonetarySummation>[39m
[31m+     </ram:ApplicableHeaderTradeSettlement>[39m
[31m+   </rsm:SupplyChainTradeTransaction>[39m
[31m+ </rsm:CrossIndustryInvoice>[39m

[36m [2mÔØ»[22m __tests__/lib/facturX.test.ts:[2m366:19[22m[39m
    [90m364| [39m      [34mexpect[39m(xml)[33m.[39m[34mtoContain[39m([
32m'ram:SellerTradeParty'[39m)[33m;[39m
    [90m365| [39m      [34mexpect[39m(xml)[33m.[39m[34mtoContain[39m([
32m'ram:BuyerTradeParty'[39m)[33m;[39m
    [90m366| [39m      [34mexpect[39m(xml)[33m.[39m[34mtoContain[39m([
32m'ram:PostalTradeAddress'[39m)[33m;[39m
    [90m   | [39m                  [31m^[39m
    [90m367| [39m    })[33m;[39m
    [90m368| [39m

[31m[2mÔÄ»ÔÄ»ÔÄ»ÔÄ»ÔÄ»ÔÄ»ÔÄ»ÔÄ»ÔÄ»ÔÄ»ÔÄ»ÔÄ»ÔÄ»ÔÄ»ÔÄ»ÔÄ»ÔÄ»ÔÄ»ÔÄ»ÔÄ»ÔÄ»[43/142
]ÔÄ»[22m[39m

[31mÔÄ»ÔÄ»ÔÄ»ÔÄ»ÔÄ»ÔÄ»[39m[1m[41m Unhandled Errors 
[49m[22m[31mÔÄ»ÔÄ»ÔÄ»ÔÄ»ÔÄ»ÔÄ»[39m
[31m[1m
Vitest caught 2 unhandled errors during the test run.
This might cause false positive tests. Resolve unhandled errors to make sure 
your tests are not affected.[22m[39m

[31mÔÄ»ÔÄ»ÔÄ»ÔÄ»[39m[1m[41m Unhandled Rejection 
[49m[22m[31mÔÄ»ÔÄ»ÔÄ»ÔÄ»ÔÄ»[39m
[31m[1mError[22m: API Error[39m
[36m [2mÔØ»[22m __tests__/AIAssistant.test.tsx:[2m156:60[22m[39m
    [90m154| [39m    [34mit[39m([32m'g├¿re les erreurs d\'API 
gracieusement'[39m[33m,[39m [35masync[39m () [33m=>[39m {
    [90m155| [39m      [35mconst[39m user [33m=[39m 
userEvent[33m.[39m[34msetup[39m()[33m;[39m
    [90m156| [39m      (generateAssistantResponse as 
any).mockRejectedValue(new Error('ÔÇª
    [90m   | [39m                                                           
[31m^[39m
    [90m157| [39m
    [90m158| [39m      [34mrender[39m([33m<[39m[33mAIAssistant[39m 
[33m/[39m[33m>[39m)[33m;[39m
[90m [2mÔØ»[22m 
node_modules/@vitest/runner/dist/index.js:[2m145:11[22m[39m
[90m [2mÔØ»[22m 
node_modules/@vitest/runner/dist/index.js:[2m915:26[22m[39m
[90m [2mÔØ»[22m 
node_modules/@vitest/runner/dist/index.js:[2m1243:20[22m[39m
[90m [2mÔØ»[22m runWithTimeout 
node_modules/@vitest/runner/dist/index.js:[2m1209:10[22m[39m
[90m [2mÔØ»[22m 
node_modules/@vitest/runner/dist/index.js:[2m1653:37[22m[39m
[90m [2mÔØ»[22m Traces.$ 
node_modules/vitest/dist/chunks/traces.CCmnQaNT.js:[2m142:27[22m[39m
[90m [2mÔØ»[22m trace 
node_modules/vitest/dist/chunks/test.B8ej_ZHS.js:[2m239:21[22m[39m
[90m [2mÔØ»[22m runTest 
node_modules/@vitest/runner/dist/index.js:[2m1653:12[22m[39m

[31mThis error originated in "[1m__tests__/AIAssistant.test.tsx[22m" test 
file. It doesn't mean the error was thrown inside the file itself, but while 
it was running.[39m
[31mThe latest test that might've caused the error is "[1mg├¿re les erreurs 
d'API gracieusement[22m". It might mean one of the following:
- The error was thrown, while Vitest was running this test.
- If the error occurred after the test had been completed, this was the last 
documented test before it was thrown.[39m

[31mÔÄ»ÔÄ»ÔÄ»ÔÄ»[39m[1m[41m Unhandled Rejection 
[49m[22m[31mÔÄ»ÔÄ»ÔÄ»ÔÄ»ÔÄ»[39m
[31m[1mError[22m: Network error[39m
[36m [2mÔØ»[22m __tests__/AIAssistant.test.tsx:[2m181:60[22m[39m
    [90m179| [39m    it('affiche un message par d├®faut en cas d\'erreur de 
r├®ponse', asÔÇª
    [90m180| [39m      [35mconst[39m user [33m=[39m 
userEvent[33m.[39m[34msetup[39m()[33m;[39m
    [90m181| [39m      (generateAssistantResponse as 
any).mockRejectedValue(new Error('ÔÇª
    [90m   | [39m                                                           
[31m^[39m
    [90m182| [39m
    [90m183| [39m      [34mrender[39m([33m<[39m[33mAIAssistant[39m 
[33m/[39m[33m>[39m)[33m;[39m
[90m [2mÔØ»[22m 
node_modules/@vitest/runner/dist/index.js:[2m145:11[22m[39m
[90m [2mÔØ»[22m 
node_modules/@vitest/runner/dist/index.js:[2m915:26[22m[39m
[90m [2mÔØ»[22m 
node_modules/@vitest/runner/dist/index.js:[2m1243:20[22m[39m
[90m [2mÔØ»[22m runWithTimeout 
node_modules/@vitest/runner/dist/index.js:[2m1209:10[22m[39m
[90m [2mÔØ»[22m 
node_modules/@vitest/runner/dist/index.js:[2m1653:37[22m[39m
[90m [2mÔØ»[22m Traces.$ 
node_modules/vitest/dist/chunks/traces.CCmnQaNT.js:[2m142:27[22m[39m
[90m [2mÔØ»[22m trace 
node_modules/vitest/dist/chunks/test.B8ej_ZHS.js:[2m239:21[22m[39m
[90m [2mÔØ»[22m runTest 
node_modules/@vitest/runner/dist/index.js:[2m1653:12[22m[39m

[31mThis error originated in "[1m__tests__/AIAssistant.test.tsx[22m" test 
file. It doesn't mean the error was thrown inside the file itself, but while 
it was running.[39m
[31mThe latest test that might've caused the error is "[1maffiche un message 
par d├®faut en cas d'erreur de r├®ponse[22m". It might mean one of the 
following:
- The error was thrown, while Vitest was running this test.
- If the error occurred after the test had been completed, this was the last 
documented test before it was thrown.[39m
[31mÔÄ»ÔÄ»ÔÄ»ÔÄ»ÔÄ»ÔÄ»ÔÄ»ÔÄ»ÔÄ»ÔÄ»ÔÄ»ÔÄ»ÔÄ»ÔÄ»ÔÄ»ÔÄ»ÔÄ»ÔÄ»ÔÄ»ÔÄ»ÔÄ»ÔÄ»ÔÄ»ÔÄ»ÔÄ
»ÔÄ»ÔÄ»ÔÄ»ÔÄ»ÔÄ»[39m

[vitest-pool]: Timeout terminating forks worker for test files 
C:/Users/Thomas/Micro-Gestion-Facile/__tests__/fiscalCalculations.test.ts.
c[3J[1m[44m RERUN [49m[22m [34m[2m__tests__/components/SupplierManager.test.tsx [22m[34mx1 [34m[39m

 [31mÔØ»[39m __tests__/AIAssistant.test.tsx [2m([22m[2m20 tests[22m[2m | [22m[31m4 failed[39m[2m)[22m[33m 5881[2mms[22m[39m
       [32mÔ£ô[39m devrait rendre le composant sans erreur[32m 118[2mms[22m[39m
       [32mÔ£ô[39m affiche le titre principal du composant[32m 22[2mms[22m[39m
       [32mÔ£ô[39m affiche le champ de saisie pour les questions[32m 24[2mms[22m[39m
       [32mÔ£ô[39m affiche le bouton d'envoi[32m 22[2mms[22m[39m
       [33m[2mÔ£ô[22m[39m devrait envoyer un message et afficher la r├®ponse [33m 825[2mms[22m[39m
       [33m[2mÔ£ô[22m[39m vide le champ de saisie apr├¿s envoi [33m 359[2mms[22m[39m
       [32mÔ£ô[39m n'envoie pas de message vide[32m 96[2mms[22m[39m
       [33m[2mÔ£ô[22m[39m affiche l'historique des messages [33m 326[2mms[22m[39m
       [32mÔ£ô[39m affiche la section de pr├®diction[32m 17[2mms[22m[39m
       [32mÔ£ô[39m affiche la balance pr├®dite[32m 14[2mms[22m[39m
[31m       [31m├ù[31m appelle predictCashflowJ30 au montage du composant[39m[33m 1026[2mms[22m[39m
[31m       [31m├ù[31m affiche le niveau de risque de la pr├®diction[39m[33m 1019[2mms[22m[39m
       [32mÔ£ô[39m g├¿re les erreurs d'API gracieusement[32m 171[2mms[22m[39m
       [32mÔ£ô[39m g├¿re les erreurs de pr├®diction au chargement[32m 11[2mms[22m[39m
       [32mÔ£ô[39m affiche un message par d├®faut en cas d'erreur de r├®ponse[32m 276[2mms[22m[39m
       [32mÔ£ô[39m affiche un indicateur de chargement en envoyant un message[32m 209[2mms[22m[39m
[31m       [31m├ù[31m envoie le message avec Enter[39m[33m 1145[2mms[22m[39m
[31m       [31m├ù[31m n'envoie pas avec Shift+Enter[39m[32m 172[2mms[22m[39m
       [32mÔ£ô[39m a des labels descriptifs pour les ├®l├®ments interactifs[32m 9[2mms[22m[39m
       [32mÔ£ô[39m le bouton est accessible au clavier[32m 10[2mms[22m[39m
 [31mÔØ»[39m __tests__/components/InvoiceManager.test.tsx [2m([22m[2m38 tests[22m[2m | [22m[31m26 failed[39m[2m)[22m[33m 2999[2mms[22m[39m
[31m       [31m├ù[31m affiche le gestionnaire de factures[39m[32m 171[2mms[22m[39m
       [32mÔ£ô[39m affiche la liste des factures[32m 49[2mms[22m[39m
[31m       [31m├ù[31m affiche les statuts des factures[39m[32m 53[2mms[22m[39m
       [32mÔ£ô[39m affiche le num├®ro de facture[32m 39[2mms[22m[39m
[31m       [31m├ù[31m affiche le client de la facture[39m[32m 43[2mms[22m[39m
[31m       [31m├ù[31m affiche la date de facture[39m[32m 36[2mms[22m[39m
       [32mÔ£ô[39m affiche les montants totaux[32m 28[2mms[22m[39m
[31m       [31m├ù[31m ouvre le formulaire de cr├®ation de facture[39m[33m 1308[2mms[22m[39m
[31m       [31m├ù[31m filtre par statut[39m[32m 44[2mms[22m[39m
[31m       [31m├ù[31m filtre par client[39m[32m 36[2mms[22m[39m
[31m       [31m├ù[31m affiche un bouton pour dupliquer une facture[39m[32m 51[2mms[22m[39m
       [32mÔ£ô[39m affiche un bouton pour supprimer une facture[32m 29[2mms[22m[39m
       [32mÔ£ô[39m affiche un bouton pour t├®l├®charger une facture[32m 32[2mms[22m[39m
[31m       [31m├ù[31m affiche un bouton pour envoyer une facture[39m[32m 34[2mms[22m[39m
       [32mÔ£ô[39m affiche un message si pas de factures[32m 20[2mms[22m[39m
       [32mÔ£ô[39m g├¿re les factures standards[32m 59[2mms[22m[39m
[31m       [31m├ù[31m g├¿re les devis[39m[32m 23[2mms[22m[39m
       [32mÔ£ô[39m les boutons sont accessibles au clavier[32m 136[2mms[22m[39m
[31m       [31m├ù[31m calcule correctement HT (Hors Taxes) avec items simples[39m[32m 25[2mms[22m[39m
[31m       [31m├ù[31m calcule correctement la TVA ├á 20%[39m[32m 24[2mms[22m[39m
[31m       [31m├ù[31m calcule correctement avec TVA r├®duite 5.5%[39m[32m 25[2mms[22m[39m
[31m       [31m├ù[31m calcule correctement avec plusieurs items et TVA mixtes[39m[32m 22[2mms[22m[39m
[31m       [31m├ù[31m applique correctement une remise en pourcentage[39m[32m 20[2mms[22m[39m
[31m       [31m├ù[31m ajoute correctement les frais de port (shipping)[39m[32m 20[2mms[22m[39m
[31m       [31m├ù[31m g├¿re les acomptes/d├®p├┤ts correctement[39m[32m 22[2mms[22m[39m
[31m       [31m├ù[31m exon├¿re correctement la TVA si taxExempt = true[39m[32m 20[2mms[22m[39m
[31m       [31m├ù[31m g├¿re les d├®cimales correctement (precision Decimal.js)[39m[32m 25[2mms[22m[39m
[31m       [31m├ù[31m composition de calculs complexes: remise + port + TVA[39m[32m 20[2mms[22m[39m
[31m       [31m├ù[31m emp├¬che la cr├®ation avec un client non s├®lectionn├®[39m[32m 24[2mms[22m[39m
[31m       [31m├ù[31m emp├¬che la cr├®ation avec des items vides[39m[32m 22[2mms[22m[39m
       [32mÔ£ô[39m valide les num├®ros de facture uniques[32m 29[2mms[22m[39m
       [32mÔ£ô[39m valide que la date d'├®ch├®ance est apr├¿s la date de facture[32m 23[2mms[22m[39m
       [32mÔ£ô[39m emp├¬che les montants n├®gatifs[32m 16[2mms[22m[39m
[31m       [31m├ù[31m affiche les dates en format fran├ºais[39m[32m 44[2mms[22m[39m
[31m       [31m├ù[31m affiche les montants format├®s avec s├®parateurs de milliers[39m[32m 25[2mms[22m[39m
       [33m[2mÔ£ô[22m[39m g├¿re 100 factures sans ralentissements [33m 327[2mms[22m[39m
[31m       [31m├ù[31m g├¿re les montant extr├¬mement ├®lev├®s[39m[32m 28[2mms[22m[39m
[31m       [31m├ù[31m g├¿re les factures avec pas d'items[39m[32m 38[2mms[22m[39m
 [31mÔØ»[39m __tests__/components/ClientManager.test.tsx [2m([22m[2m22 tests[22m[2m | [22m[31m22 failed[39m[2m)[22m[33m 367[2mms[22m[39m
[31m       [31m├ù[31m affiche le titre et interface du gestionnaire de clients[39m[32m 62[2mms[22m[39m
[31m       [31m├ù[31m affiche la liste des clients actifs[39m[32m 11[2mms[22m[39m
[31m       [31m├ù[31m affiche le nombre total de clients[39m[32m 15[2mms[22m[39m
[31m       [31m├ù[31m affiche les statuts et statistiques des clients[39m[32m 18[2mms[22m[39m
[31m       [31m├ù[31m filtre les clients par nom[39m[32m 14[2mms[22m[39m
[31m       [31m├ù[31m filtre les clients par email[39m[32m 13[2mms[22m[39m
[31m       [31m├ù[31m affiche message si aucun r├®sultat[39m[32m 12[2mms[22m[39m
[31m       [31m├ù[31m ignore les clients archiv├®s par d├®faut[39m[32m 14[2mms[22m[39m
[31m       [31m├ù[31m affiche le chiffre d'affaires total[39m[32m 11[2mms[22m[39m
[31m       [31m├ù[31m compte les factures pay├®es par client[39m[32m 11[2mms[22m[39m
[31m       [31m├ù[31m affiche le nombre total de clients[39m[32m 12[2mms[22m[39m
[31m       [31m├ù[31m ouvre le modal pour ajouter un client[39m[32m 12[2mms[22m[39m
[31m       [31m├ù[31m cr├®e un nouveau client avec les donn├®es du formulaire[39m[32m 11[2mms[22m[39m
[31m       [31m├ù[31m ouvre le modal pour ├®diter un client[39m[32m 10[2mms[22m[39m
[31m       [31m├ù[31m pr├®charge les donn├®es du client en ├®dition[39m[32m 11[2mms[22m[39m
[31m       [31m├ù[31m sauvegarde les modifications du client[39m[32m 9[2mms[22m[39m
[31m       [31m├ù[31m affiche un bouton supprimer[39m[32m 10[2mms[22m[39m
[31m       [31m├ù[31m appelle onDelete avec l'ID du client[39m[32m 12[2mms[22m[39m
[31m       [31m├ù[31m affiche l'option d'archivage[39m[32m 15[2mms[22m[39m
[31m       [31m├ù[31m affiche un message si pas de clients[39m[32m 20[2mms[22m[39m
[31m       [31m├ù[31m les inputs sont accessibles au clavier[39m[32m 37[2mms[22m[39m
[31m       [31m├ù[31m les boutons d'action sont accessibles[39m[32m 19[2mms[22m[39m
 [31mÔØ»[39m __tests__/lib/facturX.test.ts [2m([22m[2m34 tests[22m[2m | [22m[31m6 failed[39m[2m)[22m[32m 68[2mms[22m[39m
       [32mÔ£ô[39m g├®n├¿re un XML bien form├®[32m 3[2mms[22m[39m
       [32mÔ£ô[39m inclut les informations du vendeur[32m 1[2mms[22m[39m
       [32mÔ£ô[39m inclut les informations de l'acheteur[32m 0[2mms[22m[39m
       [32mÔ£ô[39m inclut le num├®ro de facture[32m 0[2mms[22m[39m
       [32mÔ£ô[39m inclut la date au format YYYYMMDD[32m 0[2mms[22m[39m
       [32mÔ£ô[39m inclut tous les items avec descriptions[32m 0[2mms[22m[39m
       [32mÔ£ô[39m inclut les quantit├®s correctes[32m 0[2mms[22m[39m
       [32mÔ£ô[39m inclut les montants unitaires[32m 0[2mms[22m[39m
       [32mÔ£ô[39m inclut les taux de TVA[32m 0[2mms[22m[39m
       [32mÔ£ô[39m utilise le profil BASIC Factur-X[32m 0[2mms[22m[39m
       [32mÔ£ô[39m utilise typeCode 380 pour facture normale[32m 0[2mms[22m[39m
       [32mÔ£ô[39m utilise typeCode 381 pour avoir-facture[32m 0[2mms[22m[39m
       [32mÔ£ô[39m utilise EUR comme devise[32m 0[2mms[22m[39m
       [32mÔ£ô[39m g├¿re les accents fran├ºais correctement (UTF-8)[32m 0[2mms[22m[39m
       [32mÔ£ô[39m structure bien form├®e avec ├®l├®ments requis[32m 0[2mms[22m[39m
[31m       [31m├ù[31m calcule correctement les totaux HT et TTC[39m[32m 15[2mms[22m[39m
[31m       [31m├ù[31m inclut les adresses compl├¿tes du vendeur et acheteur[39m[32m 5[2mms[22m[39m
       [32mÔ£ô[39m g├¿re les factures sans items sans erreur[32m 0[2mms[22m[39m
       [32mÔ£ô[39m g├¿re le code S (standard VAT rate)[32m 0[2mms[22m[39m
[31m       [31m├ù[31m g├¿re le code Z (zero rated)[39m[32m 1[2mms[22m[39m
       [32mÔ£ô[39m g├¿re le code E (exempt from VAT)[32m 0[2mms[22m[39m
       [32mÔ£ô[39m g├¿re le code RL (reverse charge)[32m 0[2mms[22m[39m
[31m       [31m├ù[31m inclut les conditions de paiement[39m[32m 3[2mms[22m[39m
       [32mÔ£ô[39m respecte la pr├®cision d├®cimale sur les montants[32m 0[2mms[22m[39m
[31m       [31m├ù[31m ├®chappe correctement les caract├¿res XML sp├®ciaux[39m[32m 10[2mms[22m[39m
       [32mÔ£ô[39m g├¿re plusieurs items avec diff├®rents taux de TVA[32m 2[2mms[22m[39m
       [32mÔ£ô[39m inclut le statut ACRE dans le profil[32m 1[2mms[22m[39m
       [32mÔ£ô[39m g├¿re les montants ├®lev├®s sans perte de pr├®cision[32m 0[2mms[22m[39m
[31m       [31m├ù[31m inclut compl├¿tement les adresses structur├®es (CodeListId)[39m[32m 7[2mms[22m[39m
       [32mÔ£ô[39m utilise le num├®ro de facture comme SchemeID[32m 0[2mms[22m[39m
       [32mÔ£ô[39m valide l'XML pour Structure compl├¿te (pas de tags orphelins)[32m 1[2mms[22m[39m
       [32mÔ£ô[39m diff├®rencie les types de document (facture vs avoir)[32m 0[2mms[22m[39m
       [32mÔ£ô[39m g├®n├¿re le XML rapidement (< 100ms)[32m 0[2mms[22m[39m
       [32mÔ£ô[39m g├®n├¿re le m├¬me XML pour la m├¬me facture (d├®terministe)[32m 0[2mms[22m[39m
 [31mÔØ»[39m __tests__/lib/exportUtils.test.ts [2m([22m[2m34 tests[22m[2m | [22m[31m4 failed[39m[2m)[22m[32m 48[2mms[22m[39m
       [32mÔ£ô[39m exporte compl├¿tement les donn├®es en JSON[32m 4[2mms[22m[39m
       [32mÔ£ô[39m inclut les m├®tadonn├®es (exportedAt)[32m 1[2mms[22m[39m
       [32mÔ£ô[39m s├®rialise les Decimal en string[32m 1[2mms[22m[39m
       [32mÔ£ô[39m g├¿re les donn├®es vides correctement[32m 1[2mms[22m[39m
       [32mÔ£ô[39m sort et formate correctement le JSON[32m 1[2mms[22m[39m
       [32mÔ£ô[39m exporte avec toutes les cl├®s r├®quises[32m 1[2mms[22m[39m
[31m       [31m├ù[31m exporte les factures en CSV[39m[32m 8[2mms[22m[39m
[31m       [31m├ù[31m inclut les headers automatiquement[39m[32m 4[2mms[22m[39m
       [32mÔ£ô[39m g├¿re les custom headers[32m 1[2mms[22m[39m
       [32mÔ£ô[39m ├®chappe les valeurs contenant des virgules[32m 0[2mms[22m[39m
       [32mÔ£ô[39m ├®chappe les valeurs contenant des guillemets[32m 1[2mms[22m[39m
       [32mÔ£ô[39m exporte les clients[32m 0[2mms[22m[39m
       [32mÔ£ô[39m g├¿re les collections vides[32m 0[2mms[22m[39m
       [32mÔ£ô[39m exporte plusieurs items avec donn├®es compl├¿tes[32m 0[2mms[22m[39m
       [32mÔ£ô[39m g├¿re les donn├®es avec accents fran├ºais[32m 0[2mms[22m[39m
       [32mÔ£ô[39m exporte les num├®ros correctement format├®s[32m 0[2mms[22m[39m
       [32mÔ£ô[39m exporte compl├¿tement les donn├®es personnelles[32m 0[2mms[22m[39m
       [32mÔ£ô[39m inclut le timestamp d'export (RGPD requirement)[32m 0[2mms[22m[39m
       [32mÔ£ô[39m produit un JSON valide et parsable[32m 1[2mms[22m[39m
       [32mÔ£ô[39m utilise l'encodage UTF-8 correctement[32m 0[2mms[22m[39m
       [32mÔ£ô[39m CSV r├®cup├¿re tous les champs de l'entit├®[32m 0[2mms[22m[39m
       [32mÔ£ô[39m exporte 1000 factures rapidement en JSON[32m 5[2mms[22m[39m
[31m       [31m├ù[31m exporte 1000 factures rapidement en CSV[39m[32m 5[2mms[22m[39m
       [32mÔ£ô[39m g├¿re les montants tr├¿s ├®lev├®s sans perte de pr├®cision[32m 0[2mms[22m[39m
       [32mÔ£ô[39m g├¿re les montants tr├¿s petits avec pr├®cision d├®cimale[32m 0[2mms[22m[39m
       [32mÔ£ô[39m g├¿re les valeurs null/undefined gracieux[32m 0[2mms[22m[39m
       [32mÔ£ô[39m g├¿re les cha├«nes vides correctement[32m 0[2mms[22m[39m
       [32mÔ£ô[39m g├¿re les caract├¿res de contr├┤le dans les donn├®es[32m 0[2mms[22m[39m
       [32mÔ£ô[39m ├®chappe correctement les guillemets doubles en CSV[32m 0[2mms[22m[39m
       [32mÔ£ô[39m conserve l'ordre des lignes en CSV[32m 0[2mms[22m[39m
       [32mÔ£ô[39m exporte correctement les donn├®es multilingues[32m 0[2mms[22m[39m
       [32mÔ£ô[39m exporte le CSV avec support multilingue UTF-8[32m 0[2mms[22m[39m
[31m       [31m├ù[31m produit un JSON de taille raisonnable pour 1000 factures[39m[32m 3[2mms[22m[39m
       [32mÔ£ô[39m encode correctement en base64 si n├®cessaire[32m 1[2mms[22m[39m
 [31mÔØ»[39m __tests__/db/invoiceDB.test.ts [2m([22m[2m40 tests[22m[2m | [22m[31m40 failed[39m[2m)[22m[32m 52[2mms[22m[39m
[31m       [31m├ù[31m cr├®e une facture[39m[32m 7[2mms[22m[39m
[31m       [31m├ù[31m r├®cup├¿re une facture par ID[39m[32m 1[2mms[22m[39m
[31m       [31m├ù[31m met ├á jour une facture[39m[32m 1[2mms[22m[39m
[31m       [31m├ù[31m supprime une facture[39m[32m 1[2mms[22m[39m
[31m       [31m├ù[31m liste toutes les factures[39m[32m 1[2mms[22m[39m
[31m       [31m├ù[31m filtre par status[39m[32m 1[2mms[22m[39m
[31m       [31m├ù[31m filtre par clientId[39m[32m 1[2mms[22m[39m
[31m       [31m├ù[31m filtre par status[39m[32m 1[2mms[22m[39m
[31m       [31m├ù[31m l├¿ve une erreur si l'invoice existe d├®j├á[39m[32m 1[2mms[22m[39m
[31m       [31m├ù[31m cr├®e un item[39m[32m 1[2mms[22m[39m
[31m       [31m├ù[31m cr├®e et r├®cup├¿re un item[39m[32m 1[2mms[22m[39m
[31m       [31m├ù[31m supporte plusieurs items[39m[32m 1[2mms[22m[39m
[31m       [31m├ù[31m cr├®e un client[39m[32m 1[2mms[22m[39m
[31m       [31m├ù[31m filtre les clients actifs[39m[32m 1[2mms[22m[39m
[31m       [31m├ù[31m recherche par email[39m[32m 1[2mms[22m[39m
[31m       [31m├ù[31m met ├á jour un client[39m[32m 1[2mms[22m[39m
[31m       [31m├ù[31m cr├®e facture + items atomiquement[39m[32m 1[2mms[22m[39m
[31m       [31m├ù[31m g├¿re 1000 factures sans d├®grade[39m[32m 1[2mms[22m[39m
[31m       [31m├ù[31m cherche rapidement dans 1000 records[39m[32m 1[2mms[22m[39m
[31m       [31m├ù[31m cr├®e un fournisseur[39m[32m 1[2mms[22m[39m
[31m       [31m├ù[31m filtre les fournisseurs actifs[39m[32m 1[2mms[22m[39m
[31m       [31m├ù[31m met ├á jour un fournisseur[39m[32m 1[2mms[22m[39m
[31m       [31m├ù[31m supprime un fournisseur[39m[32m 1[2mms[22m[39m
[31m       [31m├ù[31m cr├®e un produit[39m[32m 1[2mms[22m[39m
[31m       [31m├ù[31m filtre par cat├®gorie[39m[32m 1[2mms[22m[39m

[31mÔÄ»ÔÄ»ÔÄ»ÔÄ»ÔÄ»ÔÄ»[39m[1m[41m Failed Tests 30 
[49m[22m[31mÔÄ»ÔÄ»ÔÄ»ÔÄ»ÔÄ»ÔÄ»ÔÄ»[39m
[31m       [31m├ù[31m liste les produits actifs[39m[32m 1[2mms[22m[39m
[31m       [31m├ù[31m cr├®e une d├®pense[39m[32m 1[2mms[22m[39m
[31m       [31m├ù[31m filtre par fournisseur[39m[32m 1[2mms[22m[39m
[31m       [31m├ù[31m filtre par cat├®gorie[39m[32m 2[2mms[22m[39m
[31m       [31m├ù[31m exporte toutes les tables en JSON[39m[32m 1[2mms[22m[39m
[31m       [31m├ù[31m exporte des donn├®es vides si la base est vide[39m[32m 1[2mms[22m[39m
[31m       [31m├ù[31m exporte correctement Decimal.js amounts[39m[32m 1[2mms[22m[39m
[31m       [31m├ù[31m cr├®e un ├®v├®nement calendrier[39m[32m 1[2mms[22m[39m

[41m[1m FAIL [22m[49m __tests__/components/SupplierManager.test.tsx[2m > 
[22mSupplierManager Component[2m > [22mRendering & UI[2m > [22mrend le 
gestionnaire de fournisseurs
[31m       [31m├ù[31m filtre par client[39m[32m 1[2mms[22m[39m
[31m       [31m├ù[31m filtre par facture[39m[32m 1[2mms[22m[39m
[41m[1m FAIL [22m[49m __tests__/components/SupplierManager.test.tsx[2m > 
[22mSupplierManager Component[2m > [22mRendering & UI[2m > [22maffiche la 
liste des fournisseurs actifs
[41m[1m FAIL [22m[49m __tests__/components/SupplierManager.test.tsx[2m > 
[22mSupplierManager Component[2m > [22mRendering & UI[2m > [22maffiche 
les emails des fournisseurs
[41m[1m FAIL [22m[49m __tests__/components/SupplierManager.test.tsx[2m > 
[22mSupplierManager Component[2m > [22mSupplier Search & Filter[2m > 
[22mfiltre les fournisseurs par nom
[41m[1m FAIL [22m[49m __tests__/components/SupplierManager.test.tsx[2m > 
[22mSupplierManager Component[2m > [22mSupplier Search & Filter[2m > 
[22mfiltre les fournisseurs par email
[41m[1m FAIL [22m[49m __tests__/components/SupplierManager.test.tsx[2m > 
[22mSupplierManager Component[2m > [22mSupplier Search & Filter[2m > 
[22mignore les fournisseurs archiv├®s par d├®faut
[31m       [31m├ù[31m cr├®e un template email[39m[32m 1[2mms[22m[39m
[31m       [31m├ù[31m r├®cup├¿re templates par type[39m[32m 1[2mms[22m[39m
[31m       [31m├ù[31m cr├®e un message chat[39m[32m 1[2mms[22m[39m
[41m[1m FAIL [22m[49m __tests__/components/SupplierManager.test.tsx[2m > 
[22mSupplierManager Component[2m > [22mFinancial Statistics[2m > 
[22mcalcule la d├®pense totale par fournisseur
[41m[1m FAIL [22m[49m __tests__/components/SupplierManager.test.tsx[2m > 
[22mSupplierManager Component[2m > [22mFinancial Statistics[2m > 
[22maffiche la d├®pense totale globale
[31m       [31m├ù[31m liste messages par timestamp[39m[32m 1[2mms[22m[39m
[31m       [31m├ù[31m vide compl├¿tement la base[39m[32m 1[2mms[22m[39m
 [31mÔØ»[39m __tests__/components/SupplierManager.test.tsx [2m([22m[2m30 tests[22m[2m | [22m[31m30 failed[39m[2m)[22m[33m 1503[2mms[22m[39m
[31m       [31m├ù[31m rend le gestionnaire de fournisseurs[39m[32m 135[2mms[22m[39m
[31m       [31m├ù[31m affiche la liste des fournisseurs actifs[39m[32m 48[2mms[22m[39m
[31m       [31m├ù[31m affiche les emails des fournisseurs[39m[32m 110[2mms[22m[39m
[41m[1m FAIL [22m[49m __tests__/components/SupplierManager.test.tsx[2m > 
[22mSupplierManager Component[2m > [22mFinancial Statistics[2m > 
[22mcompte les d├®penses par fournisseur
[41m[1m FAIL [22m[49m __tests__/components/SupplierManager.test.tsx[2m > 
[22mSupplierManager Component[2m > [22mAdd Supplier Workflow[2m > 
[22mouvre le modal pour ajouter un fournisseur
[31m       [31m├ù[31m filtre les fournisseurs par nom[39m[32m 81[2mms[22m[39m
[31m       [31m├ù[31m filtre les fournisseurs par email[39m[32m 99[2mms[22m[39m
[41m[1m FAIL [22m[49m __tests__/components/SupplierManager.test.tsx[2m > 
[22mSupplierManager Component[2m > [22mAdd Supplier Workflow[2m > 
[22mcr├®e un nouveau fournisseur
[41m[1m FAIL [22m[49m __tests__/components/SupplierManager.test.tsx[2m > 
[22mSupplierManager Component[2m > [22mEdit Supplier Workflow[2m > 
[22mouvre le modal pour ├®diter un fournisseur
[41m[1m FAIL [22m[49m __tests__/components/SupplierManager.test.tsx[2m > 
[22mSupplierManager Component[2m > [22mEdit Supplier Workflow[2m > 
[22mpr├®charge les donn├®es du fournisseur en ├®dition
[41m[1m FAIL [22m[49m __tests__/components/SupplierManager.test.tsx[2m > 
[22mSupplierManager Component[2m > [22mEdit Supplier Workflow[2m > 
[22msauvegarde les modifications du fournisseur
[41m[1m FAIL [22m[49m __tests__/components/SupplierManager.test.tsx[2m > 
[22mSupplierManager Component[2m > [22mDelete Supplier[2m > [22maffiche 
un bouton supprimer
[41m[1m FAIL [22m[49m __tests__/components/SupplierManager.test.tsx[2m > 
[22mSupplierManager Component[2m > [22mDelete Supplier[2m > [22mappelle 
onDelete avec l'ID du fournisseur
[31m       [31m├ù[31m ignore les fournisseurs archiv├®s par d├®faut[39m[32m 25[2mms[22m[39m
[31m       [31m├ù[31m calcule la d├®pense totale par fournisseur[39m[32m 76[2mms[22m[39m
[41m[1m FAIL [22m[49m __tests__/components/SupplierManager.test.tsx[2m > 
[22mSupplierManager Component[2m > [22mArchive Supplier[2m > [22maffiche 
l'option d'archivage
[41m[1m FAIL [22m[49m __tests__/components/SupplierManager.test.tsx[2m > 
[22mSupplierManager Component[2m > [22mArchive Supplier[2m > [22mbascule 
le statut archiv├® du fournisseur
[41m[1m FAIL [22m[49m __tests__/components/SupplierManager.test.tsx[2m > 
[22mSupplierManager Component[2m > [22mAccessibility[2m > [22maffiche un 
message si pas de fournisseurs
[41m[1m FAIL [22m[49m __tests__/components/SupplierManager.test.tsx[2m > 
[22mSupplierManager Component[2m > [22mAccessibility[2m > [22mles inputs 
sont accessibles au clavier
[41m[1m FAIL [22m[49m __tests__/components/SupplierManager.test.tsx[2m > 
[22mSupplierManager Component[2m > [22mAccessibility[2m > [22mles boutons 
d'action sont accessibles
[41m[1m FAIL [22m[49m __tests__/components/SupplierManager.test.tsx[2m > 
[22mSupplierManager Component[2m > [22mExpense Category Filtering[2m > 
[22mfiltre les d├®penses par cat├®gorie
[41m[1m FAIL [22m[49m __tests__/components/SupplierManager.test.tsx[2m > 
[22mSupplierManager Component[2m > [22mExpense Category Filtering[2m > 
[22maffiche les d├®tails des d├®penses associ├®es
[41m[1m FAIL [22m[49m __tests__/components/SupplierManager.test.tsx[2m > 
[22mSupplierManager Component[2m > [22mImport/Export[2m > [22maffiche un 
bouton d'import
[41m[1m FAIL [22m[49m __tests__/components/SupplierManager.test.tsx[2m > 
[22mSupplierManager Component[2m > [22mImport/Export[2m > [22maffiche un 
bouton d'export
[31m       [31m├ù[31m affiche la d├®pense totale globale[39m[32m 55[2mms[22m[39m
[31m       [31m├ù[31m compte les d├®penses par fournisseur[39m[32m 42[2mms[22m[39m
[41m[1m FAIL [22m[49m __tests__/components/SupplierManager.test.tsx[2m > 
[22mSupplierManager Component[2m > [22mContact Information[2m > 
[22maffiche le t├®l├®phone du fournisseur
[41m[1m FAIL [22m[49m __tests__/components/SupplierManager.test.tsx[2m > 
[22mSupplierManager Component[2m > [22mContact Information[2m > 
[22maffiche l'adresse du fournisseur
[41m[1m FAIL [22m[49m __tests__/components/SupplierManager.test.tsx[2m > 
[22mSupplierManager Component[2m > [22mContact Information[2m > 
[22maffiche le SIRET du fournisseur
[41m[1m FAIL [22m[49m __tests__/components/SupplierManager.test.tsx[2m > 
[22mSupplierManager Component[2m > [22mSorting & Organization[2m > 
[22mtrie les fournisseurs par nom alphab├®tiquement
[31m       [31m├ù[31m ouvre le modal pour ajouter un fournisseur[39m[32m 100[2mms[22m[39m
[41m[1m FAIL [22m[49m __tests__/components/SupplierManager.test.tsx[2m > 
[22mSupplierManager Component[2m > [22mSorting & Organization[2m > 
[22magr├¿ge les d├®penses par fournisseur correctement
[31m[1mTypeError[22m: Cannot read properties of undefined (reading 
'search')[39m
[31m       [31m├ù[31m cr├®e un nouveau fournisseur[39m[32m 54[2mms[22m[39m
[31m       [31m├ù[31m ouvre le modal pour ├®diter un fournisseur[39m[32m 53[2mms[22m[39m
[31m       [31m├ù[31m pr├®charge les donn├®es du fournisseur en ├®dition[39m[32m 22[2mms[22m[39m
[36m [2mÔØ»[22m SearchFilterFields 
__tests__/components/SupplierManager.test.tsx:[2m66:24[22m[39m
    [90m 64| [39m      [33m<[39m[33minput[39m
    [90m 65| [39m        
[33mplaceholder[39m[33m=[39m[32m"Chercher..."[39m
[31m       [31m├ù[31m sauvegarde les modifications du fournisseur[39m[32m 71[2mms[22m[39m
    [90m 66| [39m        
[33mvalue[39m[33m=[39m[33m{[39mfilters[33m.[39msearch [33m||[39m 
[32m''[39m[33m}[39m
    [90m   | [39m                       [31m^[39m
[31m       [31m├ù[31m affiche un bouton supprimer[39m[32m 19[2mms[22m[39m
[31m       [31m├ù[31m appelle onDelete avec l'ID du fournisseur[39m[32m 40[2mms[22m[39m
[31m       [31m├ù[31m affiche l'option d'archivage[39m[32m 16[2mms[22m[39m
[31m       [31m├ù[31m bascule le statut archiv├® du fournisseur[39m[32m 32[2mms[22m[39m
    [90m 67| [39m        onChange={(e) => onChange({ ...filters, search: 
e.target.valueÔÇª
    [90m 68| [39m      [33m/[39m[33m>[39m
[31m       [31m├ù[31m affiche un message si pas de fournisseurs[39m[32m 15[2mms[22m[39m
[31m       [31m├ù[31m les inputs sont accessibles au clavier[39m[32m 37[2mms[22m[39m
[31m       [31m├ù[31m les boutons d'action sont accessibles[39m[32m 57[2mms[22m[39m
[31m       [31m├ù[31m filtre les d├®penses par cat├®gorie[39m[32m 29[2mms[22m[39m
[31m       [31m├ù[31m affiche les d├®tails des d├®penses associ├®es[39m[32m 22[2mms[22m[39m
[90m [2mÔØ»[22m Object.react_stack_bottom_frame node_modules/react-dom/cjs/r
eact-dom-client.development.js:[2m25904:20[22m[39m
[90m [2mÔØ»[22m renderWithHooks node_modules/react-dom/cjs/react-dom-client.
development.js:[2m7662:22[22m[39m
[31m       [31m├ù[31m affiche un bouton d'import[39m[32m 20[2mms[22m[39m
[31m       [31m├ù[31m affiche un bouton d'export[39m[32m 31[2mms[22m[39m
[90m [2mÔØ»[22m updateFunctionComponent node_modules/react-dom/cjs/react-dom
-client.development.js:[2m10166:19[22m[39m
[90m [2mÔØ»[22m beginWork node_modules/react-dom/cjs/react-dom-client.develo
pment.js:[2m11778:18[22m[39m
[90m [2mÔØ»[22m runWithFiberInDEV 
node_modules/react-dom/cjs/react-dom-client.development.js:[2m874:13[22m[39m
[90m [2mÔØ»[22m performUnitOfWork node_modules/react-dom/cjs/react-dom-clien
t.development.js:[2m17641:22[22m[39m
[90m [2mÔØ»[22m workLoopSync node_modules/react-dom/cjs/react-dom-client.dev
elopment.js:[2m17469:41[22m[39m
[31m       [31m├ù[31m affiche le t├®l├®phone du fournisseur[39m[32m 36[2mms[22m[39m
[31m       [31m├ù[31m affiche l'adresse du fournisseur[39m[32m 28[2mms[22m[39m
[31m       [31m├ù[31m affiche le SIRET du fournisseur[39m[32m 32[2mms[22m[39m
[31m       [31m├ù[31m trie les fournisseurs par nom alphab├®tiquement[39m[32m 22[2mms[22m[39m
[31m       [31m├ù[31m agr├¿ge les d├®penses par fournisseur correctement[39m[32m 49[2mms[22m[39m

[2m Test Files [22m [1m[31m7 failed[39m[22m[90m (7)[39m
[2m      Tests [22m [1m[31m132 failed[39m[22m[2m | [22m[1m[32m86 passed[39m[22m[90m (218)[39m
[2m   Start at [22m 00:13:37
[2m   Duration [22m 3.61s

[1m[41m FAIL [49m[22m [31mTests failed. Watching for file changes...[39m
       [2mpress [22m[1mh[22m[2m to show help[22m[2m, [22m[2mpress [22m[1mq[22m[2m to quit[22m
c[3J[1m[44m RERUN [49m[22m [34m[2m__tests__/components/SupplierManager.test.tsx [22m[34mx2 [34m[39m
[90m [2mÔØ»[22m renderRootSync node_modules/react-dom/cjs/react-dom-client.d
evelopment.js:[2m17450:11[22m[39m

 [31mÔØ»[39m __tests__/AIAssistant.test.tsx [2m([22m[2m20 tests[22m[2m | [22m[31m4 failed[39m[2m)[22m[33m 5881[2mms[22m[39m
       [32mÔ£ô[39m devrait rendre le composant sans erreur[32m 118[2mms[22m[39m
       [32mÔ£ô[39m affiche le titre principal du composant[32m 22[2mms[22m[39m
       [32mÔ£ô[39m affiche le champ de saisie pour les questions[32m 24[2mms[22m[39m
       [32mÔ£ô[39m affiche le bouton d'envoi[32m 22[2mms[22m[39m
       [33m[2mÔ£ô[22m[39m devrait envoyer un message et afficher la r├®ponse [33m 825[2mms[22m[39m
       [33m[2mÔ£ô[22m[39m vide le champ de saisie apr├¿s envoi [33m 359[2mms[22m[39m
[90m [2mÔØ»[22m performWorkOnRoot node_modules/react-dom/cjs/react-dom-clien
t.development.js:[2m16583:35[22m[39m

[31m[2mÔÄ»ÔÄ»ÔÄ»ÔÄ»ÔÄ»ÔÄ»ÔÄ»ÔÄ»ÔÄ»ÔÄ»ÔÄ»ÔÄ»ÔÄ»ÔÄ»ÔÄ»ÔÄ»ÔÄ»ÔÄ»ÔÄ»ÔÄ»ÔÄ»ÔÄ»ÔÄ»[
1/30]ÔÄ»[22m[39m

       [32mÔ£ô[39m n'envoie pas de message vide[32m 96[2mms[22m[39m
       [33m[2mÔ£ô[22m[39m affiche l'historique des messages [33m 326[2mms[22m[39m
       [32mÔ£ô[39m affiche la section de pr├®diction[32m 17[2mms[22m[39m
       [32mÔ£ô[39m affiche la balance pr├®dite[32m 14[2mms[22m[39m
[31m       [31m├ù[31m appelle predictCashflowJ30 au montage du composant[39m[33m 1026[2mms[22m[39m
[31m       [31m├ù[31m affiche le niveau de risque de la pr├®diction[39m[33m 1019[2mms[22m[39m
       [32mÔ£ô[39m g├¿re les erreurs d'API gracieusement[32m 171[2mms[22m[39m
       [32mÔ£ô[39m g├¿re les erreurs de pr├®diction au chargement[32m 11[2mms[22m[39m
       [32mÔ£ô[39m affiche un message par d├®faut en cas d'erreur de r├®ponse[32m 276[2mms[22m[39m
       [32mÔ£ô[39m affiche un indicateur de chargement en envoyant un message[32m 209[2mms[22m[39m
[31m       [31m├ù[31m envoie le message avec Enter[39m[33m 1145[2mms[22m[39m
[31m       [31m├ù[31m n'envoie pas avec Shift+Enter[39m[32m 172[2mms[22m[39m
       [32mÔ£ô[39m a des labels descriptifs pour les ├®l├®ments interactifs[32m 9[2mms[22m[39m
       [32mÔ£ô[39m le bouton est accessible au clavier[32m 10[2mms[22m[39m
 [31mÔØ»[39m __tests__/components/InvoiceManager.test.tsx [2m([22m[2m38 tests[22m[2m | [22m[31m26 failed[39m[2m)[22m[33m 2999[2mms[22m[39m
[31m       [31m├ù[31m affiche le gestionnaire de factures[39m[32m 171[2mms[22m[39m
       [32mÔ£ô[39m affiche la liste des factures[32m 49[2mms[22m[39m
[31m       [31m├ù[31m affiche les statuts des factures[39m[32m 53[2mms[22m[39m
       [32mÔ£ô[39m affiche le num├®ro de facture[32m 39[2mms[22m[39m
[31m       [31m├ù[31m affiche le client de la facture[39m[32m 43[2mms[22m[39m
[31m       [31m├ù[31m affiche la date de facture[39m[32m 36[2mms[22m[39m
       [32mÔ£ô[39m affiche les montants totaux[32m 28[2mms[22m[39m
[31m       [31m├ù[31m ouvre le formulaire de cr├®ation de facture[39m[33m 1308[2mms[22m[39m
[31m       [31m├ù[31m filtre par statut[39m[32m 44[2mms[22m[39m
[31m       [31m├ù[31m filtre par client[39m[32m 36[2mms[22m[39m
[31m       [31m├ù[31m affiche un bouton pour dupliquer une facture[39m[32m 51[2mms[22m[39m
       [32mÔ£ô[39m affiche un bouton pour supprimer une facture[32m 29[2mms[22m[39m
       [32mÔ£ô[39m affiche un bouton pour t├®l├®charger une facture[32m 32[2mms[22m[39m
[31m       [31m├ù[31m affiche un bouton pour envoyer une facture[39m[32m 34[2mms[22m[39m
       [32mÔ£ô[39m affiche un message si pas de factures[32m 20[2mms[22m[39m
       [32mÔ£ô[39m g├¿re les factures standards[32m 59[2mms[22m[39m
[31m       [31m├ù[31m g├¿re les devis[39m[32m 23[2mms[22m[39m
       [32mÔ£ô[39m les boutons sont accessibles au clavier[32m 136[2mms[22m[39m
[31m       [31m├ù[31m calcule correctement HT (Hors Taxes) avec items simples[39m[32m 25[2mms[22m[39m
[31m       [31m├ù[31m calcule correctement la TVA ├á 20%[39m[32m 24[2mms[22m[39m
[31m       [31m├ù[31m calcule correctement avec TVA r├®duite 5.5%[39m[32m 25[2mms[22m[39m
[31m       [31m├ù[31m calcule correctement avec plusieurs items et TVA mixtes[39m[32m 22[2mms[22m[39m
[31m       [31m├ù[31m applique correctement une remise en pourcentage[39m[32m 20[2mms[22m[39m
[31m       [31m├ù[31m ajoute correctement les frais de port (shipping)[39m[32m 20[2mms[22m[39m
[31m       [31m├ù[31m g├¿re les acomptes/d├®p├┤ts correctement[39m[32m 22[2mms[22m[39m
[31m       [31m├ù[31m exon├¿re correctement la TVA si taxExempt = true[39m[32m 20[2mms[22m[39m
[31m       [31m├ù[31m g├¿re les d├®cimales correctement (precision Decimal.js)[39m[32m 25[2mms[22m[39m
[31m       [31m├ù[31m composition de calculs complexes: remise + port + TVA[39m[32m 20[2mms[22m[39m
[31m       [31m├ù[31m emp├¬che la cr├®ation avec un client non s├®lectionn├®[39m[32m 24[2mms[22m[39m
[31m       [31m├ù[31m emp├¬che la cr├®ation avec des items vides[39m[32m 22[2mms[22m[39m
       [32mÔ£ô[39m valide les num├®ros de facture uniques[32m 29[2mms[22m[39m
       [32mÔ£ô[39m valide que la date d'├®ch├®ance est apr├¿s la date de facture[32m 23[2mms[22m[39m
       [32mÔ£ô[39m emp├¬che les montants n├®gatifs[32m 16[2mms[22m[39m
[31m       [31m├ù[31m affiche les dates en format fran├ºais[39m[32m 44[2mms[22m[39m
[31m       [31m├ù[31m affiche les montants format├®s avec s├®parateurs de milliers[39m[32m 25[2mms[22m[39m
       [33m[2mÔ£ô[22m[39m g├¿re 100 factures sans ralentissements [33m 327[2mms[22m[39m
[31m       [31m├ù[31m g├¿re les montant extr├¬mement ├®lev├®s[39m[32m 28[2mms[22m[39m
[31m       [31m├ù[31m g├¿re les factures avec pas d'items[39m[32m 38[2mms[22m[39m
 [31mÔØ»[39m __tests__/components/ClientManager.test.tsx [2m([22m[2m22 tests[22m[2m | [22m[31m22 failed[39m[2m)[22m[33m 367[2mms[22m[39m
[31m       [31m├ù[31m affiche le titre et interface du gestionnaire de clients[39m[32m 62[2mms[22m[39m
[31m       [31m├ù[31m affiche la liste des clients actifs[39m[32m 11[2mms[22m[39m
[31m       [31m├ù[31m affiche le nombre total de clients[39m[32m 15[2mms[22m[39m
[31m       [31m├ù[31m affiche les statuts et statistiques des clients[39m[32m 18[2mms[22m[39m
[31m       [31m├ù[31m filtre les clients par nom[39m[32m 14[2mms[22m[39m
[31m       [31m├ù[31m filtre les clients par email[39m[32m 13[2mms[22m[39m
[31m       [31m├ù[31m affiche message si aucun r├®sultat[39m[32m 12[2mms[22m[39m
[31m       [31m├ù[31m ignore les clients archiv├®s par d├®faut[39m[32m 14[2mms[22m[39m
[31m       [31m├ù[31m affiche le chiffre d'affaires total[39m[32m 11[2mms[22m[39m
[31m       [31m├ù[31m compte les factures pay├®es par client[39m[32m 11[2mms[22m[39m
[31m       [31m├ù[31m affiche le nombre total de clients[39m[32m 12[2mms[22m[39m
[31m       [31m├ù[31m ouvre le modal pour ajouter un client[39m[32m 12[2mms[22m[39m
[31m       [31m├ù[31m cr├®e un nouveau client avec les donn├®es du formulaire[39m[32m 11[2mms[22m[39m
[31m       [31m├ù[31m ouvre le modal pour ├®diter un client[39m[32m 10[2mms[22m[39m
[31m       [31m├ù[31m pr├®charge les donn├®es du client en ├®dition[39m[32m 11[2mms[22m[39m
[31m       [31m├ù[31m sauvegarde les modifications du client[39m[32m 9[2mms[22m[39m
[31m       [31m├ù[31m affiche un bouton supprimer[39m[32m 10[2mms[22m[39m
[31m       [31m├ù[31m appelle onDelete avec l'ID du client[39m[32m 12[2mms[22m[39m
[31m       [31m├ù[31m affiche l'option d'archivage[39m[32m 15[2mms[22m[39m
[31m       [31m├ù[31m affiche un message si pas de clients[39m[32m 20[2mms[22m[39m
[31m       [31m├ù[31m les inputs sont accessibles au clavier[39m[32m 37[2mms[22m[39m
[31m       [31m├ù[31m les boutons d'action sont accessibles[39m[32m 19[2mms[22m[39m
 [31mÔØ»[39m __tests__/lib/facturX.test.ts [2m([22m[2m34 tests[22m[2m | [22m[31m6 failed[39m[2m)[22m[32m 68[2mms[22m[39m
       [32mÔ£ô[39m g├®n├¿re un XML bien form├®[32m 3[2mms[22m[39m
       [32mÔ£ô[39m inclut les informations du vendeur[32m 1[2mms[22m[39m
       [32mÔ£ô[39m inclut les informations de l'acheteur[32m 0[2mms[22m[39m
       [32mÔ£ô[39m inclut le num├®ro de facture[32m 0[2mms[22m[39m
       [32mÔ£ô[39m inclut la date au format YYYYMMDD[32m 0[2mms[22m[39m
       [32mÔ£ô[39m inclut tous les items avec descriptions[32m 0[2mms[22m[39m
       [32mÔ£ô[39m inclut les quantit├®s correctes[32m 0[2mms[22m[39m
       [32mÔ£ô[39m inclut les montants unitaires[32m 0[2mms[22m[39m
       [32mÔ£ô[39m inclut les taux de TVA[32m 0[2mms[22m[39m
       [32mÔ£ô[39m utilise le profil BASIC Factur-X[32m 0[2mms[22m[39m
       [32mÔ£ô[39m utilise typeCode 380 pour facture normale[32m 0[2mms[22m[39m
       [32mÔ£ô[39m utilise typeCode 381 pour avoir-facture[32m 0[2mms[22m[39m
       [32mÔ£ô[39m utilise EUR comme devise[32m 0[2mms[22m[39m
       [32mÔ£ô[39m g├¿re les accents fran├ºais correctement (UTF-8)[32m 0[2mms[22m[39m
       [32mÔ£ô[39m structure bien form├®e avec ├®l├®ments requis[32m 0[2mms[22m[39m
[31m       [31m├ù[31m calcule correctement les totaux HT et TTC[39m[32m 15[2mms[22m[39m
[31m       [31m├ù[31m inclut les adresses compl├¿tes du vendeur et acheteur[39m[32m 5[2mms[22m[39m
       [32mÔ£ô[39m g├¿re les factures sans items sans erreur[32m 0[2mms[22m[39m
       [32mÔ£ô[39m g├¿re le code S (standard VAT rate)[32m 0[2mms[22m[39m
[31m       [31m├ù[31m g├¿re le code Z (zero rated)[39m[32m 1[2mms[22m[39m
       [32mÔ£ô[39m g├¿re le code E (exempt from VAT)[32m 0[2mms[22m[39m
       [32mÔ£ô[39m g├¿re le code RL (reverse charge)[32m 0[2mms[22m[39m
[31m       [31m├ù[31m inclut les conditions de paiement[39m[32m 3[2mms[22m[39m
       [32mÔ£ô[39m respecte la pr├®cision d├®cimale sur les montants[32m 0[2mms[22m[39m
[31m       [31m├ù[31m ├®chappe correctement les caract├¿res XML sp├®ciaux[39m[32m 10[2mms[22m[39m
       [32mÔ£ô[39m g├¿re plusieurs items avec diff├®rents taux de TVA[32m 2[2mms[22m[39m
       [32mÔ£ô[39m inclut le statut ACRE dans le profil[32m 1[2mms[22m[39m
       [32mÔ£ô[39m g├¿re les montants ├®lev├®s sans perte de pr├®cision[32m 0[2mms[22m[39m
[31m       [31m├ù[31m inclut compl├¿tement les adresses structur├®es (CodeListId)[39m[32m 7[2mms[22m[39m
       [32mÔ£ô[39m utilise le num├®ro de facture comme SchemeID[32m 0[2mms[22m[39m
       [32mÔ£ô[39m valide l'XML pour Structure compl├¿te (pas de tags orphelins)[32m 1[2mms[22m[39m
       [32mÔ£ô[39m diff├®rencie les types de document (facture vs avoir)[32m 0[2mms[22m[39m
       [32mÔ£ô[39m g├®n├¿re le XML rapidement (< 100ms)[32m 0[2mms[22m[39m
       [32mÔ£ô[39m g├®n├¿re le m├¬me XML pour la m├¬me facture (d├®terministe)[32m 0[2mms[22m[39m
 [31mÔØ»[39m __tests__/lib/exportUtils.test.ts [2m([22m[2m34 tests[22m[2m | [22m[31m4 failed[39m[2m)[22m[32m 48[2mms[22m[39m
       [32mÔ£ô[39m exporte compl├¿tement les donn├®es en JSON[32m 4[2mms[22m[39m
       [32mÔ£ô[39m inclut les m├®tadonn├®es (exportedAt)[32m 1[2mms[22m[39m
       [32mÔ£ô[39m s├®rialise les Decimal en string[32m 1[2mms[22m[39m
       [32mÔ£ô[39m g├¿re les donn├®es vides correctement[32m 1[2mms[22m[39m
       [32mÔ£ô[39m sort et formate correctement le JSON[32m 1[2mms[22m[39m
       [32mÔ£ô[39m exporte avec toutes les cl├®s r├®quises[32m 1[2mms[22m[39m
[31m       [31m├ù[31m exporte les factures en CSV[39m[32m 8[2mms[22m[39m
[31m       [31m├ù[31m inclut les headers automatiquement[39m[32m 4[2mms[22m[39m
       [32mÔ£ô[39m g├¿re les custom headers[32m 1[2mms[22m[39m
       [32mÔ£ô[39m ├®chappe les valeurs contenant des virgules[32m 0[2mms[22m[39m
       [32mÔ£ô[39m ├®chappe les valeurs contenant des guillemets[32m 1[2mms[22m[39m
       [32mÔ£ô[39m exporte les clients[32m 0[2mms[22m[39m
       [32mÔ£ô[39m g├¿re les collections vides[32m 0[2mms[22m[39m
       [32mÔ£ô[39m exporte plusieurs items avec donn├®es compl├¿tes[32m 0[2mms[22m[39m
       [32mÔ£ô[39m g├¿re les donn├®es avec accents fran├ºais[32m 0[2mms[22m[39m
       [32mÔ£ô[39m exporte les num├®ros correctement format├®s[32m 0[2mms[22m[39m
       [32mÔ£ô[39m exporte compl├¿tement les donn├®es personnelles[32m 0[2mms[22m[39m
       [32mÔ£ô[39m inclut le timestamp d'export (RGPD requirement)[32m 0[2mms[22m[39m
       [32mÔ£ô[39m produit un JSON valide et parsable[32m 1[2mms[22m[39m
       [32mÔ£ô[39m utilise l'encodage UTF-8 correctement[32m 0[2mms[22m[39m
       [32mÔ£ô[39m CSV r├®cup├¿re tous les champs de l'entit├®[32m 0[2mms[22m[39m
       [32mÔ£ô[39m exporte 1000 factures rapidement en JSON[32m 5[2mms[22m[39m
[31m       [31m├ù[31m exporte 1000 factures rapidement en CSV[39m[32m 5[2mms[22m[39m
       [32mÔ£ô[39m g├¿re les montants tr├¿s ├®lev├®s sans perte de pr├®cision[32m 0[2mms[22m[39m
       [32mÔ£ô[39m g├¿re les montants tr├¿s petits avec pr├®cision d├®cimale[32m 0[2mms[22m[39m
       [32mÔ£ô[39m g├¿re les valeurs null/undefined gracieux[32m 0[2mms[22m[39m
       [32mÔ£ô[39m g├¿re les cha├«nes vides correctement[32m 0[2mms[22m[39m
       [32mÔ£ô[39m g├¿re les caract├¿res de contr├┤le dans les donn├®es[32m 0[2mms[22m[39m
       [32mÔ£ô[39m ├®chappe correctement les guillemets doubles en CSV[32m 0[2mms[22m[39m
       [32mÔ£ô[39m conserve l'ordre des lignes en CSV[32m 0[2mms[22m[39m
       [32mÔ£ô[39m exporte correctement les donn├®es multilingues[32m 0[2mms[22m[39m
       [32mÔ£ô[39m exporte le CSV avec support multilingue UTF-8[32m 0[2mms[22m[39m
[31m       [31m├ù[31m produit un JSON de taille raisonnable pour 1000 factures[39m[32m 3[2mms[22m[39m
       [32mÔ£ô[39m encode correctement en base64 si n├®cessaire[32m 1[2mms[22m[39m
 [31mÔØ»[39m __tests__/db/invoiceDB.test.ts [2m([22m[2m40 tests[22m[2m | [22m[31m40 failed[39m[2m)[22m[32m 52[2mms[22m[39m
[31m       [31m├ù[31m cr├®e une facture[39m[32m 7[2mms[22m[39m
[31m       [31m├ù[31m r├®cup├¿re une facture par ID[39m[32m 1[2mms[22m[39m
[31m       [31m├ù[31m met ├á jour une facture[39m[32m 1[2mms[22m[39m
[31m       [31m├ù[31m supprime une facture[39m[32m 1[2mms[22m[39m
[31m       [31m├ù[31m liste toutes les factures[39m[32m 1[2mms[22m[39m
[31m       [31m├ù[31m filtre par status[39m[32m 1[2mms[22m[39m
[31m       [31m├ù[31m filtre par clientId[39m[32m 1[2mms[22m[39m
[31m       [31m├ù[31m filtre par status[39m[32m 1[2mms[22m[39m
[31m       [31m├ù[31m l├¿ve une erreur si l'invoice existe d├®j├á[39m[32m 1[2mms[22m[39m
[31m       [31m├ù[31m cr├®e un item[39m[32m 1[2mms[22m[39m
[31m       [31m├ù[31m cr├®e et r├®cup├¿re un item[39m[32m 1[2mms[22m[39m
[31m       [31m├ù[31m supporte plusieurs items[39m[32m 1[2mms[22m[39m
[31m       [31m├ù[31m cr├®e un client[39m[32m 1[2mms[22m[39m
[31m       [31m├ù[31m filtre les clients actifs[39m[32m 1[2mms[22m[39m
[31m       [31m├ù[31m recherche par email[39m[32m 1[2mms[22m[39m
[31m       [31m├ù[31m met ├á jour un client[39m[32m 1[2mms[22m[39m
[31m       [31m├ù[31m cr├®e facture + items atomiquement[39m[32m 1[2mms[22m[39m
[31m       [31m├ù[31m g├¿re 1000 factures sans d├®grade[39m[32m 1[2mms[22m[39m
[31m       [31m├ù[31m cherche rapidement dans 1000 records[39m[32m 1[2mms[22m[39m
[31m       [31m├ù[31m cr├®e un fournisseur[39m[32m 1[2mms[22m[39m
[31m       [31m├ù[31m filtre les fournisseurs actifs[39m[32m 1[2mms[22m[39m
[31m       [31m├ù[31m met ├á jour un fournisseur[39m[32m 1[2mms[22m[39m
[31m       [31m├ù[31m supprime un fournisseur[39m[32m 1[2mms[22m[39m
[31m       [31m├ù[31m cr├®e un produit[39m[32m 1[2mms[22m[39m
[31m       [31m├ù[31m filtre par cat├®gorie[39m[32m 1[2mms[22m[39m
[31m       [31m├ù[31m liste les produits actifs[39m[32m 1[2mms[22m[39m
[31m       [31m├ù[31m cr├®e une d├®pense[39m[32m 1[2mms[22m[39m
[31m       [31m├ù[31m filtre par fournisseur[39m[32m 1[2mms[22m[39m
[31m       [31m├ù[31m filtre par cat├®gorie[39m[32m 2[2mms[22m[39m
[31m       [31m├ù[31m exporte toutes les tables en JSON[39m[32m 1[2mms[22m[39m
[31m       [31m├ù[31m exporte des donn├®es vides si la base est vide[39m[32m 1[2mms[22m[39m
[31m       [31m├ù[31m exporte correctement Decimal.js amounts[39m[32m 1[2mms[22m[39m
[31m       [31m├ù[31m cr├®e un ├®v├®nement calendrier[39m[32m 1[2mms[22m[39m
[31m       [31m├ù[31m filtre par client[39m[32m 1[2mms[22m[39m
[31m       [31m├ù[31m filtre par facture[39m[32m 1[2mms[22m[39m
[31m       [31m├ù[31m cr├®e un template email[39m[32m 1[2mms[22m[39m
[31m       [31m├ù[31m r├®cup├¿re templates par type[39m[32m 1[2mms[22m[39m
[31m       [31m├ù[31m cr├®e un message chat[39m[32m 1[2mms[22m[39m
[31m       [31m├ù[31m liste messages par timestamp[39m[32m 1[2mms[22m[39m
[31m       [31m├ù[31m vide compl├¿tement la base[39m[32m 1[2mms[22m[39m
 [31mÔØ»[39m __tests__/components/SupplierManager.test.tsx [2m([22m[2m30 tests[22m[2m | [22m[31m30 failed[39m[2m)[22m[33m 4849[2mms[22m[39m
[31m       [31m├ù[31m rend le gestionnaire de fournisseurs[39m[33m 1194[2mms[22m[39m
[31m       [31m├ù[31m affiche la liste des fournisseurs actifs[39m[32m 71[2mms[22m[39m
[31m       [31m├ù[31m affiche les emails des fournisseurs[39m[32m 298[2mms[22m[39m
[31m       [31m├ù[31m filtre les fournisseurs par nom[39m[32m 97[2mms[22m[39m
[31m       [31m├ù[31m filtre les fournisseurs par email[39m[32m 149[2mms[22m[39m
[31m       [31m├ù[31m ignore les fournisseurs archiv├®s par d├®faut[39m[32m 56[2mms[22m[39m
[31m       [31m├ù[31m calcule la d├®pense totale par fournisseur[39m[32m 99[2mms[22m[39m
[31m       [31m├ù[31m affiche la d├®pense totale globale[39m[32m 171[2mms[22m[39m
[31m       [31m├ù[31m compte les d├®penses par fournisseur[39m[32m 168[2mms[22m[39m
[31m       [31m├ù[31m ouvre le modal pour ajouter un fournisseur[39m[32m 158[2mms[22m[39m
[31m       [31m├ù[31m cr├®e un nouveau fournisseur[39m[32m 264[2mms[22m[39m
[31m       [31m├ù[31m ouvre le modal pour ├®diter un fournisseur[39m[32m 130[2mms[22m[39m
[31m       [31m├ù[31m pr├®charge les donn├®es du fournisseur en ├®dition[39m[32m 33[2mms[22m[39m
[31m       [31m├ù[31m sauvegarde les modifications du fournisseur[39m[32m 215[2mms[22m[39m
[31m       [31m├ù[31m affiche un bouton supprimer[39m[32m 65[2mms[22m[39m
[31m       [31m├ù[31m appelle onDelete avec l'ID du fournisseur[39m[32m 122[2mms[22m[39m
[31m       [31m├ù[31m affiche l'option d'archivage[39m[32m 87[2mms[22m[39m
[31m       [31m├ù[31m bascule le statut archiv├® du fournisseur[39m[32m 30[2mms[22m[39m
[31m       [31m├ù[31m affiche un message si pas de fournisseurs[39m[32m 165[2mms[22m[39m
[31m       [31m├ù[31m les inputs sont accessibles au clavier[39m[32m 21[2mms[22m[39m
[31m       [31m├ù[31m les boutons d'action sont accessibles[39m[32m 112[2mms[22m[39m
[31m       [31m├ù[31m filtre les d├®penses par cat├®gorie[39m[32m 22[2mms[22m[39m
[31m       [31m├ù[31m affiche les d├®tails des d├®penses associ├®es[39m[32m 142[2mms[22m[39m

[31m       [31m├ù[31m affiche un bouton d'import[39m[32m 20[2mms[22m[39m
[31mÔÄ»ÔÄ»ÔÄ»ÔÄ»ÔÄ»ÔÄ»[39m[1m[41m Failed Tests 30 
[49m[22m[31mÔÄ»ÔÄ»ÔÄ»ÔÄ»ÔÄ»ÔÄ»ÔÄ»[39m
[31m       [31m├ù[31m affiche un bouton d'export[39m[32m 118[2mms[22m[39m
[31m       [31m├ù[31m affiche le t├®l├®phone du fournisseur[39m[32m 112[2mms[22m[39m

[41m[1m FAIL [22m[49m __tests__/components/SupplierManager.test.tsx[2m > 
[22mSupplierManager Component[2m > [22mRendering & UI[2m > [22mrend le 
gestionnaire de fournisseurs
[31m       [31m├ù[31m affiche l'adresse du fournisseur[39m[32m 104[2mms[22m[39m
[31m       [31m├ù[31m affiche le SIRET du fournisseur[39m[32m 16[2mms[22m[39m
[41m[1m FAIL [22m[49m __tests__/components/SupplierManager.test.tsx[2m > 
[22mSupplierManager Component[2m > [22mRendering & UI[2m > [22maffiche la 
liste des fournisseurs actifs
[41m[1m FAIL [22m[49m __tests__/components/SupplierManager.test.tsx[2m > 
[22mSupplierManager Component[2m > [22mRendering & UI[2m > [22maffiche 
les emails des fournisseurs
[41m[1m FAIL [22m[49m __tests__/components/SupplierManager.test.tsx[2m > 
[22mSupplierManager Component[2m > [22mSupplier Search & Filter[2m > 
[22mfiltre les fournisseurs par nom
[41m[1m FAIL [22m[49m __tests__/components/SupplierManager.test.tsx[2m > 
[22mSupplierManager Component[2m > [22mSupplier Search & Filter[2m > 
[22mfiltre les fournisseurs par email
[41m[1m FAIL [22m[49m __tests__/components/SupplierManager.test.tsx[2m > 
[22mSupplierManager Component[2m > [22mSupplier Search & Filter[2m > 
[22mignore les fournisseurs archiv├®s par d├®faut
[31m       [31m├ù[31m trie les fournisseurs par nom alphab├®tiquement[39m[32m 266[2mms[22m[39m
[41m[1m FAIL [22m[49m __tests__/components/SupplierManager.test.tsx[2m > 
[22mSupplierManager Component[2m > [22mFinancial Statistics[2m > 
[22mcalcule la d├®pense totale par fournisseur
[41m[1m FAIL [22m[49m __tests__/components/SupplierManager.test.tsx[2m > 
[22mSupplierManager Component[2m > [22mFinancial Statistics[2m > 
[22maffiche la d├®pense totale globale
[41m[1m FAIL [22m[49m __tests__/components/SupplierManager.test.tsx[2m > 
[22mSupplierManager Component[2m > [22mFinancial Statistics[2m > 
[22mcompte les d├®penses par fournisseur
[41m[1m FAIL [22m[49m __tests__/components/SupplierManager.test.tsx[2m > 
[22mSupplierManager Component[2m > [22mAdd Supplier Workflow[2m > 
[22mouvre le modal pour ajouter un fournisseur
[41m[1m FAIL [22m[49m __tests__/components/SupplierManager.test.tsx[2m > 
[22mSupplierManager Component[2m > [22mAdd Supplier Workflow[2m > 
[22mcr├®e un nouveau fournisseur
[41m[1m FAIL [22m[49m __tests__/components/SupplierManager.test.tsx[2m > 
[22mSupplierManager Component[2m > [22mEdit Supplier Workflow[2m > 
[22mouvre le modal pour ├®diter un fournisseur
[41m[1m FAIL [22m[49m __tests__/components/SupplierManager.test.tsx[2m > 
[22mSupplierManager Component[2m > [22mEdit Supplier Workflow[2m > 
[22mpr├®charge les donn├®es du fournisseur en ├®dition
[41m[1m FAIL [22m[49m __tests__/components/SupplierManager.test.tsx[2m > 
[22mSupplierManager Component[2m > [22mEdit Supplier Workflow[2m > 
[22msauvegarde les modifications du fournisseur
[41m[1m FAIL [22m[49m __tests__/components/SupplierManager.test.tsx[2m > 
[22mSupplierManager Component[2m > [22mDelete Supplier[2m > [22maffiche 
un bouton supprimer
[31m       [31m├ù[31m agr├¿ge les d├®penses par fournisseur correctement[39m[32m 262[2mms[22m[39m

[41m[1m FAIL [22m[49m __tests__/components/SupplierManager.test.tsx[2m > 
[22mSupplierManager Component[2m > [22mDelete Supplier[2m > [22mappelle 
onDelete avec l'ID du fournisseur
[41m[1m FAIL [22m[49m __tests__/components/SupplierManager.test.tsx[2m > 
[22mSupplierManager Component[2m > [22mArchive Supplier[2m > [22maffiche 
l'option d'archivage
[41m[1m FAIL [22m[49m __tests__/components/SupplierManager.test.tsx[2m > 
[22mSupplierManager Component[2m > [22mArchive Supplier[2m > [22mbascule 
le statut archiv├® du fournisseur
[2m Test Files [22m [1m[31m7 failed[39m[22m[90m (7)[39m
[2m      Tests [22m [1m[31m132 failed[39m[22m[2m | [22m[1m[32m86 passed[39m[22m[90m (218)[39m
[41m[1m FAIL [22m[49m __tests__/components/SupplierManager.test.tsx[2m > 
[22mSupplierManager Component[2m > [22mAccessibility[2m > [22maffiche un 
message si pas de fournisseurs
[41m[1m FAIL [22m[49m __tests__/components/SupplierManager.test.tsx[2m > 
[22mSupplierManager Component[2m > [22mAccessibility[2m > [22mles inputs 
sont accessibles au clavier
[41m[1m FAIL [22m[49m __tests__/components/SupplierManager.test.tsx[2m > 
[22mSupplierManager Component[2m > [22mAccessibility[2m > [22mles boutons 
d'action sont accessibles
[2m   Start at [22m 00:13:51
[41m[1m FAIL [22m[49m __tests__/components/SupplierManager.test.tsx[2m > 
[22mSupplierManager Component[2m > [22mExpense Category Filtering[2m > 
[22mfiltre les d├®penses par cat├®gorie
[41m[1m FAIL [22m[49m __tests__/components/SupplierManager.test.tsx[2m > 
[22mSupplierManager Component[2m > [22mExpense Category Filtering[2m > 
[22maffiche les d├®tails des d├®penses associ├®es
[41m[1m FAIL [22m[49m __tests__/components/SupplierManager.test.tsx[2m > 
[22mSupplierManager Component[2m > [22mImport/Export[2m > [22maffiche un 
bouton d'import
[41m[1m FAIL [22m[49m __tests__/components/SupplierManager.test.tsx[2m > 
[22mSupplierManager Component[2m > [22mImport/Export[2m > [22maffiche un 
bouton d'export
[41m[1m FAIL [22m[49m __tests__/components/SupplierManager.test.tsx[2m > 
[22mSupplierManager Component[2m > [22mContact Information[2m > 
[22maffiche le t├®l├®phone du fournisseur
[2m   Duration [22m 7.66s

[41m[1m FAIL [22m[49m __tests__/components/SupplierManager.test.tsx[2m > 
[22mSupplierManager Component[2m > [22mContact Information[2m > 
[22maffiche l'adresse du fournisseur
[41m[1m FAIL [22m[49m __tests__/components/SupplierManager.test.tsx[2m > 
[22mSupplierManager Component[2m > [22mContact Information[2m > 
[22maffiche le SIRET du fournisseur
[41m[1m FAIL [22m[49m __tests__/components/SupplierManager.test.tsx[2m > 
[22mSupplierManager Component[2m > [22mSorting & Organization[2m > 
[22mtrie les fournisseurs par nom alphab├®tiquement
[41m[1m FAIL [22m[49m __tests__/components/SupplierManager.test.tsx[2m > 
[22mSupplierManager Component[2m > [22mSorting & Organization[2m > 
[22magr├¿ge les d├®penses par fournisseur correctement
[31m[1mTypeError[22m: Cannot read properties of undefined (reading 
'search')[39m
[1m[41m FAIL [49m[22m [31mTests failed. Watching for file changes...[39m
       [2mpress [22m[1mh[22m[2m to show help[22m[2m, [22m[2mpress [22m[1mq[22m[2m to quit[22m
[36m [2mÔØ»[22m SearchFilterFields 
__tests__/components/SupplierManager.test.tsx:[2m66:24[22m[39m
    [90m 64| [39m      [33m<[39m[33minput[39m
    [90m 65| [39m        
[33mplaceholder[39m[33m=[39m[32m"Chercher..."[39m
    [90m 66| [39m        
[33mvalue[39m[33m=[39m[33m{[39mfilters[33m.[39msearch [33m||[39m 
[32m''[39m[33m}[39m
    [90m   | [39m                       [31m^[39m
    [90m 67| [39m        onChange={(e) => onChange({ ...filters, search: 
e.target.valueÔÇª
    [90m 68| [39m      [33m/[39m[33m>[39m
[90m [2mÔØ»[22m Object.react_stack_bottom_frame node_modules/react-dom/cjs/r
eact-dom-client.development.js:[2m25904:20[22m[39m
[90m [2mÔØ»[22m renderWithHooks node_modules/react-dom/cjs/react-dom-client.
development.js:[2m7662:22[22m[39m
[90m [2mÔØ»[22m updateFunctionComponent node_modules/react-dom/cjs/react-dom
-client.development.js:[2m10166:19[22m[39m
[90m [2mÔØ»[22m beginWork node_modules/react-dom/cjs/react-dom-client.develo
pment.js:[2m11778:18[22m[39m
[90m [2mÔØ»[22m runWithFiberInDEV 
node_modules/react-dom/cjs/react-dom-client.development.js:[2m874:13[22m[39m
[90m [2mÔØ»[22m performUnitOfWork node_modules/react-dom/cjs/react-dom-clien
t.development.js:[2m17641:22[22m[39m
[90m [2mÔØ»[22m workLoopSync node_modules/react-dom/cjs/react-dom-client.dev
elopment.js:[2m17469:41[22m[39m
[90m [2mÔØ»[22m renderRootSync node_modules/react-dom/cjs/react-dom-client.d
evelopment.js:[2m17450:11[22m[39m
[90m [2mÔØ»[22m performWorkOnRoot node_modules/react-dom/cjs/react-dom-clien
t.development.js:[2m16583:35[22m[39m

[31m[2mÔÄ»ÔÄ»ÔÄ»ÔÄ»ÔÄ»ÔÄ»ÔÄ»ÔÄ»ÔÄ»ÔÄ»ÔÄ»ÔÄ»ÔÄ»ÔÄ»ÔÄ»ÔÄ»ÔÄ»ÔÄ»ÔÄ»ÔÄ»ÔÄ»ÔÄ»ÔÄ»[
1/30]ÔÄ»[22m[39m

c[3J[1m[44m RERUN [49m[22m [34m[2m__tests__/components/SupplierManager.test.tsx [22m[34mx3 [34m[39m

 [31mÔØ»[39m __tests__/AIAssistant.test.tsx [2m([22m[2m20 tests[22m[2m | [22m[31m4 failed[39m[2m)[22m[33m 5881[2mms[22m[39m
       [32mÔ£ô[39m devrait rendre le composant sans erreur[32m 118[2mms[22m[39m
       [32mÔ£ô[39m affiche le titre principal du composant[32m 22[2mms[22m[39m
       [32mÔ£ô[39m affiche le champ de saisie pour les questions[32m 24[2mms[22m[39m
       [32mÔ£ô[39m affiche le bouton d'envoi[32m 22[2mms[22m[39m
       [33m[2mÔ£ô[22m[39m devrait envoyer un message et afficher la r├®ponse [33m 825[2mms[22m[39m
       [33m[2mÔ£ô[22m[39m vide le champ de saisie apr├¿s envoi [33m 359[2mms[22m[39m
       [32mÔ£ô[39m n'envoie pas de message vide[32m 96[2mms[22m[39m
       [33m[2mÔ£ô[22m[39m affiche l'historique des messages [33m 326[2mms[22m[39m
       [32mÔ£ô[39m affiche la section de pr├®diction[32m 17[2mms[22m[39m
       [32mÔ£ô[39m affiche la balance pr├®dite[32m 14[2mms[22m[39m
[31m       [31m├ù[31m appelle predictCashflowJ30 au montage du composant[39m[33m 1026[2mms[22m[39m
[31m       [31m├ù[31m affiche le niveau de risque de la pr├®diction[39m[33m 1019[2mms[22m[39m
       [32mÔ£ô[39m g├¿re les erreurs d'API gracieusement[32m 171[2mms[22m[39m
       [32mÔ£ô[39m g├¿re les erreurs de pr├®diction au chargement[32m 11[2mms[22m[39m
       [32mÔ£ô[39m affiche un message par d├®faut en cas d'erreur de r├®ponse[32m 276[2mms[22m[39m
       [32mÔ£ô[39m affiche un indicateur de chargement en envoyant un message[32m 209[2mms[22m[39m
[31m       [31m├ù[31m envoie le message avec Enter[39m[33m 1145[2mms[22m[39m
[31m       [31m├ù[31m n'envoie pas avec Shift+Enter[39m[32m 172[2mms[22m[39m
       [32mÔ£ô[39m a des labels descriptifs pour les ├®l├®ments interactifs[32m 9[2mms[22m[39m
       [32mÔ£ô[39m le bouton est accessible au clavier[32m 10[2mms[22m[39m
 [31mÔØ»[39m __tests__/components/InvoiceManager.test.tsx [2m([22m[2m38 tests[22m[2m | [22m[31m26 failed[39m[2m)[22m[33m 2999[2mms[22m[39m
[31m       [31m├ù[31m affiche le gestionnaire de factures[39m[32m 171[2mms[22m[39m
       [32mÔ£ô[39m affiche la liste des factures[32m 49[2mms[22m[39m
[31m       [31m├ù[31m affiche les statuts des factures[39m[32m 53[2mms[22m[39m
       [32mÔ£ô[39m affiche le num├®ro de facture[32m 39[2mms[22m[39m
[31m       [31m├ù[31m affiche le client de la facture[39m[32m 43[2mms[22m[39m
[31m       [31m├ù[31m affiche la date de facture[39m[32m 36[2mms[22m[39m
       [32mÔ£ô[39m affiche les montants totaux[32m 28[2mms[22m[39m
[31m       [31m├ù[31m ouvre le formulaire de cr├®ation de facture[39m[33m 1308[2mms[22m[39m
[31m       [31m├ù[31m filtre par statut[39m[32m 44[2mms[22m[39m
[31m       [31m├ù[31m filtre par client[39m[32m 36[2mms[22m[39m
[31m       [31m├ù[31m affiche un bouton pour dupliquer une facture[39m[32m 51[2mms[22m[39m
       [32mÔ£ô[39m affiche un bouton pour supprimer une facture[32m 29[2mms[22m[39m
       [32mÔ£ô[39m affiche un bouton pour t├®l├®charger une facture[32m 32[2mms[22m[39m
[31m       [31m├ù[31m affiche un bouton pour envoyer une facture[39m[32m 34[2mms[22m[39m
       [32mÔ£ô[39m affiche un message si pas de factures[32m 20[2mms[22m[39m
       [32mÔ£ô[39m g├¿re les factures standards[32m 59[2mms[22m[39m
[31m       [31m├ù[31m g├¿re les devis[39m[32m 23[2mms[22m[39m
       [32mÔ£ô[39m les boutons sont accessibles au clavier[32m 136[2mms[22m[39m
[31m       [31m├ù[31m calcule correctement HT (Hors Taxes) avec items simples[39m[32m 25[2mms[22m[39m
[31m       [31m├ù[31m calcule correctement la TVA ├á 20%[39m[32m 24[2mms[22m[39m
[31m       [31m├ù[31m calcule correctement avec TVA r├®duite 5.5%[39m[32m 25[2mms[22m[39m
[31m       [31m├ù[31m calcule correctement avec plusieurs items et TVA mixtes[39m[32m 22[2mms[22m[39m
[31m       [31m├ù[31m applique correctement une remise en pourcentage[39m[32m 20[2mms[22m[39m
[31m       [31m├ù[31m ajoute correctement les frais de port (shipping)[39m[32m 20[2mms[22m[39m
[31m       [31m├ù[31m g├¿re les acomptes/d├®p├┤ts correctement[39m[32m 22[2mms[22m[39m
[31m       [31m├ù[31m exon├¿re correctement la TVA si taxExempt = true[39m[32m 20[2mms[22m[39m
[31m       [31m├ù[31m g├¿re les d├®cimales correctement (precision Decimal.js)[39m[32m 25[2mms[22m[39m
[31m       [31m├ù[31m composition de calculs complexes: remise + port + TVA[39m[32m 20[2mms[22m[39m
[31m       [31m├ù[31m emp├¬che la cr├®ation avec un client non s├®lectionn├®[39m[32m 24[2mms[22m[39m
[31m       [31m├ù[31m emp├¬che la cr├®ation avec des items vides[39m[32m 22[2mms[22m[39m
       [32mÔ£ô[39m valide les num├®ros de facture uniques[32m 29[2mms[22m[39m
       [32mÔ£ô[39m valide que la date d'├®ch├®ance est apr├¿s la date de facture[32m 23[2mms[22m[39m
       [32mÔ£ô[39m emp├¬che les montants n├®gatifs[32m 16[2mms[22m[39m
[31m       [31m├ù[31m affiche les dates en format fran├ºais[39m[32m 44[2mms[22m[39m
[31m       [31m├ù[31m affiche les montants format├®s avec s├®parateurs de milliers[39m[32m 25[2mms[22m[39m
       [33m[2mÔ£ô[22m[39m g├¿re 100 factures sans ralentissements [33m 327[2mms[22m[39m
[31m       [31m├ù[31m g├¿re les montant extr├¬mement ├®lev├®s[39m[32m 28[2mms[22m[39m
[31m       [31m├ù[31m g├¿re les factures avec pas d'items[39m[32m 38[2mms[22m[39m
 [31mÔØ»[39m __tests__/components/ClientManager.test.tsx [2m([22m[2m22 tests[22m[2m | [22m[31m22 failed[39m[2m)[22m[33m 367[2mms[22m[39m
[31m       [31m├ù[31m affiche le titre et interface du gestionnaire de clients[39m[32m 62[2mms[22m[39m
[31m       [31m├ù[31m affiche la liste des clients actifs[39m[32m 11[2mms[22m[39m
[31m       [31m├ù[31m affiche le nombre total de clients[39m[32m 15[2mms[22m[39m
[31m       [31m├ù[31m affiche les statuts et statistiques des clients[39m[32m 18[2mms[22m[39m
[31m       [31m├ù[31m filtre les clients par nom[39m[32m 14[2mms[22m[39m
[31m       [31m├ù[31m filtre les clients par email[39m[32m 13[2mms[22m[39m
[31m       [31m├ù[31m affiche message si aucun r├®sultat[39m[32m 12[2mms[22m[39m
[31m       [31m├ù[31m ignore les clients archiv├®s par d├®faut[39m[32m 14[2mms[22m[39m
[31m       [31m├ù[31m affiche le chiffre d'affaires total[39m[32m 11[2mms[22m[39m
[31m       [31m├ù[31m compte les factures pay├®es par client[39m[32m 11[2mms[22m[39m
[31m       [31m├ù[31m affiche le nombre total de clients[39m[32m 12[2mms[22m[39m
[31m       [31m├ù[31m ouvre le modal pour ajouter un client[39m[32m 12[2mms[22m[39m
[31m       [31m├ù[31m cr├®e un nouveau client avec les donn├®es du formulaire[39m[32m 11[2mms[22m[39m
[31m       [31m├ù[31m ouvre le modal pour ├®diter un client[39m[32m 10[2mms[22m[39m
[31m       [31m├ù[31m pr├®charge les donn├®es du client en ├®dition[39m[32m 11[2mms[22m[39m
[31m       [31m├ù[31m sauvegarde les modifications du client[39m[32m 9[2mms[22m[39m
[31m       [31m├ù[31m affiche un bouton supprimer[39m[32m 10[2mms[22m[39m
[31m       [31m├ù[31m appelle onDelete avec l'ID du client[39m[32m 12[2mms[22m[39m
[31m       [31m├ù[31m affiche l'option d'archivage[39m[32m 15[2mms[22m[39m
[31m       [31m├ù[31m affiche un message si pas de clients[39m[32m 20[2mms[22m[39m
[31m       [31m├ù[31m les inputs sont accessibles au clavier[39m[32m 37[2mms[22m[39m
[31m       [31m├ù[31m les boutons d'action sont accessibles[39m[32m 19[2mms[22m[39m
 [31mÔØ»[39m __tests__/lib/facturX.test.ts [2m([22m[2m34 tests[22m[2m | [22m[31m6 failed[39m[2m)[22m[32m 68[2mms[22m[39m
       [32mÔ£ô[39m g├®n├¿re un XML bien form├®[32m 3[2mms[22m[39m
       [32mÔ£ô[39m inclut les informations du vendeur[32m 1[2mms[22m[39m
       [32mÔ£ô[39m inclut les informations de l'acheteur[32m 0[2mms[22m[39m
       [32mÔ£ô[39m inclut le num├®ro de facture[32m 0[2mms[22m[39m
       [32mÔ£ô[39m inclut la date au format YYYYMMDD[32m 0[2mms[22m[39m
       [32mÔ£ô[39m inclut tous les items avec descriptions[32m 0[2mms[22m[39m
       [32mÔ£ô[39m inclut les quantit├®s correctes[32m 0[2mms[22m[39m
       [32mÔ£ô[39m inclut les montants unitaires[32m 0[2mms[22m[39m
       [32mÔ£ô[39m inclut les taux de TVA[32m 0[2mms[22m[39m
       [32mÔ£ô[39m utilise le profil BASIC Factur-X[32m 0[2mms[22m[39m
       [32mÔ£ô[39m utilise typeCode 380 pour facture normale[32m 0[2mms[22m[39m
       [32mÔ£ô[39m utilise typeCode 381 pour avoir-facture[32m 0[2mms[22m[39m
       [32mÔ£ô[39m utilise EUR comme devise[32m 0[2mms[22m[39m
       [32mÔ£ô[39m g├¿re les accents fran├ºais correctement (UTF-8)[32m 0[2mms[22m[39m
       [32mÔ£ô[39m structure bien form├®e avec ├®l├®ments requis[32m 0[2mms[22m[39m
[31m       [31m├ù[31m calcule correctement les totaux HT et TTC[39m[32m 15[2mms[22m[39m
[31m       [31m├ù[31m inclut les adresses compl├¿tes du vendeur et acheteur[39m[32m 5[2mms[22m[39m
       [32mÔ£ô[39m g├¿re les factures sans items sans erreur[32m 0[2mms[22m[39m
       [32mÔ£ô[39m g├¿re le code S (standard VAT rate)[32m 0[2mms[22m[39m
[31m       [31m├ù[31m g├¿re le code Z (zero rated)[39m[32m 1[2mms[22m[39m
       [32mÔ£ô[39m g├¿re le code E (exempt from VAT)[32m 0[2mms[22m[39m
       [32mÔ£ô[39m g├¿re le code RL (reverse charge)[32m 0[2mms[22m[39m
[31m       [31m├ù[31m inclut les conditions de paiement[39m[32m 3[2mms[22m[39m
       [32mÔ£ô[39m respecte la pr├®cision d├®cimale sur les montants[32m 0[2mms[22m[39m
[31m       [31m├ù[31m ├®chappe correctement les caract├¿res XML sp├®ciaux[39m[32m 10[2mms[22m[39m
       [32mÔ£ô[39m g├¿re plusieurs items avec diff├®rents taux de TVA[32m 2[2mms[22m[39m
       [32mÔ£ô[39m inclut le statut ACRE dans le profil[32m 1[2mms[22m[39m
       [32mÔ£ô[39m g├¿re les montants ├®lev├®s sans perte de pr├®cision[32m 0[2mms[22m[39m
[31m       [31m├ù[31m inclut compl├¿tement les adresses structur├®es (CodeListId)[39m[32m 7[2mms[22m[39m
       [32mÔ£ô[39m utilise le num├®ro de facture comme SchemeID[32m 0[2mms[22m[39m
       [32mÔ£ô[39m valide l'XML pour Structure compl├¿te (pas de tags orphelins)[32m 1[2mms[22m[39m
       [32mÔ£ô[39m diff├®rencie les types de document (facture vs avoir)[32m 0[2mms[22m[39m
       [32mÔ£ô[39m g├®n├¿re le XML rapidement (< 100ms)[32m 0[2mms[22m[39m
       [32mÔ£ô[39m g├®n├¿re le m├¬me XML pour la m├¬me facture (d├®terministe)[32m 0[2mms[22m[39m
 [31mÔØ»[39m __tests__/lib/exportUtils.test.ts [2m([22m[2m34 tests[22m[2m | [22m[31m4 failed[39m[2m)[22m[32m 48[2mms[22m[39m
       [32mÔ£ô[39m exporte compl├¿tement les donn├®es en JSON[32m 4[2mms[22m[39m
       [32mÔ£ô[39m inclut les m├®tadonn├®es (exportedAt)[32m 1[2mms[22m[39m
       [32mÔ£ô[39m s├®rialise les Decimal en string[32m 1[2mms[22m[39m
       [32mÔ£ô[39m g├¿re les donn├®es vides correctement[32m 1[2mms[22m[39m
       [32mÔ£ô[39m sort et formate correctement le JSON[32m 1[2mms[22m[39m
       [32mÔ£ô[39m exporte avec toutes les cl├®s r├®quises[32m 1[2mms[22m[39m
[31m       [31m├ù[31m exporte les factures en CSV[39m[32m 8[2mms[22m[39m
[31m       [31m├ù[31m inclut les headers automatiquement[39m[32m 4[2mms[22m[39m
       [32mÔ£ô[39m g├¿re les custom headers[32m 1[2mms[22m[39m
       [32mÔ£ô[39m ├®chappe les valeurs contenant des virgules[32m 0[2mms[22m[39m
       [32mÔ£ô[39m ├®chappe les valeurs contenant des guillemets[32m 1[2mms[22m[39m
       [32mÔ£ô[39m exporte les clients[32m 0[2mms[22m[39m
       [32mÔ£ô[39m g├¿re les collections vides[32m 0[2mms[22m[39m
       [32mÔ£ô[39m exporte plusieurs items avec donn├®es compl├¿tes[32m 0[2mms[22m[39m
       [32mÔ£ô[39m g├¿re les donn├®es avec accents fran├ºais[32m 0[2mms[22m[39m
       [32mÔ£ô[39m exporte les num├®ros correctement format├®s[32m 0[2mms[22m[39m
       [32mÔ£ô[39m exporte compl├¿tement les donn├®es personnelles[32m 0[2mms[22m[39m
       [32mÔ£ô[39m inclut le timestamp d'export (RGPD requirement)[32m 0[2mms[22m[39m
       [32mÔ£ô[39m produit un JSON valide et parsable[32m 1[2mms[22m[39m
       [32mÔ£ô[39m utilise l'encodage UTF-8 correctement[32m 0[2mms[22m[39m
       [32mÔ£ô[39m CSV r├®cup├¿re tous les champs de l'entit├®[32m 0[2mms[22m[39m
       [32mÔ£ô[39m exporte 1000 factures rapidement en JSON[32m 5[2mms[22m[39m
[31m       [31m├ù[31m exporte 1000 factures rapidement en CSV[39m[32m 5[2mms[22m[39m
       [32mÔ£ô[39m g├¿re les montants tr├¿s ├®lev├®s sans perte de pr├®cision[32m 0[2mms[22m[39m
       [32mÔ£ô[39m g├¿re les montants tr├¿s petits avec pr├®cision d├®cimale[32m 0[2mms[22m[39m
       [32mÔ£ô[39m g├¿re les valeurs null/undefined gracieux[32m 0[2mms[22m[39m
       [32mÔ£ô[39m g├¿re les cha├«nes vides correctement[32m 0[2mms[22m[39m
       [32mÔ£ô[39m g├¿re les caract├¿res de contr├┤le dans les donn├®es[32m 0[2mms[22m[39m
       [32mÔ£ô[39m ├®chappe correctement les guillemets doubles en CSV[32m 0[2mms[22m[39m
       [32mÔ£ô[39m conserve l'ordre des lignes en CSV[32m 0[2mms[22m[39m
       [32mÔ£ô[39m exporte correctement les donn├®es multilingues[32m 0[2mms[22m[39m
       [32mÔ£ô[39m exporte le CSV avec support multilingue UTF-8[32m 0[2mms[22m[39m
[31m       [31m├ù[31m produit un JSON de taille raisonnable pour 1000 factures[39m[32m 3[2mms[22m[39m
       [32mÔ£ô[39m encode correctement en base64 si n├®cessaire[32m 1[2mms[22m[39m
 [31mÔØ»[39m __tests__/db/invoiceDB.test.ts [2m([22m[2m40 tests[22m[2m | [22m[31m40 failed[39m[2m)[22m[32m 52[2mms[22m[39m
[31m       [31m├ù[31m cr├®e une facture[39m[32m 7[2mms[22m[39m
[31m       [31m├ù[31m r├®cup├¿re une facture par ID[39m[32m 1[2mms[22m[39m
[31m       [31m├ù[31m met ├á jour une facture[39m[32m 1[2mms[22m[39m
[31m       [31m├ù[31m supprime une facture[39m[32m 1[2mms[22m[39m
[31m       [31m├ù[31m liste toutes les factures[39m[32m 1[2mms[22m[39m
[31m       [31m├ù[31m filtre par status[39m[32m 1[2mms[22m[39m
[31m       [31m├ù[31m filtre par clientId[39m[32m 1[2mms[22m[39m
[31m       [31m├ù[31m filtre par status[39m[32m 1[2mms[22m[39m
[31m       [31m├ù[31m l├¿ve une erreur si l'invoice existe d├®j├á[39m[32m 1[2mms[22m[39m
[31m       [31m├ù[31m cr├®e un item[39m[32m 1[2mms[22m[39m
[31m       [31m├ù[31m cr├®e et r├®cup├¿re un item[39m[32m 1[2mms[22m[39m
[31m       [31m├ù[31m supporte plusieurs items[39m[32m 1[2mms[22m[39m
[31m       [31m├ù[31m cr├®e un client[39m[32m 1[2mms[22m[39m
[31m       [31m├ù[31m filtre les clients actifs[39m[32m 1[2mms[22m[39m
[31m       [31m├ù[31m recherche par email[39m[32m 1[2mms[22m[39m
[31m       [31m├ù[31m met ├á jour un client[39m[32m 1[2mms[22m[39m
[31m       [31m├ù[31m cr├®e facture + items atomiquement[39m[32m 1[2mms[22m[39m
[31m       [31m├ù[31m g├¿re 1000 factures sans d├®grade[39m[32m 1[2mms[22m[39m
[31m       [31m├ù[31m cherche rapidement dans 1000 records[39m[32m 1[2mms[22m[39m
[31m       [31m├ù[31m cr├®e un fournisseur[39m[32m 1[2mms[22m[39m
[31m       [31m├ù[31m filtre les fournisseurs actifs[39m[32m 1[2mms[22m[39m
[31m       [31m├ù[31m met ├á jour un fournisseur[39m[32m 1[2mms[22m[39m
[31m       [31m├ù[31m supprime un fournisseur[39m[32m 1[2mms[22m[39m
[31m       [31m├ù[31m cr├®e un produit[39m[32m 1[2mms[22m[39m
[31m       [31m├ù[31m filtre par cat├®gorie[39m[32m 1[2mms[22m[39m
[31m       [31m├ù[31m liste les produits actifs[39m[32m 1[2mms[22m[39m
[31m       [31m├ù[31m cr├®e une d├®pense[39m[32m 1[2mms[22m[39m
[31m       [31m├ù[31m filtre par fournisseur[39m[32m 1[2mms[22m[39m
[31m       [31m├ù[31m filtre par cat├®gorie[39m[32m 2[2mms[22m[39m
[31m       [31m├ù[31m exporte toutes les tables en JSON[39m[32m 1[2mms[22m[39m
[31m       [31m├ù[31m exporte des donn├®es vides si la base est vide[39m[32m 1[2mms[22m[39m
[31m       [31m├ù[31m exporte correctement Decimal.js amounts[39m[32m 1[2mms[22m[39m
[31m       [31m├ù[31m cr├®e un ├®v├®nement calendrier[39m[32m 1[2mms[22m[39m
[31m       [31m├ù[31m filtre par client[39m[32m 1[2mms[22m[39m
[31m       [31m├ù[31m filtre par facture[39m[32m 1[2mms[22m[39m
[31m       [31m├ù[31m cr├®e un template email[39m[32m 1[2mms[22m[39m
[31m       [31m├ù[31m r├®cup├¿re templates par type[39m[32m 1[2mms[22m[39m
[31m       [31m├ù[31m cr├®e un message chat[39m[32m 1[2mms[22m[39m
[31m       [31m├ù[31m liste messages par timestamp[39m[32m 1[2mms[22m[39m
[31m       [31m├ù[31m vide compl├¿tement la base[39m[32m 1[2mms[22m[39m
 [31mÔØ»[39m __tests__/components/SupplierManager.test.tsx [2m([22m[2m30 tests[22m[2m | [22m[31m30 failed[39m[2m)[22m[33m 3005[2mms[22m[39m
[31m       [31m├ù[31m rend le gestionnaire de fournisseurs[39m[33m 421[2mms[22m[39m
[31m       [31m├ù[31m affiche la liste des fournisseurs actifs[39m[32m 76[2mms[22m[39m
[31m       [31m├ù[31m affiche les emails des fournisseurs[39m[32m 209[2mms[22m[39m
[31m       [31m├ù[31m filtre les fournisseurs par nom[39m[32m 166[2mms[22m[39m
[31m       [31m├ù[31m filtre les fournisseurs par email[39m[32m 270[2mms[22m[39m
[31m       [31m├ù[31m ignore les fournisseurs archiv├®s par d├®faut[39m[33m 375[2mms[22m[39m
[31m       [31m├ù[31m calcule la d├®pense totale par fournisseur[39m[32m 63[2mms[22m[39m
[31m       [31m├ù[31m affiche la d├®pense totale globale[39m[32m 245[2mms[22m[39m
[31m       [31m├ù[31m compte les d├®penses par fournisseur[39m[32m 93[2mms[22m[39m
[31m       [31m├ù[31m ouvre le modal pour ajouter un fournisseur[39m[32m 103[2mms[22m[39m
[31m       [31m├ù[31m cr├®e un nouveau fournisseur[39m[32m 79[2mms[22m[39m
[31m       [31m├ù[31m ouvre le modal pour ├®diter un fournisseur[39m[32m 51[2mms[22m[39m
[31m       [31m├ù[31m pr├®charge les donn├®es du fournisseur en ├®dition[39m[32m 202[2mms[22m[39m
[31m       [31m├ù[31m sauvegarde les modifications du fournisseur[39m[32m 72[2mms[22m[39m
[31m       [31m├ù[31m affiche un bouton supprimer[39m[32m 111[2mms[22m[39m
[31m       [31m├ù[31m appelle onDelete avec l'ID du fournisseur[39m[32m 14[2mms[22m[39m
[31m       [31m├ù[31m affiche l'option d'archivage[39m[32m 47[2mms[22m[39m
[31m       [31m├ù[31m bascule le statut archiv├® du fournisseur[39m[32m 38[2mms[22m[39m
[31m       [31m├ù[31m affiche un message si pas de fournisseurs[39m[32m 12[2mms[22m[39m
[31m       [31m├ù[31m les inputs sont accessibles au clavier[39m[32m 38[2mms[22m[39m
[31m       [31m├ù[31m les boutons d'action sont accessibles[39m[32m 67[2mms[22m[39m
[31m       [31m├ù[31m filtre les d├®penses par cat├®gorie[39m[32m 31[2mms[22m[39m
[31m       [31m├ù[31m affiche les d├®tails des d├®penses associ├®es[39m[32m 60[2mms[22m[39m
[31m       [31m├ù[31m affiche un bouton d'import[39m[32m 17[2mms[22m[39m
[31m       [31m├ù[31m affiche un bouton d'export[39m[32m 16[2mms[22m[39m
[31m       [31m├ù[31m affiche le t├®l├®phone du fournisseur[39m[32m 19[2mms[22m[39m
[31m       [31m├ù[31m affiche l'adresse du fournisseur[39m[32m 19[2mms[22m[39m
[31m       [31m├ù[31m affiche le SIRET du fournisseur[39m[32m 26[2mms[22m[39m
[31m       [31m├ù[31m trie les fournisseurs par nom alphab├®tiquement[39m[32m 26[2mms[22m[39m
[31m       [31m├ù[31m agr├¿ge les d├®penses par fournisseur correctement[39m[32m 29[2mms[22m[39m

[31mÔÄ»ÔÄ»ÔÄ»ÔÄ»ÔÄ»ÔÄ»[39m[1m[41m Failed Tests 30 
[49m[22m[31mÔÄ»ÔÄ»ÔÄ»ÔÄ»ÔÄ»ÔÄ»ÔÄ»[39m

[41m[1m FAIL [22m[49m __tests__/components/SupplierManager.test.tsx[2m > 
[22mSupplierManager Component[2m > [22mRendering & UI[2m > [22mrend le 
gestionnaire de fournisseurs
[41m[1m FAIL [22m[49m __tests__/components/SupplierManager.test.tsx[2m > 
[22mSupplierManager Component[2m > [22mRendering & UI[2m > [22maffiche la 
liste des fournisseurs actifs
[41m[1m FAIL [22m[49m __tests__/components/SupplierManager.test.tsx[2m > 
[22mSupplierManager Component[2m > [22mRendering & UI[2m > [22maffiche 
les emails des fournisseurs
[41m[1m FAIL [22m[49m __tests__/components/SupplierManager.test.tsx[2m > 
[22mSupplierManager Component[2m > [22mSupplier Search & Filter[2m > 
[22mfiltre les fournisseurs par nom
[41m[1m FAIL [22m[49m __tests__/components/SupplierManager.test.tsx[2m > 
[22mSupplierManager Component[2m > [22mSupplier Search & Filter[2m > 
[22mfiltre les fournisseurs par email
[41m[1m FAIL [22m[49m __tests__/components/SupplierManager.test.tsx[2m > 
[22mSupplierManager Component[2m > [22mSupplier Search & Filter[2m > 
[22mignore les fournisseurs archiv├®s par d├®faut
[41m[1m FAIL [22m[49m __tests__/components/SupplierManager.test.tsx[2m > 
[22mSupplierManager Component[2m > [22mFinancial Statistics[2m > 
[22mcalcule la d├®pense totale par fournisseur
[41m[1m FAIL [22m[49m __tests__/components/SupplierManager.test.tsx[2m > 
[22mSupplierManager Component[2m > [22mFinancial Statistics[2m > 
[22maffiche la d├®pense totale globale
[41m[1m FAIL [22m[49m __tests__/components/SupplierManager.test.tsx[2m > 
[22mSupplierManager Component[2m > [22mFinancial Statistics[2m > 
[22mcompte les d├®penses par fournisseur
[41m[1m FAIL [22m[49m __tests__/components/SupplierManager.test.tsx[2m > 
[22mSupplierManager Component[2m > [22mAdd Supplier Workflow[2m > 
[22mouvre le modal pour ajouter un fournisseur
[41m[1m FAIL [22m[49m __tests__/components/SupplierManager.test.tsx[2m > 
[22mSupplierManager Component[2m > [22mAdd Supplier Workflow[2m > 
[22mcr├®e un nouveau fournisseur
[41m[1m FAIL [22m[49m __tests__/components/SupplierManager.test.tsx[2m > 
[22mSupplierManager Component[2m > [22mEdit Supplier Workflow[2m > 
[22mouvre le modal pour ├®diter un fournisseur
[41m[1m FAIL [22m[49m __tests__/components/SupplierManager.test.tsx[2m > 
[22mSupplierManager Component[2m > [22mEdit Supplier Workflow[2m > 
[22mpr├®charge les donn├®es du fournisseur en ├®dition
[41m[1m FAIL [22m[49m __tests__/components/SupplierManager.test.tsx[2m > 
[22mSupplierManager Component[2m > [22mEdit Supplier Workflow[2m > 
[22msauvegarde les modifications du fournisseur
[41m[1m FAIL [22m[49m __tests__/components/SupplierManager.test.tsx[2m > 
[22mSupplierManager Component[2m > [22mDelete Supplier[2m > [22maffiche 
un bouton supprimer

[2m Test Files [22m [1m[31m7 failed[39m[22m[90m (7)[39m
[2m      Tests [22m [1m[31m132 failed[39m[22m[2m | [22m[1m[32m86 passed[39m[22m[90m (218)[39m
[2m   Start at [22m 00:14:13
[41m[1m FAIL [22m[49m __tests__/components/SupplierManager.test.tsx[2m > 
[22mSupplierManager Component[2m > [22mDelete Supplier[2m > [22mappelle 
onDelete avec l'ID du fournisseur
[41m[1m FAIL [22m[49m __tests__/components/SupplierManager.test.tsx[2m > 
[22mSupplierManager Component[2m > [22mArchive Supplier[2m > [22maffiche 
l'option d'archivage
[2m   Duration [22m 4.48s

[1m[41m FAIL [49m[22m [31mTests failed. Watching for file changes...[39m
[41m[1m FAIL [22m[49m __tests__/components/SupplierManager.test.tsx[2m > 
[22mSupplierManager Component[2m > [22mArchive Supplier[2m > [22mbascule 
le statut archiv├® du fournisseur
[41m[1m FAIL [22m[49m __tests__/components/SupplierManager.test.tsx[2m > 
[22mSupplierManager Component[2m > [22mAccessibility[2m > [22maffiche un 
message si pas de fournisseurs
[41m[1m FAIL [22m[49m __tests__/components/SupplierManager.test.tsx[2m > 
[22mSupplierManager Component[2m > [22mAccessibility[2m > [22mles inputs 
sont accessibles au clavier
       [2mpress [22m[1mh[22m[2m to show help[22m[2m, [22m[2mpress [22m[1mq[22m[2m to quit[22m
[41m[1m FAIL [22m[49m __tests__/components/SupplierManager.test.tsx[2m > 
[22mSupplierManager Component[2m > [22mAccessibility[2m > [22mles boutons 
d'action sont accessibles
[41m[1m FAIL [22m[49m __tests__/components/SupplierManager.test.tsx[2m > 
[22mSupplierManager Component[2m > [22mExpense Category Filtering[2m > 
[22mfiltre les d├®penses par cat├®gorie
[41m[1m FAIL [22m[49m __tests__/components/SupplierManager.test.tsx[2m > 
[22mSupplierManager Component[2m > [22mExpense Category Filtering[2m > 
[22maffiche les d├®tails des d├®penses associ├®es
[41m[1m FAIL [22m[49m __tests__/components/SupplierManager.test.tsx[2m > 
[22mSupplierManager Component[2m > [22mImport/Export[2m > [22maffiche un 
bouton d'import
[41m[1m FAIL [22m[49m __tests__/components/SupplierManager.test.tsx[2m > 
[22mSupplierManager Component[2m > [22mImport/Export[2m > [22maffiche un 
bouton d'export
[41m[1m FAIL [22m[49m __tests__/components/SupplierManager.test.tsx[2m > 
[22mSupplierManager Component[2m > [22mContact Information[2m > 
[22maffiche le t├®l├®phone du fournisseur
[41m[1m FAIL [22m[49m __tests__/components/SupplierManager.test.tsx[2m > 
[22mSupplierManager Component[2m > [22mContact Information[2m > 
[22maffiche l'adresse du fournisseur
[41m[1m FAIL [22m[49m __tests__/components/SupplierManager.test.tsx[2m > 
[22mSupplierManager Component[2m > [22mContact Information[2m > 
[22maffiche le SIRET du fournisseur
[41m[1m FAIL [22m[49m __tests__/components/SupplierManager.test.tsx[2m > 
[22mSupplierManager Component[2m > [22mSorting & Organization[2m > 
[22mtrie les fournisseurs par nom alphab├®tiquement
[41m[1m FAIL [22m[49m __tests__/components/SupplierManager.test.tsx[2m > 
[22mSupplierManager Component[2m > [22mSorting & Organization[2m > 
[22magr├¿ge les d├®penses par fournisseur correctement
[31m[1mTypeError[22m: Cannot read properties of undefined (reading 
'search')[39m
[36m [2mÔØ»[22m SearchFilterFields 
__tests__/components/SupplierManager.test.tsx:[2m66:24[22m[39m
    [90m 64| [39m      [33m<[39m[33minput[39m
    [90m 65| [39m        
[33mplaceholder[39m[33m=[39m[32m"Chercher..."[39m
    [90m 66| [39m        
[33mvalue[39m[33m=[39m[33m{[39mfilters[33m.[39msearch [33m||[39m 
[32m''[39m[33m}[39m
    [90m   | [39m                       [31m^[39m
    [90m 67| [39m        onChange={(e) => onChange({ ...filters, search: 
e.target.valueÔÇª
    [90m 68| [39m      [33m/[39m[33m>[39m
[90m [2mÔØ»[22m Object.react_stack_bottom_frame node_modules/react-dom/cjs/r
eact-dom-client.development.js:[2m25904:20[22m[39m
[90m [2mÔØ»[22m renderWithHooks node_modules/react-dom/cjs/react-dom-client.
development.js:[2m7662:22[22m[39m
[90m [2mÔØ»[22m updateFunctionComponent node_modules/react-dom/cjs/react-dom
-client.development.js:[2m10166:19[22m[39m
[90m [2mÔØ»[22m beginWork node_modules/react-dom/cjs/react-dom-client.develo
pment.js:[2m11778:18[22m[39m
[90m [2mÔØ»[22m runWithFiberInDEV 
node_modules/react-dom/cjs/react-dom-client.development.js:[2m874:13[22m[39m
[90m [2mÔØ»[22m performUnitOfWork node_modules/react-dom/cjs/react-dom-clien
t.development.js:[2m17641:22[22m[39m
[90m [2mÔØ»[22m workLoopSync node_modules/react-dom/cjs/react-dom-client.dev
elopment.js:[2m17469:41[22m[39m
[90m [2mÔØ»[22m renderRootSync node_modules/react-dom/cjs/react-dom-client.d
evelopment.js:[2m17450:11[22m[39m
[90m [2mÔØ»[22m performWorkOnRoot node_modules/react-dom/cjs/react-dom-clien
t.development.js:[2m16583:35[22m[39m

[31m[2mÔÄ»ÔÄ»ÔÄ»ÔÄ»ÔÄ»ÔÄ»ÔÄ»ÔÄ»ÔÄ»ÔÄ»ÔÄ»ÔÄ»ÔÄ»ÔÄ»ÔÄ»ÔÄ»ÔÄ»ÔÄ»ÔÄ»ÔÄ»ÔÄ»ÔÄ»ÔÄ»[
1/30]ÔÄ»[22m[39m

c[3J[1m[44m RERUN [49m[22m [34m[2m__tests__/components/ProductManager.test.tsx [22m[34mx1 [34m[39m

 [31mÔØ»[39m __tests__/AIAssistant.test.tsx [2m([22m[2m20 tests[22m[2m | [22m[31m4 failed[39m[2m)[22m[33m 5881[2mms[22m[39m
       [32mÔ£ô[39m devrait rendre le composant sans erreur[32m 118[2mms[22m[39m
       [32mÔ£ô[39m affiche le titre principal du composant[32m 22[2mms[22m[39m
       [32mÔ£ô[39m affiche le champ de saisie pour les questions[32m 24[2mms[22m[39m
       [32mÔ£ô[39m affiche le bouton d'envoi[32m 22[2mms[22m[39m
       [33m[2mÔ£ô[22m[39m devrait envoyer un message et afficher la r├®ponse [33m 825[2mms[22m[39m
       [33m[2mÔ£ô[22m[39m vide le champ de saisie apr├¿s envoi [33m 359[2mms[22m[39m
       [32mÔ£ô[39m n'envoie pas de message vide[32m 96[2mms[22m[39m
       [33m[2mÔ£ô[22m[39m affiche l'historique des messages [33m 326[2mms[22m[39m
       [32mÔ£ô[39m affiche la section de pr├®diction[32m 17[2mms[22m[39m
       [32mÔ£ô[39m affiche la balance pr├®dite[32m 14[2mms[22m[39m
[31m       [31m├ù[31m appelle predictCashflowJ30 au montage du composant[39m[33m 1026[2mms[22m[39m
[31m       [31m├ù[31m affiche le niveau de risque de la pr├®diction[39m[33m 1019[2mms[22m[39m
       [32mÔ£ô[39m g├¿re les erreurs d'API gracieusement[32m 171[2mms[22m[39m
       [32mÔ£ô[39m g├¿re les erreurs de pr├®diction au chargement[32m 11[2mms[22m[39m
       [32mÔ£ô[39m affiche un message par d├®faut en cas d'erreur de r├®ponse[32m 276[2mms[22m[39m
       [32mÔ£ô[39m affiche un indicateur de chargement en envoyant un message[32m 209[2mms[22m[39m
[31m       [31m├ù[31m envoie le message avec Enter[39m[33m 1145[2mms[22m[39m
[31m       [31m├ù[31m n'envoie pas avec Shift+Enter[39m[32m 172[2mms[22m[39m
       [32mÔ£ô[39m a des labels descriptifs pour les ├®l├®ments interactifs[32m 9[2mms[22m[39m
       [32mÔ£ô[39m le bouton est accessible au clavier[32m 10[2mms[22m[39m
 [31mÔØ»[39m __tests__/components/InvoiceManager.test.tsx [2m([22m[2m38 tests[22m[2m | [22m[31m26 failed[39m[2m)[22m[33m 2999[2mms[22m[39m
[31m       [31m├ù[31m affiche le gestionnaire de factures[39m[32m 171[2mms[22m[39m
       [32mÔ£ô[39m affiche la liste des factures[32m 49[2mms[22m[39m
[31m       [31m├ù[31m affiche les statuts des factures[39m[32m 53[2mms[22m[39m
       [32mÔ£ô[39m affiche le num├®ro de facture[32m 39[2mms[22m[39m
[31m       [31m├ù[31m affiche le client de la facture[39m[32m 43[2mms[22m[39m
[31m       [31m├ù[31m affiche la date de facture[39m[32m 36[2mms[22m[39m
       [32mÔ£ô[39m affiche les montants totaux[32m 28[2mms[22m[39m
[31m       [31m├ù[31m ouvre le formulaire de cr├®ation de facture[39m[33m 1308[2mms[22m[39m
[31m       [31m├ù[31m filtre par statut[39m[32m 44[2mms[22m[39m
[31m       [31m├ù[31m filtre par client[39m[32m 36[2mms[22m[39m
[31m       [31m├ù[31m affiche un bouton pour dupliquer une facture[39m[32m 51[2mms[22m[39m
       [32mÔ£ô[39m affiche un bouton pour supprimer une facture[32m 29[2mms[22m[39m
       [32mÔ£ô[39m affiche un bouton pour t├®l├®charger une facture[32m 32[2mms[22m[39m
[31m       [31m├ù[31m affiche un bouton pour envoyer une facture[39m[32m 34[2mms[22m[39m
       [32mÔ£ô[39m affiche un message si pas de factures[32m 20[2mms[22m[39m
       [32mÔ£ô[39m g├¿re les factures standards[32m 59[2mms[22m[39m
[31m       [31m├ù[31m g├¿re les devis[39m[32m 23[2mms[22m[39m
       [32mÔ£ô[39m les boutons sont accessibles au clavier[32m 136[2mms[22m[39m
[31m       [31m├ù[31m calcule correctement HT (Hors Taxes) avec items simples[39m[32m 25[2mms[22m[39m
[31m       [31m├ù[31m calcule correctement la TVA ├á 20%[39m[32m 24[2mms[22m[39m
[31m       [31m├ù[31m calcule correctement avec TVA r├®duite 5.5%[39m[32m 25[2mms[22m[39m
[31m       [31m├ù[31m calcule correctement avec plusieurs items et TVA mixtes[39m[32m 22[2mms[22m[39m
[31m       [31m├ù[31m applique correctement une remise en pourcentage[39m[32m 20[2mms[22m[39m
[31m       [31m├ù[31m ajoute correctement les frais de port (shipping)[39m[32m 20[2mms[22m[39m
[31m       [31m├ù[31m g├¿re les acomptes/d├®p├┤ts correctement[39m[32m 22[2mms[22m[39m
[31m       [31m├ù[31m exon├¿re correctement la TVA si taxExempt = true[39m[32m 20[2mms[22m[39m
[31m       [31m├ù[31m g├¿re les d├®cimales correctement (precision Decimal.js)[39m[32m 25[2mms[22m[39m
[31m       [31m├ù[31m composition de calculs complexes: remise + port + TVA[39m[32m 20[2mms[22m[39m
[31m       [31m├ù[31m emp├¬che la cr├®ation avec un client non s├®lectionn├®[39m[32m 24[2mms[22m[39m
[31m       [31m├ù[31m emp├¬che la cr├®ation avec des items vides[39m[32m 22[2mms[22m[39m
       [32mÔ£ô[39m valide les num├®ros de facture uniques[32m 29[2mms[22m[39m
       [32mÔ£ô[39m valide que la date d'├®ch├®ance est apr├¿s la date de facture[32m 23[2mms[22m[39m
       [32mÔ£ô[39m emp├¬che les montants n├®gatifs[32m 16[2mms[22m[39m
[31m       [31m├ù[31m affiche les dates en format fran├ºais[39m[32m 44[2mms[22m[39m
[31m       [31m├ù[31m affiche les montants format├®s avec s├®parateurs de milliers[39m[32m 25[2mms[22m[39m
       [33m[2mÔ£ô[22m[39m g├¿re 100 factures sans ralentissements [33m 327[2mms[22m[39m
[31m       [31m├ù[31m g├¿re les montant extr├¬mement ├®lev├®s[39m[32m 28[2mms[22m[39m
[31m       [31m├ù[31m g├¿re les factures avec pas d'items[39m[32m 38[2mms[22m[39m
 [31mÔØ»[39m __tests__/components/ClientManager.test.tsx [2m([22m[2m22 tests[22m[2m | [22m[31m22 failed[39m[2m)[22m[33m 367[2mms[22m[39m
[31m       [31m├ù[31m affiche le titre et interface du gestionnaire de clients[39m[32m 62[2mms[22m[39m
[31m       [31m├ù[31m affiche la liste des clients actifs[39m[32m 11[2mms[22m[39m
[31m       [31m├ù[31m affiche le nombre total de clients[39m[32m 15[2mms[22m[39m
[31m       [31m├ù[31m affiche les statuts et statistiques des clients[39m[32m 18[2mms[22m[39m
[31m       [31m├ù[31m filtre les clients par nom[39m[32m 14[2mms[22m[39m
[31m       [31m├ù[31m filtre les clients par email[39m[32m 13[2mms[22m[39m
[31m       [31m├ù[31m affiche message si aucun r├®sultat[39m[32m 12[2mms[22m[39m
[31m       [31m├ù[31m ignore les clients archiv├®s par d├®faut[39m[32m 14[2mms[22m[39m
[31m       [31m├ù[31m affiche le chiffre d'affaires total[39m[32m 11[2mms[22m[39m
[31m       [31m├ù[31m compte les factures pay├®es par client[39m[32m 11[2mms[22m[39m
[31m       [31m├ù[31m affiche le nombre total de clients[39m[32m 12[2mms[22m[39m
[31m       [31m├ù[31m ouvre le modal pour ajouter un client[39m[32m 12[2mms[22m[39m
[31m       [31m├ù[31m cr├®e un nouveau client avec les donn├®es du formulaire[39m[32m 11[2mms[22m[39m
[31m       [31m├ù[31m ouvre le modal pour ├®diter un client[39m[32m 10[2mms[22m[39m
[31m       [31m├ù[31m pr├®charge les donn├®es du client en ├®dition[39m[32m 11[2mms[22m[39m
[31m       [31m├ù[31m sauvegarde les modifications du client[39m[32m 9[2mms[22m[39m
[31m       [31m├ù[31m affiche un bouton supprimer[39m[32m 10[2mms[22m[39m
[31m       [31m├ù[31m appelle onDelete avec l'ID du client[39m[32m 12[2mms[22m[39m
[31m       [31m├ù[31m affiche l'option d'archivage[39m[32m 15[2mms[22m[39m
[31m       [31m├ù[31m affiche un message si pas de clients[39m[32m 20[2mms[22m[39m
[31m       [31m├ù[31m les inputs sont accessibles au clavier[39m[32m 37[2mms[22m[39m
[31m       [31m├ù[31m les boutons d'action sont accessibles[39m[32m 19[2mms[22m[39m
 [31mÔØ»[39m __tests__/lib/facturX.test.ts [2m([22m[2m34 tests[22m[2m | [22m[31m6 failed[39m[2m)[22m[32m 68[2mms[22m[39m
       [32mÔ£ô[39m g├®n├¿re un XML bien form├®[32m 3[2mms[22m[39m
       [32mÔ£ô[39m inclut les informations du vendeur[32m 1[2mms[22m[39m
       [32mÔ£ô[39m inclut les informations de l'acheteur[32m 0[2mms[22m[39m
       [32mÔ£ô[39m inclut le num├®ro de facture[32m 0[2mms[22m[39m
       [32mÔ£ô[39m inclut la date au format YYYYMMDD[32m 0[2mms[22m[39m
       [32mÔ£ô[39m inclut tous les items avec descriptions[32m 0[2mms[22m[39m
       [32mÔ£ô[39m inclut les quantit├®s correctes[32m 0[2mms[22m[39m
       [32mÔ£ô[39m inclut les montants unitaires[32m 0[2mms[22m[39m
       [32mÔ£ô[39m inclut les taux de TVA[32m 0[2mms[22m[39m
       [32mÔ£ô[39m utilise le profil BASIC Factur-X[32m 0[2mms[22m[39m
       [32mÔ£ô[39m utilise typeCode 380 pour facture normale[32m 0[2mms[22m[39m
       [32mÔ£ô[39m utilise typeCode 381 pour avoir-facture[32m 0[2mms[22m[39m
       [32mÔ£ô[39m utilise EUR comme devise[32m 0[2mms[22m[39m
       [32mÔ£ô[39m g├¿re les accents fran├ºais correctement (UTF-8)[32m 0[2mms[22m[39m
       [32mÔ£ô[39m structure bien form├®e avec ├®l├®ments requis[32m 0[2mms[22m[39m
[31m       [31m├ù[31m calcule correctement les totaux HT et TTC[39m[32m 15[2mms[22m[39m
[31m       [31m├ù[31m inclut les adresses compl├¿tes du vendeur et acheteur[39m[32m 5[2mms[22m[39m
       [32mÔ£ô[39m g├¿re les factures sans items sans erreur[32m 0[2mms[22m[39m
       [32mÔ£ô[39m g├¿re le code S (standard VAT rate)[32m 0[2mms[22m[39m
[31m       [31m├ù[31m g├¿re le code Z (zero rated)[39m[32m 1[2mms[22m[39m
       [32mÔ£ô[39m g├¿re le code E (exempt from VAT)[32m 0[2mms[22m[39m
       [32mÔ£ô[39m g├¿re le code RL (reverse charge)[32m 0[2mms[22m[39m
[31m       [31m├ù[31m inclut les conditions de paiement[39m[32m 3[2mms[22m[39m
       [32mÔ£ô[39m respecte la pr├®cision d├®cimale sur les montants[32m 0[2mms[22m[39m
[31m       [31m├ù[31m ├®chappe correctement les caract├¿res XML sp├®ciaux[39m[32m 10[2mms[22m[39m
       [32mÔ£ô[39m g├¿re plusieurs items avec diff├®rents taux de TVA[32m 2[2mms[22m[39m
       [32mÔ£ô[39m inclut le statut ACRE dans le profil[32m 1[2mms[22m[39m
       [32mÔ£ô[39m g├¿re les montants ├®lev├®s sans perte de pr├®cision[32m 0[2mms[22m[39m
[31m       [31m├ù[31m inclut compl├¿tement les adresses structur├®es (CodeListId)[39m[32m 7[2mms[22m[39m
       [32mÔ£ô[39m utilise le num├®ro de facture comme SchemeID[32m 0[2mms[22m[39m
       [32mÔ£ô[39m valide l'XML pour Structure compl├¿te (pas de tags orphelins)[32m 1[2mms[22m[39m
       [32mÔ£ô[39m diff├®rencie les types de document (facture vs avoir)[32m 0[2mms[22m[39m
       [32mÔ£ô[39m g├®n├¿re le XML rapidement (< 100ms)[32m 0[2mms[22m[39m
       [32mÔ£ô[39m g├®n├¿re le m├¬me XML pour la m├¬me facture (d├®terministe)[32m 0[2mms[22m[39m
 [31mÔØ»[39m __tests__/lib/exportUtils.test.ts [2m([22m[2m34 tests[22m[2m | [22m[31m4 failed[39m[2m)[22m[32m 48[2mms[22m[39m
       [32mÔ£ô[39m exporte compl├¿tement les donn├®es en JSON[32m 4[2mms[22m[39m
       [32mÔ£ô[39m inclut les m├®tadonn├®es (exportedAt)[32m 1[2mms[22m[39m
       [32mÔ£ô[39m s├®rialise les Decimal en string[32m 1[2mms[22m[39m
       [32mÔ£ô[39m g├¿re les donn├®es vides correctement[32m 1[2mms[22m[39m
       [32mÔ£ô[39m sort et formate correctement le JSON[32m 1[2mms[22m[39m
       [32mÔ£ô[39m exporte avec toutes les cl├®s r├®quises[32m 1[2mms[22m[39m
[31m       [31m├ù[31m exporte les factures en CSV[39m[32m 8[2mms[22m[39m
[31m       [31m├ù[31m inclut les headers automatiquement[39m[32m 4[2mms[22m[39m
       [32mÔ£ô[39m g├¿re les custom headers[32m 1[2mms[22m[39m
       [32mÔ£ô[39m ├®chappe les valeurs contenant des virgules[32m 0[2mms[22m[39m
       [32mÔ£ô[39m ├®chappe les valeurs contenant des guillemets[32m 1[2mms[22m[39m
       [32mÔ£ô[39m exporte les clients[32m 0[2mms[22m[39m
       [32mÔ£ô[39m g├¿re les collections vides[32m 0[2mms[22m[39m
       [32mÔ£ô[39m exporte plusieurs items avec donn├®es compl├¿tes[32m 0[2mms[22m[39m
       [32mÔ£ô[39m g├¿re les donn├®es avec accents fran├ºais[32m 0[2mms[22m[39m
       [32mÔ£ô[39m exporte les num├®ros correctement format├®s[32m 0[2mms[22m[39m
       [32mÔ£ô[39m exporte compl├¿tement les donn├®es personnelles[32m 0[2mms[22m[39m
       [32mÔ£ô[39m inclut le timestamp d'export (RGPD requirement)[32m 0[2mms[22m[39m
       [32mÔ£ô[39m produit un JSON valide et parsable[32m 1[2mms[22m[39m
       [32mÔ£ô[39m utilise l'encodage UTF-8 correctement[32m 0[2mms[22m[39m
       [32mÔ£ô[39m CSV r├®cup├¿re tous les champs de l'entit├®[32m 0[2mms[22m[39m
       [32mÔ£ô[39m exporte 1000 factures rapidement en JSON[32m 5[2mms[22m[39m
[31m       [31m├ù[31m exporte 1000 factures rapidement en CSV[39m[32m 5[2mms[22m[39m
       [32mÔ£ô[39m g├¿re les montants tr├¿s ├®lev├®s sans perte de pr├®cision[32m 0[2mms[22m[39m
       [32mÔ£ô[39m g├¿re les montants tr├¿s petits avec pr├®cision d├®cimale[32m 0[2mms[22m[39m
       [32mÔ£ô[39m g├¿re les valeurs null/undefined gracieux[32m 0[2mms[22m[39m
       [32mÔ£ô[39m g├¿re les cha├«nes vides correctement[32m 0[2mms[22m[39m
       [32mÔ£ô[39m g├¿re les caract├¿res de contr├┤le dans les donn├®es[32m 0[2mms[22m[39m
       [32mÔ£ô[39m ├®chappe correctement les guillemets doubles en CSV[32m 0[2mms[22m[39m
       [32mÔ£ô[39m conserve l'ordre des lignes en CSV[32m 0[2mms[22m[39m
       [32mÔ£ô[39m exporte correctement les donn├®es multilingues[32m 0[2mms[22m[39m
       [32mÔ£ô[39m exporte le CSV avec support multilingue UTF-8[32m 0[2mms[22m[39m
[31m       [31m├ù[31m produit un JSON de taille raisonnable pour 1000 factures[39m[32m 3[2mms[22m[39m
       [32mÔ£ô[39m encode correctement en base64 si n├®cessaire[32m 1[2mms[22m[39m
 [31mÔØ»[39m __tests__/db/invoiceDB.test.ts [2m([22m[2m40 tests[22m[2m | [22m[31m40 failed[39m[2m)[22m[32m 52[2mms[22m[39m
[31m       [31m├ù[31m cr├®e une facture[39m[32m 7[2mms[22m[39m
[31m       [31m├ù[31m r├®cup├¿re une facture par ID[39m[32m 1[2mms[22m[39m
[31m       [31m├ù[31m met ├á jour une facture[39m[32m 1[2mms[22m[39m
[31m       [31m├ù[31m supprime une facture[39m[32m 1[2mms[22m[39m
[31m       [31m├ù[31m liste toutes les factures[39m[32m 1[2mms[22m[39m
[31m       [31m├ù[31m filtre par status[39m[32m 1[2mms[22m[39m
[31m       [31m├ù[31m filtre par clientId[39m[32m 1[2mms[22m[39m
[31m       [31m├ù[31m filtre par status[39m[32m 1[2mms[22m[39m
[31m       [31m├ù[31m l├¿ve une erreur si l'invoice existe d├®j├á[39m[32m 1[2mms[22m[39m
[31m       [31m├ù[31m cr├®e un item[39m[32m 1[2mms[22m[39m
[31m       [31m├ù[31m cr├®e et r├®cup├¿re un item[39m[32m 1[2mms[22m[39m
[31m       [31m├ù[31m supporte plusieurs items[39m[32m 1[2mms[22m[39m
[31m       [31m├ù[31m cr├®e un client[39m[32m 1[2mms[22m[39m
[31m       [31m├ù[31m filtre les clients actifs[39m[32m 1[2mms[22m[39m
[31m       [31m├ù[31m recherche par email[39m[32m 1[2mms[22m[39m
[31m       [31m├ù[31m met ├á jour un client[39m[32m 1[2mms[22m[39m
[31m       [31m├ù[31m cr├®e facture + items atomiquement[39m[32m 1[2mms[22m[39m
[31m       [31m├ù[31m g├¿re 1000 factures sans d├®grade[39m[32m 1[2mms[22m[39m
[31m       [31m├ù[31m cherche rapidement dans 1000 records[39m[32m 1[2mms[22m[39m
[31m       [31m├ù[31m cr├®e un fournisseur[39m[32m 1[2mms[22m[39m
[31m       [31m├ù[31m filtre les fournisseurs actifs[39m[32m 1[2mms[22m[39m
[31m       [31m├ù[31m met ├á jour un fournisseur[39m[32m 1[2mms[22m[39m
[31m       [31m├ù[31m supprime un fournisseur[39m[32m 1[2mms[22m[39m
[31m       [31m├ù[31m cr├®e un produit[39m[32m 1[2mms[22m[39m
[31m       [31m├ù[31m filtre par cat├®gorie[39m[32m 1[2mms[22m[39m
[31m       [31m├ù[31m liste les produits actifs[39m[32m 1[2mms[22m[39m
[31m       [31m├ù[31m cr├®e une d├®pense[39m[32m 1[2mms[22m[39m
[31m       [31m├ù[31m filtre par fournisseur[39m[32m 1[2mms[22m[39m
[31m       [31m├ù[31m filtre par cat├®gorie[39m[32m 2[2mms[22m[39m
[31m       [31m├ù[31m exporte toutes les tables en JSON[39m[32m 1[2mms[22m[39m
[31m       [31m├ù[31m exporte des donn├®es vides si la base est vide[39m[32m 1[2mms[22m[39m
[31m       [31m├ù[31m exporte correctement Decimal.js amounts[39m[32m 1[2mms[22m[39m
[31m       [31m├ù[31m cr├®e un ├®v├®nement calendrier[39m[32m 1[2mms[22m[39m
[31m       [31m├ù[31m filtre par client[39m[32m 1[2mms[22m[39m
[31m       [31m├ù[31m filtre par facture[39m[32m 1[2mms[22m[39m
[31m       [31m├ù[31m cr├®e un template email[39m[32m 1[2mms[22m[39m
[31m       [31m├ù[31m r├®cup├¿re templates par type[39m[32m 1[2mms[22m[39m
[31m       [31m├ù[31m cr├®e un message chat[39m[32m 1[2mms[22m[39m
[31m       [31m├ù[31m liste messages par timestamp[39m[32m 1[2mms[22m[39m
[31m       [31m├ù[31m vide compl├¿tement la base[39m[32m 1[2mms[22m[39m
 [31mÔØ»[39m __tests__/components/SupplierManager.test.tsx [2m([22m[2m30 tests[22m[2m | [22m[31m30 failed[39m[2m)[22m[33m 3005[2mms[22m[39m
[31m       [31m├ù[31m rend le gestionnaire de fournisseurs[39m[33m 421[2mms[22m[39m
[31m       [31m├ù[31m affiche la liste des fournisseurs actifs[39m[32m 76[2mms[22m[39m
[31m       [31m├ù[31m affiche les emails des fournisseurs[39m[32m 209[2mms[22m[39m
[31m       [31m├ù[31m filtre les fournisseurs par nom[39m[32m 166[2mms[22m[39m
[31m       [31m├ù[31m filtre les fournisseurs par email[39m[32m 270[2mms[22m[39m
[31m       [31m├ù[31m ignore les fournisseurs archiv├®s par d├®faut[39m[33m 375[2mms[22m[39m
[31m       [31m├ù[31m calcule la d├®pense totale par fournisseur[39m[32m 63[2mms[22m[39m
[31m       [31m├ù[31m affiche la d├®pense totale globale[39m[32m 245[2mms[22m[39m
[31m       [31m├ù[31m compte les d├®penses par fournisseur[39m[32m 93[2mms[22m[39m
[31m       [31m├ù[31m ouvre le modal pour ajouter un fournisseur[39m[32m 103[2mms[22m[39m
[31m       [31m├ù[31m cr├®e un nouveau fournisseur[39m[32m 79[2mms[22m[39m
[31m       [31m├ù[31m ouvre le modal pour ├®diter un fournisseur[39m[32m 51[2mms[22m[39m
[31m       [31m├ù[31m pr├®charge les donn├®es du fournisseur en ├®dition[39m[32m 202[2mms[22m[39m
[31m       [31m├ù[31m sauvegarde les modifications du fournisseur[39m[32m 72[2mms[22m[39m
[31m       [31m├ù[31m affiche un bouton supprimer[39m[32m 111[2mms[22m[39m
[31m       [31m├ù[31m appelle onDelete avec l'ID du fournisseur[39m[32m 14[2mms[22m[39m
[31m       [31m├ù[31m affiche l'option d'archivage[39m[32m 47[2mms[22m[39m
[31m       [31m├ù[31m bascule le statut archiv├® du fournisseur[39m[32m 38[2mms[22m[39m
[31m       [31m├ù[31m affiche un message si pas de fournisseurs[39m[32m 12[2mms[22m[39m
[31m       [31m├ù[31m les inputs sont accessibles au clavier[39m[32m 38[2mms[22m[39m
[31m       [31m├ù[31m les boutons d'action sont accessibles[39m[32m 67[2mms[22m[39m
[31m       [31m├ù[31m filtre les d├®penses par cat├®gorie[39m[32m 31[2mms[22m[39m
[31m       [31m├ù[31m affiche les d├®tails des d├®penses associ├®es[39m[32m 60[2mms[22m[39m
[31m       [31m├ù[31m affiche un bouton d'import[39m[32m 17[2mms[22m[39m
[31m       [31m├ù[31m affiche un bouton d'export[39m[32m 16[2mms[22m[39m
[31m       [31m├ù[31m affiche le t├®l├®phone du fournisseur[39m[32m 19[2mms[22m[39m
[31m       [31m├ù[31m affiche l'adresse du fournisseur[39m[32m 19[2mms[22m[39m
[31m       [31m├ù[31m affiche le SIRET du fournisseur[39m[32m 26[2mms[22m[39m
[31m       [31m├ù[31m trie les fournisseurs par nom alphab├®tiquement[39m[32m 26[2mms[22m[39m
[31m       [31m├ù[31m agr├¿ge les d├®penses par fournisseur correctement[39m[32m 29[2mms[22m[39m
 [31mÔØ»[39m __tests__/components/ProductManager.test.tsx [2m([22m[2m0 test[22m[2m)[22m

[31mÔÄ»ÔÄ»ÔÄ»ÔÄ»ÔÄ»ÔÄ»[39m[1m[41m Failed Suites 1 
[49m[22m[31mÔÄ»ÔÄ»ÔÄ»ÔÄ»ÔÄ»ÔÄ»ÔÄ»[39m

[41m[1m FAIL [22m[49m __tests__/components/ProductManager.test.tsx[2m [ 
__tests__/components/ProductManager.test.tsx ][22m
[31m[1mError[22m: No test suite found in file C:/Users/Thomas/Micro-Gestion-
Facile/__tests__/components/ProductManager.test.tsx[39m
[31m[2mÔÄ»ÔÄ»ÔÄ»ÔÄ»ÔÄ»ÔÄ»ÔÄ»ÔÄ»ÔÄ»ÔÄ»ÔÄ»ÔÄ»ÔÄ»ÔÄ»ÔÄ»ÔÄ»ÔÄ»ÔÄ»ÔÄ»ÔÄ»ÔÄ»ÔÄ»ÔÄ»Ô
Ä»[1/1]ÔÄ»[22m[39m


[2m Test Files [22m [1m[31m8 failed[39m[22m[90m (8)[39m
[2m      Tests [22m [1m[31m132 failed[39m[22m[2m | [22m[1m[32m86 passed[39m[22m[90m (218)[39m
[2m   Start at [22m 00:14:38
[2m   Duration [22m 2.39s

[1m[41m FAIL [49m[22m [31mTests failed. Watching for file changes...[39m
       [2mpress [22m[1mh[22m[2m to show help[22m[2m, [22m[2mpress [22m[1mq[22m[2m to quit[22m
c[3J[1m[44m RERUN [49m[22m [34m[2m__tests__/components/ProductManager.test.tsx [22m[34mx2 [34m[39m

 [31mÔØ»[39m __tests__/AIAssistant.test.tsx [2m([22m[2m20 tests[22m[2m | [22m[31m4 failed[39m[2m)[22m[33m 5881[2mms[22m[39m
       [32mÔ£ô[39m devrait rendre le composant sans erreur[32m 118[2mms[22m[39m
       [32mÔ£ô[39m affiche le titre principal du composant[32m 22[2mms[22m[39m
       [32mÔ£ô[39m affiche le champ de saisie pour les questions[32m 24[2mms[22m[39m
       [32mÔ£ô[39m affiche le bouton d'envoi[32m 22[2mms[22m[39m
       [33m[2mÔ£ô[22m[39m devrait envoyer un message et afficher la r├®ponse [33m 825[2mms[22m[39m
       [33m[2mÔ£ô[22m[39m vide le champ de saisie apr├¿s envoi [33m 359[2mms[22m[39m
       [32mÔ£ô[39m n'envoie pas de message vide[32m 96[2mms[22m[39m
       [33m[2mÔ£ô[22m[39m affiche l'historique des messages [33m 326[2mms[22m[39m
       [32mÔ£ô[39m affiche la section de pr├®diction[32m 17[2mms[22m[39m
       [32mÔ£ô[39m affiche la balance pr├®dite[32m 14[2mms[22m[39m
[31m       [31m├ù[31m appelle predictCashflowJ30 au montage du composant[39m[33m 1026[2mms[22m[39m
[31m       [31m├ù[31m affiche le niveau de risque de la pr├®diction[39m[33m 1019[2mms[22m[39m
       [32mÔ£ô[39m g├¿re les erreurs d'API gracieusement[32m 171[2mms[22m[39m
       [32mÔ£ô[39m g├¿re les erreurs de pr├®diction au chargement[32m 11[2mms[22m[39m
       [32mÔ£ô[39m affiche un message par d├®faut en cas d'erreur de r├®ponse[32m 276[2mms[22m[39m
       [32mÔ£ô[39m affiche un indicateur de chargement en envoyant un message[32m 209[2mms[22m[39m
[31m       [31m├ù[31m envoie le message avec Enter[39m[33m 1145[2mms[22m[39m
[31m       [31m├ù[31m n'envoie pas avec Shift+Enter[39m[32m 172[2mms[22m[39m
       [32mÔ£ô[39m a des labels descriptifs pour les ├®l├®ments interactifs[32m 9[2mms[22m[39m
       [32mÔ£ô[39m le bouton est accessible au clavier[32m 10[2mms[22m[39m
 [31mÔØ»[39m __tests__/components/InvoiceManager.test.tsx [2m([22m[2m38 tests[22m[2m | [22m[31m26 failed[39m[2m)[22m[33m 2999[2mms[22m[39m
[31m       [31m├ù[31m affiche le gestionnaire de factures[39m[32m 171[2mms[22m[39m
       [32mÔ£ô[39m affiche la liste des factures[32m 49[2mms[22m[39m
[31m       [31m├ù[31m affiche les statuts des factures[39m[32m 53[2mms[22m[39m
       [32mÔ£ô[39m affiche le num├®ro de facture[32m 39[2mms[22m[39m
[31m       [31m├ù[31m affiche le client de la facture[39m[32m 43[2mms[22m[39m
[31m       [31m├ù[31m affiche la date de facture[39m[32m 36[2mms[22m[39m
       [32mÔ£ô[39m affiche les montants totaux[32m 28[2mms[22m[39m
[31m       [31m├ù[31m ouvre le formulaire de cr├®ation de facture[39m[33m 1308[2mms[22m[39m
[31m       [31m├ù[31m filtre par statut[39m[32m 44[2mms[22m[39m
[31m       [31m├ù[31m filtre par client[39m[32m 36[2mms[22m[39m
[31m       [31m├ù[31m affiche un bouton pour dupliquer une facture[39m[32m 51[2mms[22m[39m
       [32mÔ£ô[39m affiche un bouton pour supprimer une facture[32m 29[2mms[22m[39m
       [32mÔ£ô[39m affiche un bouton pour t├®l├®charger une facture[32m 32[2mms[22m[39m
[31m       [31m├ù[31m affiche un bouton pour envoyer une facture[39m[32m 34[2mms[22m[39m
       [32mÔ£ô[39m affiche un message si pas de factures[32m 20[2mms[22m[39m
       [32mÔ£ô[39m g├¿re les factures standards[32m 59[2mms[22m[39m
[31m       [31m├ù[31m g├¿re les devis[39m[32m 23[2mms[22m[39m
       [32mÔ£ô[39m les boutons sont accessibles au clavier[32m 136[2mms[22m[39m
[31m       [31m├ù[31m calcule correctement HT (Hors Taxes) avec items simples[39m[32m 25[2mms[22m[39m
[31m       [31m├ù[31m calcule correctement la TVA ├á 20%[39m[32m 24[2mms[22m[39m
[31m       [31m├ù[31m calcule correctement avec TVA r├®duite 5.5%[39m[32m 25[2mms[22m[39m
[31m       [31m├ù[31m calcule correctement avec plusieurs items et TVA mixtes[39m[32m 22[2mms[22m[39m
[31m       [31m├ù[31m applique correctement une remise en pourcentage[39m[32m 20[2mms[22m[39m
[31m       [31m├ù[31m ajoute correctement les frais de port (shipping)[39m[32m 20[2mms[22m[39m
[31m       [31m├ù[31m g├¿re les acomptes/d├®p├┤ts correctement[39m[32m 22[2mms[22m[39m
[31m       [31m├ù[31m exon├¿re correctement la TVA si taxExempt = true[39m[32m 20[2mms[22m[39m
[31m       [31m├ù[31m g├¿re les d├®cimales correctement (precision Decimal.js)[39m[32m 25[2mms[22m[39m
[31m       [31m├ù[31m composition de calculs complexes: remise + port + TVA[39m[32m 20[2mms[22m[39m
[31m       [31m├ù[31m emp├¬che la cr├®ation avec un client non s├®lectionn├®[39m[32m 24[2mms[22m[39m
[31m       [31m├ù[31m emp├¬che la cr├®ation avec des items vides[39m[32m 22[2mms[22m[39m
       [32mÔ£ô[39m valide les num├®ros de facture uniques[32m 29[2mms[22m[39m
       [32mÔ£ô[39m valide que la date d'├®ch├®ance est apr├¿s la date de facture[32m 23[2mms[22m[39m
       [32mÔ£ô[39m emp├¬che les montants n├®gatifs[32m 16[2mms[22m[39m
[31m       [31m├ù[31m affiche les dates en format fran├ºais[39m[32m 44[2mms[22m[39m
[31m       [31m├ù[31m affiche les montants format├®s avec s├®parateurs de milliers[39m[32m 25[2mms[22m[39m
       [33m[2mÔ£ô[22m[39m g├¿re 100 factures sans ralentissements [33m 327[2mms[22m[39m
[31m       [31m├ù[31m g├¿re les montant extr├¬mement ├®lev├®s[39m[32m 28[2mms[22m[39m
[31m       [31m├ù[31m g├¿re les factures avec pas d'items[39m[32m 38[2mms[22m[39m
 [31mÔØ»[39m __tests__/components/ClientManager.test.tsx [2m([22m[2m22 tests[22m[2m | [22m[31m22 failed[39m[2m)[22m[33m 367[2mms[22m[39m
[31m       [31m├ù[31m affiche le titre et interface du gestionnaire de clients[39m[32m 62[2mms[22m[39m
[31m       [31m├ù[31m affiche la liste des clients actifs[39m[32m 11[2mms[22m[39m
[31m       [31m├ù[31m affiche le nombre total de clients[39m[32m 15[2mms[22m[39m
[31m       [31m├ù[31m affiche les statuts et statistiques des clients[39m[32m 18[2mms[22m[39m
[31m       [31m├ù[31m filtre les clients par nom[39m[32m 14[2mms[22m[39m
[31m       [31m├ù[31m filtre les clients par email[39m[32m 13[2mms[22m[39m
[31m       [31m├ù[31m affiche message si aucun r├®sultat[39m[32m 12[2mms[22m[39m
[31m       [31m├ù[31m ignore les clients archiv├®s par d├®faut[39m[32m 14[2mms[22m[39m
[31m       [31m├ù[31m affiche le chiffre d'affaires total[39m[32m 11[2mms[22m[39m
[31m       [31m├ù[31m compte les factures pay├®es par client[39m[32m 11[2mms[22m[39m
[31m       [31m├ù[31m affiche le nombre total de clients[39m[32m 12[2mms[22m[39m
[31m       [31m├ù[31m ouvre le modal pour ajouter un client[39m[32m 12[2mms[22m[39m
[31m       [31m├ù[31m cr├®e un nouveau client avec les donn├®es du formulaire[39m[32m 11[2mms[22m[39m
[31m       [31m├ù[31m ouvre le modal pour ├®diter un client[39m[32m 10[2mms[22m[39m
[31m       [31m├ù[31m pr├®charge les donn├®es du client en ├®dition[39m[32m 11[2mms[22m[39m
[31m       [31m├ù[31m sauvegarde les modifications du client[39m[32m 9[2mms[22m[39m
[31m       [31m├ù[31m affiche un bouton supprimer[39m[32m 10[2mms[22m[39m
[31m       [31m├ù[31m appelle onDelete avec l'ID du client[39m[32m 12[2mms[22m[39m
[31m       [31m├ù[31m affiche l'option d'archivage[39m[32m 15[2mms[22m[39m
[31m       [31m├ù[31m affiche un message si pas de clients[39m[32m 20[2mms[22m[39m
[31m       [31m├ù[31m les inputs sont accessibles au clavier[39m[32m 37[2mms[22m[39m
[31m       [31m├ù[31m les boutons d'action sont accessibles[39m[32m 19[2mms[22m[39m
 [31mÔØ»[39m __tests__/lib/facturX.test.ts [2m([22m[2m34 tests[22m[2m | [22m[31m6 failed[39m[2m)[22m[32m 68[2mms[22m[39m
       [32mÔ£ô[39m g├®n├¿re un XML bien form├®[32m 3[2mms[22m[39m
       [32mÔ£ô[39m inclut les informations du vendeur[32m 1[2mms[22m[39m
       [32mÔ£ô[39m inclut les informations de l'acheteur[32m 0[2mms[22m[39m
       [32mÔ£ô[39m inclut le num├®ro de facture[32m 0[2mms[22m[39m
       [32mÔ£ô[39m inclut la date au format YYYYMMDD[32m 0[2mms[22m[39m
       [32mÔ£ô[39m inclut tous les items avec descriptions[32m 0[2mms[22m[39m
       [32mÔ£ô[39m inclut les quantit├®s correctes[32m 0[2mms[22m[39m
       [32mÔ£ô[39m inclut les montants unitaires[32m 0[2mms[22m[39m
       [32mÔ£ô[39m inclut les taux de TVA[32m 0[2mms[22m[39m
       [32mÔ£ô[39m utilise le profil BASIC Factur-X[32m 0[2mms[22m[39m
       [32mÔ£ô[39m utilise typeCode 380 pour facture normale[32m 0[2mms[22m[39m
       [32mÔ£ô[39m utilise typeCode 381 pour avoir-facture[32m 0[2mms[22m[39m
       [32mÔ£ô[39m utilise EUR comme devise[32m 0[2mms[22m[39m
       [32mÔ£ô[39m g├¿re les accents fran├ºais correctement (UTF-8)[32m 0[2mms[22m[39m
       [32mÔ£ô[39m structure bien form├®e avec ├®l├®ments requis[32m 0[2mms[22m[39m
[31m       [31m├ù[31m calcule correctement les totaux HT et TTC[39m[32m 15[2mms[22m[39m
[31m       [31m├ù[31m inclut les adresses compl├¿tes du vendeur et acheteur[39m[32m 5[2mms[22m[39m
       [32mÔ£ô[39m g├¿re les factures sans items sans erreur[32m 0[2mms[22m[39m
       [32mÔ£ô[39m g├¿re le code S (standard VAT rate)[32m 0[2mms[22m[39m
[31m       [31m├ù[31m g├¿re le code Z (zero rated)[39m[32m 1[2mms[22m[39m
       [32mÔ£ô[39m g├¿re le code E (exempt from VAT)[32m 0[2mms[22m[39m
       [32mÔ£ô[39m g├¿re le code RL (reverse charge)[32m 0[2mms[22m[39m
[31m       [31m├ù[31m inclut les conditions de paiement[39m[32m 3[2mms[22m[39m
       [32mÔ£ô[39m respecte la pr├®cision d├®cimale sur les montants[32m 0[2mms[22m[39m
[31m       [31m├ù[31m ├®chappe correctement les caract├¿res XML sp├®ciaux[39m[32m 10[2mms[22m[39m
       [32mÔ£ô[39m g├¿re plusieurs items avec diff├®rents taux de TVA[32m 2[2mms[22m[39m
       [32mÔ£ô[39m inclut le statut ACRE dans le profil[32m 1[2mms[22m[39m
       [32mÔ£ô[39m g├¿re les montants ├®lev├®s sans perte de pr├®cision[32m 0[2mms[22m[39m
[31m       [31m├ù[31m inclut compl├¿tement les adresses structur├®es (CodeListId)[39m[32m 7[2mms[22m[39m
       [32mÔ£ô[39m utilise le num├®ro de facture comme SchemeID[32m 0[2mms[22m[39m
       [32mÔ£ô[39m valide l'XML pour Structure compl├¿te (pas de tags orphelins)[32m 1[2mms[22m[39m
       [32mÔ£ô[39m diff├®rencie les types de document (facture vs avoir)[32m 0[2mms[22m[39m
       [32mÔ£ô[39m g├®n├¿re le XML rapidement (< 100ms)[32m 0[2mms[22m[39m
       [32mÔ£ô[39m g├®n├¿re le m├¬me XML pour la m├¬me facture (d├®terministe)[32m 0[2mms[22m[39m
 [31mÔØ»[39m __tests__/lib/exportUtils.test.ts [2m([22m[2m34 tests[22m[2m | [22m[31m4 failed[39m[2m)[22m[32m 48[2mms[22m[39m
       [32mÔ£ô[39m exporte compl├¿tement les donn├®es en JSON[32m 4[2mms[22m[39m
       [32mÔ£ô[39m inclut les m├®tadonn├®es (exportedAt)[32m 1[2mms[22m[39m
       [32mÔ£ô[39m s├®rialise les Decimal en string[32m 1[2mms[22m[39m
       [32mÔ£ô[39m g├¿re les donn├®es vides correctement[32m 1[2mms[22m[39m
       [32mÔ£ô[39m sort et formate correctement le JSON[32m 1[2mms[22m[39m
       [32mÔ£ô[39m exporte avec toutes les cl├®s r├®quises[32m 1[2mms[22m[39m
[31m       [31m├ù[31m exporte les factures en CSV[39m[32m 8[2mms[22m[39m
[31m       [31m├ù[31m inclut les headers automatiquement[39m[32m 4[2mms[22m[39m
       [32mÔ£ô[39m g├¿re les custom headers[32m 1[2mms[22m[39m
       [32mÔ£ô[39m ├®chappe les valeurs contenant des virgules[32m 0[2mms[22m[39m
       [32mÔ£ô[39m ├®chappe les valeurs contenant des guillemets[32m 1[2mms[22m[39m
       [32mÔ£ô[39m exporte les clients[32m 0[2mms[22m[39m
       [32mÔ£ô[39m g├¿re les collections vides[32m 0[2mms[22m[39m
       [32mÔ£ô[39m exporte plusieurs items avec donn├®es compl├¿tes[32m 0[2mms[22m[39m
       [32mÔ£ô[39m g├¿re les donn├®es avec accents fran├ºais[32m 0[2mms[22m[39m
       [32mÔ£ô[39m exporte les num├®ros correctement format├®s[32m 0[2mms[22m[39m
       [32mÔ£ô[39m exporte compl├¿tement les donn├®es personnelles[32m 0[2mms[22m[39m
       [32mÔ£ô[39m inclut le timestamp d'export (RGPD requirement)[32m 0[2mms[22m[39m
       [32mÔ£ô[39m produit un JSON valide et parsable[32m 1[2mms[22m[39m
       [32mÔ£ô[39m utilise l'encodage UTF-8 correctement[32m 0[2mms[22m[39m
       [32mÔ£ô[39m CSV r├®cup├¿re tous les champs de l'entit├®[32m 0[2mms[22m[39m
       [32mÔ£ô[39m exporte 1000 factures rapidement en JSON[32m 5[2mms[22m[39m
[31m       [31m├ù[31m exporte 1000 factures rapidement en CSV[39m[32m 5[2mms[22m[39m
       [32mÔ£ô[39m g├¿re les montants tr├¿s ├®lev├®s sans perte de pr├®cision[32m 0[2mms[22m[39m
       [32mÔ£ô[39m g├¿re les montants tr├¿s petits avec pr├®cision d├®cimale[32m 0[2mms[22m[39m
       [32mÔ£ô[39m g├¿re les valeurs null/undefined gracieux[32m 0[2mms[22m[39m
       [32mÔ£ô[39m g├¿re les cha├«nes vides correctement[32m 0[2mms[22m[39m
       [32mÔ£ô[39m g├¿re les caract├¿res de contr├┤le dans les donn├®es[32m 0[2mms[22m[39m
       [32mÔ£ô[39m ├®chappe correctement les guillemets doubles en CSV[32m 0[2mms[22m[39m
       [32mÔ£ô[39m conserve l'ordre des lignes en CSV[32m 0[2mms[22m[39m
       [32mÔ£ô[39m exporte correctement les donn├®es multilingues[32m 0[2mms[22m[39m
       [32mÔ£ô[39m exporte le CSV avec support multilingue UTF-8[32m 0[2mms[22m[39m
[31m       [31m├ù[31m produit un JSON de taille raisonnable pour 1000 factures[39m[32m 3[2mms[22m[39m
       [32mÔ£ô[39m encode correctement en base64 si n├®cessaire[32m 1[2mms[22m[39m
 [31mÔØ»[39m __tests__/db/invoiceDB.test.ts [2m([22m[2m40 tests[22m[2m | [22m[31m40 failed[39m[2m)[22m[32m 52[2mms[22m[39m
[31m       [31m├ù[31m cr├®e une facture[39m[32m 7[2mms[22m[39m
[31m       [31m├ù[31m r├®cup├¿re une facture par ID[39m[32m 1[2mms[22m[39m
[31m       [31m├ù[31m met ├á jour une facture[39m[32m 1[2mms[22m[39m
[31m       [31m├ù[31m supprime une facture[39m[32m 1[2mms[22m[39m
[31m       [31m├ù[31m liste toutes les factures[39m[32m 1[2mms[22m[39m
[31m       [31m├ù[31m filtre par status[39m[32m 1[2mms[22m[39m
[31m       [31m├ù[31m filtre par clientId[39m[32m 1[2mms[22m[39m
[31m       [31m├ù[31m filtre par status[39m[32m 1[2mms[22m[39m
[31m       [31m├ù[31m l├¿ve une erreur si l'invoice existe d├®j├á[39m[32m 1[2mms[22m[39m
[31m       [31m├ù[31m cr├®e un item[39m[32m 1[2mms[22m[39m
[31m       [31m├ù[31m cr├®e et r├®cup├¿re un item[39m[32m 1[2mms[22m[39m
[31m       [31m├ù[31m supporte plusieurs items[39m[32m 1[2mms[22m[39m
[31m       [31m├ù[31m cr├®e un client[39m[32m 1[2mms[22m[39m
[31m       [31m├ù[31m filtre les clients actifs[39m[32m 1[2mms[22m[39m
[31m       [31m├ù[31m recherche par email[39m[32m 1[2mms[22m[39m
[31m       [31m├ù[31m met ├á jour un client[39m[32m 1[2mms[22m[39m
[31m       [31m├ù[31m cr├®e facture + items atomiquement[39m[32m 1[2mms[22m[39m
[31m       [31m├ù[31m g├¿re 1000 factures sans d├®grade[39m[32m 1[2mms[22m[39m
[31m       [31m├ù[31m cherche rapidement dans 1000 records[39m[32m 1[2mms[22m[39m
[31m       [31m├ù[31m cr├®e un fournisseur[39m[32m 1[2mms[22m[39m
[31m       [31m├ù[31m filtre les fournisseurs actifs[39m[32m 1[2mms[22m[39m
[31m       [31m├ù[31m met ├á jour un fournisseur[39m[32m 1[2mms[22m[39m
[31m       [31m├ù[31m supprime un fournisseur[39m[32m 1[2mms[22m[39m
[31m       [31m├ù[31m cr├®e un produit[39m[32m 1[2mms[22m[39m
[31m       [31m├ù[31m filtre par cat├®gorie[39m[32m 1[2mms[22m[39m
[31m       [31m├ù[31m liste les produits actifs[39m[32m 1[2mms[22m[39m
[31m       [31m├ù[31m cr├®e une d├®pense[39m[32m 1[2mms[22m[39m
[31m       [31m├ù[31m filtre par fournisseur[39m[32m 1[2mms[22m[39m
[31m       [31m├ù[31m filtre par cat├®gorie[39m[32m 2[2mms[22m[39m
[31m       [31m├ù[31m exporte toutes les tables en JSON[39m[32m 1[2mms[22m[39m
[31m       [31m├ù[31m exporte des donn├®es vides si la base est vide[39m[32m 1[2mms[22m[39m
[31m       [31m├ù[31m exporte correctement Decimal.js amounts[39m[32m 1[2mms[22m[39m
[31m       [31m├ù[31m cr├®e un ├®v├®nement calendrier[39m[32m 1[2mms[22m[39m
[31m       [31m├ù[31m filtre par client[39m[32m 1[2mms[22m[39m
[31m       [31m├ù[31m filtre par facture[39m[32m 1[2mms[22m[39m
[31m       [31m├ù[31m cr├®e un template email[39m[32m 1[2mms[22m[39m
[31m       [31m├ù[31m r├®cup├¿re templates par type[39m[32m 1[2mms[22m[39m
[31m       [31m├ù[31m cr├®e un message chat[39m[32m 1[2mms[22m[39m
[31m       [31m├ù[31m liste messages par timestamp[39m[32m 1[2mms[22m[39m
[31m       [31m├ù[31m vide compl├¿tement la base[39m[32m 1[2mms[22m[39m
 [31mÔØ»[39m __tests__/components/SupplierManager.test.tsx [2m([22m[2m30 tests[22m[2m | [22m[31m30 failed[39m[2m)[22m[33m 3005[2mms[22m[39m
[31m       [31m├ù[31m rend le gestionnaire de fournisseurs[39m[33m 421[2mms[22m[39m
[31m       [31m├ù[31m affiche la liste des fournisseurs actifs[39m[32m 76[2mms[22m[39m
[31m       [31m├ù[31m affiche les emails des fournisseurs[39m[32m 209[2mms[22m[39m
[31m       [31m├ù[31m filtre les fournisseurs par nom[39m[32m 166[2mms[22m[39m
[31m       [31m├ù[31m filtre les fournisseurs par email[39m[32m 270[2mms[22m[39m
[31m       [31m├ù[31m ignore les fournisseurs archiv├®s par d├®faut[39m[33m 375[2mms[22m[39m
[31m       [31m├ù[31m calcule la d├®pense totale par fournisseur[39m[32m 63[2mms[22m[39m
[31m       [31m├ù[31m affiche la d├®pense totale globale[39m[32m 245[2mms[22m[39m
[31m       [31m├ù[31m compte les d├®penses par fournisseur[39m[32m 93[2mms[22m[39m
[31m       [31m├ù[31m ouvre le modal pour ajouter un fournisseur[39m[32m 103[2mms[22m[39m
[31m       [31m├ù[31m cr├®e un nouveau fournisseur[39m[32m 79[2mms[22m[39m
[31m       [31m├ù[31m ouvre le modal pour ├®diter un fournisseur[39m[32m 51[2mms[22m[39m
[31m       [31m├ù[31m pr├®charge les donn├®es du fournisseur en ├®dition[39m[32m 202[2mms[22m[39m
[31m       [31m├ù[31m sauvegarde les modifications du fournisseur[39m[32m 72[2mms[22m[39m
[31m       [31m├ù[31m affiche un bouton supprimer[39m[32m 111[2mms[22m[39m
[31m       [31m├ù[31m appelle onDelete avec l'ID du fournisseur[39m[32m 14[2mms[22m[39m
[31m       [31m├ù[31m affiche l'option d'archivage[39m[32m 47[2mms[22m[39m
[31m       [31m├ù[31m bascule le statut archiv├® du fournisseur[39m[32m 38[2mms[22m[39m
[31m       [31m├ù[31m affiche un message si pas de fournisseurs[39m[32m 12[2mms[22m[39m
[31m       [31m├ù[31m les inputs sont accessibles au clavier[39m[32m 38[2mms[22m[39m
[31m       [31m├ù[31m les boutons d'action sont accessibles[39m[32m 67[2mms[22m[39m
[31m       [31m├ù[31m filtre les d├®penses par cat├®gorie[39m[32m 31[2mms[22m[39m
[31m       [31m├ù[31m affiche les d├®tails des d├®penses associ├®es[39m[32m 60[2mms[22m[39m
[31m       [31m├ù[31m affiche un bouton d'import[39m[32m 17[2mms[22m[39m
[31m       [31m├ù[31m affiche un bouton d'export[39m[32m 16[2mms[22m[39m
[31m       [31m├ù[31m affiche le t├®l├®phone du fournisseur[39m[32m 19[2mms[22m[39m
[31m       [31m├ù[31m affiche l'adresse du fournisseur[39m[32m 19[2mms[22m[39m
[31m       [31m├ù[31m affiche le SIRET du fournisseur[39m[32m 26[2mms[22m[39m
[31m       [31m├ù[31m trie les fournisseurs par nom alphab├®tiquement[39m[32m 26[2mms[22m[39m
[31m       [31m├ù[31m agr├¿ge les d├®penses par fournisseur correctement[39m[32m 29[2mms[22m[39m
 [31mÔØ»[39m __tests__/components/ProductManager.test.tsx [2m([22m[2m41 tests[22m[2m | [22m[31m9 failed[39m[2m)[22m[33m 15126[2mms[22m[39m
       [33m[2mÔ£ô[22m[39m rend le gestionnaire de produits [33m 435[2mms[22m[39m
       [33m[2mÔ£ô[22m[39m affiche la liste des produits actifs [33m 377[2mms[22m[39m
[31m       [31m├ù[31m affiche les prix des produits[39m[32m 266[2mms[22m[39m
[31m       [31m├ù[31m affiche les cat├®gories de produits[39m[32m 175[2mms[22m[39m
       [33m[2mÔ£ô[22m[39m filtre les produits par nom [33m 2331[2mms[22m[39m
       [33m[2mÔ£ô[22m[39m filtre les produits par SKU [33m 2351[2mms[22m[39m
       [33m[2mÔ£ô[22m[39m filtre les produits par description [33m 1268[2mms[22m[39m
[31m       [31m├ù[31m affiche un message si aucun r├®sultat de recherche[39m[33m 3550[2mms[22m[39m
       [32mÔ£ô[39m extrait les cat├®gories uniques des produits[32m 51[2mms[22m[39m
       [33m[2mÔ£ô[22m[39m filtre par cat├®gorie Services [33m 1567[2mms[22m[39m
       [32mÔ£ô[39m filtre par cat├®gorie Fournitures[32m 229[2mms[22m[39m
       [32mÔ£ô[39m ignore les produits archiv├®s par d├®faut[32m 116[2mms[22m[39m
       [32mÔ£ô[39m trie par nom (d├®faut)[32m 98[2mms[22m[39m
       [32mÔ£ô[39m trie par prix[32m 217[2mms[22m[39m
       [32mÔ£ô[39m trie par cat├®gorie[32m 235[2mms[22m[39m
       [32mÔ£ô[39m affiche le stock des produits[32m 83[2mms[22m[39m
       [32mÔ£ô[39m affiche un avis si stock faible (< minStock)[32m 54[2mms[22m[39m
       [32mÔ£ô[39m filtre pour afficher uniquement les produits ├á stock faible[32m 199[2mms[22m[39m
       [32mÔ£ô[39m distingue les services des produits[32m 94[2mms[22m[39m
       [32mÔ£ô[39m affiche le type "service" pour les consultations[32m 65[2mms[22m[39m
       [32mÔ£ô[39m affiche le type "produit" pour les fournitures[32m 51[2mms[22m[39m
[31m       [31m├ù[31m ouvre le panneau pour cr├®er un produit[39m[32m 72[2mms[22m[39m
[31m       [31m├ù[31m cr├®e un produit avec nom et prix[39m[32m 83[2mms[22m[39m
[31m       [31m├ù[31m valide que le nom est requis[39m[32m 67[2mms[22m[39m
       [32mÔ£ô[39m ouvre le formulaire d'├®dition d'un produit[32m 148[2mms[22m[39m
       [32mÔ£ô[39m pr├®charge les donn├®es du produit[32m 85[2mms[22m[39m
       [32mÔ£ô[39m sauvegarde les modifications du produit[32m 42[2mms[22m[39m
       [32mÔ£ô[39m affiche un bouton supprimer[32m 68[2mms[22m[39m
       [32mÔ£ô[39m appelle onDelete avec l'ID du produit[32m 50[2mms[22m[39m
       [32mÔ£ô[39m affiche le bouton d'archivage[32m 40[2mms[22m[39m
       [32mÔ£ô[39m masque les produits archiv├®s par d├®faut[32m 46[2mms[22m[39m
       [32mÔ£ô[39m affiche les produits archiv├®s si filtr├®[32m 210[2mms[22m[39m
       [32mÔ£ô[39m affiche le SKU du produit[32m 42[2mms[22m[39m
       [32mÔ£ô[39m affiche l'unit├® de mesure du produit[32m 48[2mms[22m[39m
[31m       [31m├ù[31m permet de cr├®er un produit avec une unit├® personnalis├®e[39m[32m 52[2mms[22m[39m
[31m       [31m├ù[31m affiche les prix correctement format├®s[39m[32m 47[2mms[22m[39m
       [32mÔ£ô[39m g├¿re les montants d├®cimaux (d├®cimales)[32m 27[2mms[22m[39m
       [32mÔ£ô[39m valide que le prix est un nombre positif[32m 33[2mms[22m[39m
[31m       [31m├ù[31m affiche un message si pas de produits[39m[32m 31[2mms[22m[39m
       [32mÔ£ô[39m permet quand m├¬me d'ajouter un produit[32m 76[2mms[22m[39m
       [32mÔ£ô[39m affiche les boutons d'import/export[32m 39[2mms[22m[39m

[31mÔÄ»ÔÄ»ÔÄ»ÔÄ»ÔÄ»ÔÄ»ÔÄ»[39m[1m[41m Failed Tests 9 
[49m[22m[31mÔÄ»ÔÄ»ÔÄ»ÔÄ»ÔÄ»ÔÄ»ÔÄ»[39m

[41m[1m FAIL [22m[49m __tests__/components/ProductManager.test.tsx[2m > 
[22mProductManager Component[2m > [22mRendering & UI[2m > [22maffiche les 
prix des produits
[31m[1mTestingLibraryElementError[22m[39m: Found multiple elements with 
the text: /150|1200|45.50/

Here are the matching elements:

Ignored nodes: comments, script, style
[36m<span[39m
  [33mclass[39m=[32m"text-2xl font-bold text-brand-900 dark:text-white 
font-display"[39m
[36m>[39m
  [0m150.00[0m
  [0m Ôé¼[0m
[36m</span>[39m

Ignored nodes: comments, script, style
[36m<span[39m
  [33mclass[39m=[32m"text-2xl font-bold text-brand-900 dark:text-white 
font-display"[39m
[36m>[39m
  [0m1200.00[0m
  [0m Ôé¼[0m
[36m</span>[39m

Ignored nodes: comments, script, style
[36m<span[39m
  [33mclass[39m=[32m"text-2xl font-bold text-brand-900 dark:text-white 
font-display"[39m
[36m>[39m
  [0m45.50[0m
  [0m Ôé¼[0m
[36m</span>[39m

(If this is intentional, then use the `*AllBy*` variant of the query (like 
`queryAllByText`, `getAllByText`, or `findAllByText`)).

Ignored nodes: comments, script, style
[36m<body>[39m
  [36m<div>[39m
    [36m<div[39m
      [33mclass[39m=[32m"space-y-8 animate-fade-in max-w-7xl mx-auto 
relative pb-10"[39m
    [36m>[39m
      [36m<div[39m
        [33mclass[39m=[32m"flex flex-col lg:flex-row justify-between 
items-start lg:items-center gap-6"[39m
      [36m>[39m
        [36m<div>[39m
          [36m<h2[39m
            [33mclass[39m=[32m"text-3xl font-bold text-brand-900 
dark:text-white tracking-tight font-display text-gradient"[39m
          [36m>[39m
            [0mCatalogue[0m
          [36m</h2>[39m
          [36m<p[39m
            [33mclass[39m=[32m"text-brand-500 dark:text-brand-400 mt-1"[39m
          [36m>[39m
            [0mG├®rez vos produits et prestations de service.[0m
          [36m</p>[39m
        [36m</div>[39m
        [36m<div[39m
          [33mclass[39m=[32m"flex flex-wrap gap-3 items-center w-full 
lg:w-auto"[39m
        [36m>[39m
          [36m<div[39m
            [33mclass[39m=[32m"bg-white dark:bg-brand-900 p-1.5 rounded-2xl 
shadow-sm border border-brand-200 dark:border-brand-800 flex gap-1"[39m
          [36m>[39m
            [36m<button[39m
              [33mclass[39m=[32m"px-6 py-2 rounded-xl text-sm font-bold 
transition-all duration-300 text-brand-500 hover:text-brand-700 
dark:hover:text-brand-300 hover:bg-brand-50 dark:hover:bg-brand-800"[39m
            [36m>[39m
              [0mActifs[0m
            [36m</button>[39m
            [36m<button[39m
              [33mclass[39m=[32m"px-6 py-2 rounded-xl text-sm font-bold 
transition-all duration-300 text-brand-500 hover:text-brand-700 
dark:hover:text-brand-300 hover:bg-brand-50 dark:hover:bg-brand-800"[39m
            [36m>[39m
              [0mArchiv├®s[0m
            [36m</button>[39m
          [36m</div>[39m
          [36m<div[39m
            [33mclass[39m=[32m"flex gap-2"[39m
          [36m>[39m
            [36m<label[39m
              [33mclass[39m=[32m"btn-secondary px-4 py-2.5 
cursor-pointer"[39m
              [33mtitle[39m=[32m"Importer depuis un CSV"[39m
            [36m>[39m
              [36m<span>[39m
                [0mUploadIcon[0m
              [36m</span>[39m
              [36m<span[39m
                [33mclass[39m=[32m"hidden sm:inline"[39m
              [36m>[39m
                [0mImport[0m
              [36m</span>[39m
              [36m<input[39m
                [33maccept[39m=[32m".csv"[39m
                [33mclass[39m=[32m"hidden"[39m
                [33mtype[39m=[32m"file"[39m
              [36m/>[39m
            [36m</label>[39m
            [36m<button[39m
              [33mclass[39m=[32m"btn-secondary px-4 py-2.5"[39m
              [33mtitle[39m=[32m"Exporter en CSV"[39m
            [36m>[39m
              [36m<span>[39m
                [0mDownloadIcon[0m
              [36m</span>[39m
              [36m<span[39m
                [33mclass[39m=[32m"hidden sm:inline"[39m
              [36m>[39m
                [0mExport[0m
              [36m</span>[39m
            [36m</button>[39m
            [36m<button[39m
              [33mclass[39m=[32m"btn-primary px-6 py-2.5"[39m
            [36m>[39m
              [36m<span>[39m
                [0mPlusIcon[0m
              [36m</span>[39m
              [0mNouveau[0m
            [36m</button>[39m
          [36m</div>[39m
        [36m</div>[39m
      [36m</div>[39m
      [36m<div[39m
        [33mclass[39m=[32m"bento-grid"[39m
      [36m>[39m
        [36m<div[39m
          [33mclass[39m=[32m"bento-item"[39m
        [36m>[39m
          [36m<div[39m
            [33mclass[39m=[32m"flex justify-between items-start mb-4"[39m
          [36m>[39m
            [36m<div[39m
              [33mclass[39m=[32m"p-3 bg-brand-100 dark:bg-brand-800 
rounded-2xl text-brand-600 dark:text-brand-300"[39m
            [36m>[39m
              [36m<span>[39m
                [0mPackageIcon[0m
              [36m</span>[39m
            [36m</div>[39m
            [36m<span[39m
              [33mclass[39m=[32m"text-[10px] font-bold text-brand-400 
uppercase tracking-widest"[39m
            [36m>[39m
              [0mTotal Catalogue[0m
            [36m</span>[39m
          [36m</div>[39m
          [36m<div>[39m
            [36m<h3[39m
              [33mclass[39m=[32m"text-2xl font-bold text-brand-900 
dark:text-white font-display"[39m
            [36m>[39m
              [0m3[0m
            [36m</h3>[39m
            [36m<p[39m
              [33mclass[39m=[32m"text-xs text-brand-500 dark:text-brand-400 
mt-1"[39m
            [36m>[39m
              [0m├ël├®ments actifs[0m
            [36m</p>[39m
          [36m</div>[39m
        [36m</div>[39m
        [36m<div[39m
          [33mclass[39m=[32m"bento-item"[39m
        [36m>[39m
          [36m<div[39m
            [33mclass[39m=[32m"flex justify-between items-start mb-4"[39m
          [36m>[39m
            [36m<div[39m
              [33mclass[39m=[32m"p-3 bg-accent-100 dark:bg-accent-900/30 
rounded-2xl text-accent-600 dark:text-accent-400"[39m
            [36m>[39m
              [36m<span>[39m
                [0mBriefcaseIcon[0m
              [36m</span>[39m
            [36m</div>[39m
            [36m<span[39m
              [33mclass[39m=[32m"text-[10px] font-bold text-brand-400 
uppercase tracking-widest"[39m
            [36m>[39m
              [0mPrestations[0m
            [36m</span>[39m
          [36m</div>[39m
          [36m<div>[39m
            [36m<h3[39m
              [33mclass[39m=[32m"text-2xl font-bold text-accent-600 
dark:text-accent-400 font-display"[39m
            [36m>[39m
              [0m2[0m
            [36m</h3>[39m
            [36m<p[39m
              [33mclass[39m=[32m"text-xs text-brand-500 dark:text-brand-400 
mt-1"[39m
            [36m>[39m
              [0mServices propos├®s[0m
            [36m</p>[39m
          [36m</div>[39m
        [36m</div>[39m
        [36m<div[39m
          [33mclass[39m=[32m"bento-item"[39m
        [36m>[39m
          [36m<div[39m
            [33mclass[39m=[32m"flex justify-between items-start mb-4"[39m
          [36m>[39m
            [36m<div[39m
              [33mclass[39m=[32m"p-3 bg-amber-100 dark:bg-amber-900/30 
rounded-2xl text-amber-600 dark:text-amber-400"[39m
            [36m>[39m
              [36m<span>[39m
                [0mAlertCircleIcon[0m
              [36m</span>[39m
            [36m</div>[39m
            [36m<span[39m
              [33mclass[39m=[32m"text-[10px] font-bold text-brand-400 
uppercase tracking-widest"[39m
            [36m>[39m
              [0mStock Bas[0m
            [36m</span>[39m
          [36m</div>[39m
          [36m<div>[39m
            [36m<h3[39m
              [33mclass[39m=[32m"text-2xl font-bold text-amber...
[90m [2mÔØ»[22m Object.getElementError 
node_modules/@testing-library/dom/dist/config.js:[2m37:19[22m[39m
[90m [2mÔØ»[22m getElementError 
node_modules/@testing-library/dom/dist/query-helpers.js:[2m20:35[22m[39m
[90m [2mÔØ»[22m getMultipleElementsFoundError 
node_modules/@testing-library/dom/dist/query-helpers.js:[2m23:10[22m[39m
[90m [2mÔØ»[22m 
node_modules/@testing-library/dom/dist/query-helpers.js:[2m55:13[22m[39m
[90m [2mÔØ»[22m 
node_modules/@testing-library/dom/dist/query-helpers.js:[2m95:19[22m[39m
[90m [2mÔØ»[22m 
__tests__/components/ProductManager.test.tsx:[2m127:21[22m[39m

[31m[2mÔÄ»ÔÄ»ÔÄ»ÔÄ»ÔÄ»ÔÄ»ÔÄ»ÔÄ»ÔÄ»ÔÄ»ÔÄ»ÔÄ»ÔÄ»ÔÄ»ÔÄ»ÔÄ»ÔÄ»ÔÄ»ÔÄ»ÔÄ»ÔÄ»ÔÄ»ÔÄ»Ô
Ä»[1/9]ÔÄ»[22m[39m

[41m[1m FAIL [22m[49m __tests__/components/ProductManager.test.tsx[2m > 
[22mProductManager Component[2m > [22mRendering & UI[2m > [22maffiche les 
cat├®gories de produits
[31m[1mTestingLibraryElementError[22m[39m: Found multiple elements with 
the text: Services

Here are the matching elements:

Ignored nodes: comments, script, style
[36m<option[39m
  [33mvalue[39m=[32m"Services"[39m
[36m>[39m
  [0mServices[0m
[36m</option>[39m

Ignored nodes: comments, script, style
[36m<span[39m
  [33mclass[39m=[32m"text-[9px] font-black uppercase tracking-widest px-2.5 
py-1 rounded-lg bg-brand-50 dark:bg-brand-800 text-brand-500 
dark:text-brand-400 border border-brand-100 dark:border-brand-700 flex 
items-center gap-1.5"[39m
[36m>[39m
  [36m<span>[39m
    [0mTagIcon[0m
  [36m</span>[39m
  [0m [0m
  [0mServices[0m
[36m</span>[39m

Ignored nodes: comments, script, style
[36m<span[39m
  [33mclass[39m=[32m"text-[9px] font-black uppercase tracking-widest px-2.5 
py-1 rounded-lg bg-brand-50 dark:bg-brand-800 text-brand-500 
dark:text-brand-400 border border-brand-100 dark:border-brand-700 flex 
items-center gap-1.5"[39m
[36m>[39m
  [36m<span>[39m
    [0mTagIcon[0m
  [36m</span>[39m
  [0m [0m
  [0mServices[0m
[36m</span>[39m

(If this is intentional, then use the `*AllBy*` variant of the query (like 
`queryAllByText`, `getAllByText`, or `findAllByText`)).

Ignored nodes: comments, script, style
[36m<body>[39m
  [36m<div>[39m
    [36m<div[39m
      [33mclass[39m=[32m"space-y-8 animate-fade-in max-w-7xl mx-auto 
relative pb-10"[39m
    [36m>[39m
      [36m<div[39m
        [33mclass[39m=[32m"flex flex-col lg:flex-row justify-between 
items-start lg:items-center gap-6"[39m
      [36m>[39m
        [36m<div>[39m
          [36m<h2[39m
            [33mclass[39m=[32m"text-3xl font-bold text-brand-900 
dark:text-white tracking-tight font-display text-gradient"[39m
          [36m>[39m
            [0mCatalogue[0m
          [36m</h2>[39m
          [36m<p[39m
            [33mclass[39m=[32m"text-brand-500 dark:text-brand-400 mt-1"[39m
          [36m>[39m
            [0mG├®rez vos produits et prestations de service.[0m
          [36m</p>[39m
        [36m</div>[39m
        [36m<div[39m
          [33mclass[39m=[32m"flex flex-wrap gap-3 items-center w-full 
lg:w-auto"[39m
        [36m>[39m
          [36m<div[39m
            [33mclass[39m=[32m"bg-white dark:bg-brand-900 p-1.5 rounded-2xl 
shadow-sm border border-brand-200 dark:border-brand-800 flex gap-1"[39m
          [36m>[39m
            [36m<button[39m
              [33mclass[39m=[32m"px-6 py-2 rounded-xl text-sm font-bold 
transition-all duration-300 text-brand-500 hover:text-brand-700 
dark:hover:text-brand-300 hover:bg-brand-50 dark:hover:bg-brand-800"[39m
            [36m>[39m
              [0mActifs[0m
            [36m</button>[39m
            [36m<button[39m
              [33mclass[39m=[32m"px-6 py-2 rounded-xl text-sm font-bold 
transition-all duration-300 text-brand-500 hover:text-brand-700 
dark:hover:text-brand-300 hover:bg-brand-50 dark:hover:bg-brand-800"[39m
            [36m>[39m
              [0mArchiv├®s[0m
            [36m</button>[39m
          [36m</div>[39m
          [36m<div[39m
            [33mclass[39m=[32m"flex gap-2"[39m
          [36m>[39m
            [36m<label[39m
              [33mclass[39m=[32m"btn-secondary px-4 py-2.5 
cursor-pointer"[39m
              [33mtitle[39m=[32m"Importer depuis un CSV"[39m
            [36m>[39m
              [36m<span>[39m
                [0mUploadIcon[0m
              [36m</span>[39m
              [36m<span[39m
                [33mclass[39m=[32m"hidden sm:inline"[39m
              [36m>[39m
                [0mImport[0m
              [36m</span>[39m
              [36m<input[39m
                [33maccept[39m=[32m".csv"[39m
                [33mclass[39m=[32m"hidden"[39m
                [33mtype[39m=[32m"file"[39m
              [36m/>[39m
            [36m</label>[39m
            [36m<button[39m
              [33mclass[39m=[32m"btn-secondary px-4 py-2.5"[39m
              [33mtitle[39m=[32m"Exporter en CSV"[39m
            [36m>[39m
              [36m<span>[39m
                [0mDownloadIcon[0m
              [36m</span>[39m
              [36m<span[39m
                [33mclass[39m=[32m"hidden sm:inline"[39m
              [36m>[39m
                [0mExport[0m
              [36m</span>[39m
            [36m</button>[39m
            [36m<button[39m
              [33mclass[39m=[32m"btn-primary px-6 py-2.5"[39m
            [36m>[39m
              [36m<span>[39m
                [0mPlusIcon[0m
              [36m</span>[39m
              [0mNouveau[0m
            [36m</button>[39m
          [36m</div>[39m
        [36m</div>[39m
      [36m</div>[39m
      [36m<div[39m
        [33mclass[39m=[32m"bento-grid"[39m
      [36m>[39m
        [36m<div[39m
          [33mclass[39m=[32m"bento-item"[39m
        [36m>[39m
          [36m<div[39m
            [33mclass[39m=[32m"flex justify-between items-start mb-4"[39m
          [36m>[39m
            [36m<div[39m
              [33mclass[39m=[32m"p-3 bg-brand-100 dark:bg-brand-800 
rounded-2xl text-brand-600 dark:text-brand-300"[39m
            [36m>[39m
              [36m<span>[39m
                [0mPackageIcon[0m
              [36m</span>[39m
            [36m</div>[39m
            [36m<span[39m
              [33mclass[39m=[32m"text-[10px] font-bold text-brand-400 
uppercase tracking-widest"[39m
            [36m>[39m
              [0mTotal Catalogue[0m
            [36m</span>[39m
          [36m</div>[39m
          [36m<div>[39m
            [36m<h3[39m
              [33mclass[39m=[32m"text-2xl font-bold text-brand-900 
dark:text-white font-display"[39m
            [36m>[39m
              [0m3[0m
            [36m</h3>[39m
            [36m<p[39m
              [33mclass[39m=[32m"text-xs text-brand-500 dark:text-brand-400 
mt-1"[39m
            [36m>[39m
              [0m├ël├®ments actifs[0m
            [36m</p>[39m
          [36m</div>[39m
        [36m</div>[39m
        [36m<div[39m
          [33mclass[39m=[32m"bento-item"[39m
        [36m>[39m
          [36m<div[39m
            [33mclass[39m=[32m"flex justify-between items-start mb-4"[39m
          [36m>[39m
            [36m<div[39m
              [33mclass[39m=[32m"p-3 bg-accent-100 dark:bg-accent-900/30 
rounded-2xl text-accent-600 dark:text-accent-400"[39m
            [36m>[39m
              [36m<span>[39m
                [0mBriefcaseIcon[0m
              [36m</span>[39m
            [36m</div>[39m
            [36m<span[39m
              [33mclass[39m=[32m"text-[10px] font-bold text-brand-400 
uppercase tracking-widest"[39m
            [36m>[39m
              [0mPrestations[0m
            [36m</span>[39m
          [36m</div>[39m
          [36m<div>[39m
            [36m<h3[39m
              [33mclass[39m=[32m"text-2xl font-bold text-accent-600 
dark:text-accent-400 font-display"[39m
            [36m>[39m
              [0m2[0m
            [36m</h3>[39m
            [36m<p[39m
              [33mclass[39m=[32m"text-xs text-brand-500 dark:text-brand-400 
mt-1"[39m
            [36m>[39m
              [0mServices propos├®s[0m
            [36m</p>[39m
          [36m</div>[39m
        [36m</div>[39m
        [36m<div[39m
          [33mclass[39m=[32m"bento-item"[39m
        [36m>[39m
          [36m<div[39m
            [33mclass[39m=[32m"flex justify-between items-start mb-4"[39m
          [36m>[39m
            [36m<div[39m
              [33mclass[39m=[32m"p-3 bg-amber-100 dark:bg-amber-900/30 
rounded-2xl text-amber-600 dark:text-amber-400"[39m
            [36m>[39m
              [36m<span>[39m
                [0mAlertCircleIcon[0m
              [36m</span>[39m
            [36m</div>[39m
            [36m<span[39m
              [33mclass[39m=[32m"text-[10px] font-bold text-brand-400 
uppercase tracking-widest"[39m
            [36m>[39m
              [0mStock Bas[0m
            [36m</span>[39m
          [36m</div>[39m
          [36m<div>[39m
            [36m<h3[39m
              [33mclass[39m=[32m"text-2xl font-bold text-amber...
[90m [2mÔØ»[22m Object.getElementError 
node_modules/@testing-library/dom/dist/config.js:[2m37:19[22m[39m
[90m [2mÔØ»[22m getElementError 
node_modules/@testing-library/dom/dist/query-helpers.js:[2m20:35[22m[39m
[90m [2mÔØ»[22m getMultipleElementsFoundError 
node_modules/@testing-library/dom/dist/query-helpers.js:[2m23:10[22m[39m
[90m [2mÔØ»[22m 
node_modules/@testing-library/dom/dist/query-helpers.js:[2m55:13[22m[39m
[90m [2mÔØ»[22m 
node_modules/@testing-library/dom/dist/query-helpers.js:[2m95:19[22m[39m
[90m [2mÔØ»[22m 
__tests__/components/ProductManager.test.tsx:[2m139:21[22m[39m

[31m[2mÔÄ»ÔÄ»ÔÄ»ÔÄ»ÔÄ»ÔÄ»ÔÄ»ÔÄ»ÔÄ»ÔÄ»ÔÄ»ÔÄ»ÔÄ»ÔÄ»ÔÄ»ÔÄ»ÔÄ»ÔÄ»ÔÄ»ÔÄ»ÔÄ»ÔÄ»ÔÄ»Ô
Ä»[2/9]ÔÄ»[22m[39m

[41m[1m FAIL [22m[49m __tests__/components/ProductManager.test.tsx[2m > 
[22mProductManager Component[2m > [22mSearch Functionality[2m > 
[22maffiche un message si aucun r├®sultat de recherche
[31m[1mTestingLibraryElementError[22m[39m: Found multiple elements with 
the text: /aucun|pas de|no/i

Here are the matching elements:

Ignored nodes: comments, script, style
[36m<button[39m
  [33mclass[39m=[32m"btn-primary px-6 py-2.5"[39m
[36m>[39m
  [36m<span>[39m
    [0mPlusIcon[0m
  [36m</span>[39m
  [0mNouveau[0m
[36m</button>[39m

Ignored nodes: comments, script, style
[36m<h3[39m
  [33mclass[39m=[32m"text-xl font-bold text-brand-900"[39m
[36m>[39m
  [0mNouvel ├®l├®ment[0m
[36m</h3>[39m

Ignored nodes: comments, script, style
[36m<label[39m
  [33mclass[39m=[32m"block text-sm font-semibold text-brand-700 mb-1.5"[39m
  [33mfor[39m=[32m"formData-name"[39m
[36m>[39m
  [0mNom de l'├®l├®ment [0m
  [36m<span[39m
    [33mclass[39m=[32m"text-red-500"[39m
  [36m>[39m
    [0m*[0m
  [36m</span>[39m
[36m</label>[39m

Ignored nodes: comments, script, style
[36m<option[39m
  [33mvalue[39m=[32m"name"[39m
[36m>[39m
  [0mNom (A-Z)[0m
[36m</option>[39m

(If this is intentional, then use the `*AllBy*` variant of the query (like 
`queryAllByText`, `getAllByText`, or `findAllByText`)).

Ignored nodes: comments, script, style
[36m<body>[39m
  [36m<div>[39m
    [36m<div[39m
      [33mclass[39m=[32m"space-y-8 animate-fade-in max-w-7xl mx-auto 
relative pb-10"[39m
    [36m>[39m
      [36m<div[39m
        [33mclass[39m=[32m"flex flex-col lg:flex-row justify-between 
items-start lg:items-center gap-6"[39m
      [36m>[39m
        [36m<div>[39m
          [36m<h2[39m
            [33mclass[39m=[32m"text-3xl font-bold text-brand-900 
dark:text-white tracking-tight font-display text-gradient"[39m
          [36m>[39m
            [0mCatalogue[0m
          [36m</h2>[39m
          [36m<p[39m
            [33mclass[39m=[32m"text-brand-500 dark:text-brand-400 mt-1"[39m
          [36m>[39m
            [0mG├®rez vos produits et prestations de service.[0m
          [36m</p>[39m
        [36m</div>[39m
        [36m<div[39m
          [33mclass[39m=[32m"flex flex-wrap gap-3 items-center w-full 
lg:w-auto"[39m
        [36m>[39m
          [36m<div[39m
            [33mclass[39m=[32m"bg-white dark:bg-brand-900 p-1.5 rounded-2xl 
shadow-sm border border-brand-200 dark:border-brand-800 flex gap-1"[39m
          [36m>[39m
            [36m<button[39m
              [33mclass[39m=[32m"px-6 py-2 rounded-xl text-sm font-bold 
transition-all duration-300 text-brand-500 hover:text-brand-700 
dark:hover:text-brand-300 hover:bg-brand-50 dark:hover:bg-brand-800"[39m
            [36m>[39m
              [0mActifs[0m
            [36m</button>[39m
            [36m<button[39m
              [33mclass[39m=[32m"px-6 py-2 rounded-xl text-sm font-bold 
transition-all duration-300 text-brand-500 hover:text-brand-700 
dark:hover:text-brand-300 hover:bg-brand-50 dark:hover:bg-brand-800"[39m
            [36m>[39m
              [0mArchiv├®s[0m
            [36m</button>[39m
          [36m</div>[39m
          [36m<div[39m
            [33mclass[39m=[32m"flex gap-2"[39m
          [36m>[39m
            [36m<label[39m
              [33mclass[39m=[32m"btn-secondary px-4 py-2.5 
cursor-pointer"[39m
              [33mtitle[39m=[32m"Importer depuis un CSV"[39m
            [36m>[39m
              [36m<span>[39m
                [0mUploadIcon[0m
              [36m</span>[39m
              [36m<span[39m
                [33mclass[39m=[32m"hidden sm:inline"[39m
              [36m>[39m
                [0mImport[0m
              [36m</span>[39m
              [36m<input[39m
                [33maccept[39m=[32m".csv"[39m
                [33mclass[39m=[32m"hidden"[39m
                [33mtype[39m=[32m"file"[39m
              [36m/>[39m
            [36m</label>[39m
            [36m<button[39m
              [33mclass[39m=[32m"btn-secondary px-4 py-2.5"[39m
              [33mtitle[39m=[32m"Exporter en CSV"[39m
            [36m>[39m
              [36m<span>[39m
                [0mDownloadIcon[0m
              [36m</span>[39m
              [36m<span[39m
                [33mclass[39m=[32m"hidden sm:inline"[39m
              [36m>[39m
                [0mExport[0m
              [36m</span>[39m
            [36m</button>[39m
            [36m<button[39m
              [33mclass[39m=[32m"btn-primary px-6 py-2.5"[39m
            [36m>[39m
              [36m<span>[39m
                [0mPlusIcon[0m
              [36m</span>[39m
              [0mNouveau[0m
            [36m</button>[39m
          [36m</div>[39m
        [36m</div>[39m
      [36m</div>[39m
      [36m<div[39m
        [33mclass[39m=[32m"bento-grid"[39m
      [36m>[39m
        [36m<div[39m
          [33mclass[39m=[32m"bento-item"[39m
        [36m>[39m
          [36m<div[39m
            [33mclass[39m=[32m"flex justify-between items-start mb-4"[39m
          [36m>[39m
            [36m<div[39m
              [33mclass[39m=[32m"p-3 bg-brand-100 dark:bg-brand-800 
rounded-2xl text-brand-600 dark:text-brand-300"[39m
            [36m>[39m
              [36m<span>[39m
                [0mPackageIcon[0m
              [36m</span>[39m
            [36m</div>[39m
            [36m<span[39m
              [33mclass[39m=[32m"text-[10px] font-bold text-brand-400 
uppercase tracking-widest"[39m
            [36m>[39m
              [0mTotal Catalogue[0m
            [36m</span>[39m
          [36m</div>[39m
          [36m<div>[39m
            [36m<h3[39m
              [33mclass[39m=[32m"text-2xl font-bold text-brand-900 
dark:text-white font-display"[39m
            [36m>[39m
              [0m3[0m
            [36m</h3>[39m
            [36m<p[39m
              [33mclass[39m=[32m"text-xs text-brand-500 dark:text-brand-400 
mt-1"[39m
            [36m>[39m
              [0m├ël├®ments actifs[0m
            [36m</p>[39m
          [36m</div>[39m
        [36m</div>[39m
        [36m<div[39m
          [33mclass[39m=[32m"bento-item"[39m
        [36m>[39m
          [36m<div[39m
            [33mclass[39m=[32m"flex justify-between items-start mb-4"[39m
          [36m>[39m
            [36m<div[39m
              [33mclass[39m=[32m"p-3 bg-accent-100 dark:bg-accent-900/30 
rounded-2xl text-accent-600 dark:text-accent-400"[39m
            [36m>[39m
              [36m<span>[39m
                [0mBriefcaseIcon[0m
              [36m</span>[39m
            [36m</div>[39m
            [36m<span[39m
              [33mclass[39m=[32m"text-[10px] font-bold text-brand-400 
uppercase tracking-widest"[39m
            [36m>[39m
              [0mPrestations[0m
            [36m</span>[39m
          [36m</div>[39m
          [36m<div>[39m
            [36m<h3[39m
              [33mclass[39m=[32m"text-2xl font-bold text-accent-600 
dark:text-accent-400 font-display"[39m
            [36m>[39m
              [0m2[0m
            [36m</h3>[39m
            [36m<p[39m
              [33mclass[39m=[32m"text-xs text-brand-500 dark:text-brand-400 
mt-1"[39m
            [36m>[39m
              [0mServices propos├®s[0m
            [36m</p>[39m
          [36m</div>[39m
        [36m</div>[39m
        [36m<div[39m
          [33mclass[39m=[32m"bento-item"[39m
        [36m>[39m
          [36m<div[39m
            [33mclass[39m=[32m"flex justify-between items-start mb-4"[39m
          [36m>[39m
            [36m<div[39m
              [33mclass[39m=[32m"p-3 bg-amber-100 dark:bg-amber-900/30 
rounded-2xl text-amber-600 dark:text-amber-400"[39m
            [36m>[39m
              [36m<span>[39m
                [0mAlertCircleIcon[0m
              [36m</span>[39m
            [36m</div>[39m
            [36m<span[39m
              [33mclass[39m=[32m"text-[10px] font-bold text-brand-400 
uppercase tracking-widest"[39m
            [36m>[39m
              [0mStock Bas[0m
            [36m</span>[39m
          [36m</div>[39m
          [36m<div>[39m
            [36m<h3[39m
              [33mclass[39m=[32m"text-2xl font-bold text-amber...

Ignored nodes: comments, script, style
[36m<html>[39m
  [36m<head />[39m
  [36m<body>[39m
    [36m<div>[39m
      [36m<div[39m
        [33mclass[39m=[32m"space-y-8 animate-fade-in max-w-7xl mx-auto 
relative pb-10"[39m
      [36m>[39m
        [36m<div[39m
          [33mclass[39m=[32m"flex flex-col lg:flex-row justify-between 
items-start lg:items-center gap-6"[39m
        [36m>[39m
          [36m<div>[39m
            [36m<h2[39m
              [33mclass[39m=[32m"text-3xl font-bold text-brand-900 
dark:text-white tracking-tight font-display text-gradient"[39m
            [36m>[39m
              [0mCatalogue[0m
            [36m</h2>[39m
            [36m<p[39m
              [33mclass[39m=[32m"text-brand-500 dark:text-brand-400 
mt-1"[39m
            [36m>[39m
              [0mG├®rez vos produits et prestations de service.[0m
            [36m</p>[39m
          [36m</div>[39m
          [36m<div[39m
            [33mclass[39m=[32m"flex flex-wrap gap-3 items-center w-full 
lg:w-auto"[39m
          [36m>[39m
            [36m<div[39m
              [33mclass[39m=[32m"bg-white dark:bg-brand-900 p-1.5 
rounded-2xl shadow-sm border border-brand-200 dark:border-brand-800 flex 
gap-1"[39m
            [36m>[39m
              [36m<button[39m
                [33mclass[39m=[32m"px-6 py-2 rounded-xl text-sm font-bold 
transition-all duration-300 text-brand-500 hover:text-brand-700 
dark:hover:text-brand-300 hover:bg-brand-50 dark:hover:bg-brand-800"[39m
              [36m>[39m
                [0mActifs[0m
              [36m</button>[39m
              [36m<button[39m
                [33mclass[39m=[32m"px-6 py-2 rounded-xl text-sm font-bold 
transition-all duration-300 text-brand-500 hover:text-brand-700 
dark:hover:text-brand-300 hover:bg-brand-50 dark:hover:bg-brand-800"[39m
              [36m>[39m
                [0mArchiv├®s[0m
              [36m</button>[39m
            [36m</div>[39m
            [36m<div[39m
              [33mclass[39m=[32m"flex gap-2"[39m
            [36m>[39m
              [36m<label[39m
                [33mclass[39m=[32m"btn-secondary px-4 py-2.5 
cursor-pointer"[39m
                [33mtitle[39m=[32m"Importer depuis un CSV"[39m
              [36m>[39m
                [36m<span>[39m
                  [0mUploadIcon[0m
                [36m</span>[39m
                [36m<span[39m
                  [33mclass[39m=[32m"hidden sm:inline"[39m
                [36m>[39m
                  [0mImport[0m
                [36m</span>[39m
                [36m<input[39m
                  [33maccept[39m=[32m".csv"[39m
                  [33mclass[39m=[32m"hidden"[39m
                  [33mtype[39m=[32m"file"[39m
                [36m/>[39m
              [36m</label>[39m
              [36m<button[39m
                [33mclass[39m=[32m"btn-secondary px-4 py-2.5"[39m
                [33mtitle[39m=[32m"Exporter en CSV"[39m
              [36m>[39m
                [36m<span>[39m
                  [0mDownloadIcon[0m
                [36m</span>[39m
                [36m<span[39m
                  [33mclass[39m=[32m"hidden sm:inline"[39m
                [36m>[39m
                  [0mExport[0m
                [36m</span>[39m
              [36m</button>[39m
              [36m<button[39m
                [33mclass[39m=[32m"btn-primary px-6 py-2.5"[39m
              [36m>[39m
                [36m<span>[39m
                  [0mPlusIcon[0m
                [36m</span>[39m
                [0mNouveau[0m
              [36m</button>[39m
            [36m</div>[39m
          [36m</div>[39m
        [36m</div>[39m
        [36m<div[39m
          [33mclass[39m=[32m"bento-grid"[39m
        [36m>[39m
          [36m<div[39m
            [33mclass[39m=[32m"bento-item"[39m
          [36m>[39m
            [36m<div[39m
              [33mclass[39m=[32m"flex justify-between items-start mb-4"[39m
            [36m>[39m
              [36m<div[39m
                [33mclass[39m=[32m"p-3 bg-brand-100 dark:bg-brand-800 
rounded-2xl text-brand-600 dark:text-brand-300"[39m
              [36m>[39m
                [36m<span>[39m
                  [0mPackageIcon[0m
                [36m</span>[39m
              [36m</div>[39m
              [36m<span[39m
                [33mclass[39m=[32m"text-[10px] font-bold text-brand-400 
uppercase tracking-widest"[39m
              [36m>[39m
                [0mTotal Catalogue[0m
              [36m</span>[39m
            [36m</div>[39m
            [36m<div>[39m
              [36m<h3[39m
                [33mclass[39m=[32m"text-2xl font-bold text-brand-900 
dark:text-white font-display"[39m
              [36m>[39m
                [0m3[0m
              [36m</h3>[39m
              [36m<p[39m
                [33mclass[39m=[32m"text-xs text-brand-500 
dark:text-brand-400 mt-1"[39m
              [36m>[39m
                [0m├ël├®ments actifs[0m
              [36m</p>[39m
            [36m</div>[39m
          [36m</div>[39m
          [36m<div[39m
            [33mclass[39m=[32m"bento-item"[39m
          [36m>[39m
            [36m<div[39m
              [33mclass[39m=[32m"flex justify-between items-start mb-4"[39m
            [36m>[39m
              [36m<div[39m
                [33mclass[39m=[32m"p-3 bg-accent-100 dark:bg-accent-900/30 
rounded-2xl text-accent-600 dark:text-accent-400"[39m
              [36m>[39m
                [36m<span>[39m
                  [0mBriefcaseIcon[0m
                [36m</span>[39m
              [36m</div>[39m
              [36m<span[39m
                [33mclass[39m=[32m"text-[10px] font-bold text-brand-400 
uppercase tracking-widest"[39m
              [36m>[39m
                [0mPrestations[0m
              [36m</span>[39m
            [36m</div>[39m
            [36m<div>[39m
              [36m<h3[39m
                [33mclass[39m=[32m"text-2xl font-bold text-accent-600 
dark:text-accent-400 font-display"[39m
              [36m>[39m
                [0m2[0m
              [36m</h3>[39m
              [36m<p[39m
                [33mclass[39m=[32m"text-xs text-brand-500 
dark:text-brand-400 mt-1"[39m
              [36m>[39m
                [0mServices propos├®s[0m
              [36m</p>[39m
            [36m</div>[39m
          [36m</div>[39m
          [36m<div[39m
            [33mclass[39m=[32m"bento-item"[39m
          [36m>[39m
            [36m<div[39m
              [33mclass[39m=[32m"flex justify-between items-start mb-4"[39m
            [36m>[39m
              [36m<div[39m
                [33mclass[39m=[32m"p-3 bg-amber-100 dark:bg-amber-900/30 
rounded-2xl text-amber-600 dark:text-amber-400"[39m
              [36m>[39m
                [36m<span>[39m
                  [0mAlertCircleIcon[0m
                [36m</span>[39m
              [36m</div>[39m
 ...
[90m [2mÔØ»[22m Proxy.waitForWrapper 
node_modules/@testing-library/dom/dist/wait-for.js:[2m163:27[22m[39m
[90m [2mÔØ»[22m 
__tests__/components/ProductManager.test.tsx:[2m206:13[22m[39m

[31m[2mÔÄ»ÔÄ»ÔÄ»ÔÄ»ÔÄ»ÔÄ»ÔÄ»ÔÄ»ÔÄ»ÔÄ»ÔÄ»ÔÄ»ÔÄ»ÔÄ»ÔÄ»ÔÄ»ÔÄ»ÔÄ»ÔÄ»ÔÄ»ÔÄ»ÔÄ»ÔÄ»Ô
Ä»[3/9]ÔÄ»[22m[39m

[41m[1m FAIL [22m[49m __tests__/components/ProductManager.test.tsx[2m > 
[22mProductManager Component[2m > [22mAdd Product Workflow[2m > [22mouvre 
le panneau pour cr├®er un produit
[31m[1mTestingLibraryElementError[22m[39m: Found multiple elements with 
the text: PlusIcon

Here are the matching elements:

Ignored nodes: comments, script, style
[36m<span>[39m
  [0mPlusIcon[0m
[36m</span>[39m

Ignored nodes: comments, script, style
[36m<span>[39m
  [0mPlusIcon[0m
[36m</span>[39m

(If this is intentional, then use the `*AllBy*` variant of the query (like 
`queryAllByText`, `getAllByText`, or `findAllByText`)).

Ignored nodes: comments, script, style
[36m<body>[39m
  [36m<div>[39m
    [36m<div[39m
      [33mclass[39m=[32m"space-y-8 animate-fade-in max-w-7xl mx-auto 
relative pb-10"[39m
    [36m>[39m
      [36m<div[39m
        [33mclass[39m=[32m"flex flex-col lg:flex-row justify-between 
items-start lg:items-center gap-6"[39m
      [36m>[39m
        [36m<div>[39m
          [36m<h2[39m
            [33mclass[39m=[32m"text-3xl font-bold text-brand-900 
dark:text-white tracking-tight font-display text-gradient"[39m
          [36m>[39m
            [0mCatalogue[0m
          [36m</h2>[39m
          [36m<p[39m
            [33mclass[39m=[32m"text-brand-500 dark:text-brand-400 mt-1"[39m
          [36m>[39m
            [0mG├®rez vos produits et prestations de service.[0m
          [36m</p>[39m
        [36m</div>[39m
        [36m<div[39m
          [33mclass[39m=[32m"flex flex-wrap gap-3 items-center w-full 
lg:w-auto"[39m
        [36m>[39m
          [36m<div[39m
            [33mclass[39m=[32m"bg-white dark:bg-brand-900 p-1.5 rounded-2xl 
shadow-sm border border-brand-200 dark:border-brand-800 flex gap-1"[39m
          [36m>[39m
            [36m<button[39m
              [33mclass[39m=[32m"px-6 py-2 rounded-xl text-sm font-bold 
transition-all duration-300 text-brand-500 hover:text-brand-700 
dark:hover:text-brand-300 hover:bg-brand-50 dark:hover:bg-brand-800"[39m
            [36m>[39m
              [0mActifs[0m
            [36m</button>[39m
            [36m<button[39m
              [33mclass[39m=[32m"px-6 py-2 rounded-xl text-sm font-bold 
transition-all duration-300 text-brand-500 hover:text-brand-700 
dark:hover:text-brand-300 hover:bg-brand-50 dark:hover:bg-brand-800"[39m
            [36m>[39m
              [0mArchiv├®s[0m
            [36m</button>[39m
          [36m</div>[39m
          [36m<div[39m
            [33mclass[39m=[32m"flex gap-2"[39m
          [36m>[39m
            [36m<label[39m
              [33mclass[39m=[32m"btn-secondary px-4 py-2.5 
cursor-pointer"[39m
              [33mtitle[39m=[32m"Importer depuis un CSV"[39m
            [36m>[39m
              [36m<span>[39m
                [0mUploadIcon[0m
              [36m</span>[39m
              [36m<span[39m
                [33mclass[39m=[32m"hidden sm:inline"[39m
              [36m>[39m
                [0mImport[0m
              [36m</span>[39m
              [36m<input[39m
                [33maccept[39m=[32m".csv"[39m
                [33mclass[39m=[32m"hidden"[39m
                [33mtype[39m=[32m"file"[39m
              [36m/>[39m
            [36m</label>[39m
            [36m<button[39m
              [33mclass[39m=[32m"btn-secondary px-4 py-2.5"[39m
              [33mtitle[39m=[32m"Exporter en CSV"[39m
            [36m>[39m
              [36m<span>[39m
                [0mDownloadIcon[0m
              [36m</span>[39m
              [36m<span[39m
                [33mclass[39m=[32m"hidden sm:inline"[39m
              [36m>[39m
                [0mExport[0m
              [36m</span>[39m
            [36m</button>[39m
            [36m<button[39m
              [33mclass[39m=[32m"btn-primary px-6 py-2.5"[39m
            [36m>[39m
              [36m<span>[39m
                [0mPlusIcon[0m
              [36m</span>[39m
              [0mNouveau[0m
            [36m</button>[39m
          [36m</div>[39m
        [36m</div>[39m
      [36m</div>[39m
      [36m<div[39m
        [33mclass[39m=[32m"bento-grid"[39m
      [36m>[39m
        [36m<div[39m
          [33mclass[39m=[32m"bento-item"[39m
        [36m>[39m
          [36m<div[39m
            [33mclass[39m=[32m"flex justify-between items-start mb-4"[39m
          [36m>[39m
            [36m<div[39m
              [33mclass[39m=[32m"p-3 bg-brand-100 dark:bg-brand-800 
rounded-2xl text-brand-600 dark:text-brand-300"[39m
            [36m>[39m
              [36m<span>[39m
                [0mPackageIcon[0m
              [36m</span>[39m
            [36m</div>[39m
            [36m<span[39m
              [33mclass[39m=[32m"text-[10px] font-bold text-brand-400 
uppercase tracking-widest"[39m
            [36m>[39m
              [0mTotal Catalogue[0m
            [36m</span>[39m
          [36m</div>[39m
          [36m<div>[39m
            [36m<h3[39m
              [33mclass[39m=[32m"text-2xl font-bold text-brand-900 
dark:text-white font-display"[39m
            [36m>[39m
              [0m3[0m
            [36m</h3>[39m
            [36m<p[39m
              [33mclass[39m=[32m"text-xs text-brand-500 dark:text-brand-400 
mt-1"[39m
            [36m>[39m
              [0m├ël├®ments actifs[0m
            [36m</p>[39m
          [36m</div>[39m
        [36m</div>[39m
        [36m<div[39m
          [33mclass[39m=[32m"bento-item"[39m
        [36m>[39m
          [36m<div[39m
            [33mclass[39m=[32m"flex justify-between items-start mb-4"[39m
          [36m>[39m
            [36m<div[39m
              [33mclass[39m=[32m"p-3 bg-accent-100 dark:bg-accent-900/30 
rounded-2xl text-accent-600 dark:text-accent-400"[39m
            [36m>[39m
              [36m<span>[39m
                [0mBriefcaseIcon[0m
              [36m</span>[39m
            [36m</div>[39m
            [36m<span[39m
              [33mclass[39m=[32m"text-[10px] font-bold text-brand-400 
uppercase tracking-widest"[39m
            [36m>[39m
              [0mPrestations[0m
            [36m</span>[39m
          [36m</div>[39m
          [36m<div>[39m
            [36m<h3[39m
              [33mclass[39m=[32m"text-2xl font-bold text-accent-600 
dark:text-accent-400 font-display"[39m
            [36m>[39m
              [0m2[0m
            [36m</h3>[39m
            [36m<p[39m
              [33mclass[39m=[32m"text-xs text-brand-500 dark:text-brand-400 
mt-1"[39m
            [36m>[39m
              [0mServices propos├®s[0m
            [36m</p>[39m
          [36m</div>[39m
        [36m</div>[39m
        [36m<div[39m
          [33mclass[39m=[32m"bento-item"[39m
        [36m>[39m
          [36m<div[39m
            [33mclass[39m=[32m"flex justify-between items-start mb-4"[39m
          [36m>[39m
            [36m<div[39m
              [33mclass[39m=[32m"p-3 bg-amber-100 dark:bg-amber-900/30 
rounded-2xl text-amber-600 dark:text-amber-400"[39m
            [36m>[39m
              [36m<span>[39m
                [0mAlertCircleIcon[0m
              [36m</span>[39m
            [36m</div>[39m
            [36m<span[39m
              [33mclass[39m=[32m"text-[10px] font-bold text-brand-400 
uppercase tracking-widest"[39m
            [36m>[39m
              [0mStock Bas[0m
            [36m</span>[39m
          [36m</div>[39m
          [36m<div>[39m
            [36m<h3[39m
              [33mclass[39m=[32m"text-2xl font-bold text-amber...
[90m [2mÔØ»[22m Object.getElementError 
node_modules/@testing-library/dom/dist/config.js:[2m37:19[22m[39m
[90m [2mÔØ»[22m getElementError 
node_modules/@testing-library/dom/dist/query-helpers.js:[2m20:35[22m[39m
[90m [2mÔØ»[22m getMultipleElementsFoundError 
node_modules/@testing-library/dom/dist/query-helpers.js:[2m23:10[22m[39m
[90m [2mÔØ»[22m 
node_modules/@testing-library/dom/dist/query-helpers.js:[2m55:13[22m[39m
[90m [2mÔØ»[22m 
node_modules/@testing-library/dom/dist/query-helpers.js:[2m95:19[22m[39m
[90m [2mÔØ»[22m 
__tests__/components/ProductManager.test.tsx:[2m446:32[22m[39m

[31m[2mÔÄ»ÔÄ»ÔÄ»ÔÄ»ÔÄ»ÔÄ»ÔÄ»ÔÄ»ÔÄ»ÔÄ»ÔÄ»ÔÄ»ÔÄ»ÔÄ»ÔÄ»ÔÄ»ÔÄ»ÔÄ»ÔÄ»ÔÄ»ÔÄ»ÔÄ»ÔÄ»Ô
Ä»[4/9]ÔÄ»[22m[39m

[41m[1m FAIL [22m[49m __tests__/components/ProductManager.test.tsx[2m > 
[22mProductManager Component[2m > [22mAdd Product Workflow[2m > [22mcr├®e 
un produit avec nom et prix
[31m[1mTestingLibraryElementError[22m[39m: Found multiple elements with 
the text: PlusIcon

Here are the matching elements:

Ignored nodes: comments, script, style
[36m<span>[39m
  [0mPlusIcon[0m
[36m</span>[39m

Ignored nodes: comments, script, style
[36m<span>[39m
  [0mPlusIcon[0m
[36m</span>[39m

(If this is intentional, then use the `*AllBy*` variant of the query (like 
`queryAllByText`, `getAllByText`, or `findAllByText`)).

Ignored nodes: comments, script, style
[36m<body>[39m
  [36m<div>[39m
    [36m<div[39m
      [33mclass[39m=[32m"space-y-8 animate-fade-in max-w-7xl mx-auto 
relative pb-10"[39m
    [36m>[39m
      [36m<div[39m
        [33mclass[39m=[32m"flex flex-col lg:flex-row justify-between 
items-start lg:items-center gap-6"[39m
      [36m>[39m
        [36m<div>[39m
          [36m<h2[39m
            [33mclass[39m=[32m"text-3xl font-bold text-brand-900 
dark:text-white tracking-tight font-display text-gradient"[39m
          [36m>[39m
            [0mCatalogue[0m
          [36m</h2>[39m
          [36m<p[39m
            [33mclass[39m=[32m"text-brand-500 dark:text-brand-400 mt-1"[39m
          [36m>[39m
            [0mG├®rez vos produits et prestations de service.[0m
          [36m</p>[39m
        [36m</div>[39m
        [36m<div[39m
          [33mclass[39m=[32m"flex flex-wrap gap-3 items-center w-full 
lg:w-auto"[39m
        [36m>[39m
          [36m<div[39m
            [33mclass[39m=[32m"bg-white dark:bg-brand-900 p-1.5 rounded-2xl 
shadow-sm border border-brand-200 dark:border-brand-800 flex gap-1"[39m
          [36m>[39m
            [36m<button[39m
              [33mclass[39m=[32m"px-6 py-2 rounded-xl text-sm font-bold 
transition-all duration-300 text-brand-500 hover:text-brand-700 
dark:hover:text-brand-300 hover:bg-brand-50 dark:hover:bg-brand-800"[39m
            [36m>[39m
              [0mActifs[0m
            [36m</button>[39m
            [36m<button[39m
              [33mclass[39m=[32m"px-6 py-2 rounded-xl text-sm font-bold 
transition-all duration-300 text-brand-500 hover:text-brand-700 
dark:hover:text-brand-300 hover:bg-brand-50 dark:hover:bg-brand-800"[39m
            [36m>[39m
              [0mArchiv├®s[0m
            [36m</button>[39m
          [36m</div>[39m
          [36m<div[39m
            [33mclass[39m=[32m"flex gap-2"[39m
          [36m>[39m
            [36m<label[39m
              [33mclass[39m=[32m"btn-secondary px-4 py-2.5 
cursor-pointer"[39m
              [33mtitle[39m=[32m"Importer depuis un CSV"[39m
            [36m>[39m
              [36m<span>[39m
                [0mUploadIcon[0m
              [36m</span>[39m
              [36m<span[39m
                [33mclass[39m=[32m"hidden sm:inline"[39m
              [36m>[39m
                [0mImport[0m
              [36m</span>[39m
              [36m<input[39m
                [33maccept[39m=[32m".csv"[39m
                [33mclass[39m=[32m"hidden"[39m
                [33mtype[39m=[32m"file"[39m
              [36m/>[39m
            [36m</label>[39m
            [36m<button[39m
              [33mclass[39m=[32m"btn-secondary px-4 py-2.5"[39m
              [33mtitle[39m=[32m"Exporter en CSV"[39m
            [36m>[39m
              [36m<span>[39m
                [0mDownloadIcon[0m
              [36m</span>[39m
              [36m<span[39m
                [33mclass[39m=[32m"hidden sm:inline"[39m
              [36m>[39m
                [0mExport[0m
              [36m</span>[39m
            [36m</button>[39m
            [36m<button[39m
              [33mclass[39m=[32m"btn-primary px-6 py-2.5"[39m
            [36m>[39m
              [36m<span>[39m
                [0mPlusIcon[0m
              [36m</span>[39m
              [0mNouveau[0m
            [36m</button>[39m
          [36m</div>[39m
        [36m</div>[39m
      [36m</div>[39m
      [36m<div[39m
        [33mclass[39m=[32m"bento-grid"[39m
      [36m>[39m
        [36m<div[39m
          [33mclass[39m=[32m"bento-item"[39m
        [36m>[39m
          [36m<div[39m
            [33mclass[39m=[32m"flex justify-between items-start mb-4"[39m
          [36m>[39m
            [36m<div[39m
              [33mclass[39m=[32m"p-3 bg-brand-100 dark:bg-brand-800 
rounded-2xl text-brand-600 dark:text-brand-300"[39m
            [36m>[39m
              [36m<span>[39m
                [0mPackageIcon[0m
              [36m</span>[39m
            [36m</div>[39m
            [36m<span[39m
              [33mclass[39m=[32m"text-[10px] font-bold text-brand-400 
uppercase tracking-widest"[39m
            [36m>[39m
              [0mTotal Catalogue[0m
            [36m</span>[39m
          [36m</div>[39m
          [36m<div>[39m
            [36m<h3[39m
              [33mclass[39m=[32m"text-2xl font-bold text-brand-900 
dark:text-white font-display"[39m
            [36m>[39m
              [0m3[0m
            [36m</h3>[39m
            [36m<p[39m
              [33mclass[39m=[32m"text-xs text-brand-500 dark:text-brand-400 
mt-1"[39m
            [36m>[39m
              [0m├ël├®ments actifs[0m
            [36m</p>[39m
          [36m</div>[39m
        [36m</div>[39m
        [36m<div[39m
          [33mclass[39m=[32m"bento-item"[39m
        [36m>[39m
          [36m<div[39m
            [33mclass[39m=[32m"flex justify-between items-start mb-4"[39m
          [36m>[39m
            [36m<div[39m
              [33mclass[39m=[32m"p-3 bg-accent-100 dark:bg-accent-900/30 
rounded-2xl text-accent-600 dark:text-accent-400"[39m
            [36m>[39m
              [36m<span>[39m
                [0mBriefcaseIcon[0m
              [36m</span>[39m
            [36m</div>[39m
            [36m<span[39m
              [33mclass[39m=[32m"text-[10px] font-bold text-brand-400 
uppercase tracking-widest"[39m
            [36m>[39m
              [0mPrestations[0m
            [36m</span>[39m
          [36m</div>[39m
          [36m<div>[39m
            [36m<h3[39m
              [33mclass[39m=[32m"text-2xl font-bold text-accent-600 
dark:text-accent-400 font-display"[39m
            [36m>[39m
              [0m2[0m
            [36m</h3>[39m
            [36m<p[39m
              [33mclass[39m=[32m"text-xs text-brand-500 dark:text-brand-400 
mt-1"[39m
            [36m>[39m
              [0mServices propos├®s[0m
            [36m</p>[39m
          [36m</div>[39m
        [36m</div>[39m
        [36m<div[39m
          [33mclass[39m=[32m"bento-item"[39m
        [36m>[39m
          [36m<div[39m
            [33mclass[39m=[32m"flex justify-between items-start mb-4"[39m
          [36m>[39m
            [36m<div[39m
              [33mclass[39m=[32m"p-3 bg-amber-100 dark:bg-amber-900/30 
rounded-2xl text-amber-600 dark:text-amber-400"[39m
            [36m>[39m
              [36m<span>[39m
                [0mAlertCircleIcon[0m
              [36m</span>[39m
            [36m</div>[39m
            [36m<span[39m
              [33mclass[39m=[32m"text-[10px] font-bold text-brand-400 
uppercase tracking-widest"[39m
            [36m>[39m
              [0mStock Bas[0m
            [36m</span>[39m
          [36m</div>[39m
          [36m<div>[39m
            [36m<h3[39m
              [33mclass[39m=[32m"text-2xl font-bold text-amber...
[90m [2mÔØ»[22m Object.getElementError 
node_modules/@testing-library/dom/dist/config.js:[2m37:19[22m[39m
[90m [2mÔØ»[22m getElementError 
node_modules/@testing-library/dom/dist/query-helpers.js:[2m20:35[22m[39m
[90m [2mÔØ»[22m getMultipleElementsFoundError 
node_modules/@testing-library/dom/dist/query-helpers.js:[2m23:10[22m[39m
[90m [2mÔØ»[22m 
node_modules/@testing-library/dom/dist/query-helpers.js:[2m55:13[22m[39m
[90m [2mÔØ»[22m 
node_modules/@testing-library/dom/dist/query-helpers.js:[2m95:19[22m[39m
[90m [2mÔØ»[22m 
__tests__/components/ProductManager.test.tsx:[2m463:32[22m[39m

[31m[2mÔÄ»ÔÄ»ÔÄ»ÔÄ»ÔÄ»ÔÄ»ÔÄ»ÔÄ»ÔÄ»ÔÄ»ÔÄ»ÔÄ»ÔÄ»ÔÄ»ÔÄ»ÔÄ»ÔÄ»ÔÄ»ÔÄ»ÔÄ»ÔÄ»ÔÄ»ÔÄ»Ô
Ä»[5/9]ÔÄ»[22m[39m

[41m[1m FAIL [22m[49m __tests__/components/ProductManager.test.tsx[2m > 
[22mProductManager Component[2m > [22mAdd Product Workflow[2m > 
[22mvalide que le nom est requis
[31m[1mTestingLibraryElementError[22m[39m: Found multiple elements with 
the text: PlusIcon

Here are the matching elements:

Ignored nodes: comments, script, style
[36m<span>[39m
  [0mPlusIcon[0m
[36m</span>[39m

Ignored nodes: comments, script, style
[36m<span>[39m
  [0mPlusIcon[0m
[36m</span>[39m

(If this is intentional, then use the `*AllBy*` variant of the query (like 
`queryAllByText`, `getAllByText`, or `findAllByText`)).

Ignored nodes: comments, script, style
[36m<body>[39m
  [36m<div>[39m
    [36m<div[39m
      [33mclass[39m=[32m"space-y-8 animate-fade-in max-w-7xl mx-auto 
relative pb-10"[39m
    [36m>[39m
      [36m<div[39m
        [33mclass[39m=[32m"flex flex-col lg:flex-row justify-between 
items-start lg:items-center gap-6"[39m
      [36m>[39m
        [36m<div>[39m
          [36m<h2[39m
            [33mclass[39m=[32m"text-3xl font-bold text-brand-900 
dark:text-white tracking-tight font-display text-gradient"[39m
          [36m>[39m
            [0mCatalogue[0m
          [36m</h2>[39m
          [36m<p[39m
            [33mclass[39m=[32m"text-brand-500 dark:text-brand-400 mt-1"[39m
          [36m>[39m
            [0mG├®rez vos produits et prestations de service.[0m
          [36m</p>[39m
        [36m</div>[39m
        [36m<div[39m
          [33mclass[39m=[32m"flex flex-wrap gap-3 items-center w-full 
lg:w-auto"[39m
        [36m>[39m
          [36m<div[39m
            [33mclass[39m=[32m"bg-white dark:bg-brand-900 p-1.5 rounded-2xl 
shadow-sm border border-brand-200 dark:border-brand-800 flex gap-1"[39m
          [36m>[39m
            [36m<button[39m
              [33mclass[39m=[32m"px-6 py-2 rounded-xl text-sm font-bold 
transition-all duration-300 text-brand-500 hover:text-brand-700 
dark:hover:text-brand-300 hover:bg-brand-50 dark:hover:bg-brand-800"[39m
            [36m>[39m
              [0mActifs[0m
            [36m</button>[39m
            [36m<button[39m
              [33mclass[39m=[32m"px-6 py-2 rounded-xl text-sm font-bold 
transition-all duration-300 text-brand-500 hover:text-brand-700 
dark:hover:text-brand-300 hover:bg-brand-50 dark:hover:bg-brand-800"[39m
            [36m>[39m
              [0mArchiv├®s[0m
            [36m</button>[39m
          [36m</div>[39m
          [36m<div[39m
            [33mclass[39m=[32m"flex gap-2"[39m
          [36m>[39m
            [36m<label[39m
              [33mclass[39m=[32m"btn-secondary px-4 py-2.5 
cursor-pointer"[39m
              [33mtitle[39m=[32m"Importer depuis un CSV"[39m
            [36m>[39m
              [36m<span>[39m
                [0mUploadIcon[0m
              [36m</span>[39m
              [36m<span[39m
                [33mclass[39m=[32m"hidden sm:inline"[39m
              [36m>[39m
                [0mImport[0m
              [36m</span>[39m
              [36m<input[39m
                [33maccept[39m=[32m".csv"[39m
                [33mclass[39m=[32m"hidden"[39m
                [33mtype[39m=[32m"file"[39m
              [36m/>[39m
            [36m</label>[39m
            [36m<button[39m
              [33mclass[39m=[32m"btn-secondary px-4 py-2.5"[39m
              [33mtitle[39m=[32m"Exporter en CSV"[39m
            [36m>[39m
              [36m<span>[39m
                [0mDownloadIcon[0m
              [36m</span>[39m
              [36m<span[39m
                [33mclass[39m=[32m"hidden sm:inline"[39m
              [36m>[39m
                [0mExport[0m
              [36m</span>[39m
            [36m</button>[39m
            [36m<button[39m
              [33mclass[39m=[32m"btn-primary px-6 py-2.5"[39m
            [36m>[39m
              [36m<span>[39m
                [0mPlusIcon[0m
              [36m</span>[39m
              [0mNouveau[0m
            [36m</button>[39m
          [36m</div>[39m
        [36m</div>[39m
      [36m</div>[39m
      [36m<div[39m
        [33mclass[39m=[32m"bento-grid"[39m
      [36m>[39m
        [36m<div[39m
          [33mclass[39m=[32m"bento-item"[39m
        [36m>[39m
          [36m<div[39m
            [33mclass[39m=[32m"flex justify-between items-start mb-4"[39m
          [36m>[39m
            [36m<div[39m
              [33mclass[39m=[32m"p-3 bg-brand-100 dark:bg-brand-800 
rounded-2xl text-brand-600 dark:text-brand-300"[39m
            [36m>[39m
              [36m<span>[39m
                [0mPackageIcon[0m
              [36m</span>[39m
            [36m</div>[39m
            [36m<span[39m
              [33mclass[39m=[32m"text-[10px] font-bold text-brand-400 
uppercase tracking-widest"[39m
            [36m>[39m
              [0mTotal Catalogue[0m
            [36m</span>[39m
          [36m</div>[39m
          [36m<div>[39m
            [36m<h3[39m
              [33mclass[39m=[32m"text-2xl font-bold text-brand-900 
dark:text-white font-display"[39m
            [36m>[39m
              [0m3[0m
            [36m</h3>[39m
            [36m<p[39m
              [33mclass[39m=[32m"text-xs text-brand-500 dark:text-brand-400 
mt-1"[39m
            [36m>[39m
              [0m├ël├®ments actifs[0m
            [36m</p>[39m
          [36m</div>[39m
        [36m</div>[39m
        [36m<div[39m
          [33mclass[39m=[32m"bento-item"[39m
        [36m>[39m
          [36m<div[39m
            [33mclass[39m=[32m"flex justify-between items-start mb-4"[39m
          [36m>[39m
            [36m<div[39m
              [33mclass[39m=[32m"p-3 bg-accent-100 dark:bg-accent-900/30 
rounded-2xl text-accent-600 dark:text-accent-400"[39m
            [36m>[39m
              [36m<span>[39m
                [0mBriefcaseIcon[0m
              [36m</span>[39m
            [36m</div>[39m
            [36m<span[39m
              [33mclass[39m=[32m"text-[10px] font-bold text-brand-400 
uppercase tracking-widest"[39m
            [36m>[39m
              [0mPrestations[0m
            [36m</span>[39m
          [36m</div>[39m
          [36m<div>[39m
            [36m<h3[39m
              [33mclass[39m=[32m"text-2xl font-bold text-accent-600 
dark:text-accent-400 font-display"[39m
            [36m>[39m
              [0m2[0m
            [36m</h3>[39m
            [36m<p[39m
              [33mclass[39m=[32m"text-xs text-brand-500 dark:text-brand-400 
mt-1"[39m
            [36m>[39m
              [0mServices propos├®s[0m
            [36m</p>[39m
          [36m</div>[39m
        [36m</div>[39m
        [36m<div[39m
          [33mclass[39m=[32m"bento-item"[39m
        [36m>[39m
          [36m<div[39m
            [33mclass[39m=[32m"flex justify-between items-start mb-4"[39m
          [36m>[39m
            [36m<div[39m
              [33mclass[39m=[32m"p-3 bg-amber-100 dark:bg-amber-900/30 
rounded-2xl text-amber-600 dark:text-amber-400"[39m
            [36m>[39m
              [36m<span>[39m
                [0mAlertCircleIcon[0m
              [36m</span>[39m
            [36m</div>[39m
            [36m<span[39m
              [33mclass[39m=[32m"text-[10px] font-bold text-brand-400 
uppercase tracking-widest"[39m
            [36m>[39m
              [0mStock Bas[0m
            [36m</span>[39m
          [36m</div>[39m
          [36m<div>[39m
            [36m<h3[39m
              [33mclass[39m=[32m"text-2xl font-bold text-amber...
[90m [2mÔØ»[22m Object.getElementError 
node_modules/@testing-library/dom/dist/config.js:[2m37:19[22m[39m
[90m [2mÔØ»[22m getElementError 
node_modules/@testing-library/dom/dist/query-helpers.js:[2m20:35[22m[39m
[90m [2mÔØ»[22m getMultipleElementsFoundError 
node_modules/@testing-library/dom/dist/query-helpers.js:[2m23:10[22m[39m
[90m [2mÔØ»[22m 
node_modules/@testing-library/dom/dist/query-helpers.js:[2m55:13[22m[39m
[90m [2mÔØ»[22m 
node_modules/@testing-library/dom/dist/query-helpers.js:[2m95:19[22m[39m
[90m [2mÔØ»[22m 
__tests__/components/ProductManager.test.tsx:[2m482:32[22m[39m

[31m[2mÔÄ»ÔÄ»ÔÄ»ÔÄ»ÔÄ»ÔÄ»ÔÄ»ÔÄ»ÔÄ»ÔÄ»ÔÄ»ÔÄ»ÔÄ»ÔÄ»ÔÄ»ÔÄ»ÔÄ»ÔÄ»ÔÄ»ÔÄ»ÔÄ»ÔÄ»ÔÄ»Ô
Ä»[6/9]ÔÄ»[22m[39m

[41m[1m FAIL [22m[49m __tests__/components/ProductManager.test.tsx[2m > 
[22mProductManager Component[2m > [22mUnit & SKU Management[2m > 
[22mpermet de cr├®er un produit avec une unit├® personnalis├®e
[31m[1mTestingLibraryElementError[22m[39m: Found multiple elements with 
the text: PlusIcon

Here are the matching elements:

Ignored nodes: comments, script, style
[36m<span>[39m
  [0mPlusIcon[0m
[36m</span>[39m

Ignored nodes: comments, script, style
[36m<span>[39m
  [0mPlusIcon[0m
[36m</span>[39m

(If this is intentional, then use the `*AllBy*` variant of the query (like 
`queryAllByText`, `getAllByText`, or `findAllByText`)).

Ignored nodes: comments, script, style
[36m<body>[39m
  [36m<div>[39m
    [36m<div[39m
      [33mclass[39m=[32m"space-y-8 animate-fade-in max-w-7xl mx-auto 
relative pb-10"[39m
    [36m>[39m
      [36m<div[39m
        [33mclass[39m=[32m"flex flex-col lg:flex-row justify-between 
items-start lg:items-center gap-6"[39m
      [36m>[39m
        [36m<div>[39m
          [36m<h2[39m
            [33mclass[39m=[32m"text-3xl font-bold text-brand-900 
dark:text-white tracking-tight font-display text-gradient"[39m
          [36m>[39m
            [0mCatalogue[0m
          [36m</h2>[39m
          [36m<p[39m
            [33mclass[39m=[32m"text-brand-500 dark:text-brand-400 mt-1"[39m
          [36m>[39m
            [0mG├®rez vos produits et prestations de service.[0m
          [36m</p>[39m
        [36m</div>[39m
        [36m<div[39m
          [33mclass[39m=[32m"flex flex-wrap gap-3 items-center w-full 
lg:w-auto"[39m
        [36m>[39m
          [36m<div[39m
            [33mclass[39m=[32m"bg-white dark:bg-brand-900 p-1.5 rounded-2xl 
shadow-sm border border-brand-200 dark:border-brand-800 flex gap-1"[39m
          [36m>[39m
            [36m<button[39m
              [33mclass[39m=[32m"px-6 py-2 rounded-xl text-sm font-bold 
transition-all duration-300 text-brand-500 hover:text-brand-700 
dark:hover:text-brand-300 hover:bg-brand-50 dark:hover:bg-brand-800"[39m
            [36m>[39m
              [0mActifs[0m
            [36m</button>[39m
            [36m<button[39m
              [33mclass[39m=[32m"px-6 py-2 rounded-xl text-sm font-bold 
transition-all duration-300 text-brand-500 hover:text-brand-700 
dark:hover:text-brand-300 hover:bg-brand-50 dark:hover:bg-brand-800"[39m
            [36m>[39m
              [0mArchiv├®s[0m
            [36m</button>[39m
          [36m</div>[39m
          [36m<div[39m
            [33mclass[39m=[32m"flex gap-2"[39m
          [36m>[39m
            [36m<label[39m
              [33mclass[39m=[32m"btn-secondary px-4 py-2.5 
cursor-pointer"[39m
              [33mtitle[39m=[32m"Importer depuis un CSV"[39m
            [36m>[39m
              [36m<span>[39m
                [0mUploadIcon[0m
              [36m</span>[39m
              [36m<span[39m
                [33mclass[39m=[32m"hidden sm:inline"[39m
              [36m>[39m
                [0mImport[0m
              [36m</span>[39m
              [36m<input[39m
                [33maccept[39m=[32m".csv"[39m
                [33mclass[39m=[32m"hidden"[39m
                [33mtype[39m=[32m"file"[39m
              [36m/>[39m
            [36m</label>[39m
            [36m<button[39m
              [33mclass[39m=[32m"btn-secondary px-4 py-2.5"[39m
              [33mtitle[39m=[32m"Exporter en CSV"[39m
            [36m>[39m
              [36m<span>[39m
                [0mDownloadIcon[0m
              [36m</span>[39m
              [36m<span[39m
                [33mclass[39m=[32m"hidden sm:inline"[39m
              [36m>[39m
                [0mExport[0m
              [36m</span>[39m
            [36m</button>[39m
            [36m<button[39m
              [33mclass[39m=[32m"btn-primary px-6 py-2.5"[39m
            [36m>[39m
              [36m<span>[39m
                [0mPlusIcon[0m
              [36m</span>[39m
              [0mNouveau[0m
            [36m</button>[39m
          [36m</div>[39m
        [36m</div>[39m
      [36m</div>[39m
      [36m<div[39m
        [33mclass[39m=[32m"bento-grid"[39m
      [36m>[39m
        [36m<div[39m
          [33mclass[39m=[32m"bento-item"[39m
        [36m>[39m
          [36m<div[39m
            [33mclass[39m=[32m"flex justify-between items-start mb-4"[39m
          [36m>[39m
            [36m<div[39m
              [33mclass[39m=[32m"p-3 bg-brand-100 dark:bg-brand-800 
rounded-2xl text-brand-600 dark:text-brand-300"[39m
            [36m>[39m
              [36m<span>[39m
                [0mPackageIcon[0m
              [36m</span>[39m
            [36m</div>[39m
            [36m<span[39m
              [33mclass[39m=[32m"text-[10px] font-bold text-brand-400 
uppercase tracking-widest"[39m
            [36m>[39m
              [0mTotal Catalogue[0m
            [36m</span>[39m
          [36m</div>[39m
          [36m<div>[39m
            [36m<h3[39m
              [33mclass[39m=[32m"text-2xl font-bold text-brand-900 
dark:text-white font-display"[39m
            [36m>[39m
              [0m3[0m
            [36m</h3>[39m
            [36m<p[39m
              [33mclass[39m=[32m"text-xs text-brand-500 dark:text-brand-400 
mt-1"[39m
            [36m>[39m
              [0m├ël├®ments actifs[0m
            [36m</p>[39m
          [36m</div>[39m
        [36m</div>[39m
        [36m<div[39m
          [33mclass[39m=[32m"bento-item"[39m
        [36m>[39m
          [36m<div[39m
            [33mclass[39m=[32m"flex justify-between items-start mb-4"[39m
          [36m>[39m
            [36m<div[39m
              [33mclass[39m=[32m"p-3 bg-accent-100 dark:bg-accent-900/30 
rounded-2xl text-accent-600 dark:text-accent-400"[39m
            [36m>[39m
              [36m<span>[39m
                [0mBriefcaseIcon[0m
              [36m</span>[39m
            [36m</div>[39m
            [36m<span[39m
              [33mclass[39m=[32m"text-[10px] font-bold text-brand-400 
uppercase tracking-widest"[39m
            [36m>[39m
              [0mPrestations[0m
            [36m</span>[39m
          [36m</div>[39m
          [36m<div>[39m
            [36m<h3[39m
              [33mclass[39m=[32m"text-2xl font-bold text-accent-600 
dark:text-accent-400 font-display"[39m
            [36m>[39m
              [0m2[0m
            [36m</h3>[39m
            [36m<p[39m
              [33mclass[39m=[32m"text-xs text-brand-500 dark:text-brand-400 
mt-1"[39m
            [36m>[39m
              [0mServices propos├®s[0m
            [36m</p>[39m
          [36m</div>[39m
        [36m</div>[39m
        [36m<div[39m
          [33mclass[39m=[32m"bento-item"[39m
        [36m>[39m
          [36m<div[39m
            [33mclass[39m=[32m"flex justify-between items-start mb-4"[39m
          [36m>[39m
            [36m<div[39m
              [33mclass[39m=[32m"p-3 bg-amber-100 dark:bg-amber-900/30 
rounded-2xl text-amber-600 dark:text-amber-400"[39m
            [36m>[39m
              [36m<span>[39m
                [0mAlertCircleIcon[0m
              [36m</span>[39m
            [36m</div>[39m
            [36m<span[39m
              [33mclass[39m=[32m"text-[10px] font-bold text-brand-400 
uppercase tracking-widest"[39m
            [36m>[39m
              [0mStock Bas[0m
            [36m</span>[39m
          [36m</div>[39m
          [36m<div>[39m
            [36m<h3[39m
              [33mclass[39m=[32m"text-2xl font-bold text-amber...
[90m [2mÔØ»[22m Object.getElementError 
node_modules/@testing-library/dom/dist/config.js:[2m37:19[22m[39m
[90m [2mÔØ»[22m getElementError 
node_modules/@testing-library/dom/dist/query-helpers.js:[2m20:35[22m[39m
[90m [2mÔØ»[22m getMultipleElementsFoundError 
node_modules/@testing-library/dom/dist/query-helpers.js:[2m23:10[22m[39m
[90m [2mÔØ»[22m 
node_modules/@testing-library/dom/dist/query-helpers.js:[2m55:13[22m[39m
[90m [2mÔØ»[22m 
node_modules/@testing-library/dom/dist/query-helpers.js:[2m95:19[22m[39m
[90m [2mÔØ»[22m 
__tests__/components/ProductManager.test.tsx:[2m656:32[22m[39m

[31m[2mÔÄ»ÔÄ»ÔÄ»ÔÄ»ÔÄ»ÔÄ»ÔÄ»ÔÄ»ÔÄ»ÔÄ»ÔÄ»ÔÄ»ÔÄ»ÔÄ»ÔÄ»ÔÄ»ÔÄ»ÔÄ»ÔÄ»ÔÄ»ÔÄ»ÔÄ»ÔÄ»Ô
Ä»[7/9]ÔÄ»[22m[39m

[41m[1m FAIL [22m[49m __tests__/components/ProductManager.test.tsx[2m > 
[22mProductManager Component[2m > [22mPricing & Financial[2m > 
[22maffiche les prix correctement format├®s
[31m[1mTestingLibraryElementError[22m[39m: Found multiple elements with 
the text: /150|1200|45.50|45,50/i

Here are the matching elements:

Ignored nodes: comments, script, style
[36m<span[39m
  [33mclass[39m=[32m"text-2xl font-bold text-brand-900 dark:text-white 
font-display"[39m
[36m>[39m
  [0m150.00[0m
  [0m Ôé¼[0m
[36m</span>[39m

Ignored nodes: comments, script, style
[36m<span[39m
  [33mclass[39m=[32m"text-2xl font-bold text-brand-900 dark:text-white 
font-display"[39m
[36m>[39m
  [0m1200.00[0m
  [0m Ôé¼[0m
[36m</span>[39m

Ignored nodes: comments, script, style
[36m<span[39m
  [33mclass[39m=[32m"text-2xl font-bold text-brand-900 dark:text-white 
font-display"[39m
[36m>[39m
  [0m45.50[0m
  [0m Ôé¼[0m
[36m</span>[39m

(If this is intentional, then use the `*AllBy*` variant of the query (like 
`queryAllByText`, `getAllByText`, or `findAllByText`)).

Ignored nodes: comments, script, style
[36m<body>[39m
  [36m<div>[39m
    [36m<div[39m
      [33mclass[39m=[32m"space-y-8 animate-fade-in max-w-7xl mx-auto 
relative pb-10"[39m
    [36m>[39m
      [36m<div[39m
        [33mclass[39m=[32m"flex flex-col lg:flex-row justify-between 
items-start lg:items-center gap-6"[39m
      [36m>[39m
        [36m<div>[39m
          [36m<h2[39m
            [33mclass[39m=[32m"text-3xl font-bold text-brand-900 
dark:text-white tracking-tight font-display text-gradient"[39m
          [36m>[39m
            [0mCatalogue[0m
          [36m</h2>[39m
          [36m<p[39m
            [33mclass[39m=[32m"text-brand-500 dark:text-brand-400 mt-1"[39m
          [36m>[39m
            [0mG├®rez vos produits et prestations de service.[0m
          [36m</p>[39m
        [36m</div>[39m
        [36m<div[39m
          [33mclass[39m=[32m"flex flex-wrap gap-3 items-center w-full 
lg:w-auto"[39m
        [36m>[39m
          [36m<div[39m
            [33mclass[39m=[32m"bg-white dark:bg-brand-900 p-1.5 rounded-2xl 
shadow-sm border border-brand-200 dark:border-brand-800 flex gap-1"[39m
          [36m>[39m
            [36m<button[39m
              [33mclass[39m=[32m"px-6 py-2 rounded-xl text-sm font-bold 
transition-all duration-300 text-brand-500 hover:text-brand-700 
dark:hover:text-brand-300 hover:bg-brand-50 dark:hover:bg-brand-800"[39m
            [36m>[39m
              [0mActifs[0m
            [36m</button>[39m
            [36m<button[39m
              [33mclass[39m=[32m"px-6 py-2 rounded-xl text-sm font-bold 
transition-all duration-300 text-brand-500 hover:text-brand-700 
dark:hover:text-brand-300 hover:bg-brand-50 dark:hover:bg-brand-800"[39m
            [36m>[39m
              [0mArchiv├®s[0m
            [36m</button>[39m
          [36m</div>[39m
          [36m<div[39m
            [33mclass[39m=[32m"flex gap-2"[39m
          [36m>[39m
            [36m<label[39m
              [33mclass[39m=[32m"btn-secondary px-4 py-2.5 
cursor-pointer"[39m
              [33mtitle[39m=[32m"Importer depuis un CSV"[39m
            [36m>[39m
              [36m<span>[39m
                [0mUploadIcon[0m
              [36m</span>[39m
              [36m<span[39m
                [33mclass[39m=[32m"hidden sm:inline"[39m
              [36m>[39m
                [0mImport[0m
              [36m</span>[39m
              [36m<input[39m
                [33maccept[39m=[32m".csv"[39m
                [33mclass[39m=[32m"hidden"[39m
                [33mtype[39m=[32m"file"[39m
              [36m/>[39m
            [36m</label>[39m
            [36m<button[39m
              [33mclass[39m=[32m"btn-secondary px-4 py-2.5"[39m
              [33mtitle[39m=[32m"Exporter en CSV"[39m
            [36m>[39m
              [36m<span>[39m
                [0mDownloadIcon[0m
              [36m</span>[39m
              [36m<span[39m
                [33mclass[39m=[32m"hidden sm:inline"[39m
              [36m>[39m
                [0mExport[0m
              [36m</span>[39m
            [36m</button>[39m
            [36m<button[39m
              [33mclass[39m=[32m"btn-primary px-6 py-2.5"[39m
            [36m>[39m
              [36m<span>[39m
                [0mPlusIcon[0m
              [36m</span>[39m
              [0mNouveau[0m
            [36m</button>[39m
          [36m</div>[39m
        [36m</div>[39m
      [36m</div>[39m
      [36m<div[39m
        [33mclass[39m=[32m"bento-grid"[39m
      [36m>[39m
        [36m<div[39m
          [33mclass[39m=[32m"bento-item"[39m
        [36m>[39m
          [36m<div[39m
            [33mclass[39m=[32m"flex justify-between items-start mb-4"[39m
          [36m>[39m
            [36m<div[39m
              [33mclass[39m=[32m"p-3 bg-brand-100 dark:bg-brand-800 
rounded-2xl text-brand-600 dark:text-brand-300"[39m
            [36m>[39m
              [36m<span>[39m
                [0mPackageIcon[0m
              [36m</span>[39m
            [36m</div>[39m
            [36m<span[39m
              [33mclass[39m=[32m"text-[10px] font-bold text-brand-400 
uppercase tracking-widest"[39m
            [36m>[39m
              [0mTotal Catalogue[0m
            [36m</span>[39m
          [36m</div>[39m
          [36m<div>[39m
            [36m<h3[39m
              [33mclass[39m=[32m"text-2xl font-bold text-brand-900 
dark:text-white font-display"[39m
            [36m>[39m
              [0m3[0m
            [36m</h3>[39m
            [36m<p[39m
              [33mclass[39m=[32m"text-xs text-brand-500 dark:text-brand-400 
mt-1"[39m
            [36m>[39m
              [0m├ël├®ments actifs[0m
            [36m</p>[39m
          [36m</div>[39m
        [36m</div>[39m
        [36m<div[39m
          [33mclass[39m=[32m"bento-item"[39m
        [36m>[39m
          [36m<div[39m
            [33mclass[39m=[32m"flex justify-between items-start mb-4"[39m
          [36m>[39m
            [36m<div[39m
              [33mclass[39m=[32m"p-3 bg-accent-100 dark:bg-accent-900/30 
rounded-2xl text-accent-600 dark:text-accent-400"[39m
            [36m>[39m
              [36m<span>[39m
                [0mBriefcaseIcon[0m
              [36m</span>[39m
            [36m</div>[39m
            [36m<span[39m
              [33mclass[39m=[32m"text-[10px] font-bold text-brand-400 
uppercase tracking-widest"[39m
            [36m>[39m
              [0mPrestations[0m
            [36m</span>[39m
          [36m</div>[39m
          [36m<div>[39m
            [36m<h3[39m
              [33mclass[39m=[32m"text-2xl font-bold text-accent-600 
dark:text-accent-400 font-display"[39m
            [36m>[39m
              [0m2[0m
            [36m</h3>[39m
            [36m<p[39m
              [33mclass[39m=[32m"text-xs text-brand-500 dark:text-brand-400 
mt-1"[39m
            [36m>[39m
              [0mServices propos├®s[0m
            [36m</p>[39m
          [36m</div>[39m
        [36m</div>[39m
        [36m<div[39m
          [33mclass[39m=[32m"bento-item"[39m
        [36m>[39m
          [36m<div[39m
            [33mclass[39m=[32m"flex justify-between items-start mb-4"[39m
          [36m>[39m
            [36m<div[39m
              [33mclass[39m=[32m"p-3 bg-amber-100 dark:bg-amber-900/30 
rounded-2xl text-amber-600 dark:text-amber-400"[39m
            [36m>[39m
              [36m<span>[39m
                [0mAlertCircleIcon[0m
              [36m</span>[39m
            [36m</div>[39m
            [36m<span[39m
              [33mclass[39m=[32m"text-[10px] font-bold text-brand-400 
uppercase tracking-widest"[39m
            [36m>[39m
              [0mStock Bas[0m
            [36m</span>[39m
          [36m</div>[39m
          [36m<div>[39m
            [36m<h3[39m
              [33mclass[39m=[32m"text-2xl font-bold text-amber...
[90m [2mÔØ»[22m Object.getElementError 
node_modules/@testing-library/dom/dist/config.js:[2m37:19[22m[39m
[90m [2mÔØ»[22m getElementError 
node_modules/@testing-library/dom/dist/query-helpers.js:[2m20:35[22m[39m
[90m [2mÔØ»[22m getMultipleElementsFoundError 
node_modules/@testing-library/dom/dist/query-helpers.js:[2m23:10[22m[39m
[90m [2mÔØ»[22m 
node_modules/@testing-library/dom/dist/query-helpers.js:[2m55:13[22m[39m
[90m [2mÔØ»[22m 
node_modules/@testing-library/dom/dist/query-helpers.js:[2m95:19[22m[39m
[90m [2mÔØ»[22m 
__tests__/components/ProductManager.test.tsx:[2m676:21[22m[39m

[31m[2mÔÄ»ÔÄ»ÔÄ»ÔÄ»ÔÄ»ÔÄ»ÔÄ»ÔÄ»ÔÄ»ÔÄ»ÔÄ»ÔÄ»ÔÄ»ÔÄ»ÔÄ»ÔÄ»ÔÄ»ÔÄ»ÔÄ»ÔÄ»ÔÄ»ÔÄ»ÔÄ»Ô
Ä»[8/9]ÔÄ»[22m[39m

[41m[1m FAIL [22m[49m __tests__/components/ProductManager.test.tsx[2m > 
[22mProductManager Component[2m > [22mEmpty State[2m > [22maffiche un 
message si pas de produits
[31m[1mTestingLibraryElementError[22m[39m: Found multiple elements with 
the text: /aucun|pas de|no/i

Here are the matching elements:

Ignored nodes: comments, script, style
[36m<button[39m
  [33mclass[39m=[32m"btn-primary px-6 py-2.5"[39m
[36m>[39m
  [36m<span>[39m
    [0mPlusIcon[0m
  [36m</span>[39m
  [0mNouveau[0m
[36m</button>[39m

Ignored nodes: comments, script, style
[36m<h3[39m
  [33mclass[39m=[32m"text-xl font-bold text-brand-900"[39m
[36m>[39m
  [0mNouvel ├®l├®ment[0m
[36m</h3>[39m

Ignored nodes: comments, script, style
[36m<label[39m
  [33mclass[39m=[32m"block text-sm font-semibold text-brand-700 mb-1.5"[39m
  [33mfor[39m=[32m"formData-name"[39m
[36m>[39m
  [0mNom de l'├®l├®ment [0m
  [36m<span[39m
    [33mclass[39m=[32m"text-red-500"[39m
  [36m>[39m
    [0m*[0m
  [36m</span>[39m
[36m</label>[39m

Ignored nodes: comments, script, style
[36m<option[39m
  [33mvalue[39m=[32m"name"[39m
[36m>[39m
  [0mNom (A-Z)[0m
[36m</option>[39m

(If this is intentional, then use the `*AllBy*` variant of the query (like 
`queryAllByText`, `getAllByText`, or `findAllByText`)).

Ignored nodes: comments, script, style
[36m<body>[39m
  [36m<div>[39m
    [36m<div[39m
      [33mclass[39m=[32m"space-y-8 animate-fade-in max-w-7xl mx-auto 
relative pb-10"[39m
    [36m>[39m
      [36m<div[39m
        [33mclass[39m=[32m"flex flex-col lg:flex-row justify-between 
items-start lg:items-center gap-6"[39m
      [36m>[39m

[2m Test Files [22m [1m[31m8 failed[39m[22m[90m (8)[39m
[2m      Tests [22m [1m[31m141 failed[39m[22m[2m | [22m[1m[32m118 passed[39m[22m[90m (259)[39m
[2m   Start at [22m 00:14:50
[2m   Duration [22m 17.44s

[1m[41m FAIL [49m[22m [31mTests failed. Watching for file changes...[39m
        [36m<div>[39m
          [36m<h2[39m
       [2mpress [22m[1mh[22m[2m to show help[22m[2m, [22m[2mpress [22m[1mq[22m[2m to quit[22m
            [33mclass[39m=[32m"text-3xl font-bold text-brand-900 
dark:text-white tracking-tight font-display text-gradient"[39m
          [36m>[39m
            [0mCatalogue[0m
          [36m</h2>[39m
          [36m<p[39m
            [33mclass[39m=[32m"text-brand-500 dark:text-brand-400 mt-1"[39m
          [36m>[39m
            [0mG├®rez vos produits et prestations de service.[0m
          [36m</p>[39m
        [36m</div>[39m
        [36m<div[39m
          [33mclass[39m=[32m"flex flex-wrap gap-3 items-center w-full 
lg:w-auto"[39m
        [36m>[39m
          [36m<div[39m
            [33mclass[39m=[32m"bg-white dark:bg-brand-900 p-1.5 rounded-2xl 
shadow-sm border border-brand-200 dark:border-brand-800 flex gap-1"[39m
          [36m>[39m
c[3J[1m[44m RERUN [49m[22m [34m[2m__tests__/components/ProductManager.test.tsx [22m[34mx3 [34m[39m

 [31mÔØ»[39m __tests__/AIAssistant.test.tsx [2m([22m[2m20 tests[22m[2m | [22m[31m4 failed[39m[2m)[22m[33m 5881[2mms[22m[39m
            [36m<button[39m
              [33mclass[39m=[32m"px-6 py-2 rounded-xl text-sm font-bold 
transition-all duration-300 text-brand-500 hover:text-brand-700 
dark:hover:text-brand-300 hover:bg-brand-50 dark:hover:bg-brand-800"[39m
            [36m>[39m
              [0mActifs[0m
       [32mÔ£ô[39m devrait rendre le composant sans erreur[32m 118[2mms[22m[39m
       [32mÔ£ô[39m affiche le titre principal du composant[32m 22[2mms[22m[39m
       [32mÔ£ô[39m affiche le champ de saisie pour les questions[32m 24[2mms[22m[39m
            [36m</button>[39m
            [36m<button[39m
       [32mÔ£ô[39m affiche le bouton d'envoi[32m 22[2mms[22m[39m
       [33m[2mÔ£ô[22m[39m devrait envoyer un message et afficher la r├®ponse [33m 825[2mms[22m[39m
              [33mclass[39m=[32m"px-6 py-2 rounded-xl text-sm font-bold 
transition-all duration-300 text-brand-500 hover:text-brand-700 
dark:hover:text-brand-300 hover:bg-brand-50 dark:hover:bg-brand-800"[39m
            [36m>[39m
       [33m[2mÔ£ô[22m[39m vide le champ de saisie apr├¿s envoi [33m 359[2mms[22m[39m
       [32mÔ£ô[39m n'envoie pas de message vide[32m 96[2mms[22m[39m
              [0mArchiv├®s[0m
            [36m</button>[39m
          [36m</div>[39m
       [33m[2mÔ£ô[22m[39m affiche l'historique des messages [33m 326[2mms[22m[39m
       [32mÔ£ô[39m affiche la section de pr├®diction[32m 17[2mms[22m[39m
       [32mÔ£ô[39m affiche la balance pr├®dite[32m 14[2mms[22m[39m
          [36m<div[39m
            [33mclass[39m=[32m"flex gap-2"[39m
          [36m>[39m
[31m       [31m├ù[31m appelle predictCashflowJ30 au montage du composant[39m[33m 1026[2mms[22m[39m
[31m       [31m├ù[31m affiche le niveau de risque de la pr├®diction[39m[33m 1019[2mms[22m[39m
       [32mÔ£ô[39m g├¿re les erreurs d'API gracieusement[32m 171[2mms[22m[39m
       [32mÔ£ô[39m g├¿re les erreurs de pr├®diction au chargement[32m 11[2mms[22m[39m
            [36m<label[39m
              [33mclass[39m=[32m"btn-secondary px-4 py-2.5 
cursor-pointer"[39m
       [32mÔ£ô[39m affiche un message par d├®faut en cas d'erreur de r├®ponse[32m 276[2mms[22m[39m
       [32mÔ£ô[39m affiche un indicateur de chargement en envoyant un message[32m 209[2mms[22m[39m
              [33mtitle[39m=[32m"Importer depuis un CSV"[39m
            [36m>[39m
[31m       [31m├ù[31m envoie le message avec Enter[39m[33m 1145[2mms[22m[39m
[31m       [31m├ù[31m n'envoie pas avec Shift+Enter[39m[32m 172[2mms[22m[39m
       [32mÔ£ô[39m a des labels descriptifs pour les ├®l├®ments interactifs[32m 9[2mms[22m[39m
       [32mÔ£ô[39m le bouton est accessible au clavier[32m 10[2mms[22m[39m
              [36m<span>[39m
                [0mUploadIcon[0m
              [36m</span>[39m
 [31mÔØ»[39m __tests__/components/InvoiceManager.test.tsx [2m([22m[2m38 tests[22m[2m | [22m[31m26 failed[39m[2m)[22m[33m 2999[2mms[22m[39m
[31m       [31m├ù[31m affiche le gestionnaire de factures[39m[32m 171[2mms[22m[39m
              [36m<span[39m
                [33mclass[39m=[32m"hidden sm:inline"[39m
              [36m>[39m
       [32mÔ£ô[39m affiche la liste des factures[32m 49[2mms[22m[39m
[31m       [31m├ù[31m affiche les statuts des factures[39m[32m 53[2mms[22m[39m
                [0mImport[0m
              [36m</span>[39m
              [36m<input[39m
       [32mÔ£ô[39m affiche le num├®ro de facture[32m 39[2mms[22m[39m
[31m       [31m├ù[31m affiche le client de la facture[39m[32m 43[2mms[22m[39m
[31m       [31m├ù[31m affiche la date de facture[39m[32m 36[2mms[22m[39m
       [32mÔ£ô[39m affiche les montants totaux[32m 28[2mms[22m[39m
                [33maccept[39m=[32m".csv"[39m
                [33mclass[39m=[32m"hidden"[39m
                [33mtype[39m=[32m"file"[39m
[31m       [31m├ù[31m ouvre le formulaire de cr├®ation de facture[39m[33m 1308[2mms[22m[39m
[31m       [31m├ù[31m filtre par statut[39m[32m 44[2mms[22m[39m
[31m       [31m├ù[31m filtre par client[39m[32m 36[2mms[22m[39m
              [36m/>[39m
            [36m</label>[39m
[31m       [31m├ù[31m affiche un bouton pour dupliquer une facture[39m[32m 51[2mms[22m[39m
       [32mÔ£ô[39m affiche un bouton pour supprimer une facture[32m 29[2mms[22m[39m
       [32mÔ£ô[39m affiche un bouton pour t├®l├®charger une facture[32m 32[2mms[22m[39m
[31m       [31m├ù[31m affiche un bouton pour envoyer une facture[39m[32m 34[2mms[22m[39m
       [32mÔ£ô[39m affiche un message si pas de factures[32m 20[2mms[22m[39m
            [36m<button[39m
              [33mclass[39m=[32m"btn-secondary px-4 py-2.5"[39m
       [32mÔ£ô[39m g├¿re les factures standards[32m 59[2mms[22m[39m
[31m       [31m├ù[31m g├¿re les devis[39m[32m 23[2mms[22m[39m
       [32mÔ£ô[39m les boutons sont accessibles au clavier[32m 136[2mms[22m[39m
              [33mtitle[39m=[32m"Exporter en CSV"[39m
            [36m>[39m
[31m       [31m├ù[31m calcule correctement HT (Hors Taxes) avec items simples[39m[32m 25[2mms[22m[39m
[31m       [31m├ù[31m calcule correctement la TVA ├á 20%[39m[32m 24[2mms[22m[39m
              [36m<span>[39m
                [0mDownloadIcon[0m
[31m       [31m├ù[31m calcule correctement avec TVA r├®duite 5.5%[39m[32m 25[2mms[22m[39m
[31m       [31m├ù[31m calcule correctement avec plusieurs items et TVA mixtes[39m[32m 22[2mms[22m[39m
[31m       [31m├ù[31m applique correctement une remise en pourcentage[39m[32m 20[2mms[22m[39m
              [36m</span>[39m
              [36m<span[39m
                [33mclass[39m=[32m"hidden sm:inline"[39m
[31m       [31m├ù[31m ajoute correctement les frais de port (shipping)[39m[32m 20[2mms[22m[39m
[31m       [31m├ù[31m g├¿re les acomptes/d├®p├┤ts correctement[39m[32m 22[2mms[22m[39m
[31m       [31m├ù[31m exon├¿re correctement la TVA si taxExempt = true[39m[32m 20[2mms[22m[39m
              [36m>[39m
                [0mExport[0m
              [36m</span>[39m
[31m       [31m├ù[31m g├¿re les d├®cimales correctement (precision Decimal.js)[39m[32m 25[2mms[22m[39m
[31m       [31m├ù[31m composition de calculs complexes: remise + port + TVA[39m[32m 20[2mms[22m[39m
[31m       [31m├ù[31m emp├¬che la cr├®ation avec un client non s├®lectionn├®[39m[32m 24[2mms[22m[39m
            [36m</button>[39m
            [36m<button[39m
              [33mclass[39m=[32m"btn-primary px-6 py-2.5"[39m
[31m       [31m├ù[31m emp├¬che la cr├®ation avec des items vides[39m[32m 22[2mms[22m[39m
       [32mÔ£ô[39m valide les num├®ros de facture uniques[32m 29[2mms[22m[39m
       [32mÔ£ô[39m valide que la date d'├®ch├®ance est apr├¿s la date de facture[32m 23[2mms[22m[39m
            [36m>[39m
              [36m<span>[39m
                [0mPlusIcon[0m
       [32mÔ£ô[39m emp├¬che les montants n├®gatifs[32m 16[2mms[22m[39m
[31m       [31m├ù[31m affiche les dates en format fran├ºais[39m[32m 44[2mms[22m[39m
[31m       [31m├ù[31m affiche les montants format├®s avec s├®parateurs de milliers[39m[32m 25[2mms[22m[39m
              [36m</span>[39m
              [0mNouveau[0m
            [36m</button>[39m
       [33m[2mÔ£ô[22m[39m g├¿re 100 factures sans ralentissements [33m 327[2mms[22m[39m
[31m       [31m├ù[31m g├¿re les montant extr├¬mement ├®lev├®s[39m[32m 28[2mms[22m[39m
          [36m</div>[39m
        [36m</div>[39m
      [36m</div>[39m
[31m       [31m├ù[31m g├¿re les factures avec pas d'items[39m[32m 38[2mms[22m[39m
 [31mÔØ»[39m __tests__/components/ClientManager.test.tsx [2m([22m[2m22 tests[22m[2m | [22m[31m22 failed[39m[2m)[22m[33m 367[2mms[22m[39m
[31m       [31m├ù[31m affiche le titre et interface du gestionnaire de clients[39m[32m 62[2mms[22m[39m
      [36m<div[39m
        [33mclass[39m=[32m"bento-grid"[39m
      [36m>[39m
[31m       [31m├ù[31m affiche la liste des clients actifs[39m[32m 11[2mms[22m[39m
[31m       [31m├ù[31m affiche le nombre total de clients[39m[32m 15[2mms[22m[39m
[31m       [31m├ù[31m affiche les statuts et statistiques des clients[39m[32m 18[2mms[22m[39m
        [36m<div[39m
          [33mclass[39m=[32m"bento-item"[39m
[31m       [31m├ù[31m filtre les clients par nom[39m[32m 14[2mms[22m[39m
        [36m>[39m
          [36m<div[39m
            [33mclass[39m=[32m"flex justify-between items-start mb-4"[39m
          [36m>[39m
[31m       [31m├ù[31m filtre les clients par email[39m[32m 13[2mms[22m[39m
[31m       [31m├ù[31m affiche message si aucun r├®sultat[39m[32m 12[2mms[22m[39m
[31m       [31m├ù[31m ignore les clients archiv├®s par d├®faut[39m[32m 14[2mms[22m[39m
[31m       [31m├ù[31m affiche le chiffre d'affaires total[39m[32m 11[2mms[22m[39m
            [36m<div[39m
              [33mclass[39m=[32m"p-3 bg-brand-100 dark:bg-brand-800 
rounded-2xl text-brand-600 dark:text-brand-300"[39m
            [36m>[39m
[31m       [31m├ù[31m compte les factures pay├®es par client[39m[32m 11[2mms[22m[39m
[31m       [31m├ù[31m affiche le nombre total de clients[39m[32m 12[2mms[22m[39m
[31m       [31m├ù[31m ouvre le modal pour ajouter un client[39m[32m 12[2mms[22m[39m
              [36m<span>[39m
                [0mPackageIcon[0m
[31m       [31m├ù[31m cr├®e un nouveau client avec les donn├®es du formulaire[39m[32m 11[2mms[22m[39m
[31m       [31m├ù[31m ouvre le modal pour ├®diter un client[39m[32m 10[2mms[22m[39m
[31m       [31m├ù[31m pr├®charge les donn├®es du client en ├®dition[39m[32m 11[2mms[22m[39m
              [36m</span>[39m
            [36m</div>[39m
            [36m<span[39m
[31m       [31m├ù[31m sauvegarde les modifications du client[39m[32m 9[2mms[22m[39m
[31m       [31m├ù[31m affiche un bouton supprimer[39m[32m 10[2mms[22m[39m
[31m       [31m├ù[31m appelle onDelete avec l'ID du client[39m[32m 12[2mms[22m[39m
              [33mclass[39m=[32m"text-[10px] font-bold text-brand-400 
uppercase tracking-widest"[39m
            [36m>[39m
              [0mTotal Catalogue[0m
[31m       [31m├ù[31m affiche l'option d'archivage[39m[32m 15[2mms[22m[39m
[31m       [31m├ù[31m affiche un message si pas de clients[39m[32m 20[2mms[22m[39m
[31m       [31m├ù[31m les inputs sont accessibles au clavier[39m[32m 37[2mms[22m[39m
            [36m</span>[39m
          [36m</div>[39m
          [36m<div>[39m
[31m       [31m├ù[31m les boutons d'action sont accessibles[39m[32m 19[2mms[22m[39m
 [31mÔØ»[39m __tests__/lib/facturX.test.ts [2m([22m[2m34 tests[22m[2m | [22m[31m6 failed[39m[2m)[22m[32m 68[2mms[22m[39m
       [32mÔ£ô[39m g├®n├¿re un XML bien form├®[32m 3[2mms[22m[39m
            [36m<h3[39m
              [33mclass[39m=[32m"text-2xl font-bold text-brand-900 
dark:text-white font-display"[39m
            [36m>[39m
              [0m0[0m
       [32mÔ£ô[39m inclut les informations du vendeur[32m 1[2mms[22m[39m
       [32mÔ£ô[39m inclut les informations de l'acheteur[32m 0[2mms[22m[39m
       [32mÔ£ô[39m inclut le num├®ro de facture[32m 0[2mms[22m[39m
            [36m</h3>[39m
            [36m<p[39m
       [32mÔ£ô[39m inclut la date au format YYYYMMDD[32m 0[2mms[22m[39m
       [32mÔ£ô[39m inclut tous les items avec descriptions[32m 0[2mms[22m[39m
       [32mÔ£ô[39m inclut les quantit├®s correctes[32m 0[2mms[22m[39m
              [33mclass[39m=[32m"text-xs text-brand-500 dark:text-brand-400 
mt-1"[39m
            [36m>[39m
              [0m├ël├®ments actifs[0m
       [32mÔ£ô[39m inclut les montants unitaires[32m 0[2mms[22m[39m
       [32mÔ£ô[39m inclut les taux de TVA[32m 0[2mms[22m[39m
       [32mÔ£ô[39m utilise le profil BASIC Factur-X[32m 0[2mms[22m[39m
            [36m</p>[39m
          [36m</div>[39m
        [36m</div>[39m
       [32mÔ£ô[39m utilise typeCode 380 pour facture normale[32m 0[2mms[22m[39m
       [32mÔ£ô[39m utilise typeCode 381 pour avoir-facture[32m 0[2mms[22m[39m
       [32mÔ£ô[39m utilise EUR comme devise[32m 0[2mms[22m[39m
        [36m<div[39m
          [33mclass[39m=[32m"bento-item"[39m
        [36m>[39m
       [32mÔ£ô[39m g├¿re les accents fran├ºais correctement (UTF-8)[32m 0[2mms[22m[39m
       [32mÔ£ô[39m structure bien form├®e avec ├®l├®ments requis[32m 0[2mms[22m[39m
          [36m<div[39m
            [33mclass[39m=[32m"flex justify-between items-start mb-4"[39m
          [36m>[39m
[31m       [31m├ù[31m calcule correctement les totaux HT et TTC[39m[32m 15[2mms[22m[39m
[31m       [31m├ù[31m inclut les adresses compl├¿tes du vendeur et acheteur[39m[32m 5[2mms[22m[39m
       [32mÔ£ô[39m g├¿re les factures sans items sans erreur[32m 0[2mms[22m[39m
            [36m<div[39m
              [33mclass[39m=[32m"p-3 bg-accent-100 dark:bg-accent-900/30 
rounded-2xl text-accent-600 dark:text-accent-400"[39m
            [36m>[39m
              [36m<span>[39m
       [32mÔ£ô[39m g├¿re le code S (standard VAT rate)[32m 0[2mms[22m[39m
[31m       [31m├ù[31m g├¿re le code Z (zero rated)[39m[32m 1[2mms[22m[39m
       [32mÔ£ô[39m g├¿re le code E (exempt from VAT)[32m 0[2mms[22m[39m
       [32mÔ£ô[39m g├¿re le code RL (reverse charge)[32m 0[2mms[22m[39m
                [0mBriefcaseIcon[0m
              [36m</span>[39m
[31m       [31m├ù[31m inclut les conditions de paiement[39m[32m 3[2mms[22m[39m
       [32mÔ£ô[39m respecte la pr├®cision d├®cimale sur les montants[32m 0[2mms[22m[39m
[31m       [31m├ù[31m ├®chappe correctement les caract├¿res XML sp├®ciaux[39m[32m 10[2mms[22m[39m
            [36m</div>[39m
            [36m<span[39m
              [33mclass[39m=[32m"text-[10px] font-bold text-brand-400 
uppercase tracking-widest"[39m
       [32mÔ£ô[39m g├¿re plusieurs items avec diff├®rents taux de TVA[32m 2[2mms[22m[39m
       [32mÔ£ô[39m inclut le statut ACRE dans le profil[32m 1[2mms[22m[39m
       [32mÔ£ô[39m g├¿re les montants ├®lev├®s sans perte de pr├®cision[32m 0[2mms[22m[39m
            [36m>[39m
              [0mPrestations[0m
            [36m</span>[39m
[31m       [31m├ù[31m inclut compl├¿tement les adresses structur├®es (CodeListId)[39m[32m 7[2mms[22m[39m
       [32mÔ£ô[39m utilise le num├®ro de facture comme SchemeID[32m 0[2mms[22m[39m
       [32mÔ£ô[39m valide l'XML pour Structure compl├¿te (pas de tags orphelins)[32m 1[2mms[22m[39m
          [36m</div>[39m
          [36m<div>[39m
       [32mÔ£ô[39m diff├®rencie les types de document (facture vs avoir)[32m 0[2mms[22m[39m
       [32mÔ£ô[39m g├®n├¿re le XML rapidement (< 100ms)[32m 0[2mms[22m[39m
       [32mÔ£ô[39m g├®n├¿re le m├¬me XML pour la m├¬me facture (d├®terministe)[32m 0[2mms[22m[39m
            [36m<h3[39m
              [33mclass[39m=[32m"text-2xl font-bold text-accent-600 
dark:text-accent-400 font-display"[39m
            [36m>[39m
 [31mÔØ»[39m __tests__/lib/exportUtils.test.ts [2m([22m[2m34 tests[22m[2m | [22m[31m4 failed[39m[2m)[22m[32m 48[2mms[22m[39m
       [32mÔ£ô[39m exporte compl├¿tement les donn├®es en JSON[32m 4[2mms[22m[39m
       [32mÔ£ô[39m inclut les m├®tadonn├®es (exportedAt)[32m 1[2mms[22m[39m
              [0m0[0m
            [36m</h3>[39m
       [32mÔ£ô[39m s├®rialise les Decimal en string[32m 1[2mms[22m[39m
            [36m<p[39m
              [33mclass[39m=[32m"text-xs text-brand-500 dark:text-brand-400 
mt-1"[39m
            [36m>[39m
       [32mÔ£ô[39m g├¿re les donn├®es vides correctement[32m 1[2mms[22m[39m
       [32mÔ£ô[39m sort et formate correctement le JSON[32m 1[2mms[22m[39m
              [0mServices propos├®s[0m
            [36m</p>[39m
          [36m</div>[39m
       [32mÔ£ô[39m exporte avec toutes les cl├®s r├®quises[32m 1[2mms[22m[39m
[31m       [31m├ù[31m exporte les factures en CSV[39m[32m 8[2mms[22m[39m
[31m       [31m├ù[31m inclut les headers automatiquement[39m[32m 4[2mms[22m[39m
        [36m</div>[39m
        [36m<div[39m
          [33mclass[39m=[32m"bento-item"[39m
       [32mÔ£ô[39m g├¿re les custom headers[32m 1[2mms[22m[39m
       [32mÔ£ô[39m ├®chappe les valeurs contenant des virgules[32m 0[2mms[22m[39m
       [32mÔ£ô[39m ├®chappe les valeurs contenant des guillemets[32m 1[2mms[22m[39m
        [36m>[39m
          [36m<div[39m
            [33mclass[39m=[32m"flex justify-between items-start mb-4"[39m
          [36m>[39m
       [32mÔ£ô[39m exporte les clients[32m 0[2mms[22m[39m
       [32mÔ£ô[39m g├¿re les collections vides[32m 0[2mms[22m[39m
       [32mÔ£ô[39m exporte plusieurs items avec donn├®es compl├¿tes[32m 0[2mms[22m[39m
            [36m<div[39m
              [33mclass[39m=[32m"p-3 bg-amber-100 dark:bg-amber-900/30 
rounded-2xl text-amber-600 dark:text-amber-400"[39m
            [36m>[39m
              [36m<span>[39m
       [32mÔ£ô[39m g├¿re les donn├®es avec accents fran├ºais[32m 0[2mms[22m[39m
       [32mÔ£ô[39m exporte les num├®ros correctement format├®s[32m 0[2mms[22m[39m
                [0mAlertCircleIcon[0m
              [36m</span>[39m
            [36m</div>[39m
            [36m<span[39m
              [33mclass[39m=[32m"text-[10px] font-bold text-brand-400 
uppercase tracking-widest"[39m
            [36m>[39m
       [32mÔ£ô[39m exporte compl├¿tement les donn├®es personnelles[32m 0[2mms[22m[39m
       [32mÔ£ô[39m inclut le timestamp d'export (RGPD requirement)[32m 0[2mms[22m[39m
              [0mStock Bas[0m
            [36m</span>[39m
          [36m</div>[39m
          [36m<div>[39m
       [32mÔ£ô[39m produit un JSON valide et parsable[32m 1[2mms[22m[39m
       [32mÔ£ô[39m utilise l'encodage UTF-8 correctement[32m 0[2mms[22m[39m
       [32mÔ£ô[39m CSV r├®cup├¿re tous les champs de l'entit├®[32m 0[2mms[22m[39m
       [32mÔ£ô[39m exporte 1000 factures rapidement en JSON[32m 5[2mms[22m[39m
            [36m<h3[39m
              [33mclass[39m=[32m"text-2xl font-bold text-amber...
[90m [2mÔØ»[22m Object.getElementError 
node_modules/@testing-library/dom/dist/config.js:[2m37:19[22m[39m
[90m [2mÔØ»[22m getElementError 
node_modules/@testing-library/dom/dist/query-helpers.js:[2m20:35[22m[39m
[31m       [31m├ù[31m exporte 1000 factures rapidement en CSV[39m[32m 5[2mms[22m[39m
       [32mÔ£ô[39m g├¿re les montants tr├¿s ├®lev├®s sans perte de pr├®cision[32m 0[2mms[22m[39m
       [32mÔ£ô[39m g├¿re les montants tr├¿s petits avec pr├®cision d├®cimale[32m 0[2mms[22m[39m
[90m [2mÔØ»[22m getMultipleElementsFoundError 
node_modules/@testing-library/dom/dist/query-helpers.js:[2m23:10[22m[39m
[90m [2mÔØ»[22m 
node_modules/@testing-library/dom/dist/query-helpers.js:[2m55:13[22m[39m
       [32mÔ£ô[39m g├¿re les valeurs null/undefined gracieux[32m 0[2mms[22m[39m
       [32mÔ£ô[39m g├¿re les cha├«nes vides correctement[32m 0[2mms[22m[39m
       [32mÔ£ô[39m g├¿re les caract├¿res de contr├┤le dans les donn├®es[32m 0[2mms[22m[39m
       [32mÔ£ô[39m ├®chappe correctement les guillemets doubles en CSV[32m 0[2mms[22m[39m
       [32mÔ£ô[39m conserve l'ordre des lignes en CSV[32m 0[2mms[22m[39m
[90m [2mÔØ»[22m 
node_modules/@testing-library/dom/dist/query-helpers.js:[2m95:19[22m[39m
[90m [2mÔØ»[22m 
__tests__/components/ProductManager.test.tsx:[2m721:21[22m[39m
       [32mÔ£ô[39m exporte correctement les donn├®es multilingues[32m 0[2mms[22m[39m
       [32mÔ£ô[39m exporte le CSV avec support multilingue UTF-8[32m 0[2mms[22m[39m
[31m       [31m├ù[31m produit un JSON de taille raisonnable pour 1000 factures[39m[32m 3[2mms[22m[39m
       [32mÔ£ô[39m encode correctement en base64 si n├®cessaire[32m 1[2mms[22m[39m
 [31mÔØ»[39m __tests__/db/invoiceDB.test.ts [2m([22m[2m40 tests[22m[2m | [22m[31m40 failed[39m[2m)[22m[32m 52[2mms[22m[39m
[31m       [31m├ù[31m cr├®e une facture[39m[32m 7[2mms[22m[39m
[31m       [31m├ù[31m r├®cup├¿re une facture par ID[39m[32m 1[2mms[22m[39m

[31m       [31m├ù[31m met ├á jour une facture[39m[32m 1[2mms[22m[39m
[31m       [31m├ù[31m supprime une facture[39m[32m 1[2mms[22m[39m
[31m[2mÔÄ»ÔÄ»ÔÄ»ÔÄ»ÔÄ»ÔÄ»ÔÄ»ÔÄ»ÔÄ»ÔÄ»ÔÄ»ÔÄ»ÔÄ»ÔÄ»ÔÄ»ÔÄ»ÔÄ»ÔÄ»ÔÄ»ÔÄ»ÔÄ»ÔÄ»ÔÄ»Ô
Ä»[9/9]ÔÄ»[22m[39m

[31m       [31m├ù[31m liste toutes les factures[39m[32m 1[2mms[22m[39m
[31m       [31m├ù[31m filtre par status[39m[32m 1[2mms[22m[39m
[31m       [31m├ù[31m filtre par clientId[39m[32m 1[2mms[22m[39m
[31m       [31m├ù[31m filtre par status[39m[32m 1[2mms[22m[39m
[31m       [31m├ù[31m l├¿ve une erreur si l'invoice existe d├®j├á[39m[32m 1[2mms[22m[39m
[31m       [31m├ù[31m cr├®e un item[39m[32m 1[2mms[22m[39m
[31m       [31m├ù[31m cr├®e et r├®cup├¿re un item[39m[32m 1[2mms[22m[39m
[31m       [31m├ù[31m supporte plusieurs items[39m[32m 1[2mms[22m[39m
[31m       [31m├ù[31m cr├®e un client[39m[32m 1[2mms[22m[39m
[31m       [31m├ù[31m filtre les clients actifs[39m[32m 1[2mms[22m[39m
[31m       [31m├ù[31m recherche par email[39m[32m 1[2mms[22m[39m
[31m       [31m├ù[31m met ├á jour un client[39m[32m 1[2mms[22m[39m
[31m       [31m├ù[31m cr├®e facture + items atomiquement[39m[32m 1[2mms[22m[39m
[31m       [31m├ù[31m g├¿re 1000 factures sans d├®grade[39m[32m 1[2mms[22m[39m
[31m       [31m├ù[31m cherche rapidement dans 1000 records[39m[32m 1[2mms[22m[39m
[31m       [31m├ù[31m cr├®e un fournisseur[39m[32m 1[2mms[22m[39m
[31m       [31m├ù[31m filtre les fournisseurs actifs[39m[32m 1[2mms[22m[39m
[31m       [31m├ù[31m met ├á jour un fournisseur[39m[32m 1[2mms[22m[39m
[31m       [31m├ù[31m supprime un fournisseur[39m[32m 1[2mms[22m[39m
[31m       [31m├ù[31m cr├®e un produit[39m[32m 1[2mms[22m[39m
[31m       [31m├ù[31m filtre par cat├®gorie[39m[32m 1[2mms[22m[39m
[31m       [31m├ù[31m liste les produits actifs[39m[32m 1[2mms[22m[39m
[31m       [31m├ù[31m cr├®e une d├®pense[39m[32m 1[2mms[22m[39m
[31m       [31m├ù[31m filtre par fournisseur[39m[32m 1[2mms[22m[39m
[31m       [31m├ù[31m filtre par cat├®gorie[39m[32m 2[2mms[22m[39m
[31m       [31m├ù[31m exporte toutes les tables en JSON[39m[32m 1[2mms[22m[39m
[31m       [31m├ù[31m exporte des donn├®es vides si la base est vide[39m[32m 1[2mms[22m[39m
[31m       [31m├ù[31m exporte correctement Decimal.js amounts[39m[32m 1[2mms[22m[39m
[31m       [31m├ù[31m cr├®e un ├®v├®nement calendrier[39m[32m 1[2mms[22m[39m
[31m       [31m├ù[31m filtre par client[39m[32m 1[2mms[22m[39m
[31m       [31m├ù[31m filtre par facture[39m[32m 1[2mms[22m[39m
[31m       [31m├ù[31m cr├®e un template email[39m[32m 1[2mms[22m[39m
[31m       [31m├ù[31m r├®cup├¿re templates par type[39m[32m 1[2mms[22m[39m
[31m       [31m├ù[31m cr├®e un message chat[39m[32m 1[2mms[22m[39m
[31m       [31m├ù[31m liste messages par timestamp[39m[32m 1[2mms[22m[39m
[31m       [31m├ù[31m vide compl├¿tement la base[39m[32m 1[2mms[22m[39m
 [31mÔØ»[39m __tests__/components/SupplierManager.test.tsx [2m([22m[2m30 tests[22m[2m | [22m[31m30 failed[39m[2m)[22m[33m 3005[2mms[22m[39m
[31m       [31m├ù[31m rend le gestionnaire de fournisseurs[39m[33m 421[2mms[22m[39m
[31m       [31m├ù[31m affiche la liste des fournisseurs actifs[39m[32m 76[2mms[22m[39m
[31m       [31m├ù[31m affiche les emails des fournisseurs[39m[32m 209[2mms[22m[39m
[31m       [31m├ù[31m filtre les fournisseurs par nom[39m[32m 166[2mms[22m[39m
[31m       [31m├ù[31m filtre les fournisseurs par email[39m[32m 270[2mms[22m[39m
[31m       [31m├ù[31m ignore les fournisseurs archiv├®s par d├®faut[39m[33m 375[2mms[22m[39m
[31m       [31m├ù[31m calcule la d├®pense totale par fournisseur[39m[32m 63[2mms[22m[39m
[31m       [31m├ù[31m affiche la d├®pense totale globale[39m[32m 245[2mms[22m[39m
[31m       [31m├ù[31m compte les d├®penses par fournisseur[39m[32m 93[2mms[22m[39m
[31m       [31m├ù[31m ouvre le modal pour ajouter un fournisseur[39m[32m 103[2mms[22m[39m
[31m       [31m├ù[31m cr├®e un nouveau fournisseur[39m[32m 79[2mms[22m[39m
[31m       [31m├ù[31m ouvre le modal pour ├®diter un fournisseur[39m[32m 51[2mms[22m[39m
[31m       [31m├ù[31m pr├®charge les donn├®es du fournisseur en ├®dition[39m[32m 202[2mms[22m[39m
[31m       [31m├ù[31m sauvegarde les modifications du fournisseur[39m[32m 72[2mms[22m[39m
[31m       [31m├ù[31m affiche un bouton supprimer[39m[32m 111[2mms[22m[39m
[31m       [31m├ù[31m appelle onDelete avec l'ID du fournisseur[39m[32m 14[2mms[22m[39m
[31m       [31m├ù[31m affiche l'option d'archivage[39m[32m 47[2mms[22m[39m
[31m       [31m├ù[31m bascule le statut archiv├® du fournisseur[39m[32m 38[2mms[22m[39m
[31m       [31m├ù[31m affiche un message si pas de fournisseurs[39m[32m 12[2mms[22m[39m
[31m       [31m├ù[31m les inputs sont accessibles au clavier[39m[32m 38[2mms[22m[39m
[31m       [31m├ù[31m les boutons d'action sont accessibles[39m[32m 67[2mms[22m[39m
[31m       [31m├ù[31m filtre les d├®penses par cat├®gorie[39m[32m 31[2mms[22m[39m
[31m       [31m├ù[31m affiche les d├®tails des d├®penses associ├®es[39m[32m 60[2mms[22m[39m
[31m       [31m├ù[31m affiche un bouton d'import[39m[32m 17[2mms[22m[39m
[31m       [31m├ù[31m affiche un bouton d'export[39m[32m 16[2mms[22m[39m
[31m       [31m├ù[31m affiche le t├®l├®phone du fournisseur[39m[32m 19[2mms[22m[39m
[31m       [31m├ù[31m affiche l'adresse du fournisseur[39m[32m 19[2mms[22m[39m
[31m       [31m├ù[31m affiche le SIRET du fournisseur[39m[32m 26[2mms[22m[39m
[31m       [31m├ù[31m trie les fournisseurs par nom alphab├®tiquement[39m[32m 26[2mms[22m[39m
[31m       [31m├ù[31m agr├¿ge les d├®penses par fournisseur correctement[39m[32m 29[2mms[22m[39m
 [31mÔØ»[39m __tests__/components/ProductManager.test.tsx [2m([22m[2m41 tests[22m[2m | [22m[31m9 failed[39m[2m)[22m[33m 7419[2mms[22m[39m
       [32mÔ£ô[39m rend le gestionnaire de produits[32m 264[2mms[22m[39m
       [32mÔ£ô[39m affiche la liste des produits actifs[32m 190[2mms[22m[39m
[31m       [31m├ù[31m affiche les prix des produits[39m[32m 169[2mms[22m[39m
[31m       [31m├ù[31m affiche les cat├®gories de produits[39m[32m 89[2mms[22m[39m
       [33m[2mÔ£ô[22m[39m filtre les produits par nom [33m 829[2mms[22m[39m
       [33m[2mÔ£ô[22m[39m filtre les produits par SKU [33m 410[2mms[22m[39m
       [33m[2mÔ£ô[22m[39m filtre les produits par description [33m 362[2mms[22m[39m
[31m       [31m├ù[31m affiche un message si aucun r├®sultat de recherche[39m[33m 1783[2mms[22m[39m
       [32mÔ£ô[39m extrait les cat├®gories uniques des produits[32m 49[2mms[22m[39m
       [32mÔ£ô[39m filtre par cat├®gorie Services[32m 239[2mms[22m[39m
       [32mÔ£ô[39m filtre par cat├®gorie Fournitures[32m 198[2mms[22m[39m
       [32mÔ£ô[39m ignore les produits archiv├®s par d├®faut[32m 64[2mms[22m[39m
       [32mÔ£ô[39m trie par nom (d├®faut)[32m 53[2mms[22m[39m
       [32mÔ£ô[39m trie par prix[32m 284[2mms[22m[39m
       [32mÔ£ô[39m trie par cat├®gorie[32m 267[2mms[22m[39m
       [32mÔ£ô[39m affiche le stock des produits[32m 69[2mms[22m[39m
       [32mÔ£ô[39m affiche un avis si stock faible (< minStock)[32m 52[2mms[22m[39m
       [32mÔ£ô[39m filtre pour afficher uniquement les produits ├á stock faible[32m 296[2mms[22m[39m
       [32mÔ£ô[39m distingue les services des produits[32m 54[2mms[22m[39m
       [32mÔ£ô[39m affiche le type "service" pour les consultations[32m 45[2mms[22m[39m
       [32mÔ£ô[39m affiche le type "produit" pour les fournitures[32m 40[2mms[22m[39m
[31m       [31m├ù[31m ouvre le panneau pour cr├®er un produit[39m[32m 56[2mms[22m[39m
[31m       [31m├ù[31m cr├®e un produit avec nom et prix[39m[32m 68[2mms[22m[39m
[31m       [31m├ù[31m valide que le nom est requis[39m[32m 60[2mms[22m[39m
       [32mÔ£ô[39m ouvre le formulaire d'├®dition d'un produit[32m 123[2mms[22m[39m
       [32mÔ£ô[39m pr├®charge les donn├®es du produit[32m 62[2mms[22m[39m
       [32mÔ£ô[39m sauvegarde les modifications du produit[32m 39[2mms[22m[39m
       [32mÔ£ô[39m affiche un bouton supprimer[32m 40[2mms[22m[39m
       [32mÔ£ô[39m appelle onDelete avec l'ID du produit[32m 50[2mms[22m[39m
       [32mÔ£ô[39m affiche le bouton d'archivage[32m 74[2mms[22m[39m
       [32mÔ£ô[39m masque les produits archiv├®s par d├®faut[32m 87[2mms[22m[39m
       [33m[2mÔ£ô[22m[39m affiche les produits archiv├®s si filtr├® [33m 317[2mms[22m[39m
       [32mÔ£ô[39m affiche le SKU du produit[32m 56[2mms[22m[39m
       [32mÔ£ô[39m affiche l'unit├® de mesure du produit[32m 45[2mms[22m[39m
[31m       [31m├ù[31m permet de cr├®er un produit avec une unit├® personnalis├®e[39m[32m 60[2mms[22m[39m
[31m       [31m├ù[31m affiche les prix correctement format├®s[39m[32m 56[2mms[22m[39m
       [32mÔ£ô[39m g├¿re les montants d├®cimaux (d├®cimales)[32m 82[2mms[22m[39m
       [32mÔ£ô[39m valide que le prix est un nombre positif[32m 67[2mms[22m[39m
[31m       [31m├ù[31m affiche un message si pas de produits[39m[32m 83[2mms[22m[39m
       [32mÔ£ô[39m permet quand m├¬me d'ajouter un produit[32m 102[2mms[22m[39m
       [32mÔ£ô[39m affiche les boutons d'import/export[32m 75[2mms[22m[39m

[31mÔÄ»ÔÄ»ÔÄ»ÔÄ»ÔÄ»ÔÄ»ÔÄ»[39m[1m[41m Failed Tests 9 
[49m[22m[31mÔÄ»ÔÄ»ÔÄ»ÔÄ»ÔÄ»ÔÄ»ÔÄ»[39m

[41m[1m FAIL [22m[49m __tests__/components/ProductManager.test.tsx[2m > 
[22mProductManager Component[2m > [22mRendering & UI[2m > [22maffiche les 
prix des produits
[31m[1mTestingLibraryElementError[22m[39m: Found multiple elements with 
the text: /150|1200|45.50/

Here are the matching elements:

Ignored nodes: comments, script, style
[36m<span[39m
  [33mclass[39m=[32m"text-2xl font-bold text-brand-900 dark:text-white 
font-display"[39m
[36m>[39m
  [0m150.00[0m
  [0m Ôé¼[0m
[36m</span>[39m

Ignored nodes: comments, script, style
[36m<span[39m
  [33mclass[39m=[32m"text-2xl font-bold text-brand-900 dark:text-white 
font-display"[39m
[36m>[39m
  [0m1200.00[0m
  [0m Ôé¼[0m
[36m</span>[39m

Ignored nodes: comments, script, style
[36m<span[39m
  [33mclass[39m=[32m"text-2xl font-bold text-brand-900 dark:text-white 
font-display"[39m
[36m>[39m
  [0m45.50[0m
  [0m Ôé¼[0m
[36m</span>[39m

(If this is intentional, then use the `*AllBy*` variant of the query (like 
`queryAllByText`, `getAllByText`, or `findAllByText`)).

Ignored nodes: comments, script, style
[36m<body>[39m
  [36m<div>[39m
    [36m<div[39m
      [33mclass[39m=[32m"space-y-8 animate-fade-in max-w-7xl mx-auto 
relative pb-10"[39m
    [36m>[39m
      [36m<div[39m
        [33mclass[39m=[32m"flex flex-col lg:flex-row justify-between 
items-start lg:items-center gap-6"[39m
      [36m>[39m
        [36m<div>[39m
          [36m<h2[39m
            [33mclass[39m=[32m"text-3xl font-bold text-brand-900 
dark:text-white tracking-tight font-display text-gradient"[39m
          [36m>[39m
            [0mCatalogue[0m
          [36m</h2>[39m
          [36m<p[39m
            [33mclass[39m=[32m"text-brand-500 dark:text-brand-400 mt-1"[39m
          [36m>[39m
            [0mG├®rez vos produits et prestations de service.[0m
          [36m</p>[39m
        [36m</div>[39m
        [36m<div[39m
          [33mclass[39m=[32m"flex flex-wrap gap-3 items-center w-full 
lg:w-auto"[39m
        [36m>[39m
          [36m<div[39m
            [33mclass[39m=[32m"bg-white dark:bg-brand-900 p-1.5 rounded-2xl 
shadow-sm border border-brand-200 dark:border-brand-800 flex gap-1"[39m
          [36m>[39m
            [36m<button[39m
              [33mclass[39m=[32m"px-6 py-2 rounded-xl text-sm font-bold 
transition-all duration-300 text-brand-500 hover:text-brand-700 
dark:hover:text-brand-300 hover:bg-brand-50 dark:hover:bg-brand-800"[39m
            [36m>[39m
              [0mActifs[0m
            [36m</button>[39m
            [36m<button[39m
              [33mclass[39m=[32m"px-6 py-2 rounded-xl text-sm font-bold 
transition-all duration-300 text-brand-500 hover:text-brand-700 
dark:hover:text-brand-300 hover:bg-brand-50 dark:hover:bg-brand-800"[39m
            [36m>[39m
              [0mArchiv├®s[0m
            [36m</button>[39m
          [36m</div>[39m
          [36m<div[39m
            [33mclass[39m=[32m"flex gap-2"[39m
          [36m>[39m
            [36m<label[39m
              [33mclass[39m=[32m"btn-secondary px-4 py-2.5 
cursor-pointer"[39m
              [33mtitle[39m=[32m"Importer depuis un CSV"[39m
            [36m>[39m
              [36m<span>[39m
                [0mUploadIcon[0m
              [36m</span>[39m
              [36m<span[39m
                [33mclass[39m=[32m"hidden sm:inline"[39m
              [36m>[39m
                [0mImport[0m
              [36m</span>[39m
              [36m<input[39m
                [33maccept[39m=[32m".csv"[39m
                [33mclass[39m=[32m"hidden"[39m
                [33mtype[39m=[32m"file"[39m
              [36m/>[39m
            [36m</label>[39m
            [36m<button[39m
              [33mclass[39m=[32m"btn-secondary px-4 py-2.5"[39m
              [33mtitle[39m=[32m"Exporter en CSV"[39m
            [36m>[39m
              [36m<span>[39m
                [0mDownloadIcon[0m
              [36m</span>[39m
              [36m<span[39m
                [33mclass[39m=[32m"hidden sm:inline"[39m
              [36m>[39m
                [0mExport[0m
              [36m</span>[39m
            [36m</button>[39m
            [36m<button[39m
              [33mclass[39m=[32m"btn-primary px-6 py-2.5"[39m
            [36m>[39m
              [36m<span>[39m
                [0mPlusIcon[0m
              [36m</span>[39m
              [0mNouveau[0m
            [36m</button>[39m
          [36m</div>[39m
        [36m</div>[39m
      [36m</div>[39m
      [36m<div[39m
        [33mclass[39m=[32m"bento-grid"[39m
      [36m>[39m
        [36m<div[39m
          [33mclass[39m=[32m"bento-item"[39m
        [36m>[39m
          [36m<div[39m
            [33mclass[39m=[32m"flex justify-between items-start mb-4"[39m
          [36m>[39m
            [36m<div[39m
              [33mclass[39m=[32m"p-3 bg-brand-100 dark:bg-brand-800 
rounded-2xl text-brand-600 dark:text-brand-300"[39m
            [36m>[39m
              [36m<span>[39m
                [0mPackageIcon[0m
              [36m</span>[39m
            [36m</div>[39m
            [36m<span[39m
              [33mclass[39m=[32m"text-[10px] font-bold text-brand-400 
uppercase tracking-widest"[39m
            [36m>[39m
              [0mTotal Catalogue[0m
            [36m</span>[39m
          [36m</div>[39m
          [36m<div>[39m
            [36m<h3[39m
              [33mclass[39m=[32m"text-2xl font-bold text-brand-900 
dark:text-white font-display"[39m
            [36m>[39m
              [0m3[0m
            [36m</h3>[39m
            [36m<p[39m
              [33mclass[39m=[32m"text-xs text-brand-500 dark:text-brand-400 
mt-1"[39m
            [36m>[39m
              [0m├ël├®ments actifs[0m
            [36m</p>[39m
          [36m</div>[39m
        [36m</div>[39m
        [36m<div[39m
          [33mclass[39m=[32m"bento-item"[39m
        [36m>[39m
          [36m<div[39m
            [33mclass[39m=[32m"flex justify-between items-start mb-4"[39m
          [36m>[39m
            [36m<div[39m
              [33mclass[39m=[32m"p-3 bg-accent-100 dark:bg-accent-900/30 
rounded-2xl text-accent-600 dark:text-accent-400"[39m
            [36m>[39m
              [36m<span>[39m
                [0mBriefcaseIcon[0m
              [36m</span>[39m
            [36m</div>[39m
            [36m<span[39m
              [33mclass[39m=[32m"text-[10px] font-bold text-brand-400 
uppercase tracking-widest"[39m
            [36m>[39m
              [0mPrestations[0m
            [36m</span>[39m
          [36m</div>[39m
          [36m<div>[39m
            [36m<h3[39m
              [33mclass[39m=[32m"text-2xl font-bold text-accent-600 
dark:text-accent-400 font-display"[39m
            [36m>[39m
              [0m2[0m
            [36m</h3>[39m
            [36m<p[39m
              [33mclass[39m=[32m"text-xs text-brand-500 dark:text-brand-400 
mt-1"[39m
            [36m>[39m
              [0mServices propos├®s[0m
            [36m</p>[39m
          [36m</div>[39m
        [36m</div>[39m
        [36m<div[39m
          [33mclass[39m=[32m"bento-item"[39m
        [36m>[39m
          [36m<div[39m
            [33mclass[39m=[32m"flex justify-between items-start mb-4"[39m
          [36m>[39m
            [36m<div[39m
              [33mclass[39m=[32m"p-3 bg-amber-100 dark:bg-amber-900/30 
rounded-2xl text-amber-600 dark:text-amber-400"[39m
            [36m>[39m
              [36m<span>[39m
                [0mAlertCircleIcon[0m
              [36m</span>[39m
            [36m</div>[39m
            [36m<span[39m
              [33mclass[39m=[32m"text-[10px] font-bold text-brand-400 
uppercase tracking-widest"[39m
            [36m>[39m
              [0mStock Bas[0m
            [36m</span>[39m
          [36m</div>[39m
          [36m<div>[39m
            [36m<h3[39m
              [33mclass[39m=[32m"text-2xl font-bold text-amber...
[90m [2mÔØ»[22m Object.getElementError 
node_modules/@testing-library/dom/dist/config.js:[2m37:19[22m[39m
[90m [2mÔØ»[22m getElementError 
node_modules/@testing-library/dom/dist/query-helpers.js:[2m20:35[22m[39m
[90m [2mÔØ»[22m getMultipleElementsFoundError 
node_modules/@testing-library/dom/dist/query-helpers.js:[2m23:10[22m[39m
[90m [2mÔØ»[22m 
node_modules/@testing-library/dom/dist/query-helpers.js:[2m55:13[22m[39m
[90m [2mÔØ»[22m 
node_modules/@testing-library/dom/dist/query-helpers.js:[2m95:19[22m[39m
[36m [2mÔØ»[22m 
__tests__/components/ProductManager.test.tsx:[2m127:21[22m[39m
    [90m125| [39m      )[33m;[39m
    [90m126| [39m
    [90m127| [39m      [34mexpect[39m(screen[33m.[39m[34mgetByText[39m(
[36m/150|1200|45.50/[39m))[33m.[39m[34mtoBeTruthy[39m()[33m;[39m
    [90m   | [39m                    [31m^[39m
    [90m128| [39m    })[33m;[39m
    [90m129| [39m

[31m[2mÔÄ»ÔÄ»ÔÄ»ÔÄ»ÔÄ»ÔÄ»ÔÄ»ÔÄ»ÔÄ»ÔÄ»ÔÄ»ÔÄ»ÔÄ»ÔÄ»ÔÄ»ÔÄ»ÔÄ»ÔÄ»ÔÄ»ÔÄ»ÔÄ»ÔÄ»ÔÄ»Ô
Ä»[1/9]ÔÄ»[22m[39m

[41m[1m FAIL [22m[49m __tests__/components/ProductManager.test.tsx[2m > 
[22mProductManager Component[2m > [22mRendering & UI[2m > [22maffiche les 
cat├®gories de produits
[31m[1mTestingLibraryElementError[22m[39m: Found multiple elements with 
the text: Services

Here are the matching elements:

Ignored nodes: comments, script, style
[36m<option[39m
  [33mvalue[39m=[32m"Services"[39m
[36m>[39m
  [0mServices[0m
[36m</option>[39m

Ignored nodes: comments, script, style
[36m<span[39m
  [33mclass[39m=[32m"text-[9px] font-black uppercase tracking-widest px-2.5 
py-1 rounded-lg bg-brand-50 dark:bg-brand-800 text-brand-500 
dark:text-brand-400 border border-brand-100 dark:border-brand-700 flex 
items-center gap-1.5"[39m
[36m>[39m
  [36m<span>[39m
    [0mTagIcon[0m
  [36m</span>[39m
  [0m [0m
  [0mServices[0m
[36m</span>[39m

Ignored nodes: comments, script, style
[36m<span[39m
  [33mclass[39m=[32m"text-[9px] font-black uppercase tracking-widest px-2.5 
py-1 rounded-lg bg-brand-50 dark:bg-brand-800 text-brand-500 
dark:text-brand-400 border border-brand-100 dark:border-brand-700 flex 
items-center gap-1.5"[39m
[36m>[39m
  [36m<span>[39m
    [0mTagIcon[0m
  [36m</span>[39m
  [0m [0m
  [0mServices[0m
[36m</span>[39m

(If this is intentional, then use the `*AllBy*` variant of the query (like 
`queryAllByText`, `getAllByText`, or `findAllByText`)).

Ignored nodes: comments, script, style
[36m<body>[39m
  [36m<div>[39m
    [36m<div[39m
      [33mclass[39m=[32m"space-y-8 animate-fade-in max-w-7xl mx-auto 
relative pb-10"[39m
    [36m>[39m
      [36m<div[39m
        [33mclass[39m=[32m"flex flex-col lg:flex-row justify-between 
items-start lg:items-center gap-6"[39m
      [36m>[39m
        [36m<div>[39m
          [36m<h2[39m
            [33mclass[39m=[32m"text-3xl font-bold text-brand-900 
dark:text-white tracking-tight font-display text-gradient"[39m
          [36m>[39m
            [0mCatalogue[0m
          [36m</h2>[39m
          [36m<p[39m
            [33mclass[39m=[32m"text-brand-500 dark:text-brand-400 mt-1"[39m
          [36m>[39m
            [0mG├®rez vos produits et prestations de service.[0m
          [36m</p>[39m
        [36m</div>[39m
        [36m<div[39m
          [33mclass[39m=[32m"flex flex-wrap gap-3 items-center w-full 
lg:w-auto"[39m
        [36m>[39m
          [36m<div[39m
            [33mclass[39m=[32m"bg-white dark:bg-brand-900 p-1.5 rounded-2xl 
shadow-sm border border-brand-200 dark:border-brand-800 flex gap-1"[39m
          [36m>[39m
            [36m<button[39m
              [33mclass[39m=[32m"px-6 py-2 rounded-xl text-sm font-bold 
transition-all duration-300 text-brand-500 hover:text-brand-700 
dark:hover:text-brand-300 hover:bg-brand-50 dark:hover:bg-brand-800"[39m
            [36m>[39m
              [0mActifs[0m
            [36m</button>[39m
            [36m<button[39m
              [33mclass[39m=[32m"px-6 py-2 rounded-xl text-sm font-bold 
transition-all duration-300 text-brand-500 hover:text-brand-700 
dark:hover:text-brand-300 hover:bg-brand-50 dark:hover:bg-brand-800"[39m
            [36m>[39m
              [0mArchiv├®s[0m
            [36m</button>[39m
          [36m</div>[39m
          [36m<div[39m
            [33mclass[39m=[32m"flex gap-2"[39m
          [36m>[39m
            [36m<label[39m
              [33mclass[39m=[32m"btn-secondary px-4 py-2.5 
cursor-pointer"[39m
              [33mtitle[39m=[32m"Importer depuis un CSV"[39m
            [36m>[39m
              [36m<span>[39m
                [0mUploadIcon[0m
              [36m</span>[39m
              [36m<span[39m
                [33mclass[39m=[32m"hidden sm:inline"[39m
              [36m>[39m
                [0mImport[0m
              [36m</span>[39m
              [36m<input[39m
                [33maccept[39m=[32m".csv"[39m
                [33mclass[39m=[32m"hidden"[39m
                [33mtype[39m=[32m"file"[39m
              [36m/>[39m
            [36m</label>[39m
            [36m<button[39m
              [33mclass[39m=[32m"btn-secondary px-4 py-2.5"[39m
              [33mtitle[39m=[32m"Exporter en CSV"[39m
            [36m>[39m
              [36m<span>[39m
                [0mDownloadIcon[0m
              [36m</span>[39m
              [36m<span[39m
                [33mclass[39m=[32m"hidden sm:inline"[39m
              [36m>[39m
                [0mExport[0m
              [36m</span>[39m
            [36m</button>[39m
            [36m<button[39m
              [33mclass[39m=[32m"btn-primary px-6 py-2.5"[39m
            [36m>[39m
              [36m<span>[39m
                [0mPlusIcon[0m
              [36m</span>[39m
              [0mNouveau[0m
            [36m</button>[39m
          [36m</div>[39m
        [36m</div>[39m
      [36m</div>[39m
      [36m<div[39m
        [33mclass[39m=[32m"bento-grid"[39m
      [36m>[39m
        [36m<div[39m
          [33mclass[39m=[32m"bento-item"[39m
        [36m>[39m
          [36m<div[39m
            [33mclass[39m=[32m"flex justify-between items-start mb-4"[39m
          [36m>[39m
            [36m<div[39m
              [33mclass[39m=[32m"p-3 bg-brand-100 dark:bg-brand-800 
rounded-2xl text-brand-600 dark:text-brand-300"[39m
            [36m>[39m
              [36m<span>[39m
                [0mPackageIcon[0m
              [36m</span>[39m
            [36m</div>[39m
            [36m<span[39m
              [33mclass[39m=[32m"text-[10px] font-bold text-brand-400 
uppercase tracking-widest"[39m
            [36m>[39m
              [0mTotal Catalogue[0m
            [36m</span>[39m
          [36m</div>[39m
          [36m<div>[39m
            [36m<h3[39m
              [33mclass[39m=[32m"text-2xl font-bold text-brand-900 
dark:text-white font-display"[39m
            [36m>[39m
              [0m3[0m
            [36m</h3>[39m
            [36m<p[39m
              [33mclass[39m=[32m"text-xs text-brand-500 dark:text-brand-400 
mt-1"[39m
            [36m>[39m
              [0m├ël├®ments actifs[0m
            [36m</p>[39m
          [36m</div>[39m
        [36m</div>[39m
        [36m<div[39m
          [33mclass[39m=[32m"bento-item"[39m
        [36m>[39m
          [36m<div[39m
            [33mclass[39m=[32m"flex justify-between items-start mb-4"[39m
          [36m>[39m
            [36m<div[39m
              [33mclass[39m=[32m"p-3 bg-accent-100 dark:bg-accent-900/30 
rounded-2xl text-accent-600 dark:text-accent-400"[39m
            [36m>[39m
              [36m<span>[39m
                [0mBriefcaseIcon[0m
              [36m</span>[39m
            [36m</div>[39m
            [36m<span[39m
              [33mclass[39m=[32m"text-[10px] font-bold text-brand-400 
uppercase tracking-widest"[39m
            [36m>[39m
              [0mPrestations[0m
            [36m</span>[39m
          [36m</div>[39m
          [36m<div>[39m
            [36m<h3[39m
              [33mclass[39m=[32m"text-2xl font-bold text-accent-600 
dark:text-accent-400 font-display"[39m
            [36m>[39m
              [0m2[0m
            [36m</h3>[39m
            [36m<p[39m
              [33mclass[39m=[32m"text-xs text-brand-500 dark:text-brand-400 
mt-1"[39m
            [36m>[39m
              [0mServices propos├®s[0m
            [36m</p>[39m
          [36m</div>[39m
        [36m</div>[39m
        [36m<div[39m
          [33mclass[39m=[32m"bento-item"[39m
        [36m>[39m
          [36m<div[39m
            [33mclass[39m=[32m"flex justify-between items-start mb-4"[39m
          [36m>[39m
            [36m<div[39m
              [33mclass[39m=[32m"p-3 bg-amber-100 dark:bg-amber-900/30 
rounded-2xl text-amber-600 dark:text-amber-400"[39m
            [36m>[39m
              [36m<span>[39m
                [0mAlertCircleIcon[0m
              [36m</span>[39m
            [36m</div>[39m
            [36m<span[39m
              [33mclass[39m=[32m"text-[10px] font-bold text-brand-400 
uppercase tracking-widest"[39m
            [36m>[39m
              [0mStock Bas[0m
            [36m</span>[39m
          [36m</div>[39m
          [36m<div>[39m
            [36m<h3[39m
              [33mclass[39m=[32m"text-2xl font-bold text-amber...
[90m [2mÔØ»[22m Object.getElementError 
node_modules/@testing-library/dom/dist/config.js:[2m37:19[22m[39m
[90m [2mÔØ»[22m getElementError 
node_modules/@testing-library/dom/dist/query-helpers.js:[2m20:35[22m[39m
[90m [2mÔØ»[22m getMultipleElementsFoundError 
node_modules/@testing-library/dom/dist/query-helpers.js:[2m23:10[22m[39m
[90m [2mÔØ»[22m 
node_modules/@testing-library/dom/dist/query-helpers.js:[2m55:13[22m[39m
[90m [2mÔØ»[22m 
node_modules/@testing-library/dom/dist/query-helpers.js:[2m95:19[22m[39m
[36m [2mÔØ»[22m 
__tests__/components/ProductManager.test.tsx:[2m139:21[22m[39m
    [90m137| [39m      )[33m;[39m
    [90m138| [39m
    [90m139| [39m      expect(screen.queryByText('Services') || 
screen.queryByText('FouÔÇª
    [90m   | [39m                    [31m^[39m
    [90m140| [39m    })[33m;[39m
    [90m141| [39m  })[33m;[39m

[31m[2mÔÄ»ÔÄ»ÔÄ»ÔÄ»ÔÄ»ÔÄ»ÔÄ»ÔÄ»ÔÄ»ÔÄ»ÔÄ»ÔÄ»ÔÄ»ÔÄ»ÔÄ»ÔÄ»ÔÄ»ÔÄ»ÔÄ»ÔÄ»ÔÄ»ÔÄ»ÔÄ»Ô
Ä»[2/9]ÔÄ»[22m[39m

[41m[1m FAIL [22m[49m __tests__/components/ProductManager.test.tsx[2m > 
[22mProductManager Component[2m > [22mSearch Functionality[2m > 
[22maffiche un message si aucun r├®sultat de recherche
[31m[1mTestingLibraryElementError[22m[39m: Found multiple elements with 
the text: /aucun|pas de|no/i

Here are the matching elements:

Ignored nodes: comments, script, style
[36m<button[39m
  [33mclass[39m=[32m"btn-primary px-6 py-2.5"[39m
[36m>[39m
  [36m<span>[39m
    [0mPlusIcon[0m
  [36m</span>[39m
  [0mNouveau[0m
[36m</button>[39m

Ignored nodes: comments, script, style
[36m<h3[39m
  [33mclass[39m=[32m"text-xl font-bold text-brand-900"[39m
[36m>[39m
  [0mNouvel ├®l├®ment[0m
[36m</h3>[39m

Ignored nodes: comments, script, style
[36m<label[39m
  [33mclass[39m=[32m"block text-sm font-semibold text-brand-700 mb-1.5"[39m
  [33mfor[39m=[32m"formData-name"[39m
[36m>[39m
  [0mNom de l'├®l├®ment [0m
  [36m<span[39m
    [33mclass[39m=[32m"text-red-500"[39m
  [36m>[39m
    [0m*[0m
  [36m</span>[39m
[36m</label>[39m

Ignored nodes: comments, script, style
[36m<option[39m
  [33mvalue[39m=[32m"name"[39m
[36m>[39m
  [0mNom (A-Z)[0m
[36m</option>[39m

(If this is intentional, then use the `*AllBy*` variant of the query (like 
`queryAllByText`, `getAllByText`, or `findAllByText`)).

Ignored nodes: comments, script, style
[36m<body>[39m
  [36m<div>[39m
    [36m<div[39m
      [33mclass[39m=[32m"space-y-8 animate-fade-in max-w-7xl mx-auto 
relative pb-10"[39m
    [36m>[39m
      [36m<div[39m
        [33mclass[39m=[32m"flex flex-col lg:flex-row justify-between 
items-start lg:items-center gap-6"[39m
      [36m>[39m
        [36m<div>[39m
          [36m<h2[39m
            [33mclass[39m=[32m"text-3xl font-bold text-brand-900 
dark:text-white tracking-tight font-display text-gradient"[39m
          [36m>[39m
            [0mCatalogue[0m
          [36m</h2>[39m
          [36m<p[39m
            [33mclass[39m=[32m"text-brand-500 dark:text-brand-400 mt-1"[39m
          [36m>[39m
            [0mG├®rez vos produits et prestations de service.[0m
          [36m</p>[39m
        [36m</div>[39m
        [36m<div[39m
          [33mclass[39m=[32m"flex flex-wrap gap-3 items-center w-full 
lg:w-auto"[39m
        [36m>[39m
          [36m<div[39m
            [33mclass[39m=[32m"bg-white dark:bg-brand-900 p-1.5 rounded-2xl 
shadow-sm border border-brand-200 dark:border-brand-800 flex gap-1"[39m
          [36m>[39m
            [36m<button[39m
              [33mclass[39m=[32m"px-6 py-2 rounded-xl text-sm font-bold 
transition-all duration-300 text-brand-500 hover:text-brand-700 
dark:hover:text-brand-300 hover:bg-brand-50 dark:hover:bg-brand-800"[39m
            [36m>[39m
              [0mActifs[0m
            [36m</button>[39m
            [36m<button[39m
              [33mclass[39m=[32m"px-6 py-2 rounded-xl text-sm font-bold 
transition-all duration-300 text-brand-500 hover:text-brand-700 
dark:hover:text-brand-300 hover:bg-brand-50 dark:hover:bg-brand-800"[39m
            [36m>[39m
              [0mArchiv├®s[0m
            [36m</button>[39m
          [36m</div>[39m
          [36m<div[39m
            [33mclass[39m=[32m"flex gap-2"[39m
          [36m>[39m
            [36m<label[39m
              [33mclass[39m=[32m"btn-secondary px-4 py-2.5 
cursor-pointer"[39m
              [33mtitle[39m=[32m"Importer depuis un CSV"[39m
            [36m>[39m
              [36m<span>[39m
                [0mUploadIcon[0m
              [36m</span>[39m
              [36m<span[39m
                [33mclass[39m=[32m"hidden sm:inline"[39m
              [36m>[39m
                [0mImport[0m
              [36m</span>[39m
              [36m<input[39m
                [33maccept[39m=[32m".csv"[39m
                [33mclass[39m=[32m"hidden"[39m
                [33mtype[39m=[32m"file"[39m
              [36m/>[39m
            [36m</label>[39m
            [36m<button[39m
              [33mclass[39m=[32m"btn-secondary px-4 py-2.5"[39m
              [33mtitle[39m=[32m"Exporter en CSV"[39m
            [36m>[39m
              [36m<span>[39m
                [0mDownloadIcon[0m
              [36m</span>[39m
              [36m<span[39m
                [33mclass[39m=[32m"hidden sm:inline"[39m
              [36m>[39m
                [0mExport[0m
              [36m</span>[39m
            [36m</button>[39m
            [36m<button[39m
              [33mclass[39m=[32m"btn-primary px-6 py-2.5"[39m
            [36m>[39m
              [36m<span>[39m
                [0mPlusIcon[0m
              [36m</span>[39m
              [0mNouveau[0m
            [36m</button>[39m
          [36m</div>[39m
        [36m</div>[39m
      [36m</div>[39m
      [36m<div[39m
        [33mclass[39m=[32m"bento-grid"[39m
      [36m>[39m
        [36m<div[39m
          [33mclass[39m=[32m"bento-item"[39m
        [36m>[39m
          [36m<div[39m
            [33mclass[39m=[32m"flex justify-between items-start mb-4"[39m
          [36m>[39m
            [36m<div[39m
              [33mclass[39m=[32m"p-3 bg-brand-100 dark:bg-brand-800 
rounded-2xl text-brand-600 dark:text-brand-300"[39m
            [36m>[39m
              [36m<span>[39m
                [0mPackageIcon[0m
              [36m</span>[39m
            [36m</div>[39m
            [36m<span[39m
              [33mclass[39m=[32m"text-[10px] font-bold text-brand-400 
uppercase tracking-widest"[39m
            [36m>[39m
              [0mTotal Catalogue[0m
            [36m</span>[39m
          [36m</div>[39m
          [36m<div>[39m
            [36m<h3[39m
              [33mclass[39m=[32m"text-2xl font-bold text-brand-900 
dark:text-white font-display"[39m
            [36m>[39m
              [0m3[0m
            [36m</h3>[39m
            [36m<p[39m
              [33mclass[39m=[32m"text-xs text-brand-500 dark:text-brand-400 
mt-1"[39m
            [36m>[39m
              [0m├ël├®ments actifs[0m
            [36m</p>[39m
          [36m</div>[39m
        [36m</div>[39m
        [36m<div[39m
          [33mclass[39m=[32m"bento-item"[39m
        [36m>[39m
          [36m<div[39m
            [33mclass[39m=[32m"flex justify-between items-start mb-4"[39m
          [36m>[39m
            [36m<div[39m
              [33mclass[39m=[32m"p-3 bg-accent-100 dark:bg-accent-900/30 
rounded-2xl text-accent-600 dark:text-accent-400"[39m
            [36m>[39m
              [36m<span>[39m
                [0mBriefcaseIcon[0m
              [36m</span>[39m
            [36m</div>[39m
            [36m<span[39m
              [33mclass[39m=[32m"text-[10px] font-bold text-brand-400 
uppercase tracking-widest"[39m
            [36m>[39m
              [0mPrestations[0m
            [36m</span>[39m
          [36m</div>[39m
          [36m<div>[39m
            [36m<h3[39m
              [33mclass[39m=[32m"text-2xl font-bold text-accent-600 
dark:text-accent-400 font-display"[39m
            [36m>[39m
              [0m2[0m
            [36m</h3>[39m
            [36m<p[39m
              [33mclass[39m=[32m"text-xs text-brand-500 dark:text-brand-400 
mt-1"[39m
            [36m>[39m
              [0mServices propos├®s[0m
            [36m</p>[39m
          [36m</div>[39m
        [36m</div>[39m
        [36m<div[39m
          [33mclass[39m=[32m"bento-item"[39m
        [36m>[39m
          [36m<div[39m
            [33mclass[39m=[32m"flex justify-between items-start mb-4"[39m
          [36m>[39m
            [36m<div[39m
              [33mclass[39m=[32m"p-3 bg-amber-100 dark:bg-amber-900/30 
rounded-2xl text-amber-600 dark:text-amber-400"[39m
            [36m>[39m
              [36m<span>[39m
                [0mAlertCircleIcon[0m
              [36m</span>[39m
            [36m</div>[39m
            [36m<span[39m
              [33mclass[39m=[32m"text-[10px] font-bold text-brand-400 
uppercase tracking-widest"[39m
            [36m>[39m
              [0mStock Bas[0m
            [36m</span>[39m
          [36m</div>[39m
          [36m<div>[39m
            [36m<h3[39m
              [33mclass[39m=[32m"text-2xl font-bold text-amber...

Ignored nodes: comments, script, style
[36m<html>[39m
  [36m<head />[39m
  [36m<body>[39m
    [36m<div>[39m
      [36m<div[39m
        [33mclass[39m=[32m"space-y-8 animate-fade-in max-w-7xl mx-auto 
relative pb-10"[39m
      [36m>[39m
        [36m<div[39m
          [33mclass[39m=[32m"flex flex-col lg:flex-row justify-between 
items-start lg:items-center gap-6"[39m
        [36m>[39m
          [36m<div>[39m
            [36m<h2[39m
              [33mclass[39m=[32m"text-3xl font-bold text-brand-900 
dark:text-white tracking-tight font-display text-gradient"[39m
            [36m>[39m
              [0mCatalogue[0m
            [36m</h2>[39m
            [36m<p[39m
              [33mclass[39m=[32m"text-brand-500 dark:text-brand-400 
mt-1"[39m
            [36m>[39m
              [0mG├®rez vos produits et prestations de service.[0m
            [36m</p>[39m
          [36m</div>[39m
          [36m<div[39m
            [33mclass[39m=[32m"flex flex-wrap gap-3 items-center w-full 
lg:w-auto"[39m
          [36m>[39m
            [36m<div[39m
              [33mclass[39m=[32m"bg-white dark:bg-brand-900 p-1.5 
rounded-2xl shadow-sm border border-brand-200 dark:border-brand-800 flex 
gap-1"[39m
            [36m>[39m
              [36m<button[39m
                [33mclass[39m=[32m"px-6 py-2 rounded-xl text-sm font-bold 
transition-all duration-300 text-brand-500 hover:text-brand-700 
dark:hover:text-brand-300 hover:bg-brand-50 dark:hover:bg-brand-800"[39m
              [36m>[39m
                [0mActifs[0m
              [36m</button>[39m
              [36m<button[39m
                [33mclass[39m=[32m"px-6 py-2 rounded-xl text-sm font-bold 
transition-all duration-300 text-brand-500 hover:text-brand-700 
dark:hover:text-brand-300 hover:bg-brand-50 dark:hover:bg-brand-800"[39m
              [36m>[39m
                [0mArchiv├®s[0m
              [36m</button>[39m
            [36m</div>[39m
            [36m<div[39m
              [33mclass[39m=[32m"flex gap-2"[39m
            [36m>[39m
              [36m<label[39m
                [33mclass[39m=[32m"btn-secondary px-4 py-2.5 
cursor-pointer"[39m
                [33mtitle[39m=[32m"Importer depuis un CSV"[39m
              [36m>[39m
                [36m<span>[39m
                  [0mUploadIcon[0m
                [36m</span>[39m
                [36m<span[39m
                  [33mclass[39m=[32m"hidden sm:inline"[39m
                [36m>[39m
                  [0mImport[0m
                [36m</span>[39m
                [36m<input[39m
                  [33maccept[39m=[32m".csv"[39m
                  [33mclass[39m=[32m"hidden"[39m
                  [33mtype[39m=[32m"file"[39m
                [36m/>[39m
              [36m</label>[39m
              [36m<button[39m
                [33mclass[39m=[32m"btn-secondary px-4 py-2.5"[39m
                [33mtitle[39m=[32m"Exporter en CSV"[39m
              [36m>[39m
                [36m<span>[39m
                  [0mDownloadIcon[0m
                [36m</span>[39m
                [36m<span[39m
                  [33mclass[39m=[32m"hidden sm:inline"[39m
                [36m>[39m
                  [0mExport[0m
                [36m</span>[39m
              [36m</button>[39m
              [36m<button[39m
                [33mclass[39m=[32m"btn-primary px-6 py-2.5"[39m
              [36m>[39m
                [36m<span>[39m
                  [0mPlusIcon[0m
                [36m</span>[39m
                [0mNouveau[0m
              [36m</button>[39m
            [36m</div>[39m
          [36m</div>[39m
        [36m</div>[39m
        [36m<div[39m
          [33mclass[39m=[32m"bento-grid"[39m
        [36m>[39m
          [36m<div[39m
            [33mclass[39m=[32m"bento-item"[39m
          [36m>[39m
            [36m<div[39m
              [33mclass[39m=[32m"flex justify-between items-start mb-4"[39m
            [36m>[39m
              [36m<div[39m
                [33mclass[39m=[32m"p-3 bg-brand-100 dark:bg-brand-800 
rounded-2xl text-brand-600 dark:text-brand-300"[39m
              [36m>[39m
                [36m<span>[39m
                  [0mPackageIcon[0m
                [36m</span>[39m
              [36m</div>[39m
              [36m<span[39m
                [33mclass[39m=[32m"text-[10px] font-bold text-brand-400 
uppercase tracking-widest"[39m
              [36m>[39m
                [0mTotal Catalogue[0m
              [36m</span>[39m
            [36m</div>[39m
            [36m<div>[39m
              [36m<h3[39m
                [33mclass[39m=[32m"text-2xl font-bold text-brand-900 
dark:text-white font-display"[39m
              [36m>[39m
                [0m3[0m
              [36m</h3>[39m
              [36m<p[39m
                [33mclass[39m=[32m"text-xs text-brand-500 
dark:text-brand-400 mt-1"[39m
              [36m>[39m
                [0m├ël├®ments actifs[0m
              [36m</p>[39m
            [36m</div>[39m
          [36m</div>[39m
          [36m<div[39m
            [33mclass[39m=[32m"bento-item"[39m
          [36m>[39m
            [36m<div[39m
              [33mclass[39m=[32m"flex justify-between items-start mb-4"[39m
            [36m>[39m
              [36m<div[39m
                [33mclass[39m=[32m"p-3 bg-accent-100 dark:bg-accent-900/30 
rounded-2xl text-accent-600 dark:text-accent-400"[39m
              [36m>[39m
                [36m<span>[39m
                  [0mBriefcaseIcon[0m
                [36m</span>[39m
              [36m</div>[39m
              [36m<span[39m
                [33mclass[39m=[32m"text-[10px] font-bold text-brand-400 
uppercase tracking-widest"[39m
              [36m>[39m
                [0mPrestations[0m
              [36m</span>[39m
            [36m</div>[39m
            [36m<div>[39m
              [36m<h3[39m
                [33mclass[39m=[32m"text-2xl font-bold text-accent-600 
dark:text-accent-400 font-display"[39m
              [36m>[39m
                [0m2[0m
              [36m</h3>[39m
              [36m<p[39m
                [33mclass[39m=[32m"text-xs text-brand-500 
dark:text-brand-400 mt-1"[39m
              [36m>[39m
                [0mServices propos├®s[0m
              [36m</p>[39m
            [36m</div>[39m
          [36m</div>[39m
          [36m<div[39m
            [33mclass[39m=[32m"bento-item"[39m
          [36m>[39m
            [36m<div[39m
              [33mclass[39m=[32m"flex justify-between items-start mb-4"[39m
            [36m>[39m
              [36m<div[39m
                [33mclass[39m=[32m"p-3 bg-amber-100 dark:bg-amber-900/30 
rounded-2xl text-amber-600 dark:text-amber-400"[39m
              [36m>[39m
                [36m<span>[39m
                  [0mAlertCircleIcon[0m
                [36m</span>[39m
              [36m</div>[39m
 ...
[90m [2mÔØ»[22m Proxy.waitForWrapper 
node_modules/@testing-library/dom/dist/wait-for.js:[2m163:27[22m[39m
[36m [2mÔØ»[22m 
__tests__/components/ProductManager.test.tsx:[2m206:13[22m[39m
    [90m204| [39m      [35mawait[39m 
user[33m.[39m[34mtype[39m(searchInput[33m,[39m 
[32m'ProduitQuiNExistePas12345'[39m)[33m;[39m
    [90m205| [39m
    [90m206| [39m      [35mawait[39m [34mwaitFor[39m(() [33m=>[39m {
    [90m   | [39m            [31m^[39m
    [90m207| [39m        
[34mexpect[39m(screen[33m.[39m[34mgetByText[39m([36m/aucun|pas 
de|no/i[39m))[33m.[39m[34mtoBeTruthy[39m()[33m;[39m
    [90m208| [39m      })[33m;[39m

[31m[2mÔÄ»ÔÄ»ÔÄ»ÔÄ»ÔÄ»ÔÄ»ÔÄ»ÔÄ»ÔÄ»ÔÄ»ÔÄ»ÔÄ»ÔÄ»ÔÄ»ÔÄ»ÔÄ»ÔÄ»ÔÄ»ÔÄ»ÔÄ»ÔÄ»ÔÄ»ÔÄ»Ô
Ä»[3/9]ÔÄ»[22m[39m

[41m[1m FAIL [22m[49m __tests__/components/ProductManager.test.tsx[2m > 
[22mProductManager Component[2m > [22mAdd Product Workflow[2m > [22mouvre 
le panneau pour cr├®er un produit
[31m[1mTestingLibraryElementError[22m[39m: Found multiple elements with 
the text: PlusIcon

Here are the matching elements:

Ignored nodes: comments, script, style
[36m<span>[39m
  [0mPlusIcon[0m
[36m</span>[39m

Ignored nodes: comments, script, style
[36m<span>[39m
  [0mPlusIcon[0m
[36m</span>[39m

(If this is intentional, then use the `*AllBy*` variant of the query (like 
`queryAllByText`, `getAllByText`, or `findAllByText`)).

Ignored nodes: comments, script, style
[36m<body>[39m
  [36m<div>[39m
    [36m<div[39m
      [33mclass[39m=[32m"space-y-8 animate-fade-in max-w-7xl mx-auto 
relative pb-10"[39m
    [36m>[39m
      [36m<div[39m
        [33mclass[39m=[32m"flex flex-col lg:flex-row justify-between 
items-start lg:items-center gap-6"[39m
      [36m>[39m
        [36m<div>[39m
          [36m<h2[39m
            [33mclass[39m=[32m"text-3xl font-bold text-brand-900 
dark:text-white tracking-tight font-display text-gradient"[39m
          [36m>[39m
            [0mCatalogue[0m
          [36m</h2>[39m
          [36m<p[39m
            [33mclass[39m=[32m"text-brand-500 dark:text-brand-400 mt-1"[39m
          [36m>[39m
            [0mG├®rez vos produits et prestations de service.[0m
          [36m</p>[39m
        [36m</div>[39m
        [36m<div[39m
          [33mclass[39m=[32m"flex flex-wrap gap-3 items-center w-full 
lg:w-auto"[39m
        [36m>[39m
          [36m<div[39m
            [33mclass[39m=[32m"bg-white dark:bg-brand-900 p-1.5 rounded-2xl 
shadow-sm border border-brand-200 dark:border-brand-800 flex gap-1"[39m
          [36m>[39m
            [36m<button[39m
              [33mclass[39m=[32m"px-6 py-2 rounded-xl text-sm font-bold 
transition-all duration-300 text-brand-500 hover:text-brand-700 
dark:hover:text-brand-300 hover:bg-brand-50 dark:hover:bg-brand-800"[39m
            [36m>[39m
              [0mActifs[0m
            [36m</button>[39m
            [36m<button[39m
              [33mclass[39m=[32m"px-6 py-2 rounded-xl text-sm font-bold 
transition-all duration-300 text-brand-500 hover:text-brand-700 
dark:hover:text-brand-300 hover:bg-brand-50 dark:hover:bg-brand-800"[39m
            [36m>[39m
              [0mArchiv├®s[0m
            [36m</button>[39m
          [36m</div>[39m
          [36m<div[39m
            [33mclass[39m=[32m"flex gap-2"[39m
          [36m>[39m
            [36m<label[39m
              [33mclass[39m=[32m"btn-secondary px-4 py-2.5 
cursor-pointer"[39m
              [33mtitle[39m=[32m"Importer depuis un CSV"[39m
            [36m>[39m
              [36m<span>[39m
                [0mUploadIcon[0m
              [36m</span>[39m
              [36m<span[39m
                [33mclass[39m=[32m"hidden sm:inline"[39m
              [36m>[39m
                [0mImport[0m
              [36m</span>[39m
              [36m<input[39m
                [33maccept[39m=[32m".csv"[39m
                [33mclass[39m=[32m"hidden"[39m
                [33mtype[39m=[32m"file"[39m
              [36m/>[39m
            [36m</label>[39m
            [36m<button[39m
              [33mclass[39m=[32m"btn-secondary px-4 py-2.5"[39m
              [33mtitle[39m=[32m"Exporter en CSV"[39m
            [36m>[39m
              [36m<span>[39m
                [0mDownloadIcon[0m
              [36m</span>[39m
              [36m<span[39m
                [33mclass[39m=[32m"hidden sm:inline"[39m
              [36m>[39m
                [0mExport[0m
              [36m</span>[39m
            [36m</button>[39m
            [36m<button[39m
              [33mclass[39m=[32m"btn-primary px-6 py-2.5"[39m
            [36m>[39m
              [36m<span>[39m
                [0mPlusIcon[0m
              [36m</span>[39m
              [0mNouveau[0m
            [36m</button>[39m
          [36m</div>[39m
        [36m</div>[39m
      [36m</div>[39m
      [36m<div[39m
        [33mclass[39m=[32m"bento-grid"[39m
      [36m>[39m
        [36m<div[39m
          [33mclass[39m=[32m"bento-item"[39m
        [36m>[39m
          [36m<div[39m
            [33mclass[39m=[32m"flex justify-between items-start mb-4"[39m
          [36m>[39m
            [36m<div[39m
              [33mclass[39m=[32m"p-3 bg-brand-100 dark:bg-brand-800 
rounded-2xl text-brand-600 dark:text-brand-300"[39m
            [36m>[39m
              [36m<span>[39m
                [0mPackageIcon[0m
              [36m</span>[39m
            [36m</div>[39m
            [36m<span[39m
              [33mclass[39m=[32m"text-[10px] font-bold text-brand-400 
uppercase tracking-widest"[39m
            [36m>[39m
              [0mTotal Catalogue[0m
            [36m</span>[39m
          [36m</div>[39m
          [36m<div>[39m
            [36m<h3[39m
              [33mclass[39m=[32m"text-2xl font-bold text-brand-900 
dark:text-white font-display"[39m
            [36m>[39m
              [0m3[0m
            [36m</h3>[39m
            [36m<p[39m
              [33mclass[39m=[32m"text-xs text-brand-500 dark:text-brand-400 
mt-1"[39m
            [36m>[39m
              [0m├ël├®ments actifs[0m
            [36m</p>[39m
          [36m</div>[39m
        [36m</div>[39m
        [36m<div[39m
          [33mclass[39m=[32m"bento-item"[39m
        [36m>[39m
          [36m<div[39m
            [33mclass[39m=[32m"flex justify-between items-start mb-4"[39m
          [36m>[39m
            [36m<div[39m
              [33mclass[39m=[32m"p-3 bg-accent-100 dark:bg-accent-900/30 
rounded-2xl text-accent-600 dark:text-accent-400"[39m
            [36m>[39m
              [36m<span>[39m
                [0mBriefcaseIcon[0m
              [36m</span>[39m
            [36m</div>[39m
            [36m<span[39m
              [33mclass[39m=[32m"text-[10px] font-bold text-brand-400 
uppercase tracking-widest"[39m
            [36m>[39m
              [0mPrestations[0m
            [36m</span>[39m
          [36m</div>[39m
          [36m<div>[39m
            [36m<h3[39m
              [33mclass[39m=[32m"text-2xl font-bold text-accent-600 
dark:text-accent-400 font-display"[39m
            [36m>[39m
              [0m2[0m
            [36m</h3>[39m
            [36m<p[39m
              [33mclass[39m=[32m"text-xs text-brand-500 dark:text-brand-400 
mt-1"[39m
            [36m>[39m
              [0mServices propos├®s[0m
            [36m</p>[39m
          [36m</div>[39m
        [36m</div>[39m
        [36m<div[39m
          [33mclass[39m=[32m"bento-item"[39m
        [36m>[39m
          [36m<div[39m
            [33mclass[39m=[32m"flex justify-between items-start mb-4"[39m
          [36m>[39m
            [36m<div[39m
              [33mclass[39m=[32m"p-3 bg-amber-100 dark:bg-amber-900/30 
rounded-2xl text-amber-600 dark:text-amber-400"[39m
            [36m>[39m
              [36m<span>[39m
                [0mAlertCircleIcon[0m
              [36m</span>[39m
            [36m</div>[39m
            [36m<span[39m
              [33mclass[39m=[32m"text-[10px] font-bold text-brand-400 
uppercase tracking-widest"[39m
            [36m>[39m
              [0mStock Bas[0m
            [36m</span>[39m
          [36m</div>[39m
          [36m<div>[39m
            [36m<h3[39m
              [33mclass[39m=[32m"text-2xl font-bold text-amber...
[90m [2mÔØ»[22m Object.getElementError 
node_modules/@testing-library/dom/dist/config.js:[2m37:19[22m[39m
[90m [2mÔØ»[22m getElementError 
node_modules/@testing-library/dom/dist/query-helpers.js:[2m20:35[22m[39m
[90m [2mÔØ»[22m getMultipleElementsFoundError 
node_modules/@testing-library/dom/dist/query-helpers.js:[2m23:10[22m[39m
[90m [2mÔØ»[22m 
node_modules/@testing-library/dom/dist/query-helpers.js:[2m55:13[22m[39m
[90m [2mÔØ»[22m 
node_modules/@testing-library/dom/dist/query-helpers.js:[2m95:19[22m[39m
[36m [2mÔØ»[22m 
__tests__/components/ProductManager.test.tsx:[2m446:32[22m[39m
    [90m444| [39m      )[33m;[39m
    [90m445| [39m
    [90m446| [39m      [35mconst[39m addButton [33m=[39m 
screen[33m.[39m[34mgetByText[39m([32m'PlusIcon'[39m)[33m;[39m
    [90m   | [39m                               [31m^[39m
    [90m447| [39m      [35mawait[39m 
user[33m.[39m[34mclick[39m(addButton)[33m;[39m
    [90m448| [39m

[31m[2mÔÄ»ÔÄ»ÔÄ»ÔÄ»ÔÄ»ÔÄ»ÔÄ»ÔÄ»ÔÄ»ÔÄ»ÔÄ»ÔÄ»ÔÄ»ÔÄ»ÔÄ»ÔÄ»ÔÄ»ÔÄ»ÔÄ»ÔÄ»ÔÄ»ÔÄ»ÔÄ»Ô
Ä»[4/9]ÔÄ»[22m[39m

[41m[1m FAIL [22m[49m __tests__/components/ProductManager.test.tsx[2m > 
[22mProductManager Component[2m > [22mAdd Product Workflow[2m > [22mcr├®e 
un produit avec nom et prix
[31m[1mTestingLibraryElementError[22m[39m: Found multiple elements with 
the text: PlusIcon

Here are the matching elements:

Ignored nodes: comments, script, style
[36m<span>[39m
  [0mPlusIcon[0m
[36m</span>[39m

Ignored nodes: comments, script, style
[36m<span>[39m
  [0mPlusIcon[0m
[36m</span>[39m

(If this is intentional, then use the `*AllBy*` variant of the query (like 
`queryAllByText`, `getAllByText`, or `findAllByText`)).

Ignored nodes: comments, script, style
[36m<body>[39m
  [36m<div>[39m
    [36m<div[39m
      [33mclass[39m=[32m"space-y-8 animate-fade-in max-w-7xl mx-auto 
relative pb-10"[39m
    [36m>[39m
      [36m<div[39m
        [33mclass[39m=[32m"flex flex-col lg:flex-row justify-between 
items-start lg:items-center gap-6"[39m
      [36m>[39m
        [36m<div>[39m
          [36m<h2[39m
            [33mclass[39m=[32m"text-3xl font-bold text-brand-900 
dark:text-white tracking-tight font-display text-gradient"[39m
          [36m>[39m
            [0mCatalogue[0m
          [36m</h2>[39m
          [36m<p[39m
            [33mclass[39m=[32m"text-brand-500 dark:text-brand-400 mt-1"[39m
          [36m>[39m
            [0mG├®rez vos produits et prestations de service.[0m
          [36m</p>[39m
        [36m</div>[39m
        [36m<div[39m
          [33mclass[39m=[32m"flex flex-wrap gap-3 items-center w-full 
lg:w-auto"[39m
        [36m>[39m
          [36m<div[39m
            [33mclass[39m=[32m"bg-white dark:bg-brand-900 p-1.5 rounded-2xl 
shadow-sm border border-brand-200 dark:border-brand-800 flex gap-1"[39m
          [36m>[39m
            [36m<button[39m
              [33mclass[39m=[32m"px-6 py-2 rounded-xl text-sm font-bold 
transition-all duration-300 text-brand-500 hover:text-brand-700 
dark:hover:text-brand-300 hover:bg-brand-50 dark:hover:bg-brand-800"[39m
            [36m>[39m
              [0mActifs[0m
            [36m</button>[39m
            [36m<button[39m
              [33mclass[39m=[32m"px-6 py-2 rounded-xl text-sm font-bold 
transition-all duration-300 text-brand-500 hover:text-brand-700 
dark:hover:text-brand-300 hover:bg-brand-50 dark:hover:bg-brand-800"[39m
            [36m>[39m
              [0mArchiv├®s[0m
            [36m</button>[39m
          [36m</div>[39m
          [36m<div[39m
            [33mclass[39m=[32m"flex gap-2"[39m
          [36m>[39m
            [36m<label[39m
              [33mclass[39m=[32m"btn-secondary px-4 py-2.5 
cursor-pointer"[39m
              [33mtitle[39m=[32m"Importer depuis un CSV"[39m
            [36m>[39m
              [36m<span>[39m
                [0mUploadIcon[0m
              [36m</span>[39m
              [36m<span[39m
                [33mclass[39m=[32m"hidden sm:inline"[39m
              [36m>[39m
                [0mImport[0m
              [36m</span>[39m
              [36m<input[39m
                [33maccept[39m=[32m".csv"[39m
                [33mclass[39m=[32m"hidden"[39m
                [33mtype[39m=[32m"file"[39m
              [36m/>[39m
            [36m</label>[39m
            [36m<button[39m
              [33mclass[39m=[32m"btn-secondary px-4 py-2.5"[39m
              [33mtitle[39m=[32m"Exporter en CSV"[39m
            [36m>[39m
              [36m<span>[39m
                [0mDownloadIcon[0m
              [36m</span>[39m
              [36m<span[39m
                [33mclass[39m=[32m"hidden sm:inline"[39m
              [36m>[39m
                [0mExport[0m
              [36m</span>[39m
            [36m</button>[39m
            [36m<button[39m
              [33mclass[39m=[32m"btn-primary px-6 py-2.5"[39m
            [36m>[39m
              [36m<span>[39m
                [0mPlusIcon[0m
              [36m</span>[39m
              [0mNouveau[0m
            [36m</button>[39m
          [36m</div>[39m
        [36m</div>[39m
      [36m</div>[39m
      [36m<div[39m
        [33mclass[39m=[32m"bento-grid"[39m
      [36m>[39m
        [36m<div[39m
          [33mclass[39m=[32m"bento-item"[39m
        [36m>[39m
          [36m<div[39m
            [33mclass[39m=[32m"flex justify-between items-start mb-4"[39m
          [36m>[39m
            [36m<div[39m
              [33mclass[39m=[32m"p-3 bg-brand-100 dark:bg-brand-800 
rounded-2xl text-brand-600 dark:text-brand-300"[39m
            [36m>[39m
              [36m<span>[39m
                [0mPackageIcon[0m
              [36m</span>[39m
            [36m</div>[39m
            [36m<span[39m
              [33mclass[39m=[32m"text-[10px] font-bold text-brand-400 
uppercase tracking-widest"[39m
            [36m>[39m
              [0mTotal Catalogue[0m
            [36m</span>[39m
          [36m</div>[39m
          [36m<div>[39m
            [36m<h3[39m
              [33mclass[39m=[32m"text-2xl font-bold text-brand-900 
dark:text-white font-display"[39m
            [36m>[39m
              [0m3[0m
            [36m</h3>[39m
            [36m<p[39m
              [33mclass[39m=[32m"text-xs text-brand-500 dark:text-brand-400 
mt-1"[39m
            [36m>[39m
              [0m├ël├®ments actifs[0m
            [36m</p>[39m
          [36m</div>[39m
        [36m</div>[39m
        [36m<div[39m
          [33mclass[39m=[32m"bento-item"[39m
        [36m>[39m
          [36m<div[39m
            [33mclass[39m=[32m"flex justify-between items-start mb-4"[39m
          [36m>[39m
            [36m<div[39m
              [33mclass[39m=[32m"p-3 bg-accent-100 dark:bg-accent-900/30 
rounded-2xl text-accent-600 dark:text-accent-400"[39m
            [36m>[39m
              [36m<span>[39m
                [0mBriefcaseIcon[0m
              [36m</span>[39m
            [36m</div>[39m
            [36m<span[39m
              [33mclass[39m=[32m"text-[10px] font-bold text-brand-400 
uppercase tracking-widest"[39m
            [36m>[39m
              [0mPrestations[0m
            [36m</span>[39m
          [36m</div>[39m
          [36m<div>[39m
            [36m<h3[39m
              [33mclass[39m=[32m"text-2xl font-bold text-accent-600 
dark:text-accent-400 font-display"[39m
            [36m>[39m
              [0m2[0m
            [36m</h3>[39m
            [36m<p[39m
              [33mclass[39m=[32m"text-xs text-brand-500 dark:text-brand-400 
mt-1"[39m
            [36m>[39m
              [0mServices propos├®s[0m
            [36m</p>[39m
          [36m</div>[39m
        [36m</div>[39m
        [36m<div[39m
          [33mclass[39m=[32m"bento-item"[39m
        [36m>[39m
          [36m<div[39m
            [33mclass[39m=[32m"flex justify-between items-start mb-4"[39m
          [36m>[39m
            [36m<div[39m
              [33mclass[39m=[32m"p-3 bg-amber-100 dark:bg-amber-900/30 
rounded-2xl text-amber-600 dark:text-amber-400"[39m
            [36m>[39m
              [36m<span>[39m
                [0mAlertCircleIcon[0m
              [36m</span>[39m
            [36m</div>[39m
            [36m<span[39m
              [33mclass[39m=[32m"text-[10px] font-bold text-brand-400 
uppercase tracking-widest"[39m
            [36m>[39m
              [0mStock Bas[0m
            [36m</span>[39m
          [36m</div>[39m
          [36m<div>[39m
            [36m<h3[39m
              [33mclass[39m=[32m"text-2xl font-bold text-amber...
[90m [2mÔØ»[22m Object.getElementError 
node_modules/@testing-library/dom/dist/config.js:[2m37:19[22m[39m
[90m [2mÔØ»[22m getElementError 
node_modules/@testing-library/dom/dist/query-helpers.js:[2m20:35[22m[39m
[90m [2mÔØ»[22m getMultipleElementsFoundError 
node_modules/@testing-library/dom/dist/query-helpers.js:[2m23:10[22m[39m
[90m [2mÔØ»[22m 
node_modules/@testing-library/dom/dist/query-helpers.js:[2m55:13[22m[39m
[90m [2mÔØ»[22m 
node_modules/@testing-library/dom/dist/query-helpers.js:[2m95:19[22m[39m
[36m [2mÔØ»[22m 
__tests__/components/ProductManager.test.tsx:[2m463:32[22m[39m
    [90m461| [39m      )[33m;[39m
    [90m462| [39m
    [90m463| [39m      [35mconst[39m addButton [33m=[39m 
screen[33m.[39m[34mgetByText[39m([32m'PlusIcon'[39m)[33m;[39m
    [90m   | [39m                               [31m^[39m
    [90m464| [39m      [35mawait[39m 
user[33m.[39m[34mclick[39m(addButton)[33m;[39m
    [90m465| [39m

[31m[2mÔÄ»ÔÄ»ÔÄ»ÔÄ»ÔÄ»ÔÄ»ÔÄ»ÔÄ»ÔÄ»ÔÄ»ÔÄ»ÔÄ»ÔÄ»ÔÄ»ÔÄ»ÔÄ»ÔÄ»ÔÄ»ÔÄ»ÔÄ»ÔÄ»ÔÄ»ÔÄ»Ô
Ä»[5/9]ÔÄ»[22m[39m

[41m[1m FAIL [22m[49m __tests__/components/ProductManager.test.tsx[2m > 
[22mProductManager Component[2m > [22mAdd Product Workflow[2m > 
[22mvalide que le nom est requis
[31m[1mTestingLibraryElementError[22m[39m: Found multiple elements with 
the text: PlusIcon

Here are the matching elements:

Ignored nodes: comments, script, style
[36m<span>[39m
  [0mPlusIcon[0m
[36m</span>[39m

Ignored nodes: comments, script, style
[36m<span>[39m
  [0mPlusIcon[0m
[36m</span>[39m

(If this is intentional, then use the `*AllBy*` variant of the query (like 
`queryAllByText`, `getAllByText`, or `findAllByText`)).

Ignored nodes: comments, script, style
[36m<body>[39m
  [36m<div>[39m
    [36m<div[39m
      [33mclass[39m=[32m"space-y-8 animate-fade-in max-w-7xl mx-auto 
relative pb-10"[39m
    [36m>[39m
      [36m<div[39m
        [33mclass[39m=[32m"flex flex-col lg:flex-row justify-between 
items-start lg:items-center gap-6"[39m
      [36m>[39m
        [36m<div>[39m
          [36m<h2[39m
            [33mclass[39m=[32m"text-3xl font-bold text-brand-900 
dark:text-white tracking-tight font-display text-gradient"[39m
          [36m>[39m
            [0mCatalogue[0m
          [36m</h2>[39m
          [36m<p[39m
            [33mclass[39m=[32m"text-brand-500 dark:text-brand-400 mt-1"[39m
          [36m>[39m
            [0mG├®rez vos produits et prestations de service.[0m
          [36m</p>[39m
        [36m</div>[39m
        [36m<div[39m
          [33mclass[39m=[32m"flex flex-wrap gap-3 items-center w-full 
lg:w-auto"[39m
        [36m>[39m
          [36m<div[39m
            [33mclass[39m=[32m"bg-white dark:bg-brand-900 p-1.5 rounded-2xl 
shadow-sm border border-brand-200 dark:border-brand-800 flex gap-1"[39m
          [36m>[39m
            [36m<button[39m
              [33mclass[39m=[32m"px-6 py-2 rounded-xl text-sm font-bold 
transition-all duration-300 text-brand-500 hover:text-brand-700 
dark:hover:text-brand-300 hover:bg-brand-50 dark:hover:bg-brand-800"[39m
            [36m>[39m
              [0mActifs[0m
            [36m</button>[39m
            [36m<button[39m
              [33mclass[39m=[32m"px-6 py-2 rounded-xl text-sm font-bold 
transition-all duration-300 text-brand-500 hover:text-brand-700 
dark:hover:text-brand-300 hover:bg-brand-50 dark:hover:bg-brand-800"[39m
            [36m>[39m
              [0mArchiv├®s[0m
            [36m</button>[39m
          [36m</div>[39m
          [36m<div[39m
            [33mclass[39m=[32m"flex gap-2"[39m
          [36m>[39m
            [36m<label[39m
              [33mclass[39m=[32m"btn-secondary px-4 py-2.5 
cursor-pointer"[39m
              [33mtitle[39m=[32m"Importer depuis un CSV"[39m
            [36m>[39m
              [36m<span>[39m
                [0mUploadIcon[0m
              [36m</span>[39m
              [36m<span[39m
                [33mclass[39m=[32m"hidden sm:inline"[39m
              [36m>[39m
                [0mImport[0m
              [36m</span>[39m
              [36m<input[39m
                [33maccept[39m=[32m".csv"[39m
                [33mclass[39m=[32m"hidden"[39m
                [33mtype[39m=[32m"file"[39m
              [36m/>[39m
            [36m</label>[39m
            [36m<button[39m
              [33mclass[39m=[32m"btn-secondary px-4 py-2.5"[39m
              [33mtitle[39m=[32m"Exporter en CSV"[39m
            [36m>[39m
              [36m<span>[39m
                [0mDownloadIcon[0m
              [36m</span>[39m
              [36m<span[39m
                [33mclass[39m=[32m"hidden sm:inline"[39m
              [36m>[39m
                [0mExport[0m
              [36m</span>[39m
            [36m</button>[39m
            [36m<button[39m
              [33mclass[39m=[32m"btn-primary px-6 py-2.5"[39m
            [36m>[39m
              [36m<span>[39m
                [0mPlusIcon[0m
              [36m</span>[39m
              [0mNouveau[0m
            [36m</button>[39m
          [36m</div>[39m
        [36m</div>[39m
      [36m</div>[39m
      [36m<div[39m
        [33mclass[39m=[32m"bento-grid"[39m
      [36m>[39m
        [36m<div[39m
          [33mclass[39m=[32m"bento-item"[39m
        [36m>[39m
          [36m<div[39m
            [33mclass[39m=[32m"flex justify-between items-start mb-4"[39m
          [36m>[39m
            [36m<div[39m
              [33mclass[39m=[32m"p-3 bg-brand-100 dark:bg-brand-800 
rounded-2xl text-brand-600 dark:text-brand-300"[39m
            [36m>[39m
              [36m<span>[39m
                [0mPackageIcon[0m
              [36m</span>[39m
            [36m</div>[39m
            [36m<span[39m
              [33mclass[39m=[32m"text-[10px] font-bold text-brand-400 
uppercase tracking-widest"[39m
            [36m>[39m
              [0mTotal Catalogue[0m
            [36m</span>[39m
          [36m</div>[39m
          [36m<div>[39m
            [36m<h3[39m
              [33mclass[39m=[32m"text-2xl font-bold text-brand-900 
dark:text-white font-display"[39m
            [36m>[39m
              [0m3[0m
            [36m</h3>[39m
            [36m<p[39m
              [33mclass[39m=[32m"text-xs text-brand-500 dark:text-brand-400 
mt-1"[39m
            [36m>[39m
              [0m├ël├®ments actifs[0m
            [36m</p>[39m
          [36m</div>[39m
        [36m</div>[39m
        [36m<div[39m
          [33mclass[39m=[32m"bento-item"[39m
        [36m>[39m
          [36m<div[39m
            [33mclass[39m=[32m"flex justify-between items-start mb-4"[39m
          [36m>[39m
            [36m<div[39m
              [33mclass[39m=[32m"p-3 bg-accent-100 dark:bg-accent-900/30 
rounded-2xl text-accent-600 dark:text-accent-400"[39m
            [36m>[39m
              [36m<span>[39m
                [0mBriefcaseIcon[0m
              [36m</span>[39m
            [36m</div>[39m
            [36m<span[39m
              [33mclass[39m=[32m"text-[10px] font-bold text-brand-400 
uppercase tracking-widest"[39m
            [36m>[39m
              [0mPrestations[0m
            [36m</span>[39m
          [36m</div>[39m
          [36m<div>[39m
            [36m<h3[39m
              [33mclass[39m=[32m"text-2xl font-bold text-accent-600 
dark:text-accent-400 font-display"[39m
            [36m>[39m
              [0m2[0m
            [36m</h3>[39m
            [36m<p[39m
              [33mclass[39m=[32m"text-xs text-brand-500 dark:text-brand-400 
mt-1"[39m
            [36m>[39m
              [0mServices propos├®s[0m
            [36m</p>[39m
          [36m</div>[39m
        [36m</div>[39m
        [36m<div[39m
          [33mclass[39m=[32m"bento-item"[39m
        [36m>[39m
          [36m<div[39m
            [33mclass[39m=[32m"flex justify-between items-start mb-4"[39m
          [36m>[39m
            [36m<div[39m
              [33mclass[39m=[32m"p-3 bg-amber-100 dark:bg-amber-900/30 
rounded-2xl text-amber-600 dark:text-amber-400"[39m
            [36m>[39m
              [36m<span>[39m
                [0mAlertCircleIcon[0m
              [36m</span>[39m
            [36m</div>[39m
            [36m<span[39m
              [33mclass[39m=[32m"text-[10px] font-bold text-brand-400 
uppercase tracking-widest"[39m
            [36m>[39m
              [0mStock Bas[0m
            [36m</span>[39m
          [36m</div>[39m
          [36m<div>[39m
            [36m<h3[39m
              [33mclass[39m=[32m"text-2xl font-bold text-amber...
[90m [2mÔØ»[22m Object.getElementError 
node_modules/@testing-library/dom/dist/config.js:[2m37:19[22m[39m
[90m [2mÔØ»[22m getElementError 
node_modules/@testing-library/dom/dist/query-helpers.js:[2m20:35[22m[39m
[90m [2mÔØ»[22m getMultipleElementsFoundError 
node_modules/@testing-library/dom/dist/query-helpers.js:[2m23:10[22m[39m
[90m [2mÔØ»[22m 
node_modules/@testing-library/dom/dist/query-helpers.js:[2m55:13[22m[39m
[90m [2mÔØ»[22m 
node_modules/@testing-library/dom/dist/query-helpers.js:[2m95:19[22m[39m
[36m [2mÔØ»[22m 
__tests__/components/ProductManager.test.tsx:[2m482:32[22m[39m
    [90m480| [39m      )[33m;[39m
    [90m481| [39m
    [90m482| [39m      [35mconst[39m addButton [33m=[39m 
screen[33m.[39m[34mgetByText[39m([32m'PlusIcon'[39m)[33m;[39m
    [90m   | [39m                               [31m^[39m
    [90m483| [39m      [35mawait[39m 
user[33m.[39m[34mclick[39m(addButton)[33m;[39m
    [90m484| [39m

[31m[2mÔÄ»ÔÄ»ÔÄ»ÔÄ»ÔÄ»ÔÄ»ÔÄ»ÔÄ»ÔÄ»ÔÄ»ÔÄ»ÔÄ»ÔÄ»ÔÄ»ÔÄ»ÔÄ»ÔÄ»ÔÄ»ÔÄ»ÔÄ»ÔÄ»ÔÄ»ÔÄ»Ô
Ä»[6/9]ÔÄ»[22m[39m

[41m[1m FAIL [22m[49m __tests__/components/ProductManager.test.tsx[2m > 
[22mProductManager Component[2m > [22mUnit & SKU Management[2m > 
[22mpermet de cr├®er un produit avec une unit├® personnalis├®e
[31m[1mTestingLibraryElementError[22m[39m: Found multiple elements with 
the text: PlusIcon

Here are the matching elements:

Ignored nodes: comments, script, style
[36m<span>[39m
  [0mPlusIcon[0m
[36m</span>[39m

Ignored nodes: comments, script, style
[36m<span>[39m
  [0mPlusIcon[0m
[36m</span>[39m

(If this is intentional, then use the `*AllBy*` variant of the query (like 
`queryAllByText`, `getAllByText`, or `findAllByText`)).

Ignored nodes: comments, script, style
[36m<body>[39m
  [36m<div>[39m
    [36m<div[39m
      [33mclass[39m=[32m"space-y-8 animate-fade-in max-w-7xl mx-auto 
relative pb-10"[39m
    [36m>[39m
      [36m<div[39m
        [33mclass[39m=[32m"flex flex-col lg:flex-row justify-between 
items-start lg:items-center gap-6"[39m
      [36m>[39m
        [36m<div>[39m
          [36m<h2[39m
            [33mclass[39m=[32m"text-3xl font-bold text-brand-900 
dark:text-white tracking-tight font-display text-gradient"[39m
          [36m>[39m
            [0mCatalogue[0m
          [36m</h2>[39m
          [36m<p[39m
            [33mclass[39m=[32m"text-brand-500 dark:text-brand-400 mt-1"[39m
          [36m>[39m
            [0mG├®rez vos produits et prestations de service.[0m
          [36m</p>[39m
        [36m</div>[39m
        [36m<div[39m
          [33mclass[39m=[32m"flex flex-wrap gap-3 items-center w-full 
lg:w-auto"[39m
        [36m>[39m
          [36m<div[39m
            [33mclass[39m=[32m"bg-white dark:bg-brand-900 p-1.5 rounded-2xl 
shadow-sm border border-brand-200 dark:border-brand-800 flex gap-1"[39m
          [36m>[39m
            [36m<button[39m
              [33mclass[39m=[32m"px-6 py-2 rounded-xl text-sm font-bold 
transition-all duration-300 text-brand-500 hover:text-brand-700 
dark:hover:text-brand-300 hover:bg-brand-50 dark:hover:bg-brand-800"[39m
            [36m>[39m
              [0mActifs[0m
            [36m</button>[39m
            [36m<button[39m
              [33mclass[39m=[32m"px-6 py-2 rounded-xl text-sm font-bold 
transition-all duration-300 text-brand-500 hover:text-brand-700 
dark:hover:text-brand-300 hover:bg-brand-50 dark:hover:bg-brand-800"[39m
            [36m>[39m
              [0mArchiv├®s[0m
            [36m</button>[39m
          [36m</div>[39m
          [36m<div[39m
            [33mclass[39m=[32m"flex gap-2"[39m
          [36m>[39m
            [36m<label[39m
              [33mclass[39m=[32m"btn-secondary px-4 py-2.5 
cursor-pointer"[39m
              [33mtitle[39m=[32m"Importer depuis un CSV"[39m
            [36m>[39m
              [36m<span>[39m
                [0mUploadIcon[0m
              [36m</span>[39m
              [36m<span[39m
                [33mclass[39m=[32m"hidden sm:inline"[39m
              [36m>[39m
                [0mImport[0m
              [36m</span>[39m
              [36m<input[39m
                [33maccept[39m=[32m".csv"[39m
                [33mclass[39m=[32m"hidden"[39m
                [33mtype[39m=[32m"file"[39m
              [36m/>[39m
            [36m</label>[39m
            [36m<button[39m
              [33mclass[39m=[32m"btn-secondary px-4 py-2.5"[39m
              [33mtitle[39m=[32m"Exporter en CSV"[39m
            [36m>[39m
              [36m<span>[39m
                [0mDownloadIcon[0m
              [36m</span>[39m
              [36m<span[39m
                [33mclass[39m=[32m"hidden sm:inline"[39m
              [36m>[39m
                [0mExport[0m
              [36m</span>[39m
            [36m</button>[39m
            [36m<button[39m
              [33mclass[39m=[32m"btn-primary px-6 py-2.5"[39m
            [36m>[39m
              [36m<span>[39m
                [0mPlusIcon[0m
              [36m</span>[39m
              [0mNouveau[0m
            [36m</button>[39m
          [36m</div>[39m
        [36m</div>[39m
      [36m</div>[39m
      [36m<div[39m
        [33mclass[39m=[32m"bento-grid"[39m
      [36m>[39m
        [36m<div[39m
          [33mclass[39m=[32m"bento-item"[39m
        [36m>[39m
          [36m<div[39m
            [33mclass[39m=[32m"flex justify-between items-start mb-4"[39m
          [36m>[39m
            [36m<div[39m
              [33mclass[39m=[32m"p-3 bg-brand-100 dark:bg-brand-800 
rounded-2xl text-brand-600 dark:text-brand-300"[39m
            [36m>[39m
              [36m<span>[39m
                [0mPackageIcon[0m
              [36m</span>[39m
            [36m</div>[39m
            [36m<span[39m
              [33mclass[39m=[32m"text-[10px] font-bold text-brand-400 
uppercase tracking-widest"[39m
            [36m>[39m
              [0mTotal Catalogue[0m
            [36m</span>[39m
          [36m</div>[39m
          [36m<div>[39m
            [36m<h3[39m
              [33mclass[39m=[32m"text-2xl font-bold text-brand-900 
dark:text-white font-display"[39m
            [36m>[39m
              [0m3[0m
            [36m</h3>[39m
            [36m<p[39m
              [33mclass[39m=[32m"text-xs text-brand-500 dark:text-brand-400 
mt-1"[39m
            [36m>[39m
              [0m├ël├®ments actifs[0m
            [36m</p>[39m
          [36m</div>[39m
        [36m</div>[39m
        [36m<div[39m
          [33mclass[39m=[32m"bento-item"[39m
        [36m>[39m
          [36m<div[39m
            [33mclass[39m=[32m"flex justify-between items-start mb-4"[39m
          [36m>[39m
            [36m<div[39m
              [33mclass[39m=[32m"p-3 bg-accent-100 dark:bg-accent-900/30 
rounded-2xl text-accent-600 dark:text-accent-400"[39m
            [36m>[39m
              [36m<span>[39m
                [0mBriefcaseIcon[0m
              [36m</span>[39m
            [36m</div>[39m
            [36m<span[39m
              [33mclass[39m=[32m"text-[10px] font-bold text-brand-400 
uppercase tracking-widest"[39m
            [36m>[39m
              [0mPrestations[0m
            [36m</span>[39m
          [36m</div>[39m
          [36m<div>[39m
            [36m<h3[39m
              [33mclass[39m=[32m"text-2xl font-bold text-accent-600 
dark:text-accent-400 font-display"[39m
            [36m>[39m
              [0m2[0m
            [36m</h3>[39m
            [36m<p[39m
              [33mclass[39m=[32m"text-xs text-brand-500 dark:text-brand-400 
mt-1"[39m
            [36m>[39m
              [0mServices propos├®s[0m
            [36m</p>[39m
          [36m</div>[39m
        [36m</div>[39m
        [36m<div[39m
          [33mclass[39m=[32m"bento-item"[39m
        [36m>[39m
          [36m<div[39m
            [33mclass[39m=[32m"flex justify-between items-start mb-4"[39m
          [36m>[39m
            [36m<div[39m
              [33mclass[39m=[32m"p-3 bg-amber-100 dark:bg-amber-900/30 
rounded-2xl text-amber-600 dark:text-amber-400"[39m
            [36m>[39m
              [36m<span>[39m
                [0mAlertCircleIcon[0m
              [36m</span>[39m
            [36m</div>[39m
            [36m<span[39m
              [33mclass[39m=[32m"text-[10px] font-bold text-brand-400 
uppercase tracking-widest"[39m
            [36m>[39m
              [0mStock Bas[0m
            [36m</span>[39m
          [36m</div>[39m
          [36m<div>[39m
            [36m<h3[39m
              [33mclass[39m=[32m"text-2xl font-bold text-amber...
[90m [2mÔØ»[22m Object.getElementError 
node_modules/@testing-library/dom/dist/config.js:[2m37:19[22m[39m
[90m [2mÔØ»[22m getElementError 
node_modules/@testing-library/dom/dist/query-helpers.js:[2m20:35[22m[39m
[90m [2mÔØ»[22m getMultipleElementsFoundError 
node_modules/@testing-library/dom/dist/query-helpers.js:[2m23:10[22m[39m
[90m [2mÔØ»[22m 
node_modules/@testing-library/dom/dist/query-helpers.js:[2m55:13[22m[39m
[90m [2mÔØ»[22m 
node_modules/@testing-library/dom/dist/query-helpers.js:[2m95:19[22m[39m
[36m [2mÔØ»[22m 
__tests__/components/ProductManager.test.tsx:[2m656:32[22m[39m
    [90m654| [39m      )[33m;[39m
    [90m655| [39m
    [90m656| [39m      [35mconst[39m addButton [33m=[39m 
screen[33m.[39m[34mgetByText[39m([32m'PlusIcon'[39m)[33m;[39m
    [90m   | [39m                               [31m^[39m
    [90m657| [39m      [35mawait[39m 
user[33m.[39m[34mclick[39m(addButton)[33m;[39m
    [90m658| [39m

[31m[2mÔÄ»ÔÄ»ÔÄ»ÔÄ»ÔÄ»ÔÄ»ÔÄ»ÔÄ»ÔÄ»ÔÄ»ÔÄ»ÔÄ»ÔÄ»ÔÄ»ÔÄ»ÔÄ»ÔÄ»ÔÄ»ÔÄ»ÔÄ»ÔÄ»ÔÄ»ÔÄ»Ô
Ä»[7/9]ÔÄ»[22m[39m

[41m[1m FAIL [22m[49m __tests__/components/ProductManager.test.tsx[2m > 
[22mProductManager Component[2m > [22mPricing & Financial[2m > 
[22maffiche les prix correctement format├®s
[31m[1mTestingLibraryElementError[22m[39m: Found multiple elements with 
the text: /150|1200|45.50|45,50/i

Here are the matching elements:

Ignored nodes: comments, script, style
[36m<span[39m
  [33mclass[39m=[32m"text-2xl font-bold text-brand-900 dark:text-white 
font-display"[39m
[36m>[39m
  [0m150.00[0m
  [0m Ôé¼[0m
[36m</span>[39m

Ignored nodes: comments, script, style
[36m<span[39m
  [33mclass[39m=[32m"text-2xl font-bold text-brand-900 dark:text-white 
font-display"[39m
[36m>[39m
  [0m1200.00[0m
  [0m Ôé¼[0m
[36m</span>[39m

Ignored nodes: comments, script, style
[36m<span[39m
  [33mclass[39m=[32m"text-2xl font-bold text-brand-900 dark:text-white 
font-display"[39m
[36m>[39m
  [0m45.50[0m
  [0m Ôé¼[0m
[36m</span>[39m

(If this is intentional, then use the `*AllBy*` variant of the query (like 
`queryAllByText`, `getAllByText`, or `findAllByText`)).

Ignored nodes: comments, script, style
[36m<body>[39m
  [36m<div>[39m
    [36m<div[39m
      [33mclass[39m=[32m"space-y-8 animate-fade-in max-w-7xl mx-auto 
relative pb-10"[39m
    [36m>[39m
      [36m<div[39m
        [33mclass[39m=[32m"flex flex-col lg:flex-row justify-between 
items-start lg:items-center gap-6"[39m
      [36m>[39m
        [36m<div>[39m
          [36m<h2[39m
            [33mclass[39m=[32m"text-3xl font-bold text-brand-900 
dark:text-white tracking-tight font-display text-gradient"[39m
          [36m>[39m
            [0mCatalogue[0m
          [36m</h2>[39m
          [36m<p[39m
            [33mclass[39m=[32m"text-brand-500 dark:text-brand-400 mt-1"[39m
          [36m>[39m
            [0mG├®rez vos produits et prestations de service.[0m
          [36m</p>[39m
        [36m</div>[39m
        [36m<div[39m
          [33mclass[39m=[32m"flex flex-wrap gap-3 items-center w-full 
lg:w-auto"[39m
        [36m>[39m
          [36m<div[39m
            [33mclass[39m=[32m"bg-white dark:bg-brand-900 p-1.5 rounded-2xl 
shadow-sm border border-brand-200 dark:border-brand-800 flex gap-1"[39m
          [36m>[39m
            [36m<button[39m
              [33mclass[39m=[32m"px-6 py-2 rounded-xl text-sm font-bold 
transition-all duration-300 text-brand-500 hover:text-brand-700 
dark:hover:text-brand-300 hover:bg-brand-50 dark:hover:bg-brand-800"[39m
            [36m>[39m
              [0mActifs[0m
            [36m</button>[39m
            [36m<button[39m
              [33mclass[39m=[32m"px-6 py-2 rounded-xl text-sm font-bold 
transition-all duration-300 text-brand-500 hover:text-brand-700 
dark:hover:text-brand-300 hover:bg-brand-50 dark:hover:bg-brand-800"[39m
            [36m>[39m
              [0mArchiv├®s[0m
            [36m</button>[39m
          [36m</div>[39m
          [36m<div[39m
            [33mclass[39m=[32m"flex gap-2"[39m
          [36m>[39m
            [36m<label[39m
              [33mclass[39m=[32m"btn-secondary px-4 py-2.5 
cursor-pointer"[39m
              [33mtitle[39m=[32m"Importer depuis un CSV"[39m
            [36m>[39m
              [36m<span>[39m
                [0mUploadIcon[0m
              [36m</span>[39m
              [36m<span[39m
                [33mclass[39m=[32m"hidden sm:inline"[39m
              [36m>[39m
                [0mImport[0m
              [36m</span>[39m
              [36m<input[39m
                [33maccept[39m=[32m".csv"[39m
                [33mclass[39m=[32m"hidden"[39m
                [33mtype[39m=[32m"file"[39m
              [36m/>[39m
            [36m</label>[39m
            [36m<button[39m
              [33mclass[39m=[32m"btn-secondary px-4 py-2.5"[39m
              [33mtitle[39m=[32m"Exporter en CSV"[39m
            [36m>[39m
              [36m<span>[39m
                [0mDownloadIcon[0m
              [36m</span>[39m
              [36m<span[39m
                [33mclass[39m=[32m"hidden sm:inline"[39m
              [36m>[39m
                [0mExport[0m
              [36m</span>[39m
            [36m</button>[39m
            [36m<button[39m
              [33mclass[39m=[32m"btn-primary px-6 py-2.5"[39m
            [36m>[39m
              [36m<span>[39m
                [0mPlusIcon[0m
              [36m</span>[39m
              [0mNouveau[0m
            [36m</button>[39m
          [36m</div>[39m
        [36m</div>[39m
      [36m</div>[39m
      [36m<div[39m
        [33mclass[39m=[32m"bento-grid"[39m
      [36m>[39m
        [36m<div[39m
          [33mclass[39m=[32m"bento-item"[39m
        [36m>[39m
          [36m<div[39m
            [33mclass[39m=[32m"flex justify-between items-start mb-4"[39m
          [36m>[39m
            [36m<div[39m
              [33mclass[39m=[32m"p-3 bg-brand-100 dark:bg-brand-800 
rounded-2xl text-brand-600 dark:text-brand-300"[39m
            [36m>[39m
              [36m<span>[39m
                [0mPackageIcon[0m
              [36m</span>[39m
            [36m</div>[39m
            [36m<span[39m
              [33mclass[39m=[32m"text-[10px] font-bold text-brand-400 
uppercase tracking-widest"[39m
            [36m>[39m
              [0mTotal Catalogue[0m
            [36m</span>[39m
          [36m</div>[39m
          [36m<div>[39m
            [36m<h3[39m
              [33mclass[39m=[32m"text-2xl font-bold text-brand-900 
dark:text-white font-display"[39m
            [36m>[39m
              [0m3[0m
            [36m</h3>[39m
            [36m<p[39m
              [33mclass[39m=[32m"text-xs text-brand-500 dark:text-brand-400 
mt-1"[39m
            [36m>[39m
              [0m├ël├®ments actifs[0m
            [36m</p>[39m
          [36m</div>[39m
        [36m</div>[39m
        [36m<div[39m
          [33mclass[39m=[32m"bento-item"[39m
        [36m>[39m
          [36m<div[39m
            [33mclass[39m=[32m"flex justify-between items-start mb-4"[39m
          [36m>[39m
            [36m<div[39m
              [33mclass[39m=[32m"p-3 bg-accent-100 dark:bg-accent-900/30 
rounded-2xl text-accent-600 dark:text-accent-400"[39m
            [36m>[39m
              [36m<span>[39m
                [0mBriefcaseIcon[0m
              [36m</span>[39m
            [36m</div>[39m
            [36m<span[39m
              [33mclass[39m=[32m"text-[10px] font-bold text-brand-400 
uppercase tracking-widest"[39m
            [36m>[39m
              [0mPrestations[0m
            [36m</span>[39m
          [36m</div>[39m
          [36m<div>[39m
            [36m<h3[39m
              [33mclass[39m=[32m"text-2xl font-bold text-accent-600 
dark:text-accent-400 font-display"[39m
            [36m>[39m
              [0m2[0m
            [36m</h3>[39m
            [36m<p[39m
              [33mclass[39m=[32m"text-xs text-brand-500 dark:text-brand-400 
mt-1"[39m
            [36m>[39m
              [0mServices propos├®s[0m
            [36m</p>[39m
          [36m</div>[39m
        [36m</div>[39m
        [36m<div[39m
          [33mclass[39m=[32m"bento-item"[39m
        [36m>[39m
          [36m<div[39m
            [33mclass[39m=[32m"flex justify-between items-start mb-4"[39m
          [36m>[39m
            [36m<div[39m
              [33mclass[39m=[32m"p-3 bg-amber-100 dark:bg-amber-900/30 
rounded-2xl text-amber-600 dark:text-amber-400"[39m
            [36m>[39m
              [36m<span>[39m
                [0mAlertCircleIcon[0m
              [36m</span>[39m
            [36m</div>[39m
            [36m<span[39m
              [33mclass[39m=[32m"text-[10px] font-bold text-brand-400 
uppercase tracking-widest"[39m
            [36m>[39m
              [0mStock Bas[0m
            [36m</span>[39m
          [36m</div>[39m
          [36m<div>[39m
            [36m<h3[39m
              [33mclass[39m=[32m"text-2xl font-bold text-amber...
[90m [2mÔØ»[22m Object.getElementError 
node_modules/@testing-library/dom/dist/config.js:[2m37:19[22m[39m
[90m [2mÔØ»[22m getElementError 
node_modules/@testing-library/dom/dist/query-helpers.js:[2m20:35[22m[39m
[90m [2mÔØ»[22m getMultipleElementsFoundError 
node_modules/@testing-library/dom/dist/query-helpers.js:[2m23:10[22m[39m
[90m [2mÔØ»[22m 
node_modules/@testing-library/dom/dist/query-helpers.js:[2m55:13[22m[39m
[90m [2mÔØ»[22m 
node_modules/@testing-library/dom/dist/query-helpers.js:[2m95:19[22m[39m
[36m [2mÔØ»[22m 
__tests__/components/ProductManager.test.tsx:[2m676:21[22m[39m
    [90m674| [39m
    [90m675| [39m      [90m// Prix avec d├®cimales[39m
    [90m676| [39m      
expect(screen.queryByText(/150|1200|45.50|45,50/i)).toBeDefined(ÔÇª
    [90m   | [39m                    [31m^[39m
    [90m677| [39m    })[33m;[39m
    [90m678| [39m

[31m[2mÔÄ»ÔÄ»ÔÄ»ÔÄ»ÔÄ»ÔÄ»ÔÄ»ÔÄ»ÔÄ»ÔÄ»ÔÄ»ÔÄ»ÔÄ»ÔÄ»ÔÄ»ÔÄ»ÔÄ»ÔÄ»ÔÄ»ÔÄ»ÔÄ»ÔÄ»ÔÄ»Ô
Ä»[8/9]ÔÄ»[22m[39m

[41m[1m FAIL [22m[49m __tests__/components/ProductManager.test.tsx[2m > 
[22mProductManager Component[2m > [22mEmpty State[2m > [22maffiche un 
message si pas de produits
[31m[1mTestingLibraryElementError[22m[39m: Found multiple elements with 
the text: /aucun|pas de|no/i

Here are the matching elements:

Ignored nodes: comments, script, style
[36m<button[39m
  [33mclass[39m=[32m"btn-primary px-6 py-2.5"[39m
[36m>[39m
  [36m<span>[39m
    [0mPlusIcon[0m
  [36m</span>[39m
  [0mNouveau[0m
[36m</button>[39m

Ignored nodes: comments, script, style
[36m<h3[39m
  [33mclass[39m=[32m"text-xl font-bold text-brand-900"[39m
[36m>[39m
  [0mNouvel ├®l├®ment[0m
[36m</h3>[39m

Ignored nodes: comments, script, style
[36m<label[39m
  [33mclass[39m=[32m"block text-sm font-semibold text-brand-700 mb-1.5"[39m
  [33mfor[39m=[32m"formData-name"[39m
[36m>[39m
  [0mNom de l'├®l├®ment [0m
  [36m<span[39m
    [33mclass[39m=[32m"text-red-500"[39m
  [36m>[39m
    [0m*[0m
  [36m</span>[39m
[36m</label>[39m

Ignored nodes: comments, script, style
[36m<option[39m
  [33mvalue[39m=[32m"name"[39m
[36m>[39m
  [0mNom (A-Z)[0m
[36m</option>[39m

(If this is intentional, then use the `*AllBy*` variant of the query (like 
`queryAllByText`, `getAllByText`, or `findAllByText`)).

Ignored nodes: comments, script, style
[36m<body>[39m
  [36m<div>[39m
    [36m<div[39m
      [33mclass[39m=[32m"space-y-8 animate-fade-in max-w-7xl mx-auto 
relative pb-10"[39m
    [36m>[39m
      [36m<div[39m
        [33mclass[39m=[32m"flex flex-col lg:flex-row justify-between 
items-start lg:items-center gap-6"[39m
      [36m>[39m
        [36m<div>[39m
          [36m<h2[39m
            [33mclass[39m=[32m"text-3xl font-bold text-brand-900 
dark:text-white tracking-tight font-display text-gradient"[39m
          [36m>[39m
            [0mCatalogue[0m
          [36m</h2>[39m
          [36m<p[39m
            [33mclass[39m=[32m"text-brand-500 dark:text-brand-400 mt-1"[39m
          [36m>[39m
            [0mG├®rez vos produits et prestations de service.[0m
          [36m</p>[39m
        [36m</div>[39m
        [36m<div[39m
          [33mclass[39m=[32m"flex flex-wrap gap-3 items-center w-full 
lg:w-auto"[39m
        [36m>[39m
          [36m<div[39m
            [33mclass[39m=[32m"bg-white dark:bg-brand-900 p-1.5 rounded-2xl 
shadow-sm border border-brand-200 dark:border-brand-800 flex gap-1"[39m
          [36m>[39m
            [36m<button[39m
              [33mclass[39m=[32m"px-6 py-2 rounded-xl text-sm font-bold 
transition-all duration-300 text-brand-500 hover:text-brand-700 
dark:hover:text-brand-300 hover:bg-brand-50 dark:hover:bg-brand-800"[39m
            [36m>[39m
              [0mActifs[0m
            [36m</button>[39m
            [36m<button[39m
              [33mclass[39m=[32m"px-6 py-2 rounded-xl text-sm font-bold 
transition-all duration-300 text-brand-500 hover:text-brand-700 
dark:hover:text-brand-300 hover:bg-brand-50 dark:hover:bg-brand-800"[39m
            [36m>[39m
              [0mArchiv├®s[0m

[2m Test Files [22m [1m[31m8 failed[39m[22m[90m (8)[39m
[2m      Tests [22m [1m[31m141 failed[39m[22m[2m | [22m[1m[32m118 passed[39m[22m[90m (259)[39m
            [36m</button>[39m
          [36m</div>[39m
[2m   Start at [22m 00:15:20
[2m   Duration [22m 9.29s

[1m[41m FAIL [49m[22m [31mTests failed. Watching for file changes...[39m
       [2mpress [22m[1mh[22m[2m to show help[22m[2m, [22m[2mpress [22m[1mq[22m[2m to quit[22m
          [36m<div[39m
            [33mclass[39m=[32m"flex gap-2"[39m
          [36m>[39m
            [36m<label[39m
              [33mclass[39m=[32m"btn-secondary px-4 py-2.5 
cursor-pointer"[39m
              [33mtitle[39m=[32m"Importer depuis un CSV"[39m
            [36m>[39m
              [36m<span>[39m
                [0mUploadIcon[0m
              [36m</span>[39m
              [36m<span[39m
                [33mclass[39m=[32m"hidden sm:inline"[39m
              [36m>[39m
                [0mImport[0m
              [36m</span>[39m
              [36m<input[39m
                [33maccept[39m=[32m".csv"[39m
                [33mclass[39m=[32m"hidden"[39m
                [33mtype[39m=[32m"file"[39m
              [36m/>[39m
            [36m</label>[39m
            [36m<button[39m
              [33mclass[39m=[32m"btn-secondary px-4 py-2.5"[39m
              [33mtitle[39m=[32m"Exporter en CSV"[39m
            [36m>[39m
              [36m<span>[39m
                [0mDownloadIcon[0m
              [36m</span>[39m
              [36m<span[39m
                [33mclass[39m=[32m"hidden sm:inline"[39m
              [36m>[39m
                [0mExport[0m
              [36m</span>[39m
            [36m</button>[39m
            [36m<button[39m
              [33mclass[39m=[32m"btn-primary px-6 py-2.5"[39m
            [36m>[39m
              [36m<span>[39m
                [0mPlusIcon[0m
              [36m</span>[39m
              [0mNouveau[0m
            [36m</button>[39m
          [36m</div>[39m
        [36m</div>[39m
      [36m</div>[39m
      [36m<div[39m
        [33mclass[39m=[32m"bento-grid"[39m
      [36m>[39m
        [36m<div[39m
          [33mclass[39m=[32m"bento-item"[39m
        [36m>[39m
          [36m<div[39m
            [33mclass[39m=[32m"flex justify-between items-start mb-4"[39m
          [36m>[39m
            [36m<div[39m
              [33mclass[39m=[32m"p-3 bg-brand-100 dark:bg-brand-800 
rounded-2xl text-brand-600 dark:text-brand-300"[39m
            [36m>[39m
              [36m<span>[39m
                [0mPackageIcon[0m
              [36m</span>[39m
            [36m</div>[39m
            [36m<span[39m
              [33mclass[39m=[32m"text-[10px] font-bold text-brand-400 
uppercase tracking-widest"[39m
            [36m>[39m
              [0mTotal Catalogue[0m
            [36m</span>[39m
          [36m</div>[39m
          [36m<div>[39m
            [36m<h3[39m
              [33mclass[39m=[32m"text-2xl font-bold text-brand-900 
dark:text-white font-display"[39m
            [36m>[39m
              [0m0[0m
            [36m</h3>[39m
            [36m<p[39m
              [33mclass[39m=[32m"text-xs text-brand-500 dark:text-brand-400 
mt-1"[39m
            [36m>[39m
              [0m├ël├®ments actifs[0m
            [36m</p>[39m
          [36m</div>[39m
        [36m</div>[39m
        [36m<div[39m
          [33mclass[39m=[32m"bento-item"[39m
        [36m>[39m
          [36m<div[39m
            [33mclass[39m=[32m"flex justify-between items-start mb-4"[39m
          [36m>[39m
            [36m<div[39m
              [33mclass[39m=[32m"p-3 bg-accent-100 dark:bg-accent-900/30 
rounded-2xl text-accent-600 dark:text-accent-400"[39m
            [36m>[39m
              [36m<span>[39m
                [0mBriefcaseIcon[0m
              [36m</span>[39m
            [36m</div>[39m
            [36m<span[39m
              [33mclass[39m=[32m"text-[10px] font-bold text-brand-400 
uppercase tracking-widest"[39m
            [36m>[39m
              [0mPrestations[0m
            [36m</span>[39m
          [36m</div>[39m
          [36m<div>[39m
            [36m<h3[39m
              [33mclass[39m=[32m"text-2xl font-bold text-accent-600 
dark:text-accent-400 font-display"[39m
            [36m>[39m
              [0m0[0m
            [36m</h3>[39m
            [36m<p[39m
              [33mclass[39m=[32m"text-xs text-brand-500 dark:text-brand-400 
mt-1"[39m
            [36m>[39m
              [0mServices propos├®s[0m
            [36m</p>[39m
          [36m</div>[39m
        [36m</div>[39m
        [36m<div[39m
          [33mclass[39m=[32m"bento-item"[39m
        [36m>[39m
          [36m<div[39m
            [33mclass[39m=[32m"flex justify-between items-start mb-4"[39m
          [36m>[39m
            [36m<div[39m
              [33mclass[39m=[32m"p-3 bg-amber-100 dark:bg-amber-900/30 
rounded-2xl text-amber-600 dark:text-amber-400"[39m
            [36m>[39m
              [36m<span>[39m
                [0mAlertCircleIcon[0m
              [36m</span>[39m
            [36m</div>[39m
            [36m<span[39m
              [33mclass[39m=[32m"text-[10px] font-bold text-brand-400 
uppercase tracking-widest"[39m
            [36m>[39m
              [0mStock Bas[0m
            [36m</span>[39m
          [36m</div>[39m
          [36m<div>[39m
            [36m<h3[39m
              [33mclass[39m=[32m"text-2xl font-bold text-amber...
[90m [2mÔØ»[22m Object.getElementError 
node_modules/@testing-library/dom/dist/config.js:[2m37:19[22m[39m
[90m [2mÔØ»[22m getElementError 
node_modules/@testing-library/dom/dist/query-helpers.js:[2m20:35[22m[39m
[90m [2mÔØ»[22m getMultipleElementsFoundError 
node_modules/@testing-library/dom/dist/query-helpers.js:[2m23:10[22m[39m
[90m [2mÔØ»[22m 
node_modules/@testing-library/dom/dist/query-helpers.js:[2m55:13[22m[39m
[90m [2mÔØ»[22m 
node_modules/@testing-library/dom/dist/query-helpers.js:[2m95:19[22m[39m
[36m [2mÔØ»[22m 
__tests__/components/ProductManager.test.tsx:[2m721:21[22m[39m
    [90m719| [39m      )[33m;[39m
    [90m720| [39m
    [90m721| [39m      
[34mexpect[39m(screen[33m.[39m[34mgetByText[39m([36m/aucun|pas 
de|no/i[39m))[33m.[39m[34mtoBeTruthy[39m()[33m;[39m
    [90m   | [39m                    [31m^[39m
    [90m722| [39m    })[33m;[39m
    [90m723| [39m

[31m[2mÔÄ»ÔÄ»ÔÄ»ÔÄ»ÔÄ»ÔÄ»ÔÄ»ÔÄ»ÔÄ»ÔÄ»ÔÄ»ÔÄ»ÔÄ»ÔÄ»ÔÄ»ÔÄ»ÔÄ»ÔÄ»ÔÄ»ÔÄ»ÔÄ»ÔÄ»ÔÄ»Ô
Ä»[9/9]ÔÄ»[22m[39m

c[3J[1m[44m RERUN [49m[22m [34m[2m__tests__/components/ClientManager.test.tsx [22m[34mx1 [34m[39m

 [31mÔØ»[39m __tests__/AIAssistant.test.tsx [2m([22m[2m20 tests[22m[2m | [22m[31m4 failed[39m[2m)[22m[33m 5881[2mms[22m[39m
       [32mÔ£ô[39m devrait rendre le composant sans erreur[32m 118[2mms[22m[39m
       [32mÔ£ô[39m affiche le titre principal du composant[32m 22[2mms[22m[39m
       [32mÔ£ô[39m affiche le champ de saisie pour les questions[32m 24[2mms[22m[39m
       [32mÔ£ô[39m affiche le bouton d'envoi[32m 22[2mms[22m[39m
       [33m[2mÔ£ô[22m[39m devrait envoyer un message et afficher la r├®ponse [33m 825[2mms[22m[39m
       [33m[2mÔ£ô[22m[39m vide le champ de saisie apr├¿s envoi [33m 359[2mms[22m[39m
       [32mÔ£ô[39m n'envoie pas de message vide[32m 96[2mms[22m[39m
       [33m[2mÔ£ô[22m[39m affiche l'historique des messages [33m 326[2mms[22m[39m
       [32mÔ£ô[39m affiche la section de pr├®diction[32m 17[2mms[22m[39m
       [32mÔ£ô[39m affiche la balance pr├®dite[32m 14[2mms[22m[39m
[31m       [31m├ù[31m appelle predictCashflowJ30 au montage du composant[39m[33m 1026[2mms[22m[39m
[31m       [31m├ù[31m affiche le niveau de risque de la pr├®diction[39m[33m 1019[2mms[22m[39m
       [32mÔ£ô[39m g├¿re les erreurs d'API gracieusement[32m 171[2mms[22m[39m
       [32mÔ£ô[39m g├¿re les erreurs de pr├®diction au chargement[32m 11[2mms[22m[39m
       [32mÔ£ô[39m affiche un message par d├®faut en cas d'erreur de r├®ponse[32m 276[2mms[22m[39m
       [32mÔ£ô[39m affiche un indicateur de chargement en envoyant un message[32m 209[2mms[22m[39m
[31m       [31m├ù[31m envoie le message avec Enter[39m[33m 1145[2mms[22m[39m
[31m       [31m├ù[31m n'envoie pas avec Shift+Enter[39m[32m 172[2mms[22m[39m
       [32mÔ£ô[39m a des labels descriptifs pour les ├®l├®ments interactifs[32m 9[2mms[22m[39m
       [32mÔ£ô[39m le bouton est accessible au clavier[32m 10[2mms[22m[39m
 [31mÔØ»[39m __tests__/components/InvoiceManager.test.tsx [2m([22m[2m38 tests[22m[2m | [22m[31m26 failed[39m[2m)[22m[33m 2999[2mms[22m[39m
[31m       [31m├ù[31m affiche le gestionnaire de factures[39m[32m 171[2mms[22m[39m
       [32mÔ£ô[39m affiche la liste des factures[32m 49[2mms[22m[39m
[31m       [31m├ù[31m affiche les statuts des factures[39m[32m 53[2mms[22m[39m
       [32mÔ£ô[39m affiche le num├®ro de facture[32m 39[2mms[22m[39m
[31m       [31m├ù[31m affiche le client de la facture[39m[32m 43[2mms[22m[39m
[31m       [31m├ù[31m affiche la date de facture[39m[32m 36[2mms[22m[39m
       [32mÔ£ô[39m affiche les montants totaux[32m 28[2mms[22m[39m
[31m       [31m├ù[31m ouvre le formulaire de cr├®ation de facture[39m[33m 1308[2mms[22m[39m
[31m       [31m├ù[31m filtre par statut[39m[32m 44[2mms[22m[39m
[31m       [31m├ù[31m filtre par client[39m[32m 36[2mms[22m[39m
[31m       [31m├ù[31m affiche un bouton pour dupliquer une facture[39m[32m 51[2mms[22m[39m
       [32mÔ£ô[39m affiche un bouton pour supprimer une facture[32m 29[2mms[22m[39m
       [32mÔ£ô[39m affiche un bouton pour t├®l├®charger une facture[32m 32[2mms[22m[39m
[31m       [31m├ù[31m affiche un bouton pour envoyer une facture[39m[32m 34[2mms[22m[39m
       [32mÔ£ô[39m affiche un message si pas de factures[32m 20[2mms[22m[39m
       [32mÔ£ô[39m g├¿re les factures standards[32m 59[2mms[22m[39m
[31m       [31m├ù[31m g├¿re les devis[39m[32m 23[2mms[22m[39m
       [32mÔ£ô[39m les boutons sont accessibles au clavier[32m 136[2mms[22m[39m
[31m       [31m├ù[31m calcule correctement HT (Hors Taxes) avec items simples[39m[32m 25[2mms[22m[39m
[31m       [31m├ù[31m calcule correctement la TVA ├á 20%[39m[32m 24[2mms[22m[39m
[31m       [31m├ù[31m calcule correctement avec TVA r├®duite 5.5%[39m[32m 25[2mms[22m[39m
[31m       [31m├ù[31m calcule correctement avec plusieurs items et TVA mixtes[39m[32m 22[2mms[22m[39m
[31m       [31m├ù[31m applique correctement une remise en pourcentage[39m[32m 20[2mms[22m[39m
[31m       [31m├ù[31m ajoute correctement les frais de port (shipping)[39m[32m 20[2mms[22m[39m
[31m       [31m├ù[31m g├¿re les acomptes/d├®p├┤ts correctement[39m[32m 22[2mms[22m[39m
[31m       [31m├ù[31m exon├¿re correctement la TVA si taxExempt = true[39m[32m 20[2mms[22m[39m
[31m       [31m├ù[31m g├¿re les d├®cimales correctement (precision Decimal.js)[39m[32m 25[2mms[22m[39m
[31m       [31m├ù[31m composition de calculs complexes: remise + port + TVA[39m[32m 20[2mms[22m[39m
[31m       [31m├ù[31m emp├¬che la cr├®ation avec un client non s├®lectionn├®[39m[32m 24[2mms[22m[39m
[31m       [31m├ù[31m emp├¬che la cr├®ation avec des items vides[39m[32m 22[2mms[22m[39m
       [32mÔ£ô[39m valide les num├®ros de facture uniques[32m 29[2mms[22m[39m
       [32mÔ£ô[39m valide que la date d'├®ch├®ance est apr├¿s la date de facture[32m 23[2mms[22m[39m
       [32mÔ£ô[39m emp├¬che les montants n├®gatifs[32m 16[2mms[22m[39m
[31m       [31m├ù[31m affiche les dates en format fran├ºais[39m[32m 44[2mms[22m[39m
[31m       [31m├ù[31m affiche les montants format├®s avec s├®parateurs de milliers[39m[32m 25[2mms[22m[39m
       [33m[2mÔ£ô[22m[39m g├¿re 100 factures sans ralentissements [33m 327[2mms[22m[39m
[31m       [31m├ù[31m g├¿re les montant extr├¬mement ├®lev├®s[39m[32m 28[2mms[22m[39m
[31m       [31m├ù[31m g├¿re les factures avec pas d'items[39m[32m 38[2mms[22m[39m
 [31mÔØ»[39m __tests__/lib/facturX.test.ts [2m([22m[2m34 tests[22m[2m | [22m[31m6 failed[39m[2m)[22m[32m 68[2mms[22m[39m
       [32mÔ£ô[39m g├®n├¿re un XML bien form├®[32m 3[2mms[22m[39m
       [32mÔ£ô[39m inclut les informations du vendeur[32m 1[2mms[22m[39m
       [32mÔ£ô[39m inclut les informations de l'acheteur[32m 0[2mms[22m[39m
       [32mÔ£ô[39m inclut le num├®ro de facture[32m 0[2mms[22m[39m
       [32mÔ£ô[39m inclut la date au format YYYYMMDD[32m 0[2mms[22m[39m
       [32mÔ£ô[39m inclut tous les items avec descriptions[32m 0[2mms[22m[39m
       [32mÔ£ô[39m inclut les quantit├®s correctes[32m 0[2mms[22m[39m
       [32mÔ£ô[39m inclut les montants unitaires[32m 0[2mms[22m[39m
       [32mÔ£ô[39m inclut les taux de TVA[32m 0[2mms[22m[39m
       [32mÔ£ô[39m utilise le profil BASIC Factur-X[32m 0[2mms[22m[39m
       [32mÔ£ô[39m utilise typeCode 380 pour facture normale[32m 0[2mms[22m[39m
       [32mÔ£ô[39m utilise typeCode 381 pour avoir-facture[32m 0[2mms[22m[39m
       [32mÔ£ô[39m utilise EUR comme devise[32m 0[2mms[22m[39m
       [32mÔ£ô[39m g├¿re les accents fran├ºais correctement (UTF-8)[32m 0[2mms[22m[39m
       [32mÔ£ô[39m structure bien form├®e avec ├®l├®ments requis[32m 0[2mms[22m[39m
[31m       [31m├ù[31m calcule correctement les totaux HT et TTC[39m[32m 15[2mms[22m[39m
[31m       [31m├ù[31m inclut les adresses compl├¿tes du vendeur et acheteur[39m[32m 5[2mms[22m[39m
       [32mÔ£ô[39m g├¿re les factures sans items sans erreur[32m 0[2mms[22m[39m
       [32mÔ£ô[39m g├¿re le code S (standard VAT rate)[32m 0[2mms[22m[39m
[31m       [31m├ù[31m g├¿re le code Z (zero rated)[39m[32m 1[2mms[22m[39m
       [32mÔ£ô[39m g├¿re le code E (exempt from VAT)[32m 0[2mms[22m[39m
       [32mÔ£ô[39m g├¿re le code RL (reverse charge)[32m 0[2mms[22m[39m
[31m       [31m├ù[31m inclut les conditions de paiement[39m[32m 3[2mms[22m[39m
       [32mÔ£ô[39m respecte la pr├®cision d├®cimale sur les montants[32m 0[2mms[22m[39m
[31m       [31m├ù[31m ├®chappe correctement les caract├¿res XML sp├®ciaux[39m[32m 10[2mms[22m[39m
       [32mÔ£ô[39m g├¿re plusieurs items avec diff├®rents taux de TVA[32m 2[2mms[22m[39m
       [32mÔ£ô[39m inclut le statut ACRE dans le profil[32m 1[2mms[22m[39m
       [32mÔ£ô[39m g├¿re les montants ├®lev├®s sans perte de pr├®cision[32m 0[2mms[22m[39m
[31m       [31m├ù[31m inclut compl├¿tement les adresses structur├®es (CodeListId)[39m[32m 7[2mms[22m[39m
       [32mÔ£ô[39m utilise le num├®ro de facture comme SchemeID[32m 0[2mms[22m[39m
       [32mÔ£ô[39m valide l'XML pour Structure compl├¿te (pas de tags orphelins)[32m 1[2mms[22m[39m
       [32mÔ£ô[39m diff├®rencie les types de document (facture vs avoir)[32m 0[2mms[22m[39m
       [32mÔ£ô[39m g├®n├¿re le XML rapidement (< 100ms)[32m 0[2mms[22m[39m
       [32mÔ£ô[39m g├®n├¿re le m├¬me XML pour la m├¬me facture (d├®terministe)[32m 0[2mms[22m[39m
 [31mÔØ»[39m __tests__/lib/exportUtils.test.ts [2m([22m[2m34 tests[22m[2m | [22m[31m4 failed[39m[2m)[22m[32m 48[2mms[22m[39m
       [32mÔ£ô[39m exporte compl├¿tement les donn├®es en JSON[32m 4[2mms[22m[39m
       [32mÔ£ô[39m inclut les m├®tadonn├®es (exportedAt)[32m 1[2mms[22m[39m
       [32mÔ£ô[39m s├®rialise les Decimal en string[32m 1[2mms[22m[39m
       [32mÔ£ô[39m g├¿re les donn├®es vides correctement[32m 1[2mms[22m[39m
       [32mÔ£ô[39m sort et formate correctement le JSON[32m 1[2mms[22m[39m
       [32mÔ£ô[39m exporte avec toutes les cl├®s r├®quises[32m 1[2mms[22m[39m
[31m       [31m├ù[31m exporte les factures en CSV[39m[32m 8[2mms[22m[39m
[31m       [31m├ù[31m inclut les headers automatiquement[39m[32m 4[2mms[22m[39m
       [32mÔ£ô[39m g├¿re les custom headers[32m 1[2mms[22m[39m
       [32mÔ£ô[39m ├®chappe les valeurs contenant des virgules[32m 0[2mms[22m[39m
       [32mÔ£ô[39m ├®chappe les valeurs contenant des guillemets[32m 1[2mms[22m[39m
       [32mÔ£ô[39m exporte les clients[32m 0[2mms[22m[39m
       [32mÔ£ô[39m g├¿re les collections vides[32m 0[2mms[22m[39m
       [32mÔ£ô[39m exporte plusieurs items avec donn├®es compl├¿tes[32m 0[2mms[22m[39m
       [32mÔ£ô[39m g├¿re les donn├®es avec accents fran├ºais[32m 0[2mms[22m[39m
       [32mÔ£ô[39m exporte les num├®ros correctement format├®s[32m 0[2mms[22m[39m
       [32mÔ£ô[39m exporte compl├¿tement les donn├®es personnelles[32m 0[2mms[22m[39m
       [32mÔ£ô[39m inclut le timestamp d'export (RGPD requirement)[32m 0[2mms[22m[39m
       [32mÔ£ô[39m produit un JSON valide et parsable[32m 1[2mms[22m[39m
       [32mÔ£ô[39m utilise l'encodage UTF-8 correctement[32m 0[2mms[22m[39m
       [32mÔ£ô[39m CSV r├®cup├¿re tous les champs de l'entit├®[32m 0[2mms[22m[39m
       [32mÔ£ô[39m exporte 1000 factures rapidement en JSON[32m 5[2mms[22m[39m
[31m       [31m├ù[31m exporte 1000 factures rapidement en CSV[39m[32m 5[2mms[22m[39m
       [32mÔ£ô[39m g├¿re les montants tr├¿s ├®lev├®s sans perte de pr├®cision[32m 0[2mms[22m[39m
       [32mÔ£ô[39m g├¿re les montants tr├¿s petits avec pr├®cision d├®cimale[32m 0[2mms[22m[39m
       [32mÔ£ô[39m g├¿re les valeurs null/undefined gracieux[32m 0[2mms[22m[39m
       [32mÔ£ô[39m g├¿re les cha├«nes vides correctement[32m 0[2mms[22m[39m
       [32mÔ£ô[39m g├¿re les caract├¿res de contr├┤le dans les donn├®es[32m 0[2mms[22m[39m
       [32mÔ£ô[39m ├®chappe correctement les guillemets doubles en CSV[32m 0[2mms[22m[39m
       [32mÔ£ô[39m conserve l'ordre des lignes en CSV[32m 0[2mms[22m[39m
       [32mÔ£ô[39m exporte correctement les donn├®es multilingues[32m 0[2mms[22m[39m
       [32mÔ£ô[39m exporte le CSV avec support multilingue UTF-8[32m 0[2mms[22m[39m
[31m       [31m├ù[31m produit un JSON de taille raisonnable pour 1000 factures[39m[32m 3[2mms[22m[39m
       [32mÔ£ô[39m encode correctement en base64 si n├®cessaire[32m 1[2mms[22m[39m
 [31mÔØ»[39m __tests__/db/invoiceDB.test.ts [2m([22m[2m40 tests[22m[2m | [22m[31m40 failed[39m[2m)[22m[32m 52[2mms[22m[39m
[31m       [31m├ù[31m cr├®e une facture[39m[32m 7[2mms[22m[39m
[31m       [31m├ù[31m r├®cup├¿re une facture par ID[39m[32m 1[2mms[22m[39m
[31m       [31m├ù[31m met ├á jour une facture[39m[32m 1[2mms[22m[39m
[31m       [31m├ù[31m supprime une facture[39m[32m 1[2mms[22m[39m
[31m       [31m├ù[31m liste toutes les factures[39m[32m 1[2mms[22m[39m
[31m       [31m├ù[31m filtre par status[39m[32m 1[2mms[22m[39m
[31m       [31m├ù[31m filtre par clientId[39m[32m 1[2mms[22m[39m
[31m       [31m├ù[31m filtre par status[39m[32m 1[2mms[22m[39m
[31m       [31m├ù[31m l├¿ve une erreur si l'invoice existe d├®j├á[39m[32m 1[2mms[22m[39m
[31m       [31m├ù[31m cr├®e un item[39m[32m 1[2mms[22m[39m
[31m       [31m├ù[31m cr├®e et r├®cup├¿re un item[39m[32m 1[2mms[22m[39m
[31m       [31m├ù[31m supporte plusieurs items[39m[32m 1[2mms[22m[39m
[31m       [31m├ù[31m cr├®e un client[39m[32m 1[2mms[22m[39m
[31m       [31m├ù[31m filtre les clients actifs[39m[32m 1[2mms[22m[39m
[31m       [31m├ù[31m recherche par email[39m[32m 1[2mms[22m[39m
[31m       [31m├ù[31m met ├á jour un client[39m[32m 1[2mms[22m[39m
[31m       [31m├ù[31m cr├®e facture + items atomiquement[39m[32m 1[2mms[22m[39m
[31m       [31m├ù[31m g├¿re 1000 factures sans d├®grade[39m[32m 1[2mms[22m[39m
[31m       [31m├ù[31m cherche rapidement dans 1000 records[39m[32m 1[2mms[22m[39m
[31m       [31m├ù[31m cr├®e un fournisseur[39m[32m 1[2mms[22m[39m
[31m       [31m├ù[31m filtre les fournisseurs actifs[39m[32m 1[2mms[22m[39m
[31m       [31m├ù[31m met ├á jour un fournisseur[39m[32m 1[2mms[22m[39m
[31m       [31m├ù[31m supprime un fournisseur[39m[32m 1[2mms[22m[39m
[31m       [31m├ù[31m cr├®e un produit[39m[32m 1[2mms[22m[39m
[31m       [31m├ù[31m filtre par cat├®gorie[39m[32m 1[2mms[22m[39m
[31m       [31m├ù[31m liste les produits actifs[39m[32m 1[2mms[22m[39m
[31m       [31m├ù[31m cr├®e une d├®pense[39m[32m 1[2mms[22m[39m
[31m       [31m├ù[31m filtre par fournisseur[39m[32m 1[2mms[22m[39m
[31m       [31m├ù[31m filtre par cat├®gorie[39m[32m 2[2mms[22m[39m
[31m       [31m├ù[31m exporte toutes les tables en JSON[39m[32m 1[2mms[22m[39m
[31m       [31m├ù[31m exporte des donn├®es vides si la base est vide[39m[32m 1[2mms[22m[39m
[31m       [31m├ù[31m exporte correctement Decimal.js amounts[39m[32m 1[2mms[22m[39m
[31m       [31m├ù[31m cr├®e un ├®v├®nement calendrier[39m[32m 1[2mms[22m[39m
[31m       [31m├ù[31m filtre par client[39m[32m 1[2mms[22m[39m
[31m       [31m├ù[31m filtre par facture[39m[32m 1[2mms[22m[39m
[31m       [31m├ù[31m cr├®e un template email[39m[32m 1[2mms[22m[39m
[31m       [31m├ù[31m r├®cup├¿re templates par type[39m[32m 1[2mms[22m[39m
[31m       [31m├ù[31m cr├®e un message chat[39m[32m 1[2mms[22m[39m
[31m       [31m├ù[31m liste messages par timestamp[39m[32m 1[2mms[22m[39m
[31m       [31m├ù[31m vide compl├¿tement la base[39m[32m 1[2mms[22m[39m
 [31mÔØ»[39m __tests__/components/SupplierManager.test.tsx [2m([22m[2m30 tests[22m[2m | [22m[31m30 failed[39m[2m)[22m[33m 3005[2mms[22m[39m
[31m       [31m├ù[31m rend le gestionnaire de fournisseurs[39m[33m 421[2mms[22m[39m
[31m       [31m├ù[31m affiche la liste des fournisseurs actifs[39m[32m 76[2mms[22m[39m
[31m       [31m├ù[31m affiche les emails des fournisseurs[39m[32m 209[2mms[22m[39m
[31m       [31m├ù[31m filtre les fournisseurs par nom[39m[32m 166[2mms[22m[39m
[31m       [31m├ù[31m filtre les fournisseurs par email[39m[32m 270[2mms[22m[39m
[31m       [31m├ù[31m ignore les fournisseurs archiv├®s par d├®faut[39m[33m 375[2mms[22m[39m
[31m       [31m├ù[31m calcule la d├®pense totale par fournisseur[39m[32m 63[2mms[22m[39m
[31m       [31m├ù[31m affiche la d├®pense totale globale[39m[32m 245[2mms[22m[39m
[31m       [31m├ù[31m compte les d├®penses par fournisseur[39m[32m 93[2mms[22m[39m
[31m       [31m├ù[31m ouvre le modal pour ajouter un fournisseur[39m[32m 103[2mms[22m[39m
[31m       [31m├ù[31m cr├®e un nouveau fournisseur[39m[32m 79[2mms[22m[39m
[31m       [31m├ù[31m ouvre le modal pour ├®diter un fournisseur[39m[32m 51[2mms[22m[39m
[31m       [31m├ù[31m pr├®charge les donn├®es du fournisseur en ├®dition[39m[32m 202[2mms[22m[39m
[31m       [31m├ù[31m sauvegarde les modifications du fournisseur[39m[32m 72[2mms[22m[39m
[31m       [31m├ù[31m affiche un bouton supprimer[39m[32m 111[2mms[22m[39m
[31m       [31m├ù[31m appelle onDelete avec l'ID du fournisseur[39m[32m 14[2mms[22m[39m
[31m       [31m├ù[31m affiche l'option d'archivage[39m[32m 47[2mms[22m[39m
[31m       [31m├ù[31m bascule le statut archiv├® du fournisseur[39m[32m 38[2mms[22m[39m
[31m       [31m├ù[31m affiche un message si pas de fournisseurs[39m[32m 12[2mms[22m[39m
[31m       [31m├ù[31m les inputs sont accessibles au clavier[39m[32m 38[2mms[22m[39m
[31m       [31m├ù[31m les boutons d'action sont accessibles[39m[32m 67[2mms[22m[39m
[31m       [31m├ù[31m filtre les d├®penses par cat├®gorie[39m[32m 31[2mms[22m[39m
[31m       [31m├ù[31m affiche les d├®tails des d├®penses associ├®es[39m[32m 60[2mms[22m[39m
[31m       [31m├ù[31m affiche un bouton d'import[39m[32m 17[2mms[22m[39m
[31m       [31m├ù[31m affiche un bouton d'export[39m[32m 16[2mms[22m[39m
[31m       [31m├ù[31m affiche le t├®l├®phone du fournisseur[39m[32m 19[2mms[22m[39m
[31m       [31m├ù[31m affiche l'adresse du fournisseur[39m[32m 19[2mms[22m[39m
[31m       [31m├ù[31m affiche le SIRET du fournisseur[39m[32m 26[2mms[22m[39m
[31m       [31m├ù[31m trie les fournisseurs par nom alphab├®tiquement[39m[32m 26[2mms[22m[39m
[31m       [31m├ù[31m agr├¿ge les d├®penses par fournisseur correctement[39m[32m 29[2mms[22m[39m
 [31mÔØ»[39m __tests__/components/ProductManager.test.tsx [2m([22m[2m41 tests[22m[2m | [22m[31m9 failed[39m[2m)[22m[33m 7419[2mms[22m[39m
       [32mÔ£ô[39m rend le gestionnaire de produits[32m 264[2mms[22m[39m
       [32mÔ£ô[39m affiche la liste des produits actifs[32m 190[2mms[22m[39m
[31m       [31m├ù[31m affiche les prix des produits[39m[32m 169[2mms[22m[39m
[31m       [31m├ù[31m affiche les cat├®gories de produits[39m[32m 89[2mms[22m[39m
       [33m[2mÔ£ô[22m[39m filtre les produits par nom [33m 829[2mms[22m[39m
       [33m[2mÔ£ô[22m[39m filtre les produits par SKU [33m 410[2mms[22m[39m
       [33m[2mÔ£ô[22m[39m filtre les produits par description [33m 362[2mms[22m[39m
[31m       [31m├ù[31m affiche un message si aucun r├®sultat de recherche[39m[33m 1783[2mms[22m[39m
       [32mÔ£ô[39m extrait les cat├®gories uniques des produits[32m 49[2mms[22m[39m
       [32mÔ£ô[39m filtre par cat├®gorie Services[32m 239[2mms[22m[39m
       [32mÔ£ô[39m filtre par cat├®gorie Fournitures[32m 198[2mms[22m[39m
       [32mÔ£ô[39m ignore les produits archiv├®s par d├®faut[32m 64[2mms[22m[39m
       [32mÔ£ô[39m trie par nom (d├®faut)[32m 53[2mms[22m[39m
       [32mÔ£ô[39m trie par prix[32m 284[2mms[22m[39m
       [32mÔ£ô[39m trie par cat├®gorie[32m 267[2mms[22m[39m
       [32mÔ£ô[39m affiche le stock des produits[32m 69[2mms[22m[39m
       [32mÔ£ô[39m affiche un avis si stock faible (< minStock)[32m 52[2mms[22m[39m
       [32mÔ£ô[39m filtre pour afficher uniquement les produits ├á stock faible[32m 296[2mms[22m[39m
       [32mÔ£ô[39m distingue les services des produits[32m 54[2mms[22m[39m
       [32mÔ£ô[39m affiche le type "service" pour les consultations[32m 45[2mms[22m[39m
       [32mÔ£ô[39m affiche le type "produit" pour les fournitures[32m 40[2mms[22m[39m
[31m       [31m├ù[31m ouvre le panneau pour cr├®er un produit[39m[32m 56[2mms[22m[39m
[31m       [31m├ù[31m cr├®e un produit avec nom et prix[39m[32m 68[2mms[22m[39m
[31m       [31m├ù[31m valide que le nom est requis[39m[32m 60[2mms[22m[39m
       [32mÔ£ô[39m ouvre le formulaire d'├®dition d'un produit[32m 123[2mms[22m[39m
       [32mÔ£ô[39m pr├®charge les donn├®es du produit[32m 62[2mms[22m[39m
       [32mÔ£ô[39m sauvegarde les modifications du produit[32m 39[2mms[22m[39m
       [32mÔ£ô[39m affiche un bouton supprimer[32m 40[2mms[22m[39m
       [32mÔ£ô[39m appelle onDelete avec l'ID du produit[32m 50[2mms[22m[39m
       [32mÔ£ô[39m affiche le bouton d'archivage[32m 74[2mms[22m[39m
       [32mÔ£ô[39m masque les produits archiv├®s par d├®faut[32m 87[2mms[22m[39m
       [33m[2mÔ£ô[22m[39m affiche les produits archiv├®s si filtr├® [33m 317[2mms[22m[39m
       [32mÔ£ô[39m affiche le SKU du produit[32m 56[2mms[22m[39m
       [32mÔ£ô[39m affiche l'unit├® de mesure du produit[32m 45[2mms[22m[39m
[31m       [31m├ù[31m permet de cr├®er un produit avec une unit├® personnalis├®e[39m[32m 60[2mms[22m[39m
[31m       [31m├ù[31m affiche les prix correctement format├®s[39m[32m 56[2mms[22m[39m
       [32mÔ£ô[39m g├¿re les montants d├®cimaux (d├®cimales)[32m 82[2mms[22m[39m
       [32mÔ£ô[39m valide que le prix est un nombre positif[32m 67[2mms[22m[39m
[31m       [31m├ù[31m affiche un message si pas de produits[39m[32m 83[2mms[22m[39m
       [32mÔ£ô[39m permet quand m├¬me d'ajouter un produit[32m 102[2mms[22m[39m
       [32mÔ£ô[39m affiche les boutons d'import/export[32m 75[2mms[22m[39m
 [31mÔØ»[39m __tests__/components/ClientManager.test.tsx [2m([22m[2m40 tests[22m[2m | [22m[31m40 failed[39m[2m)[22m[33m 1476[2mms[22m[39m
[31m       [31m├ù[31m affiche le titre et interface du gestionnaire de clients[39m[32m 171[2mms[22m[39m
[31m       [31m├ù[31m affiche la liste des clients actifs[39m[32m 36[2mms[22m[39m
[31m       [31m├ù[31m affiche le nombre total de clients[39m[32m 36[2mms[22m[39m
[31m       [31m├ù[31m affiche les statuts et statistiques des clients[39m[32m 64[2mms[22m[39m
[31m       [31m├ù[31m filtre les clients par nom[39m[32m 103[2mms[22m[39m
[31m       [31m├ù[31m filtre les clients par email[39m[32m 71[2mms[22m[39m
[31m       [31m├ù[31m affiche message si aucun r├®sultat[39m[32m 59[2mms[22m[39m
[31m       [31m├ù[31m ignore les clients archiv├®s par d├®faut[39m[32m 56[2mms[22m[39m
[31m       [31m├ù[31m affiche le chiffre d'affaires total[39m[32m 55[2mms[22m[39m
[31m       [31m├ù[31m compte les factures pay├®es par client[39m[32m 53[2mms[22m[39m
[31m       [31m├ù[31m affiche le nombre total de clients[39m[32m 43[2mms[22m[39m
[31m       [31m├ù[31m ouvre le modal pour ajouter un client[39m[32m 32[2mms[22m[39m
[31m       [31m├ù[31m cr├®e un nouveau client avec les donn├®es du formulaire[39m[32m 33[2mms[22m[39m
[31m       [31m├ù[31m ouvre le modal pour ├®diter un client[39m[32m 28[2mms[22m[39m
[31m       [31m├ù[31m pr├®charge les donn├®es du client en ├®dition[39m[32m 24[2mms[22m[39m
[31m       [31m├ù[31m sauvegarde les modifications du client[39m[32m 33[2mms[22m[39m
[31m       [31m├ù[31m affiche un bouton supprimer[39m[32m 32[2mms[22m[39m
[31m       [31m├ù[31m appelle onDelete avec l'ID du client[39m[32m 26[2mms[22m[39m
[31m       [31m├ù[31m affiche l'option d'archivage[39m[32m 32[2mms[22m[39m
[31m       [31m├ù[31m affiche un message si pas de clients[39m[32m 32[2mms[22m[39m
[31m       [31m├ù[31m les inputs sont accessibles au clavier[39m[32m 36[2mms[22m[39m
[31m       [31m├ù[31m les boutons d'action sont accessibles[39m[32m 24[2mms[22m[39m
[31m       [31m├ù[31m rejette un SIRET invalide (trop court)[39m[32m 24[2mms[22m[39m
[31m       [31m├ù[31m accepte un SIRET valide (13 chiffres)[39m[32m 20[2mms[22m[39m
[31m       [31m├ù[31m rejette un email invalide (pas @)[39m[32m 21[2mms[22m[39m
[31m       [31m├ù[31m accepte un email valide[39m[32m 22[2mms[22m[39m
[31m       [31m├ù[31m accepte les emails avec sous-domaines[39m[32m 17[2mms[22m[39m
[31m       [31m├ù[31m accepte un t├®l├®phone fran├ºais standard[39m[32m 20[2mms[22m[39m
[31m       [31m├ù[31m accepte un t├®l├®phone avec espaces[39m[32m 21[2mms[22m[39m
[31m       [31m├ù[31m rejette un t├®l├®phone invalide (moins de 10 chiffres)[39m[32m 18[2mms[22m[39m
[31m       [31m├ù[31m calcule correctement le CA total de tous les clients[39m[32m 17[2mms[22m[39m
[31m       [31m├ù[31m compte les factures hors TVA correctement[39m[32m 17[2mms[22m[39m
[31m       [31m├ù[31m g├¿re les montants extr├¬mes (tr├¿s ├®lev├®s)[39m[32m 17[2mms[22m[39m
[31m       [31m├ù[31m exclu les factures brouillon du CA[39m[32m 20[2mms[22m[39m
[31m       [31m├ù[31m g├¿re les avoirs/notes de cr├®dit (montants n├®gatifs)[39m[32m 23[2mms[22m[39m
[31m       [31m├ù[31m calcule le montant pay├® vs impay├®[39m[32m 20[2mms[22m[39m
[31m       [31m├ù[31m affiche les factures retard[39m[32m 17[2mms[22m[39m
[31m       [31m├ù[31m groupe les factures par client[39m[32m 23[2mms[22m[39m
[31m       [31m├ù[31m ne perd pas de donn├®es lors de l'├®dition[39m[32m 20[2mms[22m[39m
[31m       [31m├ù[31m pr├®serve les informations lors de la suppression en base de donn├®es[39m[32m 45[2mms[22m[39m

[31mÔÄ»ÔÄ»ÔÄ»ÔÄ»ÔÄ»ÔÄ»[39m[1m[41m Failed Tests 40 
[49m[22m[31mÔÄ»ÔÄ»ÔÄ»ÔÄ»ÔÄ»ÔÄ»ÔÄ»[39m

[41m[1m FAIL [22m[49m __tests__/components/ClientManager.test.tsx[2m > 
[22mClientManager Component[2m > [22mRendering & UI[2m > [22maffiche le 
titre et interface du gestionnaire de clients
[41m[1m FAIL [22m[49m __tests__/components/ClientManager.test.tsx[2m > 
[22mClientManager Component[2m > [22mRendering & UI[2m > [22maffiche la 
liste des clients actifs
[41m[1m FAIL [22m[49m __tests__/components/ClientManager.test.tsx[2m > 
[22mClientManager Component[2m > [22mRendering & UI[2m > [22maffiche le 
nombre total de clients
[41m[1m FAIL [22m[49m __tests__/components/ClientManager.test.tsx[2m > 
[22mClientManager Component[2m > [22mRendering & UI[2m > [22maffiche les 
statuts et statistiques des clients
[41m[1m FAIL [22m[49m __tests__/components/ClientManager.test.tsx[2m > 
[22mClientManager Component[2m > [22mClient Search & Filter[2m > 
[22mfiltre les clients par nom
[41m[1m FAIL [22m[49m __tests__/components/ClientManager.test.tsx[2m > 
[22mClientManager Component[2m > [22mClient Search & Filter[2m > 
[22mfiltre les clients par email
[41m[1m FAIL [22m[49m __tests__/components/ClientManager.test.tsx[2m > 
[22mClientManager Component[2m > [22mClient Search & Filter[2m > 
[22maffiche message si aucun r├®sultat
[41m[1m FAIL [22m[49m __tests__/components/ClientManager.test.tsx[2m > 
[22mClientManager Component[2m > [22mClient Search & Filter[2m > 
[22mignore les clients archiv├®s par d├®faut
[41m[1m FAIL [22m[49m __tests__/components/ClientManager.test.tsx[2m > 
[22mClientManager Component[2m > [22mStatistics[2m > [22maffiche le 
chiffre d'affaires total
[41m[1m FAIL [22m[49m __tests__/components/ClientManager.test.tsx[2m > 
[22mClientManager Component[2m > [22mStatistics[2m > [22mcompte les 
factures pay├®es par client
[41m[1m FAIL [22m[49m __tests__/components/ClientManager.test.tsx[2m > 
[22mClientManager Component[2m > [22mStatistics[2m > [22maffiche le 
nombre total de clients
[41m[1m FAIL [22m[49m __tests__/components/ClientManager.test.tsx[2m > 
[22mClientManager Component[2m > [22mAdd Client Workflow[2m > [22mouvre 
le modal pour ajouter un client
[41m[1m FAIL [22m[49m __tests__/components/ClientManager.test.tsx[2m > 
[22mClientManager Component[2m > [22mAdd Client Workflow[2m > [22mcr├®e 
un nouveau client avec les donn├®es du formulaire
[41m[1m FAIL [22m[49m __tests__/components/ClientManager.test.tsx[2m > 
[22mClientManager Component[2m > [22mEdit Client Workflow[2m > [22mouvre 
le modal pour ├®diter un client
[41m[1m FAIL [22m[49m __tests__/components/ClientManager.test.tsx[2m > 
[22mClientManager Component[2m > [22mEdit Client Workflow[2m > 
[22mpr├®charge les donn├®es du client en ├®dition
[41m[1m FAIL [22m[49m __tests__/components/ClientManager.test.tsx[2m > 
[22mClientManager Component[2m > [22mEdit Client Workflow[2m > 
[22msauvegarde les modifications du client
[41m[1m FAIL [22m[49m __tests__/components/ClientManager.test.tsx[2m > 
[22mClientManager Component[2m > [22mDelete Client Workflow[2m > 
[22maffiche un bouton supprimer
[41m[1m FAIL [22m[49m __tests__/components/ClientManager.test.tsx[2m > 
[22mClientManager Component[2m > [22mDelete Client Workflow[2m > 
[22mappelle onDelete avec l'ID du client
[41m[1m FAIL [22m[49m __tests__/components/ClientManager.test.tsx[2m > 
[22mClientManager Component[2m > [22mArchive Client[2m > [22maffiche 
l'option d'archivage
[41m[1m FAIL [22m[49m __tests__/components/ClientManager.test.tsx[2m > 
[22mClientManager Component[2m > [22mEmpty State[2m > [22maffiche un 
message si pas de clients
[41m[1m FAIL [22m[49m __tests__/components/ClientManager.test.tsx[2m > 
[22mClientManager Component[2m > [22mAccessibility[2m > [22mles inputs 
sont accessibles au clavier
[41m[1m FAIL [22m[49m __tests__/components/ClientManager.test.tsx[2m > 
[22mClientManager Component[2m > [22mAccessibility[2m > [22mles boutons 
d'action sont accessibles
[41m[1m FAIL [22m[49m __tests__/components/ClientManager.test.tsx[2m > 
[22mClientManager Component[2m > [22mValidation - SIRET[2m > [22mrejette 
un SIRET invalide (trop court)
[41m[1m FAIL [22m[49m __tests__/components/ClientManager.test.tsx[2m > 
[22mClientManager Component[2m > [22mValidation - SIRET[2m > [22maccepte 
un SIRET valide (13 chiffres)
[41m[1m FAIL [22m[49m __tests__/components/ClientManager.test.tsx[2m > 
[22mClientManager Component[2m > [22mValidation - Email[2m > [22mrejette 
un email invalide (pas @)
[41m[1m FAIL [22m[49m __tests__/components/ClientManager.test.tsx[2m > 
[22mClientManager Component[2m > [22mValidation - Email[2m > [22maccepte 
un email valide
[41m[1m FAIL [22m[49m __tests__/components/ClientManager.test.tsx[2m > 
[22mClientManager Component[2m > [22mValidation - Email[2m > [22maccepte 
les emails avec sous-domaines
[41m[1m FAIL [22m[49m __tests__/components/ClientManager.test.tsx[2m > 
[22mClientManager Component[2m > [22mValidation - French Phone[2m > 
[22maccepte un t├®l├®phone fran├ºais standard
[41m[1m FAIL [22m[49m __tests__/components/ClientManager.test.tsx[2m > 
[22mClientManager Component[2m > [22mValidation - French Phone[2m > 
[22maccepte un t├®l├®phone avec espaces
[41m[1m FAIL [22m[49m __tests__/components/ClientManager.test.tsx[2m > 
[22mClientManager Component[2m > [22mValidation - French Phone[2m > 
[22mrejette un t├®l├®phone invalide (moins de 10 chiffres)
[41m[1m FAIL [22m[49m __tests__/components/ClientManager.test.tsx[2m > 
[22mClientManager Component[2m > [22mFinancial Calculations - Revenue[2m > 
[22mcalcule correctement le CA total de tous les clients
[41m[1m FAIL [22m[49m __tests__/components/ClientManager.test.tsx[2m > 
[22mClientManager Component[2m > [22mFinancial Calculations - Revenue[2m > 
[22mcompte les factures hors TVA correctement
[41m[1m FAIL [22m[49m __tests__/components/ClientManager.test.tsx[2m > 
[22mClientManager Component[2m > [22mFinancial Calculations - Revenue[2m > 
[22mg├¿re les montants extr├¬mes (tr├¿s ├®lev├®s)
[41m[1m FAIL [22m[49m __tests__/components/ClientManager.test.tsx[2m > 
[22mClientManager Component[2m > [22mFinancial Calculations - Revenue[2m > 
[22mexclu les factures brouillon du CA
[41m[1m FAIL [22m[49m __tests__/components/ClientManager.test.tsx[2m > 
[22mClientManager Component[2m > [22mFinancial Calculations - Revenue[2m > 
[22mg├¿re les avoirs/notes de cr├®dit (montants n├®gatifs)
[41m[1m FAIL [22m[49m __tests__/components/ClientManager.test.tsx[2m > 
[22mClientManager Component[2m > [22mClient Invoice Status[2m > 
[22mcalcule le montant pay├® vs impay├®
[41m[1m FAIL [22m[49m __tests__/components/ClientManager.test.tsx[2m > 
[22mClientManager Component[2m > [22mClient Invoice Status[2m > 
[22maffiche les factures retard
[41m[1m FAIL [22m[49m __tests__/components/ClientManager.test.tsx[2m > 
[22mClientManager Component[2m > [22mClient Invoice Status[2m > 
[22mgroupe les factures par client
[41m[1m FAIL [22m[49m __tests__/components/ClientManager.test.tsx[2m > 
[22mClientManager Component[2m > [22mData Integrity[2m > [22mne perd pas 
de donn├®es lors de l'├®dition
[41m[1m FAIL [22m[49m __tests__/components/ClientManager.test.tsx[2m > 
[22mClientManager Component[2m > [22mData Integrity[2m > [22mpr├®serve 
les informations lors de la suppression en base de donn├®es
[31m[1mTypeError[22m: Cannot read properties of undefined (reading 
'search')[39m
[36m [2mÔØ»[22m SearchFilterFields 
__tests__/components/ClientManager.test.tsx:[2m58:24[22m[39m
    [90m 56| [39m      [33m<[39m[33minput[39m
    [90m 57| [39m        
[33mplaceholder[39m[33m=[39m[32m"Chercher..."[39m
    [90m 58| [39m        
[33mvalue[39m[33m=[39m[33m{[39mfilters[33m.[39msearch [33m||[39m 
[32m''[39m[33m}[39m
    [90m   | [39m                       [31m^[39m
    [90m 59| [39m        onChange={(e) => onChange({ ...filters, search: 
e.target.valueÔÇª
    [90m 60| [39m      [33m/[39m[33m>[39m
[90m [2mÔØ»[22m Object.react_stack_bottom_frame node_modules/react-dom/cjs/r
eact-dom-client.development.js:[2m25904:20[22m[39m
[90m [2mÔØ»[22m renderWithHooks node_modules/react-dom/cjs/react-dom-client.
development.js:[2m7662:22[22m[39m
[90m [2mÔØ»[22m updateFunctionComponent node_modules/react-dom/cjs/react-dom
-client.development.js:[2m10166:19[22m[39m
[90m [2mÔØ»[22m beginWork node_modules/react-dom/cjs/react-dom-client.develo
pment.js:[2m11778:18[22m[39m
[90m [2mÔØ»[22m runWithFiberInDEV 
node_modules/react-dom/cjs/react-dom-client.development.js:[2m874:13[22m[39m
[90m [2mÔØ»[22m performUnitOfWork node_modules/react-dom/cjs/react-dom-clien
t.development.js:[2m17641:22[22m[39m
[90m [2mÔØ»[22m workLoopSync node_modules/react-dom/cjs/react-dom-client.dev
elopment.js:[2m17469:41[22m[39m
[90m [2mÔØ»[22m renderRootSync node_modules/react-dom/cjs/react-dom-client.d
evelopment.js:[2m17450:11[22m[39m
[90m [2mÔØ»[22m performWorkOnRoot node_modules/react-dom/cjs/react-dom-clien
t.development.js:[2m16583:35[22m[39m

[31m[2mÔÄ»ÔÄ»ÔÄ»ÔÄ»ÔÄ»ÔÄ»ÔÄ»ÔÄ»ÔÄ»ÔÄ»ÔÄ»ÔÄ»ÔÄ»ÔÄ»ÔÄ»ÔÄ»ÔÄ»ÔÄ»ÔÄ»ÔÄ»ÔÄ»ÔÄ»ÔÄ»[
1/40]ÔÄ»[22m[39m


[2m Test Files [22m [1m[31m8 failed[39m[22m[90m (8)[39m
[2m      Tests [22m [1m[31m159 failed[39m[22m[2m | [22m[1m[32m118 passed[39m[22m[90m (277)[39m
[2m   Start at [22m 00:20:38
[2m   Duration [22m 4.16s

[1m[41m FAIL [49m[22m [31mTests failed. Watching for file changes...[39m
       [2mpress [22m[1mh[22m[2m to show help[22m[2m, [22m[2mpress [22m[1mq[22m[2m to quit[22m
c[3J[1m[44m RERUN [49m[22m [34m[2m__tests__/components/ClientManager.test.tsx [22m[34mx2 [34m[39m

 [31mÔØ»[39m __tests__/AIAssistant.test.tsx [2m([22m[2m20 tests[22m[2m | [22m[31m4 failed[39m[2m)[22m[33m 5881[2mms[22m[39m
       [32mÔ£ô[39m devrait rendre le composant sans erreur[32m 118[2mms[22m[39m
       [32mÔ£ô[39m affiche le titre principal du composant[32m 22[2mms[22m[39m
       [32mÔ£ô[39m affiche le champ de saisie pour les questions[32m 24[2mms[22m[39m
       [32mÔ£ô[39m affiche le bouton d'envoi[32m 22[2mms[22m[39m
       [33m[2mÔ£ô[22m[39m devrait envoyer un message et afficher la r├®ponse [33m 825[2mms[22m[39m
       [33m[2mÔ£ô[22m[39m vide le champ de saisie apr├¿s envoi [33m 359[2mms[22m[39m
       [32mÔ£ô[39m n'envoie pas de message vide[32m 96[2mms[22m[39m
       [33m[2mÔ£ô[22m[39m affiche l'historique des messages [33m 326[2mms[22m[39m
       [32mÔ£ô[39m affiche la section de pr├®diction[32m 17[2mms[22m[39m
       [32mÔ£ô[39m affiche la balance pr├®dite[32m 14[2mms[22m[39m
[31m       [31m├ù[31m appelle predictCashflowJ30 au montage du composant[39m[33m 1026[2mms[22m[39m
[31m       [31m├ù[31m affiche le niveau de risque de la pr├®diction[39m[33m 1019[2mms[22m[39m
       [32mÔ£ô[39m g├¿re les erreurs d'API gracieusement[32m 171[2mms[22m[39m
       [32mÔ£ô[39m g├¿re les erreurs de pr├®diction au chargement[32m 11[2mms[22m[39m
       [32mÔ£ô[39m affiche un message par d├®faut en cas d'erreur de r├®ponse[32m 276[2mms[22m[39m
       [32mÔ£ô[39m affiche un indicateur de chargement en envoyant un message[32m 209[2mms[22m[39m
[31m       [31m├ù[31m envoie le message avec Enter[39m[33m 1145[2mms[22m[39m
[31m       [31m├ù[31m n'envoie pas avec Shift+Enter[39m[32m 172[2mms[22m[39m
       [32mÔ£ô[39m a des labels descriptifs pour les ├®l├®ments interactifs[32m 9[2mms[22m[39m
       [32mÔ£ô[39m le bouton est accessible au clavier[32m 10[2mms[22m[39m
 [31mÔØ»[39m __tests__/components/InvoiceManager.test.tsx [2m([22m[2m38 tests[22m[2m | [22m[31m26 failed[39m[2m)[22m[33m 2999[2mms[22m[39m
[31m       [31m├ù[31m affiche le gestionnaire de factures[39m[32m 171[2mms[22m[39m
       [32mÔ£ô[39m affiche la liste des factures[32m 49[2mms[22m[39m
[31m       [31m├ù[31m affiche les statuts des factures[39m[32m 53[2mms[22m[39m
       [32mÔ£ô[39m affiche le num├®ro de facture[32m 39[2mms[22m[39m
[31m       [31m├ù[31m affiche le client de la facture[39m[32m 43[2mms[22m[39m
[31m       [31m├ù[31m affiche la date de facture[39m[32m 36[2mms[22m[39m
       [32mÔ£ô[39m affiche les montants totaux[32m 28[2mms[22m[39m
[31m       [31m├ù[31m ouvre le formulaire de cr├®ation de facture[39m[33m 1308[2mms[22m[39m
[31m       [31m├ù[31m filtre par statut[39m[32m 44[2mms[22m[39m
[31m       [31m├ù[31m filtre par client[39m[32m 36[2mms[22m[39m
[31m       [31m├ù[31m affiche un bouton pour dupliquer une facture[39m[32m 51[2mms[22m[39m
       [32mÔ£ô[39m affiche un bouton pour supprimer une facture[32m 29[2mms[22m[39m
       [32mÔ£ô[39m affiche un bouton pour t├®l├®charger une facture[32m 32[2mms[22m[39m
[31m       [31m├ù[31m affiche un bouton pour envoyer une facture[39m[32m 34[2mms[22m[39m
       [32mÔ£ô[39m affiche un message si pas de factures[32m 20[2mms[22m[39m
       [32mÔ£ô[39m g├¿re les factures standards[32m 59[2mms[22m[39m
[31m       [31m├ù[31m g├¿re les devis[39m[32m 23[2mms[22m[39m
       [32mÔ£ô[39m les boutons sont accessibles au clavier[32m 136[2mms[22m[39m
[31m       [31m├ù[31m calcule correctement HT (Hors Taxes) avec items simples[39m[32m 25[2mms[22m[39m
[31m       [31m├ù[31m calcule correctement la TVA ├á 20%[39m[32m 24[2mms[22m[39m
[31m       [31m├ù[31m calcule correctement avec TVA r├®duite 5.5%[39m[32m 25[2mms[22m[39m
[31m       [31m├ù[31m calcule correctement avec plusieurs items et TVA mixtes[39m[32m 22[2mms[22m[39m
[31m       [31m├ù[31m applique correctement une remise en pourcentage[39m[32m 20[2mms[22m[39m
[31m       [31m├ù[31m ajoute correctement les frais de port (shipping)[39m[32m 20[2mms[22m[39m
[31m       [31m├ù[31m g├¿re les acomptes/d├®p├┤ts correctement[39m[32m 22[2mms[22m[39m
[31m       [31m├ù[31m exon├¿re correctement la TVA si taxExempt = true[39m[32m 20[2mms[22m[39m
[31m       [31m├ù[31m g├¿re les d├®cimales correctement (precision Decimal.js)[39m[32m 25[2mms[22m[39m
[31m       [31m├ù[31m composition de calculs complexes: remise + port + TVA[39m[32m 20[2mms[22m[39m
[31m       [31m├ù[31m emp├¬che la cr├®ation avec un client non s├®lectionn├®[39m[32m 24[2mms[22m[39m
[31m       [31m├ù[31m emp├¬che la cr├®ation avec des items vides[39m[32m 22[2mms[22m[39m
       [32mÔ£ô[39m valide les num├®ros de facture uniques[32m 29[2mms[22m[39m
       [32mÔ£ô[39m valide que la date d'├®ch├®ance est apr├¿s la date de facture[32m 23[2mms[22m[39m
       [32mÔ£ô[39m emp├¬che les montants n├®gatifs[32m 16[2mms[22m[39m
[31m       [31m├ù[31m affiche les dates en format fran├ºais[39m[32m 44[2mms[22m[39m
[31m       [31m├ù[31m affiche les montants format├®s avec s├®parateurs de milliers[39m[32m 25[2mms[22m[39m
       [33m[2mÔ£ô[22m[39m g├¿re 100 factures sans ralentissements [33m 327[2mms[22m[39m
[31m       [31m├ù[31m g├¿re les montant extr├¬mement ├®lev├®s[39m[32m 28[2mms[22m[39m
[31m       [31m├ù[31m g├¿re les factures avec pas d'items[39m[32m 38[2mms[22m[39m
 [31mÔØ»[39m __tests__/lib/facturX.test.ts [2m([22m[2m34 tests[22m[2m | [22m[31m6 failed[39m[2m)[22m[32m 68[2mms[22m[39m
       [32mÔ£ô[39m g├®n├¿re un XML bien form├®[32m 3[2mms[22m[39m
       [32mÔ£ô[39m inclut les informations du vendeur[32m 1[2mms[22m[39m
       [32mÔ£ô[39m inclut les informations de l'acheteur[32m 0[2mms[22m[39m
       [32mÔ£ô[39m inclut le num├®ro de facture[32m 0[2mms[22m[39m
       [32mÔ£ô[39m inclut la date au format YYYYMMDD[32m 0[2mms[22m[39m
       [32mÔ£ô[39m inclut tous les items avec descriptions[32m 0[2mms[22m[39m
       [32mÔ£ô[39m inclut les quantit├®s correctes[32m 0[2mms[22m[39m
       [32mÔ£ô[39m inclut les montants unitaires[32m 0[2mms[22m[39m
       [32mÔ£ô[39m inclut les taux de TVA[32m 0[2mms[22m[39m
       [32mÔ£ô[39m utilise le profil BASIC Factur-X[32m 0[2mms[22m[39m
       [32mÔ£ô[39m utilise typeCode 380 pour facture normale[32m 0[2mms[22m[39m
       [32mÔ£ô[39m utilise typeCode 381 pour avoir-facture[32m 0[2mms[22m[39m
       [32mÔ£ô[39m utilise EUR comme devise[32m 0[2mms[22m[39m
       [32mÔ£ô[39m g├¿re les accents fran├ºais correctement (UTF-8)[32m 0[2mms[22m[39m
       [32mÔ£ô[39m structure bien form├®e avec ├®l├®ments requis[32m 0[2mms[22m[39m
[31m       [31m├ù[31m calcule correctement les totaux HT et TTC[39m[32m 15[2mms[22m[39m
[31m       [31m├ù[31m inclut les adresses compl├¿tes du vendeur et acheteur[39m[32m 5[2mms[22m[39m
       [32mÔ£ô[39m g├¿re les factures sans items sans erreur[32m 0[2mms[22m[39m
       [32mÔ£ô[39m g├¿re le code S (standard VAT rate)[32m 0[2mms[22m[39m
[31m       [31m├ù[31m g├¿re le code Z (zero rated)[39m[32m 1[2mms[22m[39m
       [32mÔ£ô[39m g├¿re le code E (exempt from VAT)[32m 0[2mms[22m[39m
       [32mÔ£ô[39m g├¿re le code RL (reverse charge)[32m 0[2mms[22m[39m
[31m       [31m├ù[31m inclut les conditions de paiement[39m[32m 3[2mms[22m[39m
       [32mÔ£ô[39m respecte la pr├®cision d├®cimale sur les montants[32m 0[2mms[22m[39m
[31m       [31m├ù[31m ├®chappe correctement les caract├¿res XML sp├®ciaux[39m[32m 10[2mms[22m[39m
       [32mÔ£ô[39m g├¿re plusieurs items avec diff├®rents taux de TVA[32m 2[2mms[22m[39m
       [32mÔ£ô[39m inclut le statut ACRE dans le profil[32m 1[2mms[22m[39m
       [32mÔ£ô[39m g├¿re les montants ├®lev├®s sans perte de pr├®cision[32m 0[2mms[22m[39m
[31m       [31m├ù[31m inclut compl├¿tement les adresses structur├®es (CodeListId)[39m[32m 7[2mms[22m[39m
       [32mÔ£ô[39m utilise le num├®ro de facture comme SchemeID[32m 0[2mms[22m[39m
       [32mÔ£ô[39m valide l'XML pour Structure compl├¿te (pas de tags orphelins)[32m 1[2mms[22m[39m
       [32mÔ£ô[39m diff├®rencie les types de document (facture vs avoir)[32m 0[2mms[22m[39m
       [32mÔ£ô[39m g├®n├¿re le XML rapidement (< 100ms)[32m 0[2mms[22m[39m
       [32mÔ£ô[39m g├®n├¿re le m├¬me XML pour la m├¬me facture (d├®terministe)[32m 0[2mms[22m[39m
 [31mÔØ»[39m __tests__/lib/exportUtils.test.ts [2m([22m[2m34 tests[22m[2m | [22m[31m4 failed[39m[2m)[22m[32m 48[2mms[22m[39m
       [32mÔ£ô[39m exporte compl├¿tement les donn├®es en JSON[32m 4[2mms[22m[39m
       [32mÔ£ô[39m inclut les m├®tadonn├®es (exportedAt)[32m 1[2mms[22m[39m
       [32mÔ£ô[39m s├®rialise les Decimal en string[32m 1[2mms[22m[39m
       [32mÔ£ô[39m g├¿re les donn├®es vides correctement[32m 1[2mms[22m[39m
       [32mÔ£ô[39m sort et formate correctement le JSON[32m 1[2mms[22m[39m
       [32mÔ£ô[39m exporte avec toutes les cl├®s r├®quises[32m 1[2mms[22m[39m
[31m       [31m├ù[31m exporte les factures en CSV[39m[32m 8[2mms[22m[39m
[31m       [31m├ù[31m inclut les headers automatiquement[39m[32m 4[2mms[22m[39m
       [32mÔ£ô[39m g├¿re les custom headers[32m 1[2mms[22m[39m
       [32mÔ£ô[39m ├®chappe les valeurs contenant des virgules[32m 0[2mms[22m[39m
       [32mÔ£ô[39m ├®chappe les valeurs contenant des guillemets[32m 1[2mms[22m[39m
       [32mÔ£ô[39m exporte les clients[32m 0[2mms[22m[39m
       [32mÔ£ô[39m g├¿re les collections vides[32m 0[2mms[22m[39m
       [32mÔ£ô[39m exporte plusieurs items avec donn├®es compl├¿tes[32m 0[2mms[22m[39m
       [32mÔ£ô[39m g├¿re les donn├®es avec accents fran├ºais[32m 0[2mms[22m[39m
       [32mÔ£ô[39m exporte les num├®ros correctement format├®s[32m 0[2mms[22m[39m
       [32mÔ£ô[39m exporte compl├¿tement les donn├®es personnelles[32m 0[2mms[22m[39m
       [32mÔ£ô[39m inclut le timestamp d'export (RGPD requirement)[32m 0[2mms[22m[39m
       [32mÔ£ô[39m produit un JSON valide et parsable[32m 1[2mms[22m[39m
       [32mÔ£ô[39m utilise l'encodage UTF-8 correctement[32m 0[2mms[22m[39m
       [32mÔ£ô[39m CSV r├®cup├¿re tous les champs de l'entit├®[32m 0[2mms[22m[39m
       [32mÔ£ô[39m exporte 1000 factures rapidement en JSON[32m 5[2mms[22m[39m
[31m       [31m├ù[31m exporte 1000 factures rapidement en CSV[39m[32m 5[2mms[22m[39m
       [32mÔ£ô[39m g├¿re les montants tr├¿s ├®lev├®s sans perte de pr├®cision[32m 0[2mms[22m[39m
       [32mÔ£ô[39m g├¿re les montants tr├¿s petits avec pr├®cision d├®cimale[32m 0[2mms[22m[39m
       [32mÔ£ô[39m g├¿re les valeurs null/undefined gracieux[32m 0[2mms[22m[39m
       [32mÔ£ô[39m g├¿re les cha├«nes vides correctement[32m 0[2mms[22m[39m
       [32mÔ£ô[39m g├¿re les caract├¿res de contr├┤le dans les donn├®es[32m 0[2mms[22m[39m
       [32mÔ£ô[39m ├®chappe correctement les guillemets doubles en CSV[32m 0[2mms[22m[39m
       [32mÔ£ô[39m conserve l'ordre des lignes en CSV[32m 0[2mms[22m[39m
       [32mÔ£ô[39m exporte correctement les donn├®es multilingues[32m 0[2mms[22m[39m
       [32mÔ£ô[39m exporte le CSV avec support multilingue UTF-8[32m 0[2mms[22m[39m
[31m       [31m├ù[31m produit un JSON de taille raisonnable pour 1000 factures[39m[32m 3[2mms[22m[39m
       [32mÔ£ô[39m encode correctement en base64 si n├®cessaire[32m 1[2mms[22m[39m
 [31mÔØ»[39m __tests__/db/invoiceDB.test.ts [2m([22m[2m40 tests[22m[2m | [22m[31m40 failed[39m[2m)[22m[32m 52[2mms[22m[39m
[31m       [31m├ù[31m cr├®e une facture[39m[32m 7[2mms[22m[39m
[31m       [31m├ù[31m r├®cup├¿re une facture par ID[39m[32m 1[2mms[22m[39m
[31m       [31m├ù[31m met ├á jour une facture[39m[32m 1[2mms[22m[39m
[31m       [31m├ù[31m supprime une facture[39m[32m 1[2mms[22m[39m
[31m       [31m├ù[31m liste toutes les factures[39m[32m 1[2mms[22m[39m
[31m       [31m├ù[31m filtre par status[39m[32m 1[2mms[22m[39m
[31m       [31m├ù[31m filtre par clientId[39m[32m 1[2mms[22m[39m
[31m       [31m├ù[31m filtre par status[39m[32m 1[2mms[22m[39m
[31m       [31m├ù[31m l├¿ve une erreur si l'invoice existe d├®j├á[39m[32m 1[2mms[22m[39m
[31m       [31m├ù[31m cr├®e un item[39m[32m 1[2mms[22m[39m
[31m       [31m├ù[31m cr├®e et r├®cup├¿re un item[39m[32m 1[2mms[22m[39m
[31m       [31m├ù[31m supporte plusieurs items[39m[32m 1[2mms[22m[39m
[31m       [31m├ù[31m cr├®e un client[39m[32m 1[2mms[22m[39m
[31m       [31m├ù[31m filtre les clients actifs[39m[32m 1[2mms[22m[39m
[31m       [31m├ù[31m recherche par email[39m[32m 1[2mms[22m[39m
[31m       [31m├ù[31m met ├á jour un client[39m[32m 1[2mms[22m[39m
[31m       [31m├ù[31m cr├®e facture + items atomiquement[39m[32m 1[2mms[22m[39m
[31m       [31m├ù[31m g├¿re 1000 factures sans d├®grade[39m[32m 1[2mms[22m[39m
[31m       [31m├ù[31m cherche rapidement dans 1000 records[39m[32m 1[2mms[22m[39m
[31m       [31m├ù[31m cr├®e un fournisseur[39m[32m 1[2mms[22m[39m
[31m       [31m├ù[31m filtre les fournisseurs actifs[39m[32m 1[2mms[22m[39m
[31m       [31m├ù[31m met ├á jour un fournisseur[39m[32m 1[2mms[22m[39m
[31m       [31m├ù[31m supprime un fournisseur[39m[32m 1[2mms[22m[39m
[31m       [31m├ù[31m cr├®e un produit[39m[32m 1[2mms[22m[39m
[31m       [31m├ù[31m filtre par cat├®gorie[39m[32m 1[2mms[22m[39m
[31m       [31m├ù[31m liste les produits actifs[39m[32m 1[2mms[22m[39m
[31m       [31m├ù[31m cr├®e une d├®pense[39m[32m 1[2mms[22m[39m
[31m       [31m├ù[31m filtre par fournisseur[39m[32m 1[2mms[22m[39m
[31m       [31m├ù[31m filtre par cat├®gorie[39m[32m 2[2mms[22m[39m
[31m       [31m├ù[31m exporte toutes les tables en JSON[39m[32m 1[2mms[22m[39m
[31m       [31m├ù[31m exporte des donn├®es vides si la base est vide[39m[32m 1[2mms[22m[39m
[31m       [31m├ù[31m exporte correctement Decimal.js amounts[39m[32m 1[2mms[22m[39m
[31m       [31m├ù[31m cr├®e un ├®v├®nement calendrier[39m[32m 1[2mms[22m[39m
[31m       [31m├ù[31m filtre par client[39m[32m 1[2mms[22m[39m
[31m       [31m├ù[31m filtre par facture[39m[32m 1[2mms[22m[39m
[31m       [31m├ù[31m cr├®e un template email[39m[32m 1[2mms[22m[39m
[31m       [31m├ù[31m r├®cup├¿re templates par type[39m[32m 1[2mms[22m[39m
[31m       [31m├ù[31m cr├®e un message chat[39m[32m 1[2mms[22m[39m
[31m       [31m├ù[31m liste messages par timestamp[39m[32m 1[2mms[22m[39m
[31m       [31m├ù[31m vide compl├¿tement la base[39m[32m 1[2mms[22m[39m
 [31mÔØ»[39m __tests__/components/SupplierManager.test.tsx [2m([22m[2m30 tests[22m[2m | [22m[31m30 failed[39m[2m)[22m[33m 3005[2mms[22m[39m
[31m       [31m├ù[31m rend le gestionnaire de fournisseurs[39m[33m 421[2mms[22m[39m
[31m       [31m├ù[31m affiche la liste des fournisseurs actifs[39m[32m 76[2mms[22m[39m
[31m       [31m├ù[31m affiche les emails des fournisseurs[39m[32m 209[2mms[22m[39m
[31m       [31m├ù[31m filtre les fournisseurs par nom[39m[32m 166[2mms[22m[39m
[31m       [31m├ù[31m filtre les fournisseurs par email[39m[32m 270[2mms[22m[39m
[31m       [31m├ù[31m ignore les fournisseurs archiv├®s par d├®faut[39m[33m 375[2mms[22m[39m
[31m       [31m├ù[31m calcule la d├®pense totale par fournisseur[39m[32m 63[2mms[22m[39m
[31m       [31m├ù[31m affiche la d├®pense totale globale[39m[32m 245[2mms[22m[39m
[31m       [31m├ù[31m compte les d├®penses par fournisseur[39m[32m 93[2mms[22m[39m
[31m       [31m├ù[31m ouvre le modal pour ajouter un fournisseur[39m[32m 103[2mms[22m[39m
[31m       [31m├ù[31m cr├®e un nouveau fournisseur[39m[32m 79[2mms[22m[39m
[31m       [31m├ù[31m ouvre le modal pour ├®diter un fournisseur[39m[32m 51[2mms[22m[39m
[31m       [31m├ù[31m pr├®charge les donn├®es du fournisseur en ├®dition[39m[32m 202[2mms[22m[39m
[31m       [31m├ù[31m sauvegarde les modifications du fournisseur[39m[32m 72[2mms[22m[39m
[31m       [31m├ù[31m affiche un bouton supprimer[39m[32m 111[2mms[22m[39m
[31m       [31m├ù[31m appelle onDelete avec l'ID du fournisseur[39m[32m 14[2mms[22m[39m
[31m       [31m├ù[31m affiche l'option d'archivage[39m[32m 47[2mms[22m[39m
[31m       [31m├ù[31m bascule le statut archiv├® du fournisseur[39m[32m 38[2mms[22m[39m
[31m       [31m├ù[31m affiche un message si pas de fournisseurs[39m[32m 12[2mms[22m[39m
[31m       [31m├ù[31m les inputs sont accessibles au clavier[39m[32m 38[2mms[22m[39m
[31m       [31m├ù[31m les boutons d'action sont accessibles[39m[32m 67[2mms[22m[39m
[31m       [31m├ù[31m filtre les d├®penses par cat├®gorie[39m[32m 31[2mms[22m[39m
[31m       [31m├ù[31m affiche les d├®tails des d├®penses associ├®es[39m[32m 60[2mms[22m[39m
[31m       [31m├ù[31m affiche un bouton d'import[39m[32m 17[2mms[22m[39m
[31m       [31m├ù[31m affiche un bouton d'export[39m[32m 16[2mms[22m[39m
[31m       [31m├ù[31m affiche le t├®l├®phone du fournisseur[39m[32m 19[2mms[22m[39m
[31m       [31m├ù[31m affiche l'adresse du fournisseur[39m[32m 19[2mms[22m[39m
[31m       [31m├ù[31m affiche le SIRET du fournisseur[39m[32m 26[2mms[22m[39m
[31m       [31m├ù[31m trie les fournisseurs par nom alphab├®tiquement[39m[32m 26[2mms[22m[39m
[31m       [31m├ù[31m agr├¿ge les d├®penses par fournisseur correctement[39m[32m 29[2mms[22m[39m
 [31mÔØ»[39m __tests__/components/ProductManager.test.tsx [2m([22m[2m41 tests[22m[2m | [22m[31m9 failed[39m[2m)[22m[33m 7419[2mms[22m[39m
       [32mÔ£ô[39m rend le gestionnaire de produits[32m 264[2mms[22m[39m
       [32mÔ£ô[39m affiche la liste des produits actifs[32m 190[2mms[22m[39m
[31m       [31m├ù[31m affiche les prix des produits[39m[32m 169[2mms[22m[39m
[31m       [31m├ù[31m affiche les cat├®gories de produits[39m[32m 89[2mms[22m[39m
       [33m[2mÔ£ô[22m[39m filtre les produits par nom [33m 829[2mms[22m[39m
       [33m[2mÔ£ô[22m[39m filtre les produits par SKU [33m 410[2mms[22m[39m
       [33m[2mÔ£ô[22m[39m filtre les produits par description [33m 362[2mms[22m[39m
[31m       [31m├ù[31m affiche un message si aucun r├®sultat de recherche[39m[33m 1783[2mms[22m[39m
       [32mÔ£ô[39m extrait les cat├®gories uniques des produits[32m 49[2mms[22m[39m
       [32mÔ£ô[39m filtre par cat├®gorie Services[32m 239[2mms[22m[39m
       [32mÔ£ô[39m filtre par cat├®gorie Fournitures[32m 198[2mms[22m[39m
       [32mÔ£ô[39m ignore les produits archiv├®s par d├®faut[32m 64[2mms[22m[39m
       [32mÔ£ô[39m trie par nom (d├®faut)[32m 53[2mms[22m[39m
       [32mÔ£ô[39m trie par prix[32m 284[2mms[22m[39m
       [32mÔ£ô[39m trie par cat├®gorie[32m 267[2mms[22m[39m
       [32mÔ£ô[39m affiche le stock des produits[32m 69[2mms[22m[39m
       [32mÔ£ô[39m affiche un avis si stock faible (< minStock)[32m 52[2mms[22m[39m
       [32mÔ£ô[39m filtre pour afficher uniquement les produits ├á stock faible[32m 296[2mms[22m[39m
       [32mÔ£ô[39m distingue les services des produits[32m 54[2mms[22m[39m
       [32mÔ£ô[39m affiche le type "service" pour les consultations[32m 45[2mms[22m[39m
       [32mÔ£ô[39m affiche le type "produit" pour les fournitures[32m 40[2mms[22m[39m
[31m       [31m├ù[31m ouvre le panneau pour cr├®er un produit[39m[32m 56[2mms[22m[39m
[31m       [31m├ù[31m cr├®e un produit avec nom et prix[39m[32m 68[2mms[22m[39m
[31m       [31m├ù[31m valide que le nom est requis[39m[32m 60[2mms[22m[39m
       [32mÔ£ô[39m ouvre le formulaire d'├®dition d'un produit[32m 123[2mms[22m[39m
       [32mÔ£ô[39m pr├®charge les donn├®es du produit[32m 62[2mms[22m[39m
       [32mÔ£ô[39m sauvegarde les modifications du produit[32m 39[2mms[22m[39m
       [32mÔ£ô[39m affiche un bouton supprimer[32m 40[2mms[22m[39m
       [32mÔ£ô[39m appelle onDelete avec l'ID du produit[32m 50[2mms[22m[39m
       [32mÔ£ô[39m affiche le bouton d'archivage[32m 74[2mms[22m[39m
       [32mÔ£ô[39m masque les produits archiv├®s par d├®faut[32m 87[2mms[22m[39m
       [33m[2mÔ£ô[22m[39m affiche les produits archiv├®s si filtr├® [33m 317[2mms[22m[39m
       [32mÔ£ô[39m affiche le SKU du produit[32m 56[2mms[22m[39m
       [32mÔ£ô[39m affiche l'unit├® de mesure du produit[32m 45[2mms[22m[39m
[31m       [31m├ù[31m permet de cr├®er un produit avec une unit├® personnalis├®e[39m[32m 60[2mms[22m[39m
[31m       [31m├ù[31m affiche les prix correctement format├®s[39m[32m 56[2mms[22m[39m
       [32mÔ£ô[39m g├¿re les montants d├®cimaux (d├®cimales)[32m 82[2mms[22m[39m
       [32mÔ£ô[39m valide que le prix est un nombre positif[32m 67[2mms[22m[39m
[31m       [31m├ù[31m affiche un message si pas de produits[39m[32m 83[2mms[22m[39m
       [32mÔ£ô[39m permet quand m├¬me d'ajouter un produit[32m 102[2mms[22m[39m
       [32mÔ£ô[39m affiche les boutons d'import/export[32m 75[2mms[22m[39m
 [31mÔØ»[39m __tests__/components/ClientManager.test.tsx [2m([22m[2m40 tests[22m[2m | [22m[31m40 failed[39m[2m)[22m[33m 2434[2mms[22m[39m
[31m       [31m├ù[31m affiche le titre et interface du gestionnaire de clients[39m[33m 567[2mms[22m[39m
[31m       [31m├ù[31m affiche la liste des clients actifs[39m[32m 157[2mms[22m[39m
[31m       [31m├ù[31m affiche le nombre total de clients[39m[32m 180[2mms[22m[39m
[31m       [31m├ù[31m affiche les statuts et statistiques des clients[39m[32m 116[2mms[22m[39m
[31m       [31m├ù[31m filtre les clients par nom[39m[32m 46[2mms[22m[39m
[31m       [31m├ù[31m filtre les clients par email[39m[32m 23[2mms[22m[39m
[31m       [31m├ù[31m affiche message si aucun r├®sultat[39m[32m 48[2mms[22m[39m
[31m       [31m├ù[31m ignore les clients archiv├®s par d├®faut[39m[32m 52[2mms[22m[39m
[31m       [31m├ù[31m affiche le chiffre d'affaires total[39m[32m 18[2mms[22m[39m
[31m       [31m├ù[31m compte les factures pay├®es par client[39m[32m 31[2mms[22m[39m
[31m       [31m├ù[31m affiche le nombre total de clients[39m[32m 57[2mms[22m[39m
[31m       [31m├ù[31m ouvre le modal pour ajouter un client[39m[32m 28[2mms[22m[39m
[31m       [31m├ù[31m cr├®e un nouveau client avec les donn├®es du formulaire[39m[32m 29[2mms[22m[39m
[31m       [31m├ù[31m ouvre le modal pour ├®diter un client[39m[32m 43[2mms[22m[39m
[31m       [31m├ù[31m pr├®charge les donn├®es du client en ├®dition[39m[32m 23[2mms[22m[39m
[31m       [31m├ù[31m sauvegarde les modifications du client[39m[32m 31[2mms[22m[39m
[31m       [31m├ù[31m affiche un bouton supprimer[39m[32m 35[2mms[22m[39m
[31m       [31m├ù[31m appelle onDelete avec l'ID du client[39m[32m 51[2mms[22m[39m
[31m       [31m├ù[31m affiche l'option d'archivage[39m[32m 33[2mms[22m[39m
[31m       [31m├ù[31m affiche un message si pas de clients[39m[32m 30[2mms[22m[39m
[31m       [31m├ù[31m les inputs sont accessibles au clavier[39m[32m 21[2mms[22m[39m
[31m       [31m├ù[31m les boutons d'action sont accessibles[39m[32m 24[2mms[22m[39m
[31m       [31m├ù[31m rejette un SIRET invalide (trop court)[39m[32m 38[2mms[22m[39m
[31m       [31m├ù[31m accepte un SIRET valide (13 chiffres)[39m[32m 27[2mms[22m[39m
[31m       [31m├ù[31m rejette un email invalide (pas @)[39m[32m 63[2mms[22m[39m
[31m       [31m├ù[31m accepte un email valide[39m[32m 74[2mms[22m[39m
[31m       [31m├ù[31m accepte les emails avec sous-domaines[39m[32m 30[2mms[22m[39m
[31m       [31m├ù[31m accepte un t├®l├®phone fran├ºais standard[39m[32m 27[2mms[22m[39m
[31m       [31m├ù[31m accepte un t├®l├®phone avec espaces[39m[32m 27[2mms[22m[39m
[31m       [31m├ù[31m rejette un t├®l├®phone invalide (moins de 10 chiffres)[39m[32m 50[2mms[22m[39m
[31m       [31m├ù[31m calcule correctement le CA total de tous les clients[39m[32m 46[2mms[22m[39m
[31m       [31m├ù[31m compte les factures hors TVA correctement[39m[32m 72[2mms[22m[39m
[31m       [31m├ù[31m g├¿re les montants extr├¬mes (tr├¿s ├®lev├®s)[39m[32m 50[2mms[22m[39m
[31m       [31m├ù[31m exclu les factures brouillon du CA[39m[32m 33[2mms[22m[39m
[31m       [31m├ù[31m g├¿re les avoirs/notes de cr├®dit (montants n├®gatifs)[39m[32m 41[2mms[22m[39m
[31m       [31m├ù[31m calcule le montant pay├® vs impay├®[39m[32m 28[2mms[22m[39m
[31m       [31m├ù[31m affiche les factures retard[39m[32m 78[2mms[22m[39m
[31m       [31m├ù[31m groupe les factures par client[39m[32m 27[2mms[22m[39m
[31m       [31m├ù[31m ne perd pas de donn├®es lors de l'├®dition[39m[32m 34[2mms[22m[39m
[31m       [31m├ù[31m pr├®serve les informations lors de la suppression en base de donn├®es[39m[32m 33[2mms[22m[39m

[31mÔÄ»ÔÄ»ÔÄ»ÔÄ»ÔÄ»ÔÄ»[39m[1m[41m Failed Tests 40 
[49m[22m[31mÔÄ»ÔÄ»ÔÄ»ÔÄ»ÔÄ»ÔÄ»ÔÄ»[39m

[41m[1m FAIL [22m[49m __tests__/components/ClientManager.test.tsx[2m > 
[22mClientManager Component[2m > [22mRendering & UI[2m > [22maffiche le 
titre et interface du gestionnaire de clients
[41m[1m FAIL [22m[49m __tests__/components/ClientManager.test.tsx[2m > 
[22mClientManager Component[2m > [22mRendering & UI[2m > [22maffiche la 
liste des clients actifs
[41m[1m FAIL [22m[49m __tests__/components/ClientManager.test.tsx[2m > 
[22mClientManager Component[2m > [22mRendering & UI[2m > [22maffiche le 
nombre total de clients
[41m[1m FAIL [22m[49m __tests__/components/ClientManager.test.tsx[2m > 
[22mClientManager Component[2m > [22mRendering & UI[2m > [22maffiche les 
statuts et statistiques des clients
[41m[1m FAIL [22m[49m __tests__/components/ClientManager.test.tsx[2m > 
[22mClientManager Component[2m > [22mClient Search & Filter[2m > 
[22mfiltre les clients par nom
[41m[1m FAIL [22m[49m __tests__/components/ClientManager.test.tsx[2m > 
[22mClientManager Component[2m > [22mClient Search & Filter[2m > 
[22mfiltre les clients par email
[41m[1m FAIL [22m[49m __tests__/components/ClientManager.test.tsx[2m > 
[22mClientManager Component[2m > [22mClient Search & Filter[2m > 
[22maffiche message si aucun r├®sultat
[41m[1m FAIL [22m[49m __tests__/components/ClientManager.test.tsx[2m > 
[22mClientManager Component[2m > [22mClient Search & Filter[2m > 
[22mignore les clients archiv├®s par d├®faut
[41m[1m FAIL [22m[49m __tests__/components/ClientManager.test.tsx[2m > 
[22mClientManager Component[2m > [22mStatistics[2m > [22maffiche le 
chiffre d'affaires total
[41m[1m FAIL [22m[49m __tests__/components/ClientManager.test.tsx[2m > 
[22mClientManager Component[2m > [22mStatistics[2m > [22mcompte les 
factures pay├®es par client
[41m[1m FAIL [22m[49m __tests__/components/ClientManager.test.tsx[2m > 
[22mClientManager Component[2m > [22mStatistics[2m > [22maffiche le 
nombre total de clients
[41m[1m FAIL [22m[49m __tests__/components/ClientManager.test.tsx[2m > 
[22mClientManager Component[2m > [22mAdd Client Workflow[2m > [22mouvre 
le modal pour ajouter un client
[41m[1m FAIL [22m[49m __tests__/components/ClientManager.test.tsx[2m > 
[22mClientManager Component[2m > [22mAdd Client Workflow[2m > [22mcr├®e 
un nouveau client avec les donn├®es du formulaire
[41m[1m FAIL [22m[49m __tests__/components/ClientManager.test.tsx[2m > 
[22mClientManager Component[2m > [22mEdit Client Workflow[2m > [22mouvre 
le modal pour ├®diter un client
[41m[1m FAIL [22m[49m __tests__/components/ClientManager.test.tsx[2m > 
[22mClientManager Component[2m > [22mEdit Client Workflow[2m > 
[22mpr├®charge les donn├®es du client en ├®dition
[41m[1m FAIL [22m[49m __tests__/components/ClientManager.test.tsx[2m > 
[22mClientManager Component[2m > [22mEdit Client Workflow[2m > 
[22msauvegarde les modifications du client
[41m[1m FAIL [22m[49m __tests__/components/ClientManager.test.tsx[2m > 
[22mClientManager Component[2m > [22mDelete Client Workflow[2m > 
[22maffiche un bouton supprimer
[41m[1m FAIL [22m[49m __tests__/components/ClientManager.test.tsx[2m > 
[22mClientManager Component[2m > [22mDelete Client Workflow[2m > 
[22mappelle onDelete avec l'ID du client
[41m[1m FAIL [22m[49m __tests__/components/ClientManager.test.tsx[2m > 
[22mClientManager Component[2m > [22mArchive Client[2m > [22maffiche 
l'option d'archivage
[41m[1m FAIL [22m[49m __tests__/components/ClientManager.test.tsx[2m > 
[22mClientManager Component[2m > [22mEmpty State[2m > [22maffiche un 
message si pas de clients
[41m[1m FAIL [22m[49m __tests__/components/ClientManager.test.tsx[2m > 
[22mClientManager Component[2m > [22mAccessibility[2m > [22mles inputs 
sont accessibles au clavier
[41m[1m FAIL [22m[49m __tests__/components/ClientManager.test.tsx[2m > 
[22mClientManager Component[2m > [22mAccessibility[2m > [22mles boutons 
d'action sont accessibles
[41m[1m FAIL [22m[49m __tests__/components/ClientManager.test.tsx[2m > 
[22mClientManager Component[2m > [22mValidation - SIRET[2m > [22mrejette 
un SIRET invalide (trop court)
[41m[1m FAIL [22m[49m __tests__/components/ClientManager.test.tsx[2m > 
[22mClientManager Component[2m > [22mValidation - SIRET[2m > [22maccepte 
un SIRET valide (13 chiffres)
[41m[1m FAIL [22m[49m __tests__/components/ClientManager.test.tsx[2m > 
[22mClientManager Component[2m > [22mValidation - Email[2m > [22mrejette 
un email invalide (pas @)
[41m[1m FAIL [22m[49m __tests__/components/ClientManager.test.tsx[2m > 
[22mClientManager Component[2m > [22mValidation - Email[2m > [22maccepte 
un email valide
[41m[1m FAIL [22m[49m __tests__/components/ClientManager.test.tsx[2m > 
[22mClientManager Component[2m > [22mValidation - Email[2m > [22maccepte 
les emails avec sous-domaines
[41m[1m FAIL [22m[49m __tests__/components/ClientManager.test.tsx[2m > 
[22mClientManager Component[2m > [22mValidation - French Phone[2m > 
[22maccepte un t├®l├®phone fran├ºais standard
[41m[1m FAIL [22m[49m __tests__/components/ClientManager.test.tsx[2m > 
[22mClientManager Component[2m > [22mValidation - French Phone[2m > 
[22maccepte un t├®l├®phone avec espaces
[41m[1m FAIL [22m[49m __tests__/components/ClientManager.test.tsx[2m > 
[22mClientManager Component[2m > [22mValidation - French Phone[2m > 
[22mrejette un t├®l├®phone invalide (moins de 10 chiffres)
[41m[1m FAIL [22m[49m __tests__/components/ClientManager.test.tsx[2m > 
[22mClientManager Component[2m > [22mFinancial Calculations - Revenue[2m > 
[22mcalcule correctement le CA total de tous les clients
[41m[1m FAIL [22m[49m __tests__/components/ClientManager.test.tsx[2m > 
[22mClientManager Component[2m > [22mFinancial Calculations - Revenue[2m > 
[22mcompte les factures hors TVA correctement
[41m[1m FAIL [22m[49m __tests__/components/ClientManager.test.tsx[2m > 
[22mClientManager Component[2m > [22mFinancial Calculations - Revenue[2m > 
[22mg├¿re les montants extr├¬mes (tr├¿s ├®lev├®s)
[41m[1m FAIL [22m[49m __tests__/components/ClientManager.test.tsx[2m > 
[22mClientManager Component[2m > [22mFinancial Calculations - Revenue[2m > 
[22mexclu les factures brouillon du CA
[41m[1m FAIL [22m[49m __tests__/components/ClientManager.test.tsx[2m > 
[22mClientManager Component[2m > [22mFinancial Calculations - Revenue[2m > 
[22mg├¿re les avoirs/notes de cr├®dit (montants n├®gatifs)
[41m[1m FAIL [22m[49m __tests__/components/ClientManager.test.tsx[2m > 
[22mClientManager Component[2m > [22mClient Invoice Status[2m > 
[22mcalcule le montant pay├® vs impay├®
[41m[1m FAIL [22m[49m __tests__/components/ClientManager.test.tsx[2m > 
[22mClientManager Component[2m > [22mClient Invoice Status[2m > 
[22maffiche les factures retard
[41m[1m FAIL [22m[49m __tests__/components/ClientManager.test.tsx[2m > 
[22mClientManager Component[2m > [22mClient Invoice Status[2m > 
[22mgroupe les factures par client
[41m[1m FAIL [22m[49m __tests__/components/ClientManager.test.tsx[2m > 
[22mClientManager Component[2m > [22mData Integrity[2m > [22mne perd pas 
de donn├®es lors de l'├®dition
[41m[1m FAIL [22m[49m __tests__/components/ClientManager.test.tsx[2m > 
[22mClientManager Component[2m > [22mData Integrity[2m > [22mpr├®serve 
les informations lors de la suppression en base de donn├®es
[31m[1mTypeError[22m: Cannot read properties of undefined (reading 
'search')[39m
[36m [2mÔØ»[22m SearchFilterFields 
__tests__/components/ClientManager.test.tsx:[2m58:24[22m[39m
    [90m 56| [39m      [33m<[39m[33minput[39m
    [90m 57| [39m        
[33mplaceholder[39m[33m=[39m[32m"Chercher..."[39m
    [90m 58| [39m        
[33mvalue[39m[33m=[39m[33m{[39mfilters[33m.[39msearch [33m||[39m 
[32m''[39m[33m}[39m
    [90m   | [39m                       [31m^[39m
    [90m 59| [39m        onChange={(e) => onChange({ ...filters, search: 
e.target.valueÔÇª
    [90m 60| [39m      [33m/[39m[33m>[39m
[90m [2mÔØ»[22m Object.react_stack_bottom_frame node_modules/react-dom/cjs/r
eact-dom-client.development.js:[2m25904:20[22m[39m
[90m [2mÔØ»[22m renderWithHooks node_modules/react-dom/cjs/react-dom-client.
development.js:[2m7662:22[22m[39m
[90m [2mÔØ»[22m updateFunctionComponent node_modules/react-dom/cjs/react-dom
-client.development.js:[2m10166:19[22m[39m
[90m [2mÔØ»[22m beginWork node_modules/react-dom/cjs/react-dom-client.develo
pment.js:[2m11778:18[22m[39m
[90m [2mÔØ»[22m runWithFiberInDEV 
node_modules/react-dom/cjs/react-dom-client.development.js:[2m874:13[22m[39m
[90m [2mÔØ»[22m performUnitOfWork node_modules/react-dom/cjs/react-dom-clien
t.development.js:[2m17641:22[22m[39m
[90m [2mÔØ»[22m workLoopSync node_modules/react-dom/cjs/react-dom-client.dev
elopment.js:[2m17469:41[22m[39m
[90m [2mÔØ»[22m renderRootSync node_modules/react-dom/cjs/react-dom-client.d
evelopment.js:[2m17450:11[22m[39m
[90m [2mÔØ»[22m performWorkOnRoot node_modules/react-dom/cjs/react-dom-clien
t.development.js:[2m16583:35[22m[39m

[31m[2mÔÄ»ÔÄ»ÔÄ»ÔÄ»ÔÄ»ÔÄ»ÔÄ»ÔÄ»ÔÄ»ÔÄ»ÔÄ»ÔÄ»ÔÄ»ÔÄ»ÔÄ»ÔÄ»ÔÄ»ÔÄ»ÔÄ»ÔÄ»ÔÄ»ÔÄ»ÔÄ»[
1/40]ÔÄ»[22m[39m


[2m Test Files [22m [1m[31m8 failed[39m[22m[90m (8)[39m
[2m      Tests [22m [1m[31m159 failed[39m[22m[2m | [22m[1m[32m118 passed[39m[22m[90m (277)[39m
[2m   Start at [22m 00:20:51
[2m   Duration [22m 5.19s

[1m[41m FAIL [49m[22m [31mTests failed. Watching for file changes...[39m
       [2mpress [22m[1mh[22m[2m to show help[22m[2m, [22m[2mpress [22m[1mq[22m[2m to quit[22m
c[3J[1m[44m RERUN [49m[22m [34m[2m__tests__/components/ClientManager.test.tsx [22m[34mx3 [34m[39m

 [31mÔØ»[39m __tests__/AIAssistant.test.tsx [2m([22m[2m20 tests[22m[2m | [22m[31m4 failed[39m[2m)[22m[33m 5881[2mms[22m[39m
       [32mÔ£ô[39m devrait rendre le composant sans erreur[32m 118[2mms[22m[39m
       [32mÔ£ô[39m affiche le titre principal du composant[32m 22[2mms[22m[39m
       [32mÔ£ô[39m affiche le champ de saisie pour les questions[32m 24[2mms[22m[39m
       [32mÔ£ô[39m affiche le bouton d'envoi[32m 22[2mms[22m[39m
       [33m[2mÔ£ô[22m[39m devrait envoyer un message et afficher la r├®ponse [33m 825[2mms[22m[39m
       [33m[2mÔ£ô[22m[39m vide le champ de saisie apr├¿s envoi [33m 359[2mms[22m[39m
       [32mÔ£ô[39m n'envoie pas de message vide[32m 96[2mms[22m[39m
       [33m[2mÔ£ô[22m[39m affiche l'historique des messages [33m 326[2mms[22m[39m
       [32mÔ£ô[39m affiche la section de pr├®diction[32m 17[2mms[22m[39m
       [32mÔ£ô[39m affiche la balance pr├®dite[32m 14[2mms[22m[39m
[31m       [31m├ù[31m appelle predictCashflowJ30 au montage du composant[39m[33m 1026[2mms[22m[39m
[31m       [31m├ù[31m affiche le niveau de risque de la pr├®diction[39m[33m 1019[2mms[22m[39m
       [32mÔ£ô[39m g├¿re les erreurs d'API gracieusement[32m 171[2mms[22m[39m
       [32mÔ£ô[39m g├¿re les erreurs de pr├®diction au chargement[32m 11[2mms[22m[39m
       [32mÔ£ô[39m affiche un message par d├®faut en cas d'erreur de r├®ponse[32m 276[2mms[22m[39m
       [32mÔ£ô[39m affiche un indicateur de chargement en envoyant un message[32m 209[2mms[22m[39m
[31m       [31m├ù[31m envoie le message avec Enter[39m[33m 1145[2mms[22m[39m
[31m       [31m├ù[31m n'envoie pas avec Shift+Enter[39m[32m 172[2mms[22m[39m
       [32mÔ£ô[39m a des labels descriptifs pour les ├®l├®ments interactifs[32m 9[2mms[22m[39m
       [32mÔ£ô[39m le bouton est accessible au clavier[32m 10[2mms[22m[39m
 [31mÔØ»[39m __tests__/components/InvoiceManager.test.tsx [2m([22m[2m38 tests[22m[2m | [22m[31m26 failed[39m[2m)[22m[33m 2999[2mms[22m[39m
[31m       [31m├ù[31m affiche le gestionnaire de factures[39m[32m 171[2mms[22m[39m
       [32mÔ£ô[39m affiche la liste des factures[32m 49[2mms[22m[39m
[31m       [31m├ù[31m affiche les statuts des factures[39m[32m 53[2mms[22m[39m
       [32mÔ£ô[39m affiche le num├®ro de facture[32m 39[2mms[22m[39m
[31m       [31m├ù[31m affiche le client de la facture[39m[32m 43[2mms[22m[39m
[31m       [31m├ù[31m affiche la date de facture[39m[32m 36[2mms[22m[39m
       [32mÔ£ô[39m affiche les montants totaux[32m 28[2mms[22m[39m
[31m       [31m├ù[31m ouvre le formulaire de cr├®ation de facture[39m[33m 1308[2mms[22m[39m
[31m       [31m├ù[31m filtre par statut[39m[32m 44[2mms[22m[39m
[31m       [31m├ù[31m filtre par client[39m[32m 36[2mms[22m[39m
[31m       [31m├ù[31m affiche un bouton pour dupliquer une facture[39m[32m 51[2mms[22m[39m
       [32mÔ£ô[39m affiche un bouton pour supprimer une facture[32m 29[2mms[22m[39m
       [32mÔ£ô[39m affiche un bouton pour t├®l├®charger une facture[32m 32[2mms[22m[39m
[31m       [31m├ù[31m affiche un bouton pour envoyer une facture[39m[32m 34[2mms[22m[39m
       [32mÔ£ô[39m affiche un message si pas de factures[32m 20[2mms[22m[39m
       [32mÔ£ô[39m g├¿re les factures standards[32m 59[2mms[22m[39m
[31m       [31m├ù[31m g├¿re les devis[39m[32m 23[2mms[22m[39m
       [32mÔ£ô[39m les boutons sont accessibles au clavier[32m 136[2mms[22m[39m
[31m       [31m├ù[31m calcule correctement HT (Hors Taxes) avec items simples[39m[32m 25[2mms[22m[39m
[31m       [31m├ù[31m calcule correctement la TVA ├á 20%[39m[32m 24[2mms[22m[39m
[31m       [31m├ù[31m calcule correctement avec TVA r├®duite 5.5%[39m[32m 25[2mms[22m[39m
[31m       [31m├ù[31m calcule correctement avec plusieurs items et TVA mixtes[39m[32m 22[2mms[22m[39m
[31m       [31m├ù[31m applique correctement une remise en pourcentage[39m[32m 20[2mms[22m[39m
[31m       [31m├ù[31m ajoute correctement les frais de port (shipping)[39m[32m 20[2mms[22m[39m
[31m       [31m├ù[31m g├¿re les acomptes/d├®p├┤ts correctement[39m[32m 22[2mms[22m[39m
[31m       [31m├ù[31m exon├¿re correctement la TVA si taxExempt = true[39m[32m 20[2mms[22m[39m
[31m       [31m├ù[31m g├¿re les d├®cimales correctement (precision Decimal.js)[39m[32m 25[2mms[22m[39m
[31m       [31m├ù[31m composition de calculs complexes: remise + port + TVA[39m[32m 20[2mms[22m[39m
[31m       [31m├ù[31m emp├¬che la cr├®ation avec un client non s├®lectionn├®[39m[32m 24[2mms[22m[39m
[31m       [31m├ù[31m emp├¬che la cr├®ation avec des items vides[39m[32m 22[2mms[22m[39m
       [32mÔ£ô[39m valide les num├®ros de facture uniques[32m 29[2mms[22m[39m
       [32mÔ£ô[39m valide que la date d'├®ch├®ance est apr├¿s la date de facture[32m 23[2mms[22m[39m
       [32mÔ£ô[39m emp├¬che les montants n├®gatifs[32m 16[2mms[22m[39m
[31m       [31m├ù[31m affiche les dates en format fran├ºais[39m[32m 44[2mms[22m[39m
[31m       [31m├ù[31m affiche les montants format├®s avec s├®parateurs de milliers[39m[32m 25[2mms[22m[39m
       [33m[2mÔ£ô[22m[39m g├¿re 100 factures sans ralentissements [33m 327[2mms[22m[39m
[31m       [31m├ù[31m g├¿re les montant extr├¬mement ├®lev├®s[39m[32m 28[2mms[22m[39m
[31m       [31m├ù[31m g├¿re les factures avec pas d'items[39m[32m 38[2mms[22m[39m
 [31mÔØ»[39m __tests__/lib/facturX.test.ts [2m([22m[2m34 tests[22m[2m | [22m[31m6 failed[39m[2m)[22m[32m 68[2mms[22m[39m
       [32mÔ£ô[39m g├®n├¿re un XML bien form├®[32m 3[2mms[22m[39m
       [32mÔ£ô[39m inclut les informations du vendeur[32m 1[2mms[22m[39m
       [32mÔ£ô[39m inclut les informations de l'acheteur[32m 0[2mms[22m[39m
       [32mÔ£ô[39m inclut le num├®ro de facture[32m 0[2mms[22m[39m
       [32mÔ£ô[39m inclut la date au format YYYYMMDD[32m 0[2mms[22m[39m
       [32mÔ£ô[39m inclut tous les items avec descriptions[32m 0[2mms[22m[39m
       [32mÔ£ô[39m inclut les quantit├®s correctes[32m 0[2mms[22m[39m
       [32mÔ£ô[39m inclut les montants unitaires[32m 0[2mms[22m[39m
       [32mÔ£ô[39m inclut les taux de TVA[32m 0[2mms[22m[39m
       [32mÔ£ô[39m utilise le profil BASIC Factur-X[32m 0[2mms[22m[39m
       [32mÔ£ô[39m utilise typeCode 380 pour facture normale[32m 0[2mms[22m[39m
       [32mÔ£ô[39m utilise typeCode 381 pour avoir-facture[32m 0[2mms[22m[39m
       [32mÔ£ô[39m utilise EUR comme devise[32m 0[2mms[22m[39m
       [32mÔ£ô[39m g├¿re les accents fran├ºais correctement (UTF-8)[32m 0[2mms[22m[39m
       [32mÔ£ô[39m structure bien form├®e avec ├®l├®ments requis[32m 0[2mms[22m[39m
[31m       [31m├ù[31m calcule correctement les totaux HT et TTC[39m[32m 15[2mms[22m[39m
[31m       [31m├ù[31m inclut les adresses compl├¿tes du vendeur et acheteur[39m[32m 5[2mms[22m[39m
       [32mÔ£ô[39m g├¿re les factures sans items sans erreur[32m 0[2mms[22m[39m
       [32mÔ£ô[39m g├¿re le code S (standard VAT rate)[32m 0[2mms[22m[39m
[31m       [31m├ù[31m g├¿re le code Z (zero rated)[39m[32m 1[2mms[22m[39m
       [32mÔ£ô[39m g├¿re le code E (exempt from VAT)[32m 0[2mms[22m[39m
       [32mÔ£ô[39m g├¿re le code RL (reverse charge)[32m 0[2mms[22m[39m
[31m       [31m├ù[31m inclut les conditions de paiement[39m[32m 3[2mms[22m[39m
       [32mÔ£ô[39m respecte la pr├®cision d├®cimale sur les montants[32m 0[2mms[22m[39m
[31m       [31m├ù[31m ├®chappe correctement les caract├¿res XML sp├®ciaux[39m[32m 10[2mms[22m[39m
       [32mÔ£ô[39m g├¿re plusieurs items avec diff├®rents taux de TVA[32m 2[2mms[22m[39m
       [32mÔ£ô[39m inclut le statut ACRE dans le profil[32m 1[2mms[22m[39m
       [32mÔ£ô[39m g├¿re les montants ├®lev├®s sans perte de pr├®cision[32m 0[2mms[22m[39m
[31m       [31m├ù[31m inclut compl├¿tement les adresses structur├®es (CodeListId)[39m[32m 7[2mms[22m[39m
       [32mÔ£ô[39m utilise le num├®ro de facture comme SchemeID[32m 0[2mms[22m[39m
       [32mÔ£ô[39m valide l'XML pour Structure compl├¿te (pas de tags orphelins)[32m 1[2mms[22m[39m
       [32mÔ£ô[39m diff├®rencie les types de document (facture vs avoir)[32m 0[2mms[22m[39m
       [32mÔ£ô[39m g├®n├¿re le XML rapidement (< 100ms)[32m 0[2mms[22m[39m
       [32mÔ£ô[39m g├®n├¿re le m├¬me XML pour la m├¬me facture (d├®terministe)[32m 0[2mms[22m[39m
 [31mÔØ»[39m __tests__/lib/exportUtils.test.ts [2m([22m[2m34 tests[22m[2m | [22m[31m4 failed[39m[2m)[22m[32m 48[2mms[22m[39m
       [32mÔ£ô[39m exporte compl├¿tement les donn├®es en JSON[32m 4[2mms[22m[39m
       [32mÔ£ô[39m inclut les m├®tadonn├®es (exportedAt)[32m 1[2mms[22m[39m
       [32mÔ£ô[39m s├®rialise les Decimal en string[32m 1[2mms[22m[39m
       [32mÔ£ô[39m g├¿re les donn├®es vides correctement[32m 1[2mms[22m[39m
       [32mÔ£ô[39m sort et formate correctement le JSON[32m 1[2mms[22m[39m
       [32mÔ£ô[39m exporte avec toutes les cl├®s r├®quises[32m 1[2mms[22m[39m
[31m       [31m├ù[31m exporte les factures en CSV[39m[32m 8[2mms[22m[39m
[31m       [31m├ù[31m inclut les headers automatiquement[39m[32m 4[2mms[22m[39m
       [32mÔ£ô[39m g├¿re les custom headers[32m 1[2mms[22m[39m
       [32mÔ£ô[39m ├®chappe les valeurs contenant des virgules[32m 0[2mms[22m[39m
       [32mÔ£ô[39m ├®chappe les valeurs contenant des guillemets[32m 1[2mms[22m[39m
       [32mÔ£ô[39m exporte les clients[32m 0[2mms[22m[39m
       [32mÔ£ô[39m g├¿re les collections vides[32m 0[2mms[22m[39m
       [32mÔ£ô[39m exporte plusieurs items avec donn├®es compl├¿tes[32m 0[2mms[22m[39m
       [32mÔ£ô[39m g├¿re les donn├®es avec accents fran├ºais[32m 0[2mms[22m[39m
       [32mÔ£ô[39m exporte les num├®ros correctement format├®s[32m 0[2mms[22m[39m
       [32mÔ£ô[39m exporte compl├¿tement les donn├®es personnelles[32m 0[2mms[22m[39m
       [32mÔ£ô[39m inclut le timestamp d'export (RGPD requirement)[32m 0[2mms[22m[39m
       [32mÔ£ô[39m produit un JSON valide et parsable[32m 1[2mms[22m[39m
       [32mÔ£ô[39m utilise l'encodage UTF-8 correctement[32m 0[2mms[22m[39m
       [32mÔ£ô[39m CSV r├®cup├¿re tous les champs de l'entit├®[32m 0[2mms[22m[39m
       [32mÔ£ô[39m exporte 1000 factures rapidement en JSON[32m 5[2mms[22m[39m
[31m       [31m├ù[31m exporte 1000 factures rapidement en CSV[39m[32m 5[2mms[22m[39m
       [32mÔ£ô[39m g├¿re les montants tr├¿s ├®lev├®s sans perte de pr├®cision[32m 0[2mms[22m[39m
       [32mÔ£ô[39m g├¿re les montants tr├¿s petits avec pr├®cision d├®cimale[32m 0[2mms[22m[39m
       [32mÔ£ô[39m g├¿re les valeurs null/undefined gracieux[32m 0[2mms[22m[39m
       [32mÔ£ô[39m g├¿re les cha├«nes vides correctement[32m 0[2mms[22m[39m
       [32mÔ£ô[39m g├¿re les caract├¿res de contr├┤le dans les donn├®es[32m 0[2mms[22m[39m
       [32mÔ£ô[39m ├®chappe correctement les guillemets doubles en CSV[32m 0[2mms[22m[39m
       [32mÔ£ô[39m conserve l'ordre des lignes en CSV[32m 0[2mms[22m[39m
       [32mÔ£ô[39m exporte correctement les donn├®es multilingues[32m 0[2mms[22m[39m
       [32mÔ£ô[39m exporte le CSV avec support multilingue UTF-8[32m 0[2mms[22m[39m
[31m       [31m├ù[31m produit un JSON de taille raisonnable pour 1000 factures[39m[32m 3[2mms[22m[39m
       [32mÔ£ô[39m encode correctement en base64 si n├®cessaire[32m 1[2mms[22m[39m
 [31mÔØ»[39m __tests__/db/invoiceDB.test.ts [2m([22m[2m40 tests[22m[2m | [22m[31m40 failed[39m[2m)[22m[32m 52[2mms[22m[39m
[31m       [31m├ù[31m cr├®e une facture[39m[32m 7[2mms[22m[39m
[31m       [31m├ù[31m r├®cup├¿re une facture par ID[39m[32m 1[2mms[22m[39m
[31m       [31m├ù[31m met ├á jour une facture[39m[32m 1[2mms[22m[39m
[31m       [31m├ù[31m supprime une facture[39m[32m 1[2mms[22m[39m
[31m       [31m├ù[31m liste toutes les factures[39m[32m 1[2mms[22m[39m
[31m       [31m├ù[31m filtre par status[39m[32m 1[2mms[22m[39m
[31m       [31m├ù[31m filtre par clientId[39m[32m 1[2mms[22m[39m
[31m       [31m├ù[31m filtre par status[39m[32m 1[2mms[22m[39m
[31m       [31m├ù[31m l├¿ve une erreur si l'invoice existe d├®j├á[39m[32m 1[2mms[22m[39m
[31m       [31m├ù[31m cr├®e un item[39m[32m 1[2mms[22m[39m
[31m       [31m├ù[31m cr├®e et r├®cup├¿re un item[39m[32m 1[2mms[22m[39m
[31m       [31m├ù[31m supporte plusieurs items[39m[32m 1[2mms[22m[39m
[31m       [31m├ù[31m cr├®e un client[39m[32m 1[2mms[22m[39m
[31m       [31m├ù[31m filtre les clients actifs[39m[32m 1[2mms[22m[39m
[31m       [31m├ù[31m recherche par email[39m[32m 1[2mms[22m[39m
[31m       [31m├ù[31m met ├á jour un client[39m[32m 1[2mms[22m[39m
[31m       [31m├ù[31m cr├®e facture + items atomiquement[39m[32m 1[2mms[22m[39m
[31m       [31m├ù[31m g├¿re 1000 factures sans d├®grade[39m[32m 1[2mms[22m[39m
[31m       [31m├ù[31m cherche rapidement dans 1000 records[39m[32m 1[2mms[22m[39m
[31m       [31m├ù[31m cr├®e un fournisseur[39m[32m 1[2mms[22m[39m
[31m       [31m├ù[31m filtre les fournisseurs actifs[39m[32m 1[2mms[22m[39m
[31m       [31m├ù[31m met ├á jour un fournisseur[39m[32m 1[2mms[22m[39m
[31m       [31m├ù[31m supprime un fournisseur[39m[32m 1[2mms[22m[39m
[31m       [31m├ù[31m cr├®e un produit[39m[32m 1[2mms[22m[39m
[31m       [31m├ù[31m filtre par cat├®gorie[39m[32m 1[2mms[22m[39m
[31m       [31m├ù[31m liste les produits actifs[39m[32m 1[2mms[22m[39m
[31m       [31m├ù[31m cr├®e une d├®pense[39m[32m 1[2mms[22m[39m
[31m       [31m├ù[31m filtre par fournisseur[39m[32m 1[2mms[22m[39m
[31m       [31m├ù[31m filtre par cat├®gorie[39m[32m 2[2mms[22m[39m
[31m       [31m├ù[31m exporte toutes les tables en JSON[39m[32m 1[2mms[22m[39m
[31m       [31m├ù[31m exporte des donn├®es vides si la base est vide[39m[32m 1[2mms[22m[39m
[31m       [31m├ù[31m exporte correctement Decimal.js amounts[39m[32m 1[2mms[22m[39m
[31m       [31m├ù[31m cr├®e un ├®v├®nement calendrier[39m[32m 1[2mms[22m[39m
[31m       [31m├ù[31m filtre par client[39m[32m 1[2mms[22m[39m
[31m       [31m├ù[31m filtre par facture[39m[32m 1[2mms[22m[39m
[31m       [31m├ù[31m cr├®e un template email[39m[32m 1[2mms[22m[39m
[31m       [31m├ù[31m r├®cup├¿re templates par type[39m[32m 1[2mms[22m[39m
[31m       [31m├ù[31m cr├®e un message chat[39m[32m 1[2mms[22m[39m
[31m       [31m├ù[31m liste messages par timestamp[39m[32m 1[2mms[22m[39m
[31m       [31m├ù[31m vide compl├¿tement la base[39m[32m 1[2mms[22m[39m
 [31mÔØ»[39m __tests__/components/SupplierManager.test.tsx [2m([22m[2m30 tests[22m[2m | [22m[31m30 failed[39m[2m)[22m[33m 3005[2mms[22m[39m
[31m       [31m├ù[31m rend le gestionnaire de fournisseurs[39m[33m 421[2mms[22m[39m
[31m       [31m├ù[31m affiche la liste des fournisseurs actifs[39m[32m 76[2mms[22m[39m
[31m       [31m├ù[31m affiche les emails des fournisseurs[39m[32m 209[2mms[22m[39m
[31m       [31m├ù[31m filtre les fournisseurs par nom[39m[32m 166[2mms[22m[39m
[31m       [31m├ù[31m filtre les fournisseurs par email[39m[32m 270[2mms[22m[39m
[31m       [31m├ù[31m ignore les fournisseurs archiv├®s par d├®faut[39m[33m 375[2mms[22m[39m
[31m       [31m├ù[31m calcule la d├®pense totale par fournisseur[39m[32m 63[2mms[22m[39m
[31m       [31m├ù[31m affiche la d├®pense totale globale[39m[32m 245[2mms[22m[39m
[31m       [31m├ù[31m compte les d├®penses par fournisseur[39m[32m 93[2mms[22m[39m
[31m       [31m├ù[31m ouvre le modal pour ajouter un fournisseur[39m[32m 103[2mms[22m[39m
[31m       [31m├ù[31m cr├®e un nouveau fournisseur[39m[32m 79[2mms[22m[39m
[31m       [31m├ù[31m ouvre le modal pour ├®diter un fournisseur[39m[32m 51[2mms[22m[39m
[31m       [31m├ù[31m pr├®charge les donn├®es du fournisseur en ├®dition[39m[32m 202[2mms[22m[39m
[31m       [31m├ù[31m sauvegarde les modifications du fournisseur[39m[32m 72[2mms[22m[39m
[31m       [31m├ù[31m affiche un bouton supprimer[39m[32m 111[2mms[22m[39m
[31m       [31m├ù[31m appelle onDelete avec l'ID du fournisseur[39m[32m 14[2mms[22m[39m
[31m       [31m├ù[31m affiche l'option d'archivage[39m[32m 47[2mms[22m[39m
[31m       [31m├ù[31m bascule le statut archiv├® du fournisseur[39m[32m 38[2mms[22m[39m
[31m       [31m├ù[31m affiche un message si pas de fournisseurs[39m[32m 12[2mms[22m[39m
[31m       [31m├ù[31m les inputs sont accessibles au clavier[39m[32m 38[2mms[22m[39m
[31m       [31m├ù[31m les boutons d'action sont accessibles[39m[32m 67[2mms[22m[39m
[31m       [31m├ù[31m filtre les d├®penses par cat├®gorie[39m[32m 31[2mms[22m[39m
[31m       [31m├ù[31m affiche les d├®tails des d├®penses associ├®es[39m[32m 60[2mms[22m[39m
[31m       [31m├ù[31m affiche un bouton d'import[39m[32m 17[2mms[22m[39m
[31m       [31m├ù[31m affiche un bouton d'export[39m[32m 16[2mms[22m[39m
[31m       [31m├ù[31m affiche le t├®l├®phone du fournisseur[39m[32m 19[2mms[22m[39m
[31m       [31m├ù[31m affiche l'adresse du fournisseur[39m[32m 19[2mms[22m[39m
[31m       [31m├ù[31m affiche le SIRET du fournisseur[39m[32m 26[2mms[22m[39m
[31m       [31m├ù[31m trie les fournisseurs par nom alphab├®tiquement[39m[32m 26[2mms[22m[39m
[31m       [31m├ù[31m agr├¿ge les d├®penses par fournisseur correctement[39m[32m 29[2mms[22m[39m
 [31mÔØ»[39m __tests__/components/ProductManager.test.tsx [2m([22m[2m41 tests[22m[2m | [22m[31m9 failed[39m[2m)[22m[33m 7419[2mms[22m[39m
       [32mÔ£ô[39m rend le gestionnaire de produits[32m 264[2mms[22m[39m
       [32mÔ£ô[39m affiche la liste des produits actifs[32m 190[2mms[22m[39m
[31m       [31m├ù[31m affiche les prix des produits[39m[32m 169[2mms[22m[39m
[31m       [31m├ù[31m affiche les cat├®gories de produits[39m[32m 89[2mms[22m[39m
       [33m[2mÔ£ô[22m[39m filtre les produits par nom [33m 829[2mms[22m[39m
       [33m[2mÔ£ô[22m[39m filtre les produits par SKU [33m 410[2mms[22m[39m
       [33m[2mÔ£ô[22m[39m filtre les produits par description [33m 362[2mms[22m[39m
[31m       [31m├ù[31m affiche un message si aucun r├®sultat de recherche[39m[33m 1783[2mms[22m[39m
       [32mÔ£ô[39m extrait les cat├®gories uniques des produits[32m 49[2mms[22m[39m
       [32mÔ£ô[39m filtre par cat├®gorie Services[32m 239[2mms[22m[39m
       [32mÔ£ô[39m filtre par cat├®gorie Fournitures[32m 198[2mms[22m[39m
       [32mÔ£ô[39m ignore les produits archiv├®s par d├®faut[32m 64[2mms[22m[39m
       [32mÔ£ô[39m trie par nom (d├®faut)[32m 53[2mms[22m[39m
       [32mÔ£ô[39m trie par prix[32m 284[2mms[22m[39m
       [32mÔ£ô[39m trie par cat├®gorie[32m 267[2mms[22m[39m
       [32mÔ£ô[39m affiche le stock des produits[32m 69[2mms[22m[39m
       [32mÔ£ô[39m affiche un avis si stock faible (< minStock)[32m 52[2mms[22m[39m
       [32mÔ£ô[39m filtre pour afficher uniquement les produits ├á stock faible[32m 296[2mms[22m[39m
       [32mÔ£ô[39m distingue les services des produits[32m 54[2mms[22m[39m
       [32mÔ£ô[39m affiche le type "service" pour les consultations[32m 45[2mms[22m[39m
       [32mÔ£ô[39m affiche le type "produit" pour les fournitures[32m 40[2mms[22m[39m
[31m       [31m├ù[31m ouvre le panneau pour cr├®er un produit[39m[32m 56[2mms[22m[39m
[31m       [31m├ù[31m cr├®e un produit avec nom et prix[39m[32m 68[2mms[22m[39m
[31m       [31m├ù[31m valide que le nom est requis[39m[32m 60[2mms[22m[39m
       [32mÔ£ô[39m ouvre le formulaire d'├®dition d'un produit[32m 123[2mms[22m[39m
       [32mÔ£ô[39m pr├®charge les donn├®es du produit[32m 62[2mms[22m[39m
       [32mÔ£ô[39m sauvegarde les modifications du produit[32m 39[2mms[22m[39m
       [32mÔ£ô[39m affiche un bouton supprimer[32m 40[2mms[22m[39m
       [32mÔ£ô[39m appelle onDelete avec l'ID du produit[32m 50[2mms[22m[39m
       [32mÔ£ô[39m affiche le bouton d'archivage[32m 74[2mms[22m[39m
       [32mÔ£ô[39m masque les produits archiv├®s par d├®faut[32m 87[2mms[22m[39m
       [33m[2mÔ£ô[22m[39m affiche les produits archiv├®s si filtr├® [33m 317[2mms[22m[39m
       [32mÔ£ô[39m affiche le SKU du produit[32m 56[2mms[22m[39m
       [32mÔ£ô[39m affiche l'unit├® de mesure du produit[32m 45[2mms[22m[39m
[31m       [31m├ù[31m permet de cr├®er un produit avec une unit├® personnalis├®e[39m[32m 60[2mms[22m[39m
[31m       [31m├ù[31m affiche les prix correctement format├®s[39m[32m 56[2mms[22m[39m
       [32mÔ£ô[39m g├¿re les montants d├®cimaux (d├®cimales)[32m 82[2mms[22m[39m
       [32mÔ£ô[39m valide que le prix est un nombre positif[32m 67[2mms[22m[39m
[31m       [31m├ù[31m affiche un message si pas de produits[39m[32m 83[2mms[22m[39m
       [32mÔ£ô[39m permet quand m├¬me d'ajouter un produit[32m 102[2mms[22m[39m
       [32mÔ£ô[39m affiche les boutons d'import/export[32m 75[2mms[22m[39m
 [31mÔØ»[39m __tests__/components/ClientManager.test.tsx [2m([22m[2m40 tests[22m[2m | [22m[31m40 failed[39m[2m)[22m[33m 1108[2mms[22m[39m
[31m       [31m├ù[31m affiche le titre et interface du gestionnaire de clients[39m[32m 138[2mms[22m[39m
[31m       [31m├ù[31m affiche la liste des clients actifs[39m[32m 19[2mms[22m[39m
[31m       [31m├ù[31m affiche le nombre total de clients[39m[32m 25[2mms[22m[39m
[31m       [31m├ù[31m affiche les statuts et statistiques des clients[39m[32m 28[2mms[22m[39m
[31m       [31m├ù[31m filtre les clients par nom[39m[32m 39[2mms[22m[39m
[31m       [31m├ù[31m filtre les clients par email[39m[32m 30[2mms[22m[39m
[31m       [31m├ù[31m affiche message si aucun r├®sultat[39m[32m 21[2mms[22m[39m
[31m       [31m├ù[31m ignore les clients archiv├®s par d├®faut[39m[32m 27[2mms[22m[39m
[31m       [31m├ù[31m affiche le chiffre d'affaires total[39m[32m 18[2mms[22m[39m
[31m       [31m├ù[31m compte les factures pay├®es par client[39m[32m 21[2mms[22m[39m
[31m       [31m├ù[31m affiche le nombre total de clients[39m[32m 22[2mms[22m[39m
[31m       [31m├ù[31m ouvre le modal pour ajouter un client[39m[32m 18[2mms[22m[39m
[31m       [31m├ù[31m cr├®e un nouveau client avec les donn├®es du formulaire[39m[32m 19[2mms[22m[39m
[31m       [31m├ù[31m ouvre le modal pour ├®diter un client[39m[32m 19[2mms[22m[39m
[31m       [31m├ù[31m pr├®charge les donn├®es du client en ├®dition[39m[32m 20[2mms[22m[39m
[31m       [31m├ù[31m sauvegarde les modifications du client[39m[32m 23[2mms[22m[39m
[31m       [31m├ù[31m affiche un bouton supprimer[39m[32m 22[2mms[22m[39m
[31m       [31m├ù[31m appelle onDelete avec l'ID du client[39m[32m 18[2mms[22m[39m
[31m       [31m├ù[31m affiche l'option d'archivage[39m[32m 21[2mms[22m[39m
[31m       [31m├ù[31m affiche un message si pas de clients[39m[32m 15[2mms[22m[39m
[31m       [31m├ù[31m les inputs sont accessibles au clavier[39m[32m 19[2mms[22m[39m
[31m       [31m├ù[31m les boutons d'action sont accessibles[39m[32m 22[2mms[22m[39m
[31m       [31m├ù[31m rejette un SIRET invalide (trop court)[39m[32m 19[2mms[22m[39m
[31m       [31m├ù[31m accepte un SIRET valide (13 chiffres)[39m[32m 17[2mms[22m[39m
[31m       [31m├ù[31m rejette un email invalide (pas @)[39m[32m 21[2mms[22m[39m
[31m       [31m├ù[31m accepte un email valide[39m[32m 16[2mms[22m[39m
[31m       [31m├ù[31m accepte les emails avec sous-domaines[39m[32m 20[2mms[22m[39m
[31m       [31m├ù[31m accepte un t├®l├®phone fran├ºais standard[39m[32m 24[2mms[22m[39m
[31m       [31m├ù[31m accepte un t├®l├®phone avec espaces[39m[32m 18[2mms[22m[39m
[31m       [31m├ù[31m rejette un t├®l├®phone invalide (moins de 10 chiffres)[39m[32m 37[2mms[22m[39m
[31m       [31m├ù[31m calcule correctement le CA total de tous les clients[39m[32m 21[2mms[22m[39m
[31m       [31m├ù[31m compte les factures hors TVA correctement[39m[32m 26[2mms[22m[39m
[31m       [31m├ù[31m g├¿re les montants extr├¬mes (tr├¿s ├®lev├®s)[39m[32m 23[2mms[22m[39m
[31m       [31m├ù[31m exclu les factures brouillon du CA[39m[32m 29[2mms[22m[39m
[31m       [31m├ù[31m g├¿re les avoirs/notes de cr├®dit (montants n├®gatifs)[39m[32m 39[2mms[22m[39m
[31m       [31m├ù[31m calcule le montant pay├® vs impay├®[39m[32m 34[2mms[22m[39m
[31m       [31m├ù[31m affiche les factures retard[39m[32m 62[2mms[22m[39m
[31m       [31m├ù[31m groupe les factures par client[39m[32m 27[2mms[22m[39m
[31m       [31m├ù[31m ne perd pas de donn├®es lors de l'├®dition[39m[32m 34[2mms[22m[39m
[31m       [31m├ù[31m pr├®serve les informations lors de la suppression en base de donn├®es[39m[32m 25[2mms[22m[39m

[31mÔÄ»ÔÄ»ÔÄ»ÔÄ»ÔÄ»ÔÄ»[39m[1m[41m Failed Tests 40 
[49m[22m[31mÔÄ»ÔÄ»ÔÄ»ÔÄ»ÔÄ»ÔÄ»ÔÄ»[39m

[41m[1m FAIL [22m[49m __tests__/components/ClientManager.test.tsx[2m > 
[22mClientManager Component[2m > [22mRendering & UI[2m > [22maffiche le 
titre et interface du gestionnaire de clients
[41m[1m FAIL [22m[49m __tests__/components/ClientManager.test.tsx[2m > 
[22mClientManager Component[2m > [22mRendering & UI[2m > [22maffiche la 
liste des clients actifs
[41m[1m FAIL [22m[49m __tests__/components/ClientManager.test.tsx[2m > 
[22mClientManager Component[2m > [22mRendering & UI[2m > [22maffiche le 
nombre total de clients
[41m[1m FAIL [22m[49m __tests__/components/ClientManager.test.tsx[2m > 
[22mClientManager Component[2m > [22mRendering & UI[2m > [22maffiche les 
statuts et statistiques des clients
[41m[1m FAIL [22m[49m __tests__/components/ClientManager.test.tsx[2m > 
[22mClientManager Component[2m > [22mClient Search & Filter[2m > 
[22mfiltre les clients par nom
[41m[1m FAIL [22m[49m __tests__/components/ClientManager.test.tsx[2m > 
[22mClientManager Component[2m > [22mClient Search & Filter[2m > 
[22mfiltre les clients par email
[41m[1m FAIL [22m[49m __tests__/components/ClientManager.test.tsx[2m > 
[22mClientManager Component[2m > [22mClient Search & Filter[2m > 
[22maffiche message si aucun r├®sultat
[41m[1m FAIL [22m[49m __tests__/components/ClientManager.test.tsx[2m > 
[22mClientManager Component[2m > [22mClient Search & Filter[2m > 
[22mignore les clients archiv├®s par d├®faut
[41m[1m FAIL [22m[49m __tests__/components/ClientManager.test.tsx[2m > 
[22mClientManager Component[2m > [22mStatistics[2m > [22maffiche le 
chiffre d'affaires total
[41m[1m FAIL [22m[49m __tests__/components/ClientManager.test.tsx[2m > 
[22mClientManager Component[2m > [22mStatistics[2m > [22mcompte les 
factures pay├®es par client
[41m[1m FAIL [22m[49m __tests__/components/ClientManager.test.tsx[2m > 
[22mClientManager Component[2m > [22mStatistics[2m > [22maffiche le 
nombre total de clients
[41m[1m FAIL [22m[49m __tests__/components/ClientManager.test.tsx[2m > 
[22mClientManager Component[2m > [22mAdd Client Workflow[2m > [22mouvre 
le modal pour ajouter un client
[41m[1m FAIL [22m[49m __tests__/components/ClientManager.test.tsx[2m > 
[22mClientManager Component[2m > [22mAdd Client Workflow[2m > [22mcr├®e 
un nouveau client avec les donn├®es du formulaire
[41m[1m FAIL [22m[49m __tests__/components/ClientManager.test.tsx[2m > 
[22mClientManager Component[2m > [22mEdit Client Workflow[2m > [22mouvre 
le modal pour ├®diter un client
[41m[1m FAIL [22m[49m __tests__/components/ClientManager.test.tsx[2m > 
[22mClientManager Component[2m > [22mEdit Client Workflow[2m > 
[22mpr├®charge les donn├®es du client en ├®dition
[41m[1m FAIL [22m[49m __tests__/components/ClientManager.test.tsx[2m > 
[22mClientManager Component[2m > [22mEdit Client Workflow[2m > 
[22msauvegarde les modifications du client
[41m[1m FAIL [22m[49m __tests__/components/ClientManager.test.tsx[2m > 
[22mClientManager Component[2m > [22mDelete Client Workflow[2m > 
[22maffiche un bouton supprimer
[41m[1m FAIL [22m[49m __tests__/components/ClientManager.test.tsx[2m > 
[22mClientManager Component[2m > [22mDelete Client Workflow[2m > 
[22mappelle onDelete avec l'ID du client
[41m[1m FAIL [22m[49m __tests__/components/ClientManager.test.tsx[2m > 
[22mClientManager Component[2m > [22mArchive Client[2m > [22maffiche 
l'option d'archivage
[41m[1m FAIL [22m[49m __tests__/components/ClientManager.test.tsx[2m > 
[22mClientManager Component[2m > [22mEmpty State[2m > [22maffiche un 
message si pas de clients
[41m[1m FAIL [22m[49m __tests__/components/ClientManager.test.tsx[2m > 
[22mClientManager Component[2m > [22mAccessibility[2m > [22mles inputs 
sont accessibles au clavier
[41m[1m FAIL [22m[49m __tests__/components/ClientManager.test.tsx[2m > 
[22mClientManager Component[2m > [22mAccessibility[2m > [22mles boutons 
d'action sont accessibles
[41m[1m FAIL [22m[49m __tests__/components/ClientManager.test.tsx[2m > 
[22mClientManager Component[2m > [22mValidation - SIRET[2m > [22mrejette 
un SIRET invalide (trop court)
[41m[1m FAIL [22m[49m __tests__/components/ClientManager.test.tsx[2m > 
[22mClientManager Component[2m > [22mValidation - SIRET[2m > [22maccepte 
un SIRET valide (13 chiffres)
[41m[1m FAIL [22m[49m __tests__/components/ClientManager.test.tsx[2m > 
[22mClientManager Component[2m > [22mValidation - Email[2m > [22mrejette 
un email invalide (pas @)
[41m[1m FAIL [22m[49m __tests__/components/ClientManager.test.tsx[2m > 
[22mClientManager Component[2m > [22mValidation - Email[2m > [22maccepte 
un email valide
[41m[1m FAIL [22m[49m __tests__/components/ClientManager.test.tsx[2m > 
[22mClientManager Component[2m > [22mValidation - Email[2m > [22maccepte 
les emails avec sous-domaines
[41m[1m FAIL [22m[49m __tests__/components/ClientManager.test.tsx[2m > 
[22mClientManager Component[2m > [22mValidation - French Phone[2m > 
[22maccepte un t├®l├®phone fran├ºais standard
[41m[1m FAIL [22m[49m __tests__/components/ClientManager.test.tsx[2m > 
[22mClientManager Component[2m > [22mValidation - French Phone[2m > 
[22maccepte un t├®l├®phone avec espaces
[41m[1m FAIL [22m[49m __tests__/components/ClientManager.test.tsx[2m > 
[22mClientManager Component[2m > [22mValidation - French Phone[2m > 
[22mrejette un t├®l├®phone invalide (moins de 10 chiffres)
[41m[1m FAIL [22m[49m __tests__/components/ClientManager.test.tsx[2m > 
[22mClientManager Component[2m > [22mFinancial Calculations - Revenue[2m > 
[22mcalcule correctement le CA total de tous les clients
[41m[1m FAIL [22m[49m __tests__/components/ClientManager.test.tsx[2m > 
[22mClientManager Component[2m > [22mFinancial Calculations - Revenue[2m > 
[22mcompte les factures hors TVA correctement
[41m[1m FAIL [22m[49m __tests__/components/ClientManager.test.tsx[2m > 
[22mClientManager Component[2m > [22mFinancial Calculations - Revenue[2m > 
[22mg├¿re les montants extr├¬mes (tr├¿s ├®lev├®s)
[41m[1m FAIL [22m[49m __tests__/components/ClientManager.test.tsx[2m > 
[22mClientManager Component[2m > [22mFinancial Calculations - Revenue[2m > 
[22mexclu les factures brouillon du CA
[41m[1m FAIL [22m[49m __tests__/components/ClientManager.test.tsx[2m > 
[22mClientManager Component[2m > [22mFinancial Calculations - Revenue[2m > 
[22mg├¿re les avoirs/notes de cr├®dit (montants n├®gatifs)
[41m[1m FAIL [22m[49m __tests__/components/ClientManager.test.tsx[2m > 
[22mClientManager Component[2m > [22mClient Invoice Status[2m > 
[22mcalcule le montant pay├® vs impay├®
[41m[1m FAIL [22m[49m __tests__/components/ClientManager.test.tsx[2m > 
[22mClientManager Component[2m > [22mClient Invoice Status[2m > 
[22maffiche les factures retard
[41m[1m FAIL [22m[49m __tests__/components/ClientManager.test.tsx[2m > 
[22mClientManager Component[2m > [22mClient Invoice Status[2m > 
[22mgroupe les factures par client
[41m[1m FAIL [22m[49m __tests__/components/ClientManager.test.tsx[2m > 
[22mClientManager Component[2m > [22mData Integrity[2m > [22mne perd pas 
de donn├®es lors de l'├®dition
[41m[1m FAIL [22m[49m __tests__/components/ClientManager.test.tsx[2m > 
[22mClientManager Component[2m > [22mData Integrity[2m > [22mpr├®serve 
les informations lors de la suppression en base de donn├®es
[31m[1mTypeError[22m: Cannot read properties of undefined (reading 
'search')[39m
[36m [2mÔØ»[22m SearchFilterFields 
__tests__/components/ClientManager.test.tsx:[2m58:24[22m[39m
    [90m 56| [39m      [33m<[39m[33minput[39m
    [90m 57| [39m        
[33mplaceholder[39m[33m=[39m[32m"Chercher..."[39m
    [90m 58| [39m        
[33mvalue[39m[33m=[39m[33m{[39mfilters[33m.[39msearch [33m||[39m 
[32m''[39m[33m}[39m
    [90m   | [39m                       [31m^[39m
    [90m 59| [39m        onChange={(e) => onChange({ ...filters, search: 
e.target.valueÔÇª
    [90m 60| [39m      [33m/[39m[33m>[39m
[90m [2mÔØ»[22m Object.react_stack_bottom_frame node_modules/react-dom/cjs/r
eact-dom-client.development.js:[2m25904:20[22m[39m
[90m [2mÔØ»[22m renderWithHooks node_modules/react-dom/cjs/react-dom-client.
development.js:[2m7662:22[22m[39m
[90m [2mÔØ»[22m updateFunctionComponent node_modules/react-dom/cjs/react-dom
-client.development.js:[2m10166:19[22m[39m
[90m [2mÔØ»[22m beginWork node_modules/react-dom/cjs/react-dom-client.develo
pment.js:[2m11778:18[22m[39m
[90m [2mÔØ»[22m runWithFiberInDEV 
node_modules/react-dom/cjs/react-dom-client.development.js:[2m874:13[22m[39m
[90m [2mÔØ»[22m performUnitOfWork node_modules/react-dom/cjs/react-dom-clien
t.development.js:[2m17641:22[22m[39m
[90m [2mÔØ»[22m workLoopSync node_modules/react-dom/cjs/react-dom-client.dev
elopment.js:[2m17469:41[22m[39m
[90m [2mÔØ»[22m renderRootSync node_modules/react-dom/cjs/react-dom-client.d
evelopment.js:[2m17450:11[22m[39m
[90m [2mÔØ»[22m performWorkOnRoot node_modules/react-dom/cjs/react-dom-clien
t.development.js:[2m16583:35[22m[39m

[31m[2mÔÄ»ÔÄ»ÔÄ»ÔÄ»ÔÄ»ÔÄ»ÔÄ»ÔÄ»ÔÄ»ÔÄ»ÔÄ»ÔÄ»ÔÄ»ÔÄ»ÔÄ»ÔÄ»ÔÄ»ÔÄ»ÔÄ»ÔÄ»ÔÄ»ÔÄ»ÔÄ»[
1/40]ÔÄ»[22m[39m


[2m Test Files [22m [1m[31m8 failed[39m[22m[90m (8)[39m
[2m      Tests [22m [1m[31m159 failed[39m[22m[2m | [22m[1m[32m118 passed[39m[22m[90m (277)[39m
[2m   Start at [22m 00:21:07
[2m   Duration [22m 2.69s

[1m[41m FAIL [49m[22m [31mTests failed. Watching for file changes...[39m
       [2mpress [22m[1mh[22m[2m to show help[22m[2m, [22m[2mpress [22m[1mq[22m[2m to quit[22m
