
> micro-gestion-facile@1.0.0 test
> vitest


[1m[44m DEV [49m[22m [34mv4.1.2 [39m[90mC:/Users/Thomas/Micro-Gestion-Facile[39m

node.exe : [90mstderr[2m | src/__tests__/Sidebar.test.tsx
Au caractère Ligne:1 : 1
+ & "C:\Program Files\nodejs/node.exe" "C:\Program Files\nodejs/node_mo ...
+ ~~~~~~~~~~~~~~~~~~~~~~~~~~~~~~~~~~~~~~~~~~~~~~~~~~~~~~~~~~~~~~~~~~~~~
    + CategoryInfo          : NotSpecified: ([90mstderr[2m...idebar.test.tsx 
   :String) [], RemoteException
    + FullyQualifiedErrorId : NativeCommandError
 
[22m[39m[2026-04-05T22:54:58.105Z]  @firebase/firestore: Firestore 
(12.10.0): Error using user provided cache. Falling back to memory cache: 
FirebaseError: [code=unimplemented]: IndexedDB persistence is only available 
on platforms that support LocalStorage.

[90mstderr[2m | src/__tests__/Sidebar.test.tsx[2m > [22m[2mSidebar[2m > 
[22m[2maffiche tous les ├®l├®ments du menu
[22m[39mReact does not recognize the `layoutId` prop on a DOM element. If 
you intentionally want it to appear in the DOM as a custom attribute, spell it 
as lowercase `layoutid` instead. If you accidentally passed it from a parent 
component, remove it from the DOM element.

[90mstderr[2m | src/__tests__/Sidebar.test.tsx[2m > [22m[2mSidebar[2m > 
[22m[2maffiche tous les ├®l├®ments du menu
[22m[39m[2026-04-05T22:54:59.074Z]  @firebase/firestore: Firestore 
(12.10.0): GrpcConnection RPC 'Listen' stream 0x8e6e3331 error. Code: 7 
Message: 7 PERMISSION_DENIED: Cloud Firestore API has not been used in project 
micro-gestion-facile before or it is disabled. Enable it by visiting https://co
nsole.developers.google.com/apis/api/firestore.googleapis.com/overview?project=
micro-gestion-facile then retry. If you enabled this API recently, wait a few 
minutes for the action to propagate to our systems and retry.

[90mstderr[2m | src/__tests__/Sidebar.test.tsx[2m > [22m[2mSidebar[2m > 
[22m[2maffiche tous les ├®l├®ments du menu
[22m[39m[2026-04-05T22:54:59.077Z]  @firebase/firestore: Firestore 
(12.10.0): Could not reach Cloud Firestore backend. Connection failed 1 times. 
Most recent error: FirebaseError: [code=permission-denied]: 7 
PERMISSION_DENIED: Cloud Firestore API has not been used in project 
micro-gestion-facile before or it is disabled. Enable it by visiting https://co
nsole.developers.google.com/apis/api/firestore.googleapis.com/overview?project=
micro-gestion-facile then retry. If you enabled this API recently, wait a few 
minutes for the action to propagate to our systems and retry.
This typically indicates that your device does not have a healthy Internet 
connection at the moment. The client will operate in offline mode until it is 
able to successfully connect to the backend.

[90mstdout[2m | src/__tests__/Sidebar.test.tsx[2m > [22m[2mSidebar[2m > [22m[2maffiche tous les ├®l├®ments du menu
[22m[39mÔä╣´©Å Firebase: Travailler en mode hors ligne

 [31mÔØ»[39m src/__tests__/components/ClientManager.test.tsx [2m([22m[2m40 tests[22m[2m | [22m[31m17 failed[39m[2m)[22m[33m 3486[2mms[22m[39m
       [33m[2mÔ£ô[22m[39m affiche le titre et interface du gestionnaire de clients [33m 301[2mms[22m[39m
       [32mÔ£ô[39m affiche la liste des clients actifs[32m 120[2mms[22m[39m
       [32mÔ£ô[39m affiche le nombre total de clients[32m 28[2mms[22m[39m
       [32mÔ£ô[39m affiche les statuts et statistiques des clients[32m 29[2mms[22m[39m
       [33m[2mÔ£ô[22m[39m filtre les clients par nom [33m 579[2mms[22m[39m
       [32mÔ£ô[39m filtre les clients par email[32m 158[2mms[22m[39m
       [32mÔ£ô[39m affiche message si aucun r├®sultat[32m 296[2mms[22m[39m
       [32mÔ£ô[39m ignore les clients archiv├®s par d├®faut[32m 49[2mms[22m[39m
       [32mÔ£ô[39m affiche le chiffre d'affaires total[32m 16[2mms[22m[39m
       [32mÔ£ô[39m compte les factures pay├®es par client[32m 11[2mms[22m[39m
       [32mÔ£ô[39m affiche le nombre total de clients[32m 14[2mms[22m[39m
[31m       [31m├ù[31m ouvre le modal pour ajouter un client[39m[32m 82[2mms[22m[39m
[31m       [31m├ù[31m cr├®e un nouveau client avec les donn├®es du formulaire[39m[32m 69[2mms[22m[39m
[31m       [31m├ù[31m ouvre le modal pour ├®diter un client[39m[32m 121[2mms[22m[39m
[31m       [31m├ù[31m pr├®charge les donn├®es du client en ├®dition[39m[32m 67[2mms[22m[39m
[31m       [31m├ù[31m sauvegarde les modifications du client[39m[32m 86[2mms[22m[39m
[31m       [31m├ù[31m affiche un bouton supprimer[39m[32m 180[2mms[22m[39m
[31m       [31m├ù[31m appelle onDelete avec l'ID du client[39m[32m 104[2mms[22m[39m
       [32mÔ£ô[39m affiche l'option d'archivage[32m 28[2mms[22m[39m
       [32mÔ£ô[39m affiche un message si pas de clients[32m 11[2mms[22m[39m
       [32mÔ£ô[39m les inputs sont accessibles au clavier[32m 77[2mms[22m[39m
       [32mÔ£ô[39m les boutons d'action sont accessibles[32m 96[2mms[22m[39m
[31m       [31m├ù[31m rejette un SIRET invalide (trop court)[39m[32m 66[2mms[22m[39m
[31m       [31m├ù[31m accepte un SIRET valide (13 chiffres)[39m[32m 93[2mms[22m[39m
[31m       [31m├ù[31m rejette un email invalide (pas @)[39m[32m 86[2mms[22m[39m
[31m       [31m├ù[31m accepte un email valide[39m[32m 62[2mms[22m[39m
[31m       [31m├ù[31m accepte les emails avec sous-domaines[39m[32m 77[2mms[22m[39m
[31m       [31m├ù[31m accepte un t├®l├®phone fran├ºais standard[39m[32m 76[2mms[22m[39m
[31m       [31m├ù[31m accepte un t├®l├®phone avec espaces[39m[32m 74[2mms[22m[39m
[31m       [31m├ù[31m rejette un t├®l├®phone invalide (moins de 10 chiffres)[39m[32m 75[2mms[22m[39m
       [32mÔ£ô[39m calcule correctement le CA total de tous les clients[32m 13[2mms[22m[39m
       [32mÔ£ô[39m compte les factures hors TVA correctement[32m 18[2mms[22m[39m
       [32mÔ£ô[39m g├¿re les montants extr├¬mes (tr├¿s ├®lev├®s)[32m 9[2mms[22m[39m
       [32mÔ£ô[39m exclu les factures brouillon du CA[32m 10[2mms[22m[39m
       [32mÔ£ô[39m g├¿re les avoirs/notes de cr├®dit (montants n├®gatifs)[32m 15[2mms[22m[39m
       [32mÔ£ô[39m calcule le montant pay├® vs impay├®[32m 11[2mms[22m[39m
       [32mÔ£ô[39m affiche les factures retard[32m 26[2mms[22m[39m
       [32mÔ£ô[39m groupe les factures par client[32m 23[2mms[22m[39m
[31m       [31m├ù[31m ne perd pas de donn├®es lors de l'├®dition[39m[32m 106[2mms[22m[39m
[31m       [31m├ù[31m pr├®serve les informations lors de la suppression en base de donn├®es[39m[32m 112[2mms[22m[39m
[90mstderr[2m | src/__tests__/Dashboard.test.tsx
[22m[39mAPI key should be set when using the Gemini API.
API key should be set when using the Gemini API.

 [31mÔØ»[39m src/__tests__/Dashboard.test.tsx [2m([22m[2m4 tests[22m[2m | [22m[31m2 failed[39m[2m)[22m[32m 190[2mms[22m[39m
     [32mÔ£ô[39m affiche le titre du tableau de bord[32m 84[2mms[22m[39m
[31m     [31m├ù[31m affiche les statistiques de chiffre d affaire[39m[32m 49[2mms[22m[39m
[31m     [31m├ù[31m affiche les graphiques Recharts (mock├®s)[39m[32m 28[2mms[22m[39m
     [32mÔ£ô[39m r├®agit au clic sur les actions rapides[32m 22[2mms[22m[39m
 [32mÔ£ô[39m src/__tests__/components/ProductManager.test.tsx [2m([22m[2m41 tests[22m[2m)[22m[33m 5300[2mms[22m[39m
       [33m[2mÔ£ô[22m[39m filtre les produits par nom [33m 509[2mms[22m[39m
       [33m[2mÔ£ô[22m[39m affiche un message si aucun r├®sultat de recherche [33m 533[2mms[22m[39m
       [33m[2mÔ£ô[22m[39m filtre par cat├®gorie Services [33m 426[2mms[22m[39m
       [33m[2mÔ£ô[22m[39m cr├®e un produit avec nom et prix [33m 545[2mms[22m[39m
 [32mÔ£ô[39m src/__tests__/AIAssistant.test.tsx [2m([22m[2m20 tests[22m[2m)[22m[33m 3850[2mms[22m[39m
       [33m[2mÔ£ô[22m[39m devrait envoyer un message et afficher la r├®ponse [33m 937[2mms[22m[39m
       [33m[2mÔ£ô[22m[39m vide le champ de saisie apr├¿s envoi [33m 418[2mms[22m[39m
       [33m[2mÔ£ô[22m[39m affiche l'historique des messages [33m 635[2mms[22m[39m
       [33m[2mÔ£ô[22m[39m affiche un message par d├®faut en cas d'erreur de r├®ponse [33m 371[2mms[22m[39m
       [33m[2mÔ£ô[22m[39m g├¿re correctement le champ de saisie [33m 400[2mms[22m[39m
 [32mÔ£ô[39m src/__tests__/components/SupplierManager.test.tsx [2m([22m[2m30 tests[22m[2m)[22m[33m 1449[2mms[22m[39m
       [33m[2mÔ£ô[22m[39m filtre les fournisseurs par nom [33m 405[2mms[22m[39m
 [32mÔ£ô[39m src/__tests__/hooks/useFirestoreSync.test.ts [2m([22m[2m31 tests[22m[2m)[22m[33m 1337[2mms[22m[39m
 [32mÔ£ô[39m src/__tests__/components/InvoiceManager.test.tsx [2m([22m[2m38 tests[22m[2m)[22m[33m 1303[2mms[22m[39m
 [31mÔØ»[39m src/__tests__/Sidebar.test.tsx [2m([22m[2m4 tests[22m[2m | [22m[31m4 failed[39m[2m)[22m[33m 40594[2mms[22m[39m
[31m     [31m├ù[31m affiche tous les ├®l├®ments du menu[39m[33m 10357[2mms[22m[39m
[31m     [31m├ù[31m appelle setView lors du clic sur un ├®l├®ment du menu[39m[33m 10097[2mms[22m[39m
[31m     [31m├ù[31m affiche l'├®tat actif sur la vue courante[39m[33m 10080[2mms[22m[39m
[31m     [31m├ù[31m appelle setIsMobileMenuOpen(false) lors du clic sur mobile[39m[33m 10045[2mms[22m[39m
[90mstderr[2m | src/__tests__/db/invoiceDB.test.ts[2m > [22m[2mInvoiceDB 
- Dexie Database[2m > [22m[2minvoices table[2m > [22m[2mcr├®e une facture
[22m[39mAnother connection wants to delete database 'MicroGestionFacile'. 
Closing db now to resume the delete request.

[90mstderr[2m | src/__tests__/db/invoiceDB.test.ts[2m > [22m[2mInvoiceDB 
- Dexie Database[2m > [22m[2minvoices table[2m > [22m[2mr├®cup├¿re une 
facture par ID
[22m[39mAnother connection wants to delete database 'MicroGestionFacile'. 
Closing db now to resume the delete request.

[90mstderr[2m | src/__tests__/db/invoiceDB.test.ts[2m > [22m[2mInvoiceDB 
- Dexie Database[2m > [22m[2minvoices table[2m > [22m[2mmet ├á jour une 
facture
[22m[39mAnother connection wants to delete database 'MicroGestionFacile'. 
Closing db now to resume the delete request.

[90mstderr[2m | src/__tests__/db/invoiceDB.test.ts[2m > [22m[2mInvoiceDB 
- Dexie Database[2m > [22m[2minvoices table[2m > [22m[2msupprime une 
facture
[22m[39mAnother connection wants to delete database 'MicroGestionFacile'. 
Closing db now to resume the delete request.

[90mstderr[2m | src/__tests__/db/invoiceDB.test.ts[2m > [22m[2mInvoiceDB 
- Dexie Database[2m > [22m[2minvoices table[2m > [22m[2mliste toutes les 
factures
[22m[39mAnother connection wants to delete database 'MicroGestionFacile'. 
Closing db now to resume the delete request.

[90mstderr[2m | src/__tests__/db/invoiceDB.test.ts[2m > [22m[2mInvoiceDB 
- Dexie Database[2m > [22m[2minvoices table[2m > [22m[2mfiltre par status
[22m[39mAnother connection wants to delete database 'MicroGestionFacile'. 
Closing db now to resume the delete request.

[90mstderr[2m | src/__tests__/db/invoiceDB.test.ts[2m > [22m[2mInvoiceDB 
- Dexie Database[2m > [22m[2minvoices table[2m > [22m[2mfiltre par 
clientId
[22m[39mAnother connection wants to delete database 'MicroGestionFacile'. 
Closing db now to resume the delete request.

[90mstderr[2m | src/__tests__/db/invoiceDB.test.ts[2m > [22m[2mInvoiceDB 
- Dexie Database[2m > [22m[2minvoices table[2m > [22m[2mfiltre par status
[22m[39mAnother connection wants to delete database 'MicroGestionFacile'. 
Closing db now to resume the delete request.

[90mstderr[2m | src/__tests__/db/invoiceDB.test.ts[2m > [22m[2mInvoiceDB 
- Dexie Database[2m > [22m[2minvoices table[2m > [22m[2ml├¿ve une erreur 
si l'invoice existe d├®j├á
[22m[39mAnother connection wants to delete database 'MicroGestionFacile'. 
Closing db now to resume the delete request.

[90mstderr[2m | src/__tests__/db/invoiceDB.test.ts[2m > [22m[2mInvoiceDB 
- Dexie Database[2m > [22m[2minvoices table[2m > [22m[2ml├¿ve une erreur 
si l'invoice existe d├®j├á
[22m[39mPromise returned by `expect(actual).rejects.toThrow()` was not 
awaited. Vitest currently auto-awaits hanging assertions at the end of the 
test, but this will cause the test to fail in the next Vitest major. Please 
remember to await the assertion.
    at 
C:/Users/Thomas/Micro-Gestion-Facile/src/__tests__/db/invoiceDB.test.ts:101:9

[90mstderr[2m | src/__tests__/db/invoiceDB.test.ts[2m > [22m[2mInvoiceDB 
- Dexie Database[2m > [22m[2minvoiceItems table[2m > [22m[2mcr├®e un item
[22m[39mAnother connection wants to delete database 'MicroGestionFacile'. 
Closing db now to resume the delete request.

[90mstderr[2m | src/__tests__/db/invoiceDB.test.ts[2m > [22m[2mInvoiceDB 
- Dexie Database[2m > [22m[2minvoiceItems table[2m > [22m[2mcr├®e et 
r├®cup├¿re un item
[22m[39mAnother connection wants to delete database 'MicroGestionFacile'. 
Closing db now to resume the delete request.

[90mstderr[2m | src/__tests__/db/invoiceDB.test.ts[2m > [22m[2mInvoiceDB 
- Dexie Database[2m > [22m[2minvoiceItems table[2m > [22m[2msupporte 
plusieurs items
[22m[39mAnother connection wants to delete database 'MicroGestionFacile'. 
Closing db now to resume the delete request.

[90mstderr[2m | src/__tests__/db/invoiceDB.test.ts[2m > [22m[2mInvoiceDB 
- Dexie Database[2m > [22m[2mclients table[2m > [22m[2mcr├®e un client
[22m[39mAnother connection wants to delete database 'MicroGestionFacile'. 
Closing db now to resume the delete request.

[90mstderr[2m | src/__tests__/db/invoiceDB.test.ts[2m > [22m[2mInvoiceDB 
- Dexie Database[2m > [22m[2mclients table[2m > [22m[2mfiltre les 
clients actifs
[22m[39mAnother connection wants to delete database 'MicroGestionFacile'. 
Closing db now to resume the delete request.

[90mstderr[2m | src/__tests__/db/invoiceDB.test.ts[2m > [22m[2mInvoiceDB 
- Dexie Database[2m > [22m[2mclients table[2m > [22m[2mrecherche par 
email
[22m[39mAnother connection wants to delete database 'MicroGestionFacile'. 
Closing db now to resume the delete request.

[90mstderr[2m | src/__tests__/db/invoiceDB.test.ts[2m > [22m[2mInvoiceDB 
- Dexie Database[2m > [22m[2mclients table[2m > [22m[2mmet ├á jour un 
client
[22m[39mAnother connection wants to delete database 'MicroGestionFacile'. 
Closing db now to resume the delete request.

[90mstderr[2m | src/__tests__/db/invoiceDB.test.ts[2m > [22m[2mInvoiceDB 
- Dexie Database[2m > [22m[2mmulti-table transactions[2m > [22m[2mcr├®e 
facture + items atomiquement
[22m[39mAnother connection wants to delete database 'MicroGestionFacile'. 
Closing db now to resume the delete request.

[90mstderr[2m | src/__tests__/db/invoiceDB.test.ts[2m > [22m[2mInvoiceDB 
- Dexie Database[2m > [22m[2mperformance avec gros volumes[2m > 
[22m[2mg├¿re 1000 factures sans d├®grade
[22m[39mAnother connection wants to delete database 'MicroGestionFacile'. 
Closing db now to resume the delete request.

[90mstderr[2m | src/__tests__/db/invoiceDB.test.ts[2m > [22m[2mInvoiceDB 
- Dexie Database[2m > [22m[2mperformance avec gros volumes[2m > 
[22m[2mcherche rapidement dans 1000 records
[22m[39mAnother connection wants to delete database 'MicroGestionFacile'. 
Closing db now to resume the delete request.

[90mstderr[2m | src/__tests__/db/invoiceDB.test.ts[2m > [22m[2mInvoiceDB 
- Dexie Database[2m > [22m[2msuppliers table[2m > [22m[2mcr├®e un 
fournisseur
[22m[39mAnother connection wants to delete database 'MicroGestionFacile'. 
Closing db now to resume the delete request.

[90mstderr[2m | src/__tests__/db/invoiceDB.test.ts[2m > [22m[2mInvoiceDB 
- Dexie Database[2m > [22m[2msuppliers table[2m > [22m[2mfiltre les 
fournisseurs actifs
[22m[39mAnother connection wants to delete database 'MicroGestionFacile'. 
Closing db now to resume the delete request.

[90mstderr[2m | src/__tests__/db/invoiceDB.test.ts[2m > [22m[2mInvoiceDB 
- Dexie Database[2m > [22m[2msuppliers table[2m > [22m[2mmet ├á jour un 
fournisseur
[22m[39mAnother connection wants to delete database 'MicroGestionFacile'. 
Closing db now to resume the delete request.

[90mstderr[2m | src/__tests__/db/invoiceDB.test.ts[2m > [22m[2mInvoiceDB 
- Dexie Database[2m > [22m[2msuppliers table[2m > [22m[2msupprime un 
fournisseur
[22m[39mAnother connection wants to delete database 'MicroGestionFacile'. 
Closing db now to resume the delete request.

[90mstderr[2m | src/__tests__/db/invoiceDB.test.ts[2m > [22m[2mInvoiceDB 
- Dexie Database[2m > [22m[2mproducts table[2m > [22m[2mcr├®e un produit
[22m[39mAnother connection wants to delete database 'MicroGestionFacile'. 
Closing db now to resume the delete request.

[90mstderr[2m | src/__tests__/db/invoiceDB.test.ts[2m > [22m[2mInvoiceDB 
- Dexie Database[2m > [22m[2mproducts table[2m > [22m[2mfiltre par 
cat├®gorie
[22m[39mAnother connection wants to delete database 'MicroGestionFacile'. 
Closing db now to resume the delete request.

[90mstderr[2m | src/__tests__/db/invoiceDB.test.ts[2m > [22m[2mInvoiceDB 
- Dexie Database[2m > [22m[2mproducts table[2m > [22m[2mliste les 
produits actifs
[22m[39mAnother connection wants to delete database 'MicroGestionFacile'. 
Closing db now to resume the delete request.

[90mstderr[2m | src/__tests__/db/invoiceDB.test.ts[2m > [22m[2mInvoiceDB 
- Dexie Database[2m > [22m[2mexpenses table[2m > [22m[2mcr├®e une 
d├®pense
[22m[39mAnother connection wants to delete database 'MicroGestionFacile'. 
Closing db now to resume the delete request.

[90mstderr[2m | src/__tests__/db/invoiceDB.test.ts[2m > [22m[2mInvoiceDB 
- Dexie Database[2m > [22m[2mexpenses table[2m > [22m[2mfiltre par 
fournisseur
[22m[39mAnother connection wants to delete database 'MicroGestionFacile'. 
Closing db now to resume the delete request.

[90mstderr[2m | src/__tests__/db/invoiceDB.test.ts[2m > [22m[2mInvoiceDB 
- Dexie Database[2m > [22m[2mexpenses table[2m > [22m[2mfiltre par 
cat├®gorie
[22m[39mAnother connection wants to delete database 'MicroGestionFacile'. 
Closing db now to resume the delete request.

[90mstderr[2m | src/__tests__/db/invoiceDB.test.ts[2m > [22m[2mInvoiceDB 
- Dexie Database[2m > [22m[2mexportData method[2m > [22m[2mexporte 
toutes les tables en JSON
[22m[39mAnother connection wants to delete database 'MicroGestionFacile'. 
Closing db now to resume the delete request.

[90mstderr[2m | src/__tests__/db/invoiceDB.test.ts[2m > [22m[2mInvoiceDB 
- Dexie Database[2m > [22m[2mexportData method[2m > [22m[2mexporte des 
donn├®es vides si la base est vide
[22m[39mAnother connection wants to delete database 'MicroGestionFacile'. 
Closing db now to resume the delete request.

[90mstderr[2m | src/__tests__/db/invoiceDB.test.ts[2m > [22m[2mInvoiceDB 
- Dexie Database[2m > [22m[2mexportData method[2m > [22m[2mexporte 
correctement Decimal.js amounts
[22m[39mAnother connection wants to delete database 'MicroGestionFacile'. 
Closing db now to resume the delete request.

[90mstderr[2m | src/__tests__/db/invoiceDB.test.ts[2m > [22m[2mInvoiceDB 
- Dexie Database[2m > [22m[2mcalendarEvents table[2m > [22m[2mcr├®e un 
├®v├®nement calendrier
[22m[39mAnother connection wants to delete database 'MicroGestionFacile'. 
Closing db now to resume the delete request.

[90mstderr[2m | src/__tests__/db/invoiceDB.test.ts[2m > [22m[2mInvoiceDB 
- Dexie Database[2m > [22m[2mcalendarEvents table[2m > [22m[2mfiltre par 
client
[22m[39mAnother connection wants to delete database 'MicroGestionFacile'. 
Closing db now to resume the delete request.

[90mstderr[2m | src/__tests__/db/invoiceDB.test.ts[2m > [22m[2mInvoiceDB 
- Dexie Database[2m > [22m[2mcalendarEvents table[2m > [22m[2mfiltre par 
facture
[22m[39mAnother connection wants to delete database 'MicroGestionFacile'. 
Closing db now to resume the delete request.

[90mstderr[2m | src/__tests__/db/invoiceDB.test.ts[2m > [22m[2mInvoiceDB 
- Dexie Database[2m > [22m[2memailTemplates table[2m > [22m[2mcr├®e un 
template email
[22m[39mAnother connection wants to delete database 'MicroGestionFacile'. 
Closing db now to resume the delete request.

[90mstderr[2m | src/__tests__/db/invoiceDB.test.ts[2m > [22m[2mInvoiceDB 
- Dexie Database[2m > [22m[2memailTemplates table[2m > [22m[2mr├®cup├¿re 
templates par type
[22m[39mAnother connection wants to delete database 'MicroGestionFacile'. 
Closing db now to resume the delete request.

[90mstderr[2m | src/__tests__/db/invoiceDB.test.ts[2m > [22m[2mInvoiceDB 
- Dexie Database[2m > [22m[2mchatMessages table[2m > [22m[2mcr├®e un 
message chat
[22m[39mAnother connection wants to delete database 'MicroGestionFacile'. 
Closing db now to resume the delete request.

[90mstderr[2m | src/__tests__/db/invoiceDB.test.ts[2m > [22m[2mInvoiceDB 
- Dexie Database[2m > [22m[2mchatMessages table[2m > [22m[2mliste 
messages par timestamp
[22m[39mAnother connection wants to delete database 'MicroGestionFacile'. 
Closing db now to resume the delete request.

[90mstderr[2m | src/__tests__/db/invoiceDB.test.ts[2m > [22m[2mInvoiceDB 
- Dexie Database[2m > [22m[2mclearAll method[2m > [22m[2mvide 
compl├¿tement la base
[22m[39mAnother connection wants to delete database 'MicroGestionFacile'. 
Closing db now to resume the delete request.

[90mstderr[2m | src/__tests__/db/invoiceDB.test.ts[2m > [22m[2mInvoiceDB 
- Dexie Database[2m > [22m[2merror handling & edge cases[2m > 
[22m[2mg├¿re l'import avec donn├®es partielles
[22m[39mAnother connection wants to delete database 'MicroGestionFacile'. 
Closing db now to resume the delete request.

[90mstderr[2m | src/__tests__/db/invoiceDB.test.ts[2m > [22m[2mInvoiceDB 
- Dexie Database[2m > [22m[2merror handling & edge cases[2m > 
[22m[2mexporte toutes les tables avec donn├®es compl├¿tes
[22m[39mAnother connection wants to delete database 'MicroGestionFacile'. 
Closing db now to resume the delete request.

[90mstderr[2m | src/__tests__/db/invoiceDB.test.ts[2m > [22m[2mInvoiceDB 
- Dexie Database[2m > [22m[2merror handling & edge cases[2m > 
[22m[2mg├¿re les mises ├á jour sur des ID inexistants
[22m[39mAnother connection wants to delete database 'MicroGestionFacile'. 
Closing db now to resume the delete request.

[90mstderr[2m | src/__tests__/db/invoiceDB.test.ts[2m > [22m[2mInvoiceDB 
- Dexie Database[2m > [22m[2merror handling & edge cases[2m > 
[22m[2mg├¿re les requ├¬tes sur des tables vides
[22m[39mAnother connection wants to delete database 'MicroGestionFacile'. 
Closing db now to resume the delete request.

[90mstderr[2m | src/__tests__/db/invoiceDB.test.ts[2m > [22m[2mInvoiceDB 
- Dexie Database[2m > [22m[2merror handling & edge cases[2m > 
[22m[2mcalcule les stats correctement
[22m[39mAnother connection wants to delete database 'MicroGestionFacile'. 
Closing db now to resume the delete request.

[90mstderr[2m | src/__tests__/db/invoiceDB.test.ts[2m > [22m[2mInvoiceDB 
- Dexie Database[2m > [22m[2merror handling & edge cases[2m > 
[22m[2maccepte les champs partiels dans les entit├®s
[22m[39mAnother connection wants to delete database 'MicroGestionFacile'. 
Closing db now to resume the delete request.

 [32mÔ£ô[39m src/__tests__/db/invoiceDB.test.ts [2m([22m[2m46 tests[22m[2m)[22m[33m 690[2mms[22m[39m
 [32mÔ£ô[39m src/__tests__/components/CalendarManager.test.tsx [2m([22m[2m18 tests[22m[2m)[22m[33m 594[2mms[22m[39m
 [32mÔ£ô[39m src/__tests__/GitHubAuth.test.tsx [2m([22m[2m22 tests[22m[2m)[22m[33m 395[2mms[22m[39m
 [32mÔ£ô[39m src/__tests__/components/AccountingManager.test.tsx [2m([22m[2m15 tests[22m[2m)[22m[33m 404[2mms[22m[39m
 [32mÔ£ô[39m src/__tests__/FormFields_extra.test.tsx [2m([22m[2m4 tests[22m[2m)[22m[32m 275[2mms[22m[39m
 [32mÔ£ô[39m src/__tests__/components/EmailManager.test.tsx [2m([22m[2m14 tests[22m[2m)[22m[32m 208[2mms[22m[39m
[90mstderr[2m | src/__tests__/lib/invoiceNumbering.test.ts[2m > 
[22m[2mformatDocumentNumber[2m > [22m[2mformate une facture avec padding 
3 chiffres (NNN)
[22m[39mAnother connection wants to delete database 'MicroGestionFacile'. 
Closing db now to resume the delete request.

[90mstderr[2m | src/__tests__/lib/invoiceNumbering.test.ts[2m > 
[22m[2mformatDocumentNumber[2m > [22m[2mutilise le pr├®fixe 'DEVIS' pour 
les devis par d├®faut
[22m[39mAnother connection wants to delete database 'MicroGestionFacile'. 
Closing db now to resume the delete request.

[90mstderr[2m | src/__tests__/lib/invoiceNumbering.test.ts[2m > 
[22m[2mformatDocumentNumber[2m > [22m[2mutilise le pr├®fixe 'COMM' pour 
les commandes par d├®faut
[22m[39mAnother connection wants to delete database 'MicroGestionFacile'. 
Closing db now to resume the delete request.

[90mstderr[2m | src/__tests__/lib/invoiceNumbering.test.ts[2m > 
[22m[2mformatDocumentNumber[2m > [22m[2mutilise le pr├®fixe 'AVOIR' pour 
les avoirs par d├®faut
[22m[39mAnother connection wants to delete database 'MicroGestionFacile'. 
Closing db now to resume the delete request.

[90mstderr[2m | src/__tests__/lib/invoiceNumbering.test.ts[2m > 
[22m[2mformatDocumentNumber[2m > [22m[2mrespecte les pr├®fixes 
personnalis├®s du UserProfile
[22m[39mAnother connection wants to delete database 'MicroGestionFacile'. 
Closing db now to resume the delete request.

[90mstderr[2m | src/__tests__/lib/invoiceNumbering.test.ts[2m > 
[22m[2mformatDocumentNumber[2m > [22m[2minclut toujours l'ann├®e courante 
dans le num├®ro
[22m[39mAnother connection wants to delete database 'MicroGestionFacile'. 
Closing db now to resume the delete request.

[90mstderr[2m | src/__tests__/lib/invoiceNumbering.test.ts[2m > 
[22m[2mgetNextInvoiceNumber[2m > [22m[2mg├®n├¿re FAC-YYYY-001 pour la 
premi├¿re facture
[22m[39mAnother connection wants to delete database 'MicroGestionFacile'. 
Closing db now to resume the delete request.

[90mstderr[2m | src/__tests__/lib/invoiceNumbering.test.ts[2m > 
[22m[2mgetNextInvoiceNumber[2m > [22m[2mincr├®mente de mani├¿re 
s├®quentielle sans trou
[22m[39mAnother connection wants to delete database 'MicroGestionFacile'. 
Closing db now to resume the delete request.

[90mstderr[2m | src/__tests__/lib/invoiceNumbering.test.ts[2m > 
[22m[2mgetNextInvoiceNumber[2m > [22m[2mg├®n├¿re des s├®quences 
ind├®pendantes par type de document
[22m[39mAnother connection wants to delete database 'MicroGestionFacile'. 
Closing db now to resume the delete request.

[90mstderr[2m | src/__tests__/lib/invoiceNumbering.test.ts[2m > 
[22m[2mgetNextInvoiceNumber[2m > [22m[2mrepart ├á 001 en d├®but de 
nouvelle ann├®e (reset annuel)
[22m[39mAnother connection wants to delete database 'MicroGestionFacile'. 
Closing db now to resume the delete request.

[90mstderr[2m | src/__tests__/lib/invoiceNumbering.test.ts[2m > 
[22m[2mgetNextInvoiceNumber[2m > [22m[2mutilise les pr├®fixes 
personnalis├®s du profil utilisateur
[22m[39mAnother connection wants to delete database 'MicroGestionFacile'. 
Closing db now to resume the delete request.

[90mstderr[2m | src/__tests__/lib/invoiceNumbering.test.ts[2m > 
[22m[2mgetNextInvoiceNumber[2m > [22m[2mpersiste le num├®ro dans 
IndexedDB (jamais en m├®moire seule)
[22m[39mAnother connection wants to delete database 'MicroGestionFacile'. 
Closing db now to resume the delete request.

[90mstderr[2m | src/__tests__/lib/invoiceNumbering.test.ts[2m > 
[22m[2mgetNextInvoiceNumber[2m > [22m[2ml├¿ve InvoiceNumberingError (et 
r├®pare) si l'unicit├® ne peut ├¬tre garantie
[22m[39m[invoiceNumbering] Collision #1/3 pour le n┬░ "FAC-2026-001" ÔÇö le 
compteur semble corrompu.

[90mstderr[2m | src/__tests__/lib/invoiceNumbering.test.ts[2m > 
[22m[2mgetNextInvoiceNumber[2m > [22m[2ml├¿ve InvoiceNumberingError (et 
r├®pare) si l'unicit├® ne peut ├¬tre garantie
[22m[39m[invoiceNumbering] Collision #2/3 pour le n┬░ "FAC-2026-002" ÔÇö le 
compteur semble corrompu.

[90mstderr[2m | src/__tests__/lib/invoiceNumbering.test.ts[2m > 
[22m[2mgetNextInvoiceNumber[2m > [22m[2ml├¿ve InvoiceNumberingError (et 
r├®pare) si l'unicit├® ne peut ├¬tre garantie
[22m[39m[invoiceNumbering] Collision #3/3 pour le n┬░ "FAC-2026-003" ÔÇö le 
compteur semble corrompu.

[90mstdout[2m | src/__tests__/lib/invoiceNumbering.test.ts[2m > [22m[2mgetNextInvoiceNumber[2m > [22m[2ml├¿ve InvoiceNumberingError (et r├®pare) si l'unicit├® ne peut ├¬tre garantie
[22m[39m[invoiceNumbering] repairSequence: "invoice" ÔåÆ currentNumber=3 (ann├®e 2026)

[90mstderr[2m | src/__tests__/lib/invoiceNumbering.test.ts[2m > 
[22m[2mgetNextInvoiceNumber[2m > [22m[2ml├¿ve InvoiceNumberingError (et 
r├®pare) si l'unicit├® ne peut ├¬tre garantie
[22m[39mAnother connection wants to delete database 'MicroGestionFacile'. 
Closing db now to resume the delete request.

[90mstderr[2m | src/__tests__/lib/invoiceNumbering.test.ts[2m > 
[22m[2mpeekNextInvoiceNumber[2m > [22m[2mretourne le prochain num├®ro 
pr├®vu sans consommer la s├®quence
[22m[39mAnother connection wants to delete database 'MicroGestionFacile'. 
Closing db now to resume the delete request.

[90mstderr[2m | src/__tests__/lib/invoiceNumbering.test.ts[2m > 
[22m[2mpeekNextInvoiceNumber[2m > [22m[2mne modifie pas la s├®quence en 
base
[22m[39mAnother connection wants to delete database 'MicroGestionFacile'. 
Closing db now to resume the delete request.

[90mstderr[2m | src/__tests__/lib/invoiceNumbering.test.ts[2m > 
[22m[2mpeekNextInvoiceNumber[2m > [22m[2mretourne 001 si la s├®quence est 
de l'ann├®e pr├®c├®dente
[22m[39mAnother connection wants to delete database 'MicroGestionFacile'. 
Closing db now to resume the delete request.

[90mstderr[2m | src/__tests__/lib/invoiceNumbering.test.ts[2m > 
[22m[2mpeekNextInvoiceNumber[2m > [22m[2mle premier getNextInvoiceNumber 
retourne la m├¬me valeur que peek
[22m[39mAnother connection wants to delete database 'MicroGestionFacile'. 
Closing db now to resume the delete request.

[90mstdout[2m | src/__tests__/lib/invoiceNumbering.test.ts[2m > [22m[2mrepairSequence[2m > [22m[2msynchronise le compteur avec le num├®ro le plus ├®lev├® en base
[22m[39m[invoiceNumbering] repairSequence: "invoice" ÔåÆ currentNumber=12 (ann├®e 2026)

[90mstderr[2m | src/__tests__/lib/invoiceNumbering.test.ts[2m > 
[22m[2mrepairSequence[2m > [22m[2msynchronise le compteur avec le num├®ro 
le plus ├®lev├® en base
[22m[39mAnother connection wants to delete database 'MicroGestionFacile'. 
Closing db now to resume the delete request.

[90mstdout[2m | src/__tests__/lib/invoiceNumbering.test.ts[2m > [22m[2mrepairSequence[2m > [22m[2mr├®pare uniquement le type sp├®cifi├®
[22m[39m[invoiceNumbering] repairSequence: "quote" ÔåÆ currentNumber=7 (ann├®e 2026)

[90mstderr[2m | src/__tests__/lib/invoiceNumbering.test.ts[2m > 
[22m[2mrepairSequence[2m > [22m[2mr├®pare uniquement le type sp├®cifi├®
[22m[39mAnother connection wants to delete database 'MicroGestionFacile'. 
Closing db now to resume the delete request.

[90mstdout[2m | src/__tests__/lib/invoiceNumbering.test.ts[2m > [22m[2mrepairSequence[2m > [22m[2mignore les num├®ros d'ann├®es pr├®c├®dentes lors de la r├®paration
[22m[39m[invoiceNumbering] repairSequence: "invoice" ÔåÆ currentNumber=3 (ann├®e 2026)

[90mstderr[2m | src/__tests__/lib/invoiceNumbering.test.ts[2m > 
[22m[2mrepairSequence[2m > [22m[2mignore les num├®ros d'ann├®es 
pr├®c├®dentes lors de la r├®paration
[22m[39mAnother connection wants to delete database 'MicroGestionFacile'. 
Closing db now to resume the delete request.

[90mstdout[2m | src/__tests__/lib/invoiceNumbering.test.ts[2m > [22m[2mrepairSequence[2m > [22m[2mr├®pare toutes les s├®quences en une fois si aucun type n'est sp├®cifi├®
[22m[39m[invoiceNumbering] repairSequence: "invoice" ÔåÆ currentNumber=4 (ann├®e 2026)

[90mstdout[2m | src/__tests__/lib/invoiceNumbering.test.ts[2m > [22m[2mrepairSequence[2m > [22m[2mr├®pare toutes les s├®quences en une fois si aucun type n'est sp├®cifi├®
[22m[39m[invoiceNumbering] repairSequence: "quote" ÔåÆ currentNumber=6 (ann├®e 2026)

[90mstdout[2m | src/__tests__/lib/invoiceNumbering.test.ts[2m > [22m[2mrepairSequence[2m > [22m[2mr├®pare toutes les s├®quences en une fois si aucun type n'est sp├®cifi├®
[22m[39m[invoiceNumbering] repairSequence: "order" ÔåÆ currentNumber=0 (ann├®e 2026)

[90mstdout[2m | src/__tests__/lib/invoiceNumbering.test.ts[2m > [22m[2mrepairSequence[2m > [22m[2mr├®pare toutes les s├®quences en une fois si aucun type n'est sp├®cifi├®
[22m[39m[invoiceNumbering] repairSequence: "credit_note" ÔåÆ currentNumber=0 (ann├®e 2026)

[90mstderr[2m | src/__tests__/lib/invoiceNumbering.test.ts[2m > 
[22m[2mrepairSequence[2m > [22m[2mr├®pare toutes les s├®quences en une 
fois si aucun type n'est sp├®cifi├®
[22m[39mAnother connection wants to delete database 'MicroGestionFacile'. 
Closing db now to resume the delete request.

[90mstdout[2m | src/__tests__/lib/invoiceNumbering.test.ts[2m > [22m[2mrepairSequence[2m > [22m[2mfixe le compteur ├á 0 si aucun document de l'ann├®e courante
[22m[39m[invoiceNumbering] repairSequence: "invoice" ÔåÆ currentNumber=0 (ann├®e 2026)

[90mstderr[2m | src/__tests__/lib/invoiceNumbering.test.ts[2m > 
[22m[2mrepairSequence[2m > [22m[2mfixe le compteur ├á 0 si aucun document 
de l'ann├®e courante
[22m[39mAnother connection wants to delete database 'MicroGestionFacile'. 
Closing db now to resume the delete request.

[90mstderr[2m | src/__tests__/lib/invoiceNumbering.test.ts[2m > 
[22m[2mresetSequences[2m > [22m[2mr├®initialise tous les compteurs ├á 0 
pour l'ann├®e courante
[22m[39mAnother connection wants to delete database 'MicroGestionFacile'. 
Closing db now to resume the delete request.

[90mstderr[2m | src/__tests__/lib/invoiceNumbering.test.ts[2m > 
[22m[2mresetSequences[2m > [22m[2mg├®n├¿re 001 pour la prochaine facture 
apr├¿s reset
[22m[39mAnother connection wants to delete database 'MicroGestionFacile'. 
Closing db now to resume the delete request.

[90mstderr[2m | src/__tests__/lib/invoiceNumbering.test.ts[2m > 
[22m[2mgetAllSequences[2m > [22m[2mretourne un tableau vide si aucune 
s├®quence existante
[22m[39mAnother connection wants to delete database 'MicroGestionFacile'. 
Closing db now to resume the delete request.

[90mstderr[2m | src/__tests__/lib/invoiceNumbering.test.ts[2m > 
[22m[2mgetAllSequences[2m > [22m[2mretourne les s├®quences cr├®├®es avec 
leurs m├®tadonn├®es
[22m[39mAnother connection wants to delete database 'MicroGestionFacile'. 
Closing db now to resume the delete request.

 [32mÔ£ô[39m src/__tests__/lib/invoiceNumbering.test.ts [2m([22m[2m26 tests[22m[2m)[22m[32m 222[2mms[22m[39m
[90mstderr[2m | src/__tests__/invoiceDB.test.ts[2m > [22m[2minvoiceDB - 
Base de donn├®es IndexedDB (Dexie)[2m > [22m[2minitializeDB()[2m > 
[22m[2minitialise la BD et cr├®e le profil utilisateur par d├®faut s'il est 
absent
[22m[39mÔ£à Base de donn├®es initialis├®e avec succ├¿s

[90mstderr[2m | src/__tests__/invoiceDB.test.ts[2m > [22m[2minvoiceDB - 
Base de donn├®es IndexedDB (Dexie)[2m > [22m[2minitializeDB()[2m > 
[22m[2minitialise la BD et cr├®e le profil utilisateur par d├®faut s'il est 
absent
[22m[39mÔ£à Profil utilisateur initialis├®

[90mstderr[2m | src/__tests__/invoiceDB.test.ts[2m > [22m[2minvoiceDB - 
Base de donn├®es IndexedDB (Dexie)[2m > [22m[2minitializeDB()[2m > 
[22m[2minitialise la BD et cr├®e le profil utilisateur par d├®faut s'il est 
absent
[22m[39mAnother connection wants to delete database 'MicroGestionFacile'. 
Closing db now to resume the delete request.

[90mstderr[2m | src/__tests__/invoiceDB.test.ts[2m > [22m[2minvoiceDB - 
Base de donn├®es IndexedDB (Dexie)[2m > [22m[2minitializeDB()[2m > 
[22m[2mne duplique pas le profil si d├®j├á existant (idempotence)
[22m[39mÔ£à Base de donn├®es initialis├®e avec succ├¿s

[90mstderr[2m | src/__tests__/invoiceDB.test.ts[2m > [22m[2minvoiceDB - 
Base de donn├®es IndexedDB (Dexie)[2m > [22m[2minitializeDB()[2m > 
[22m[2mne duplique pas le profil si d├®j├á existant (idempotence)
[22m[39mÔ£à Profil utilisateur initialis├®

[90mstderr[2m | src/__tests__/invoiceDB.test.ts[2m > [22m[2minvoiceDB - 
Base de donn├®es IndexedDB (Dexie)[2m > [22m[2minitializeDB()[2m > 
[22m[2mne duplique pas le profil si d├®j├á existant (idempotence)
[22m[39mÔ£à Base de donn├®es initialis├®e avec succ├¿s

[90mstderr[2m | src/__tests__/invoiceDB.test.ts[2m > [22m[2minvoiceDB - 
Base de donn├®es IndexedDB (Dexie)[2m > [22m[2minitializeDB()[2m > 
[22m[2mne duplique pas le profil si d├®j├á existant (idempotence)
[22m[39mAnother connection wants to delete database 'MicroGestionFacile'. 
Closing db now to resume the delete request.

[90mstderr[2m | src/__tests__/invoiceDB.test.ts[2m > [22m[2minvoiceDB - 
Base de donn├®es IndexedDB (Dexie)[2m > [22m[2minitializeDB()[2m > 
[22m[2mouvre la BD sans exception
[22m[39mÔ£à Base de donn├®es initialis├®e avec succ├¿s

[90mstderr[2m | src/__tests__/invoiceDB.test.ts[2m > [22m[2minvoiceDB - 
Base de donn├®es IndexedDB (Dexie)[2m > [22m[2minitializeDB()[2m > 
[22m[2mouvre la BD sans exception
[22m[39mÔ£à Profil utilisateur initialis├®

[90mstderr[2m | src/__tests__/invoiceDB.test.ts[2m > [22m[2minvoiceDB - 
Base de donn├®es IndexedDB (Dexie)[2m > [22m[2minitializeDB()[2m > 
[22m[2mouvre la BD sans exception
[22m[39mAnother connection wants to delete database 'MicroGestionFacile'. 
Closing db now to resume the delete request.

[90mstderr[2m | src/__tests__/invoiceDB.test.ts[2m > [22m[2minvoiceDB - 
Base de donn├®es IndexedDB (Dexie)[2m > [22m[2mexportData()[2m > 
[22m[2mretourne un objet contenant toutes les tables attendues
[22m[39mAnother connection wants to delete database 'MicroGestionFacile'. 
Closing db now to resume the delete request.

[90mstderr[2m | src/__tests__/invoiceDB.test.ts[2m > [22m[2minvoiceDB - 
Base de donn├®es IndexedDB (Dexie)[2m > [22m[2mexportData()[2m > 
[22m[2mexporte les donn├®es effectivement pr├®sentes dans la BD
[22m[39mAnother connection wants to delete database 'MicroGestionFacile'. 
Closing db now to resume the delete request.

[90mstderr[2m | src/__tests__/invoiceDB.test.ts[2m > [22m[2minvoiceDB - 
Base de donn├®es IndexedDB (Dexie)[2m > [22m[2mexportData()[2m > 
[22m[2mretourne des tableaux vides sur BD neuve
[22m[39mAnother connection wants to delete database 'MicroGestionFacile'. 
Closing db now to resume the delete request.

[90mstderr[2m | src/__tests__/invoiceDB.test.ts[2m > [22m[2minvoiceDB - 
Base de donn├®es IndexedDB (Dexie)[2m > [22m[2mimportData()[2m > 
[22m[2mimporte les donn├®es depuis un backup JSON
[22m[39mAnother connection wants to delete database 'MicroGestionFacile'. 
Closing db now to resume the delete request.

[90mstderr[2m | src/__tests__/invoiceDB.test.ts[2m > [22m[2minvoiceDB - 
Base de donn├®es IndexedDB (Dexie)[2m > [22m[2mimportData()[2m > 
[22m[2mg├¿re une importation partielle sans erreur (seuls les clients)
[22m[39mAnother connection wants to delete database 'MicroGestionFacile'. 
Closing db now to resume the delete request.

[90mstderr[2m | src/__tests__/invoiceDB.test.ts[2m > [22m[2minvoiceDB - 
Base de donn├®es IndexedDB (Dexie)[2m > [22m[2mimportData()[2m > 
[22m[2mremplace les enregistrements existants via bulkPut (upsert)
[22m[39mAnother connection wants to delete database 'MicroGestionFacile'. 
Closing db now to resume the delete request.

[90mstderr[2m | src/__tests__/invoiceDB.test.ts[2m > [22m[2minvoiceDB - 
Base de donn├®es IndexedDB (Dexie)[2m > [22m[2mimportData()[2m > 
[22m[2mun backup vide ne provoque pas d'erreur
[22m[39mAnother connection wants to delete database 'MicroGestionFacile'. 
Closing db now to resume the delete request.

[90mstderr[2m | src/__tests__/invoiceDB.test.ts[2m > [22m[2minvoiceDB - 
Base de donn├®es IndexedDB (Dexie)[2m > [22m[2mgetStatistics()[2m > 
[22m[2mretourne z├®ro pour toutes les entit├®s sur BD neuve
[22m[39mAnother connection wants to delete database 'MicroGestionFacile'. 
Closing db now to resume the delete request.

[90mstderr[2m | src/__tests__/invoiceDB.test.ts[2m > [22m[2minvoiceDB - 
Base de donn├®es IndexedDB (Dexie)[2m > [22m[2mgetStatistics()[2m > 
[22m[2mretourne les comptes corrects apr├¿s ajout
[22m[39mAnother connection wants to delete database 'MicroGestionFacile'. 
Closing db now to resume the delete request.

 [32mÔ£ô[39m src/__tests__/invoiceDB.test.ts [2m([22m[2m12 tests[22m[2m)[22m[32m 129[2mms[22m[39m
[90mstderr[2m | src/__tests__/geminiService.test.ts
[22m[39mAPI key should be set when using the Gemini API.
API key should be set when using the Gemini API.

 [32mÔ£ô[39m src/__tests__/geminiService.test.ts [2m([22m[2m24 tests[22m[2m)[22m[32m 105[2mms[22m[39m
 [32mÔ£ô[39m src/__tests__/EntityFormFields.test.tsx [2m([22m[2m3 tests[22m[2m)[22m[32m 197[2mms[22m[39m
 [32mÔ£ô[39m src/__tests__/hooks/useFormValidation.test.ts [2m([22m[2m36 tests[22m[2m)[22m[32m 118[2mms[22m[39m
 [32mÔ£ô[39m src/__tests__/FormFields.test.tsx [2m([22m[2m4 tests[22m[2m)[22m[32m 103[2mms[22m[39m
 [32mÔ£ô[39m src/__tests__/hooks/useEntity.test.ts [2m([22m[2m29 tests[22m[2m)[22m[32m 108[2mms[22m[39m
 [32mÔ£ô[39m src/__tests__/integration/clientFlowIntegration.test.ts [2m([22m[2m12 tests[22m[2m)[22m[32m 68[2mms[22m[39m
 [32mÔ£ô[39m src/__tests__/facturX.test.ts [2m([22m[2m31 tests[22m[2m)[22m[32m 74[2mms[22m[39m
 [32mÔ£ô[39m src/__tests__/invoiceCalculations.test.tsx [2m([22m[2m107 tests[22m[2m)[22m[32m 65[2mms[22m[39m
 [32mÔ£ô[39m src/__tests__/lib/exportUtils.test.ts [2m([22m[2m34 tests[22m[2m)[22m[32m 43[2mms[22m[39m
 [32mÔ£ô[39m src/__tests__/fiscalCalculations.test.ts [2m([22m[2m47 tests[22m[2m)[22m[32m 31[2mms[22m[39m
 [32mÔ£ô[39m src/__tests__/lib/validators.test.ts [2m([22m[2m85 tests[22m[2m)[22m[32m 40[2mms[22m[39m
 [32mÔ£ô[39m src/__tests__/lib/facturX.test.ts [2m([22m[2m34 tests[22m[2m)[22m[32m 25[2mms[22m[39m
 [32mÔ£ô[39m src/__tests__/appStore.test.ts [2m([22m[2m8 tests[22m[2m)[22m[32m 25[2mms[22m[39m
[90mstderr[2m | src/__tests__/useOfflineSync.test.ts
[22m[39m[2026-04-05T22:56:15.737Z]  @firebase/firestore: Firestore 
(12.10.0): Error using user provided cache. Falling back to memory cache: 
FirebaseError: [code=unimplemented]: IndexedDB persistence is only available 
on platforms that support LocalStorage.

[90mstdout[2m | src/__tests__/useOfflineSync.test.ts[2m > [22m[2museOfflineSync Hook[2m > [22m[2mPhase 1: Chargement depuis Dexie local[2m > [22m[2mdevrait charger les donn├®es existantes depuis Dexie au montage
[22m[39m[OfflineSync] Chargement initial de invoices depuis Dexie...

[90mstderr[2m | src/__tests__/useOfflineSync.test.ts[2m > 
[22m[2museOfflineSync Hook[2m > [22m[2mPhase 1: Chargement depuis Dexie 
local[2m > [22m[2mdevrait charger les donn├®es existantes depuis Dexie au 
montage
[22m[39mAn update to TestComponent inside a test was not wrapped in act(...).

When testing, code that causes React state updates should be wrapped into 
act(...):

act(() => {
  /* fire events that update state */
});
/* assert on the output */

This ensures that you're testing the behavior the user would see in the 
browser. Learn more at https://react.dev/link/wrap-tests-with-act
An update to TestComponent inside a test was not wrapped in act(...).

When testing, code that causes React state updates should be wrapped into 
act(...):

act(() => {
  /* fire events that update state */
});
/* assert on the output */

This ensures that you're testing the behavior the user would see in the 
browser. Learn more at https://react.dev/link/wrap-tests-with-act
An update to TestComponent inside a test was not wrapped in act(...).

When testing, code that causes React state updates should be wrapped into 
act(...):

act(() => {
  /* fire events that update state */
});
/* assert on the output */

This ensures that you're testing the behavior the user would see in the 
browser. Learn more at https://react.dev/link/wrap-tests-with-act

[90mstderr[2m | src/__tests__/useOfflineSync.test.ts[2m > 
[22m[2museOfflineSync Hook[2m > [22m[2mPhase 1: Chargement depuis Dexie 
local[2m > [22m[2mdevrait charger les donn├®es existantes depuis Dexie au 
montage
[22m[39mAnother connection wants to delete database 'MicroGestionFacile'. 
Closing db now to resume the delete request.

[90mstderr[2m | src/__tests__/useOfflineSync.test.ts[2m > 
[22m[2museOfflineSync Hook[2m > [22m[2mPhase 1: Chargement depuis Dexie 
local[2m > [22m[2mdevrait charger les donn├®es existantes depuis Dexie au 
montage
[22m[39m[2026-04-05T22:56:16.058Z]  @firebase/firestore: Firestore 
(12.10.0): GrpcConnection RPC 'Listen' stream 0x3277026f error. Code: 7 
Message: 7 PERMISSION_DENIED: Cloud Firestore API has not been used in project 
micro-gestion-facile before or it is disabled. Enable it by visiting https://co
nsole.developers.google.com/apis/api/firestore.googleapis.com/overview?project=
micro-gestion-facile then retry. If you enabled this API recently, wait a few 
minutes for the action to propagate to our systems and retry.

[90mstderr[2m | src/__tests__/useOfflineSync.test.ts[2m > 
[22m[2museOfflineSync Hook[2m > [22m[2mPhase 1: Chargement depuis Dexie 
local[2m > [22m[2mdevrait charger les donn├®es existantes depuis Dexie au 
montage
[22m[39m[2026-04-05T22:56:16.060Z]  @firebase/firestore: Firestore 
(12.10.0): Could not reach Cloud Firestore backend. Connection failed 1 times. 
Most recent error: FirebaseError: [code=permission-denied]: 7 
PERMISSION_DENIED: Cloud Firestore API has not been used in project 
micro-gestion-facile before or it is disabled. Enable it by visiting https://co
nsole.developers.google.com/apis/api/firestore.googleapis.com/overview?project=
micro-gestion-facile then retry. If you enabled this API recently, wait a few 
minutes for the action to propagate to our systems and retry.
This typically indicates that your device does not have a healthy Internet 
connection at the moment. The client will operate in offline mode until it is 
able to successfully connect to the backend.

[90mstdout[2m | src/__tests__/useOfflineSync.test.ts[2m > [22m[2museOfflineSync Hook[2m > [22m[2mPhase 1: Chargement depuis Dexie local[2m > [22m[2mdevrait charger les donn├®es existantes depuis Dexie au montage
[22m[39mÔä╣´©Å Firebase: Travailler en mode hors ligne

[90mstdout[2m | src/__tests__/useOfflineSync.test.ts[2m > [22m[2museOfflineSync Hook[2m > [22m[2mPhase 1: Chargement depuis Dexie local[2m > [22m[2mdevrait retourner un array vide si Dexie est vide
[22m[39m[OfflineSync] Chargement initial de invoices depuis Dexie...

[90mstderr[2m | src/__tests__/useOfflineSync.test.ts[2m > 
[22m[2museOfflineSync Hook[2m > [22m[2mPhase 1: Chargement depuis Dexie 
local[2m > [22m[2mdevrait retourner un array vide si Dexie est vide
[22m[39mAn update to TestComponent inside a test was not wrapped in act(...).

When testing, code that causes React state updates should be wrapped into 
act(...):

act(() => {
  /* fire events that update state */
});
/* assert on the output */

This ensures that you're testing the behavior the user would see in the 
browser. Learn more at https://react.dev/link/wrap-tests-with-act
An update to TestComponent inside a test was not wrapped in act(...).

When testing, code that causes React state updates should be wrapped into 
act(...):

act(() => {
  /* fire events that update state */
});
/* assert on the output */

This ensures that you're testing the behavior the user would see in the 
browser. Learn more at https://react.dev/link/wrap-tests-with-act
An update to TestComponent inside a test was not wrapped in act(...).

When testing, code that causes React state updates should be wrapped into 
act(...):

act(() => {
  /* fire events that update state */
});
/* assert on the output */

This ensures that you're testing the behavior the user would see in the 
browser. Learn more at https://react.dev/link/wrap-tests-with-act

[90mstderr[2m | src/__tests__/useOfflineSync.test.ts[2m > 
[22m[2museOfflineSync Hook[2m > [22m[2mPhase 1: Chargement depuis Dexie 
local[2m > [22m[2mdevrait retourner un array vide si Dexie est vide
[22m[39m[2026-04-05T22:56:25.967Z]  @firebase/firestore: Firestore 
(12.10.0): GrpcConnection RPC 'Listen' stream 0x32770270 error. Code: 7 
Message: 7 PERMISSION_DENIED: Cloud Firestore API has not been used in project 
micro-gestion-facile before or it is disabled. Enable it by visiting https://co
nsole.developers.google.com/apis/api/firestore.googleapis.com/overview?project=
micro-gestion-facile then retry. If you enabled this API recently, wait a few 
minutes for the action to propagate to our systems and retry.

[90mstdout[2m | src/__tests__/useOfflineSync.test.ts[2m > [22m[2museOfflineSync Hook[2m > [22m[2mPhase 2: Synchronisation Firestore[2m > [22m[2mdevrait marquer status LOADING lors du montage
[22m[39m[OfflineSync] Chargement initial de invoices depuis Dexie...

[90mstderr[2m | src/__tests__/useOfflineSync.test.ts[2m > 
[22m[2museOfflineSync Hook[2m > [22m[2mPhase 2: Synchronisation 
Firestore[2m > [22m[2mdevrait marquer status LOADING lors du montage
[22m[39mAn update to TestComponent inside a test was not wrapped in act(...).

When testing, code that causes React state updates should be wrapped into 
act(...):

act(() => {
  /* fire events that update state */
});
/* assert on the output */

This ensures that you're testing the behavior the user would see in the 
browser. Learn more at https://react.dev/link/wrap-tests-with-act
An update to TestComponent inside a test was not wrapped in act(...).

When testing, code that causes React state updates should be wrapped into 
act(...):

act(() => {
  /* fire events that update state */
});
/* assert on the output */

This ensures that you're testing the behavior the user would see in the 
browser. Learn more at https://react.dev/link/wrap-tests-with-act
An update to TestComponent inside a test was not wrapped in act(...).

When testing, code that causes React state updates should be wrapped into 
act(...):

act(() => {
  /* fire events that update state */
});
/* assert on the output */

This ensures that you're testing the behavior the user would see in the 
browser. Learn more at https://react.dev/link/wrap-tests-with-act

[90mstderr[2m | src/__tests__/useOfflineSync.test.ts[2m > 
[22m[2museOfflineSync Hook[2m > [22m[2mPhase 2: Synchronisation 
Firestore[2m > [22m[2mdevrait marquer status LOADING lors du montage
[22m[39m[2026-04-05T22:56:46.096Z]  @firebase/firestore: Firestore 
(12.10.0): GrpcConnection RPC 'Listen' stream 0x32770271 error. Code: 7 
Message: 7 PERMISSION_DENIED: Cloud Firestore API has not been used in project 
micro-gestion-facile before or it is disabled. Enable it by visiting https://co
nsole.developers.google.com/apis/api/firestore.googleapis.com/overview?project=
micro-gestion-facile then retry. If you enabled this API recently, wait a few 
minutes for the action to propagate to our systems and retry.

[90mstdout[2m | src/__tests__/useOfflineSync.test.ts[2m > [22m[2museOfflineSync Hook[2m > [22m[2mPhase 2: Synchronisation Firestore[2m > [22m[2mdevrait mettre ├á jour Dexie quand Firestore change
[22m[39m[OfflineSync] Chargement initial de invoices depuis Dexie...

[90mstderr[2m | src/__tests__/useOfflineSync.test.ts[2m > 
[22m[2museOfflineSync Hook[2m > [22m[2mPhase 2: Synchronisation 
Firestore[2m > [22m[2mdevrait mettre ├á jour Dexie quand Firestore change
[22m[39mAn update to TestComponent inside a test was not wrapped in act(...).

When testing, code that causes React state updates should be wrapped into 
act(...):

act(() => {
  /* fire events that update state */
});
/* assert on the output */

This ensures that you're testing the behavior the user would see in the 
browser. Learn more at https://react.dev/link/wrap-tests-with-act
An update to TestComponent inside a test was not wrapped in act(...).

When testing, code that causes React state updates should be wrapped into 
act(...):

act(() => {
  /* fire events that update state */
});
/* assert on the output */

This ensures that you're testing the behavior the user would see in the 
browser. Learn more at https://react.dev/link/wrap-tests-with-act
An update to TestComponent inside a test was not wrapped in act(...).

When testing, code that causes React state updates should be wrapped into 
act(...):

act(() => {
  /* fire events that update state */
});
/* assert on the output */

This ensures that you're testing the behavior the user would see in the 
browser. Learn more at https://react.dev/link/wrap-tests-with-act

[90mstderr[2m | src/__tests__/useOfflineSync.test.ts[2m > 
[22m[2museOfflineSync Hook[2m > [22m[2mPhase 2: Synchronisation 
Firestore[2m > [22m[2mdevrait mettre ├á jour Dexie quand Firestore change
[22m[39m[2026-04-05T22:56:56.114Z]  @firebase/firestore: Firestore 
(12.10.0): GrpcConnection RPC 'Listen' stream 0x32770272 error. Code: 7 
Message: 7 PERMISSION_DENIED: Cloud Firestore API has not been used in project 
micro-gestion-facile before or it is disabled. Enable it by visiting https://co
nsole.developers.google.com/apis/api/firestore.googleapis.com/overview?project=
micro-gestion-facile then retry. If you enabled this API recently, wait a few 
minutes for the action to propagate to our systems and retry.

[31mCancelling test run. Press CTRL+c again to exit forcefully.
[39m

[31mÔÄ»ÔÄ»ÔÄ»ÔÄ»ÔÄ»ÔÄ»[39m[1m[41m Failed Tests 27 
[49m[22m[31mÔÄ»ÔÄ»ÔÄ»ÔÄ»ÔÄ»ÔÄ»ÔÄ»[39m

[41m[1m FAIL [22m[49m src/__tests__/Dashboard.test.tsx[2m > 
[22mDashboard[2m > [22maffiche les statistiques de chiffre d affaire
[31m[1mTestingLibraryElementError[22m[39m: Unable to find an element with 
the text: /1.*000/. This could be because the text is broken up by multiple 
elements. In this case, you can provide a function for your text matcher to 
make your matcher more flexible.

Ignored nodes: comments, script, style
[36m<body>[39m
  [36m<div>[39m
    [36m<div[39m
      [33mclass[39m=[32m"space-y-8 animate-fade-in max-w-7xl mx-auto 
pb-10"[39m
    [36m>[39m
      [36m<div>[39m
        [36m<div[39m
          [33mclass[39m=[32m"flex flex-col sm:flex-row sm:items-end 
justify-between gap-6"[39m
        [36m>[39m
          [36m<div>[39m
            [36m<h1[39m
              [33mclass[39m=[32m"text-3xl font-bold text-brand-900 
dark:text-brand-50 tracking-tight font-display"[39m
            [36m>[39m
              [0mTableau de bord[0m
            [36m</h1>[39m
            [36m<p[39m
              [33mclass[39m=[32m"text-brand-500 dark:text-brand-400 mt-1 
text-sm"[39m
            [36m>[39m
              [0mAper├ºu de votre activit├® et de vos revenus.[0m
            [36m</p>[39m
          [36m</div>[39m
          [36m<div[39m
            [33mclass[39m=[32m"flex flex-wrap gap-3"[39m
          [36m>[39m
            [36m<button[39m
              [33maria-label[39m=[32m"Facture"[39m
              [33mclass[39m=[32m"flex items-center gap-2.5 px-5 py-3 
rounded-2xl text-[11px] font-bold uppercase tracking-wider shadow-sm 
hover:shadow-md bg-brand-900 text-white dark:bg-brand-800 dark:text-brand-50 
dark:border-brand-700 relative transition-all duration-200 scale-100"[39m
            [36m>[39m
              [36m<span>[39m
                [0mFileTextIcon[0m
              [36m</span>[39m
              [0mFacture[0m
            [36m</button>[39m
            [36m<button[39m
              [33maria-label[39m=[32m"D├®pense"[39m
              [33mclass[39m=[32m"flex items-center gap-2.5 px-5 py-3 
rounded-2xl text-[11px] font-bold uppercase tracking-wider shadow-sm 
hover:shadow-md bg-white text-brand-900 border border-brand-100 
dark:bg-brand-800 dark:text-brand-50 dark:border-brand-700 relative 
transition-all duration-200 scale-100"[39m
            [36m>[39m
              [36m<span>[39m
                [0mTrendingDownIcon[0m
              [36m</span>[39m
              [0mD├®pense[0m
            [36m</button>[39m
            [36m<button[39m
              [33maria-label[39m=[32m"Client"[39m
              [33mclass[39m=[32m"flex items-center gap-2.5 px-5 py-3 
rounded-2xl text-[11px] font-bold uppercase tracking-wider shadow-sm 
hover:shadow-md bg-white text-brand-900 border border-brand-100 
dark:bg-brand-800 dark:text-brand-50 dark:border-brand-700 relative 
transition-all duration-200 scale-100"[39m
            [36m>[39m
              [36m<span>[39m
                [0mUsersIcon[0m
              [36m</span>[39m
              [0mClient[0m
            [36m</button>[39m
            [36m<button[39m
              [33maria-label[39m=[32m"Email"[39m
              [33mclass[39m=[32m"flex items-center gap-2.5 px-5 py-3 
rounded-2xl text-[11px] font-bold uppercase tracking-wider shadow-sm 
hover:shadow-md bg-white text-brand-900 border border-brand-100 
dark:bg-brand-800 dark:text-brand-50 dark:border-brand-700 relative 
transition-all duration-200 scale-100"[39m
            [36m>[39m
              [36m<span>[39m
                [0mMailIcon[0m
              [36m</span>[39m
              [0mEmail[0m
            [36m</button>[39m
            [36m<button[39m
              [33maria-label[39m=[32m"Produit"[39m
              [33mclass[39m=[32m"flex items-center gap-2.5 px-5 py-3 
rounded-2xl text-[11px] font-bold uppercase tracking-wider shadow-sm 
hover:shadow-md bg-white text-brand-900 border border-brand-100 
dark:bg-brand-800 dark:text-brand-50 dark:border-brand-700 relative 
transition-all duration-200 scale-100"[39m
            [36m>[39m
              [36m<span>[39m
                [0mPackageIcon[0m
              [36m</span>[39m
              [0mProduit[0m
            [36m</button>[39m
          [36m</div>[39m
        [36m</div>[39m
        [36m<div>[39m
          [36m<div[39m
            [33mclass[39m=[32m"grid grid-cols-1 md:grid-cols-2 
lg:grid-cols-3 xl:grid-cols-4 gap-6 auto-rows-auto"[39m
          [36m>[39m
            [36m<div[39m
              [33mclass[39m=[32m"bg-white dark:bg-gray-900 p-6 rounded-xl 
border border-gray-100 dark:border-gray-800 shadow-sm"[39m
            [36m>[39m
              [36m<div[39m
                [33mclass[39m=[32m"flex items-center justify-between 
mb-4"[39m
              [36m>[39m
                [36m<div[39m
                  [33maria-hidden[39m=[32m"true"[39m
                  [33mclass[39m=[32m"
        animate-pulse
        bg-gray-200
        dark:bg-gray-800
        rounded-full
        w-10 h-10
      "[39m
                [36m/>[39m
                [36m<div[39m
                  [33maria-hidden[39m=[32m"true"[39m
                  [33mclass[39m=[32m"
        animate-pulse
        bg-gray-200
        dark:bg-gray-800
        rounded-md
        w-16 h-4
      "[39m
                [36m/>[39m
              [36m</div>[39m
              [36m<div[39m
                [33maria-hidden[39m=[32m"true"[39m
                [33mclass[39m=[32m"
        animate-pulse
        bg-gray-200
        dark:bg-gray-800
        h-4 w-full rounded
        w-3/4 mb-2
      "[39m
              [36m/>[39m
              [36m<div[39m
                [33maria-hidden[39m=[32m"true"[39m
                [33mclass[39m=[32m"
        animate-pulse
        bg-gray-200
        dark:bg-gray-800
        h-4 w-full rounded
        w-1/2 h-8
      "[39m
              [36m/>[39m
            [36m</div>[39m
            [36m<div[39m
              [33mclass[39m=[32m"bg-white dark:bg-gray-900 p-6 rounded-xl 
border border-gray-100 dark:border-gray-800 shadow-sm"[39m
            [36m>[39m
              [36m<div[39m
                [33mclass[39m=[32m"flex items-center justify-between 
mb-4"[39m
              [36m>[39m
                [36m<div[39m
                  [33maria-hidden[39m=[32m"true"[39m
                  [33mclass[39m=[32m"
        animate-pulse
        bg-gray-200
        dark:bg-gray-800
        rounded-full
        w-10 h-10
      "[39m
                [36m/>[39m
                [36m<div[39m
                  [33maria-hidden[39m=[32m"true"[39m
                  [33mclass[39m=[32m"
        animate-pulse
        bg-gray-200
        dark:bg-gray-800
        rounded-md
        w-16 h-4
      "[39m
                [36m/>[39m
              [36m</div>[39m
              [36m<div[39m
                [33maria-hidden[39m=[32m"true"[39m
                [33mclass[39m=[32m"
        animate-pulse
        bg-gray-200
        dark:bg-gray-800
        h-4 w-full rounded
        w-3/4 mb-2
      "[39m
              [36m/>[39m
              [36m<div[39m
                [33maria-hidden[39m=[32m"true"[39m
                [33mclass[39m=[32m"
        animate-pulse
        bg-gray-200
        dark:bg-gray-800
        h-4 w-full rounded
        w...
[90m [2mÔØ»[22m Object.getElementError 
node_modules/@testing-library/dom/dist/config.js:[2m37:19[22m[39m
[90m [2mÔØ»[22m 
node_modules/@testing-library/dom/dist/query-helpers.js:[2m76:38[22m[39m
[90m [2mÔØ»[22m 
node_modules/@testing-library/dom/dist/query-helpers.js:[2m109:15[22m[39m
[36m [2mÔØ»[22m src/__tests__/Dashboard.test.tsx:[2m135:29[22m[39m
    [90m133|[39m   [34mit[39m([32m'affiche les statistiques de chiffre d 
affaire'[39m[33m,[39m () [33m=>[39m {
    [90m134|[39m     [34mrender[39m([33m<[39m[33mDashboard[39m 
[33m{[39m[33m...[39mmockProps[33m}[39m [33m/[39m[33m>[39m)[33m;[39m
    [90m135|[39m     [35mconst[39m elements [33m=[39m 
screen[33m.[39m[34mgetAllByText[39m([36m/1.*000/[39m)[33m;[39m
    [90m   |[39m                             [31m^[39m
    [90m136|[39m     [34mexpect[39m(elements[33m.[39mlength)[33m.[39m[
34mtoBeGreaterThanOrEqual[39m([34m1[39m)[33m;[39m
    [90m137|[39m   })[33m;[39m

[31m[2mÔÄ»ÔÄ»ÔÄ»ÔÄ»ÔÄ»ÔÄ»ÔÄ»ÔÄ»ÔÄ»ÔÄ»ÔÄ»ÔÄ»ÔÄ»ÔÄ»ÔÄ»ÔÄ»ÔÄ»ÔÄ»ÔÄ»ÔÄ»ÔÄ»ÔÄ»ÔÄ»[
1/28]ÔÄ»[22m[39m

[41m[1m FAIL [22m[49m src/__tests__/Dashboard.test.tsx[2m > 
[22mDashboard[2m > [22maffiche les graphiques Recharts (mock├®s)
[31m[1mTestingLibraryElementError[22m[39m: Unable to find an element by: 
[data-testid="area-chart"]

Ignored nodes: comments, script, style
[36m<body>[39m
  [36m<div>[39m
    [36m<div[39m
      [33mclass[39m=[32m"space-y-8 animate-fade-in max-w-7xl mx-auto 
pb-10"[39m
    [36m>[39m
      [36m<div>[39m
        [36m<div[39m
          [33mclass[39m=[32m"flex flex-col sm:flex-row sm:items-end 
justify-between gap-6"[39m
        [36m>[39m
          [36m<div>[39m
            [36m<h1[39m
              [33mclass[39m=[32m"text-3xl font-bold text-brand-900 
dark:text-brand-50 tracking-tight font-display"[39m
            [36m>[39m
              [0mTableau de bord[0m
            [36m</h1>[39m
            [36m<p[39m
              [33mclass[39m=[32m"text-brand-500 dark:text-brand-400 mt-1 
text-sm"[39m
            [36m>[39m
              [0mAper├ºu de votre activit├® et de vos revenus.[0m
            [36m</p>[39m
          [36m</div>[39m
          [36m<div[39m
            [33mclass[39m=[32m"flex flex-wrap gap-3"[39m
          [36m>[39m
            [36m<button[39m
              [33maria-label[39m=[32m"Facture"[39m
              [33mclass[39m=[32m"flex items-center gap-2.5 px-5 py-3 
rounded-2xl text-[11px] font-bold uppercase tracking-wider shadow-sm 
hover:shadow-md bg-brand-900 text-white dark:bg-brand-800 dark:text-brand-50 
dark:border-brand-700 relative transition-all duration-200 scale-100"[39m
            [36m>[39m
              [36m<span>[39m
                [0mFileTextIcon[0m
              [36m</span>[39m
              [0mFacture[0m
            [36m</button>[39m
            [36m<button[39m
              [33maria-label[39m=[32m"D├®pense"[39m
              [33mclass[39m=[32m"flex items-center gap-2.5 px-5 py-3 
rounded-2xl text-[11px] font-bold uppercase tracking-wider shadow-sm 
hover:shadow-md bg-white text-brand-900 border border-brand-100 
dark:bg-brand-800 dark:text-brand-50 dark:border-brand-700 relative 
transition-all duration-200 scale-100"[39m
            [36m>[39m
              [36m<span>[39m
                [0mTrendingDownIcon[0m
              [36m</span>[39m
              [0mD├®pense[0m
            [36m</button>[39m
            [36m<button[39m
              [33maria-label[39m=[32m"Client"[39m
              [33mclass[39m=[32m"flex items-center gap-2.5 px-5 py-3 
rounded-2xl text-[11px] font-bold uppercase tracking-wider shadow-sm 
hover:shadow-md bg-white text-brand-900 border border-brand-100 
dark:bg-brand-800 dark:text-brand-50 dark:border-brand-700 relative 
transition-all duration-200 scale-100"[39m
            [36m>[39m
              [36m<span>[39m
                [0mUsersIcon[0m
              [36m</span>[39m
              [0mClient[0m
            [36m</button>[39m
            [36m<button[39m
              [33maria-label[39m=[32m"Email"[39m
              [33mclass[39m=[32m"flex items-center gap-2.5 px-5 py-3 
rounded-2xl text-[11px] font-bold uppercase tracking-wider shadow-sm 
hover:shadow-md bg-white text-brand-900 border border-brand-100 
dark:bg-brand-800 dark:text-brand-50 dark:border-brand-700 relative 
transition-all duration-200 scale-100"[39m
            [36m>[39m
              [36m<span>[39m
                [0mMailIcon[0m
              [36m</span>[39m
              [0mEmail[0m
            [36m</button>[39m
            [36m<button[39m
              [33maria-label[39m=[32m"Produit"[39m
              [33mclass[39m=[32m"flex items-center gap-2.5 px-5 py-3 
rounded-2xl text-[11px] font-bold uppercase tracking-wider shadow-sm 
hover:shadow-md bg-white text-brand-900 border border-brand-100 
dark:bg-brand-800 dark:text-brand-50 dark:border-brand-700 relative 
transition-all duration-200 scale-100"[39m
            [36m>[39m
              [36m<span>[39m
                [0mPackageIcon[0m
              [36m</span>[39m
              [0mProduit[0m
            [36m</button>[39m
          [36m</div>[39m
        [36m</div>[39m
        [36m<div>[39m
          [36m<div[39m
            [33mclass[39m=[32m"grid grid-cols-1 md:grid-cols-2 
lg:grid-cols-3 xl:grid-cols-4 gap-6 auto-rows-auto"[39m
          [36m>[39m
            [36m<div[39m
              [33mclass[39m=[32m"bg-white dark:bg-gray-900 p-6 rounded-xl 
border border-gray-100 dark:border-gray-800 shadow-sm"[39m
            [36m>[39m
              [36m<div[39m
                [33mclass[39m=[32m"flex items-center justify-between 
mb-4"[39m
              [36m>[39m
                [36m<div[39m
                  [33maria-hidden[39m=[32m"true"[39m
                  [33mclass[39m=[32m"
        animate-pulse
        bg-gray-200
        dark:bg-gray-800
        rounded-full
        w-10 h-10
      "[39m
                [36m/>[39m
                [36m<div[39m
                  [33maria-hidden[39m=[32m"true"[39m
                  [33mclass[39m=[32m"
        animate-pulse
        bg-gray-200
        dark:bg-gray-800
        rounded-md
        w-16 h-4
      "[39m
                [36m/>[39m
              [36m</div>[39m
              [36m<div[39m
                [33maria-hidden[39m=[32m"true"[39m
                [33mclass[39m=[32m"
        animate-pulse
        bg-gray-200
        dark:bg-gray-800
        h-4 w-full rounded
        w-3/4 mb-2
      "[39m
              [36m/>[39m
              [36m<div[39m
                [33maria-hidden[39m=[32m"true"[39m
                [33mclass[39m=[32m"
        animate-pulse
        bg-gray-200
        dark:bg-gray-800
        h-4 w-full rounded
        w-1/2 h-8
      "[39m
              [36m/>[39m
            [36m</div>[39m
            [36m<div[39m
              [33mclass[39m=[32m"bg-white dark:bg-gray-900 p-6 rounded-xl 
border border-gray-100 dark:border-gray-800 shadow-sm"[39m
            [36m>[39m
              [36m<div[39m
                [33mclass[39m=[32m"flex items-center justify-between 
mb-4"[39m
              [36m>[39m
                [36m<div[39m
                  [33maria-hidden[39m=[32m"true"[39m
                  [33mclass[39m=[32m"
        animate-pulse
        bg-gray-200
        dark:bg-gray-800
        rounded-full
        w-10 h-10
      "[39m
                [36m/>[39m
                [36m<div[39m
                  [33maria-hidden[39m=[32m"true"[39m
                  [33mclass[39m=[32m"
        animate-pulse
        bg-gray-200
        dark:bg-gray-800
        rounded-md
        w-16 h-4
      "[39m
                [36m/>[39m
              [36m</div>[39m
              [36m<div[39m
                [33maria-hidden[39m=[32m"true"[39m
                [33mclass[39m=[32m"
        animate-pulse
        bg-gray-200
        dark:bg-gray-800
        h-4 w-full rounded
        w-3/4 mb-2
      "[39m
              [36m/>[39m
              [36m<div[39m
                [33maria-hidden[39m=[32m"true"[39m
                [33mclass[39m=[32m"
        animate-pulse
        bg-gray-200
        dark:bg-gray-800
        h-4 w-full rounded
        w...
[90m [2mÔØ»[22m Object.getElementError 
node_modules/@testing-library/dom/dist/config.js:[2m37:19[22m[39m
[90m [2mÔØ»[22m 
node_modules/@testing-library/dom/dist/query-helpers.js:[2m76:38[22m[39m
[90m [2mÔØ»[22m 
node_modules/@testing-library/dom/dist/query-helpers.js:[2m52:17[22m[39m
[90m [2mÔØ»[22m 
node_modules/@testing-library/dom/dist/query-helpers.js:[2m95:19[22m[39m
[36m [2mÔØ»[22m src/__tests__/Dashboard.test.tsx:[2m141:19[22m[39m
    [90m139|[39m   [34mit[39m([32m'affiche les graphiques Recharts 
(mock├®s)'[39m[33m,[39m () [33m=>[39m {
    [90m140|[39m     [34mrender[39m([33m<[39m[33mDashboard[39m 
[33m{[39m[33m...[39mmockProps[33m}[39m [33m/[39m[33m>[39m)[33m;[39m
    [90m141|[39m     [34mexpect[39m(screen[33m.[39m[34mgetByTestId[39m(
[32m'area-chart'[39m))[33m.[39m[34mtoBeTruthy[39m()[33m;[39m
    [90m   |[39m                   [31m^[39m
    [90m142|[39m     // Le PieChart est maintenant visible car 
expensesByCategory n estÔÇª
    [90m143|[39m     [34mexpect[39m(screen[33m.[39m[34mgetByTestId[39m(
[32m'pie-chart'[39m))[33m.[39m[34mtoBeTruthy[39m()[33m;[39m

[31m[2mÔÄ»ÔÄ»ÔÄ»ÔÄ»ÔÄ»ÔÄ»ÔÄ»ÔÄ»ÔÄ»ÔÄ»ÔÄ»ÔÄ»ÔÄ»ÔÄ»ÔÄ»ÔÄ»ÔÄ»ÔÄ»ÔÄ»ÔÄ»ÔÄ»ÔÄ»ÔÄ»[
2/28]ÔÄ»[22m[39m

[41m[1m FAIL [22m[49m src/__tests__/Sidebar.test.tsx[2m > 
[22mSidebar[2m > [22maffiche tous les ├®l├®ments du menu
[41m[1m FAIL [22m[49m src/__tests__/Sidebar.test.tsx[2m > 
[22mSidebar[2m > [22mappelle setView lors du clic sur un ├®l├®ment du menu
[41m[1m FAIL [22m[49m src/__tests__/Sidebar.test.tsx[2m > 
[22mSidebar[2m > [22maffiche l'├®tat actif sur la vue courante
[41m[1m FAIL [22m[49m src/__tests__/Sidebar.test.tsx[2m > 
[22mSidebar[2m > [22mappelle setIsMobileMenuOpen(false) lors du clic sur 
mobile
[41m[1m FAIL [22m[49m src/__tests__/useOfflineSync.test.ts[2m > 
[22museOfflineSync Hook[2m > [22mPhase 1: Chargement depuis Dexie local[2m 
> [22mdevrait charger les donn├®es existantes depuis Dexie au montage
[41m[1m FAIL [22m[49m src/__tests__/useOfflineSync.test.ts[2m > 
[22museOfflineSync Hook[2m > [22mPhase 1: Chargement depuis Dexie local[2m 
> [22mdevrait retourner un array vide si Dexie est vide
[41m[1m FAIL [22m[49m src/__tests__/useOfflineSync.test.ts[2m > 
[22museOfflineSync Hook[2m > [22mPhase 1: Chargement depuis Dexie local[2m 
> [22mdevrait g├®rer userId undefined sans erreur
[41m[1m FAIL [22m[49m src/__tests__/useOfflineSync.test.ts[2m > 
[22museOfflineSync Hook[2m > [22mPhase 2: Synchronisation Firestore[2m > 
[22mdevrait marquer status LOADING lors du montage
[31m[1mError[22m: Hook timed out in 10000ms.
If this is a long-running hook, pass a timeout value as the last argument or 
configure it globally with "hookTimeout".[39m
[36m [2mÔØ»[22m setupDexieForTests 
src/__tests__/integration/dexieIntegrationSetup.ts:[2m35:3[22m[39m
    [90m 33|[39m   })[33m;[39m
    [90m 34|[39m
    [90m 35|[39m   [34mafterEach[39m([35masync[39m () [33m=>[39m {
    [90m   |[39m   [31m^[39m
    [90m 36|[39m     [90m// Fermer et supprimer tous les DBs de Dexie en 
fin de test[39m
    [90m 37|[39m     [90m// Cela nettoie l'├®tat pour le test suivant[39m
[90m [2mÔØ»[22m vitest.setup.ts:[2m11:1[22m[39m

[31m[2mÔÄ»ÔÄ»ÔÄ»ÔÄ»ÔÄ»ÔÄ»ÔÄ»ÔÄ»ÔÄ»ÔÄ»ÔÄ»ÔÄ»ÔÄ»ÔÄ»ÔÄ»ÔÄ»ÔÄ»ÔÄ»ÔÄ»ÔÄ»ÔÄ»ÔÄ»ÔÄ»[
3/28]ÔÄ»[22m[39m

[41m[1m FAIL [22m[49m src/__tests__/useOfflineSync.test.ts[2m > 
[22museOfflineSync Hook[2m > [22mPhase 1: Chargement depuis Dexie local[2m 
> [22mdevrait charger les donn├®es existantes depuis Dexie au montage
[31m[1mAssertionError[22m: expected [] to deeply equal 
ArrayContaining{ÔÇª}[39m

[32m- Expected[39m
[31m+ Received[39m

[32m- ArrayContaining [[39m
[32m-   ObjectContaining {[39m
[32m-     "id": "inv-001",[39m
[32m-   },[39m
[32m- ][39m
[31m+ [][39m

[36m [2mÔØ»[22m src/__tests__/useOfflineSync.test.ts:[2m65:35[22m[39m
    [90m 63|[39m
    [90m 64|[39m       [90m// V├®rifier que les donn├®es sont charg├®es 
imm├®diatement[39m
    [90m 65|[39m       [34mexpect[39m(result[33m.[39mcurrent[33m.[39mda
ta)[33m.[39m[34mtoEqual[39m(
    [90m   |[39m                                   [31m^[39m
    [90m 66|[39m         expect.arrayContaining([expect.objectContaining({ 
id: 'inv-001ÔÇª
    [90m 67|[39m       )[33m;[39m

[31m[2mÔÄ»ÔÄ»ÔÄ»ÔÄ»ÔÄ»ÔÄ»ÔÄ»ÔÄ»ÔÄ»ÔÄ»ÔÄ»ÔÄ»ÔÄ»ÔÄ»ÔÄ»ÔÄ»ÔÄ»ÔÄ»ÔÄ»ÔÄ»ÔÄ»ÔÄ»ÔÄ»[
4/28]ÔÄ»[22m[39m

[41m[1m FAIL [22m[49m src/__tests__/components/ClientManager.test.tsx[2m 
> [22mClientManager Component[2m > [22mAdd Client Workflow[2m > [22mouvre 
le modal pour ajouter un client
[41m[1m FAIL [22m[49m src/__tests__/components/ClientManager.test.tsx[2m 
> [22mClientManager Component[2m > [22mAdd Client Workflow[2m > [22mcr├®e 
un nouveau client avec les donn├®es du formulaire
[41m[1m FAIL [22m[49m src/__tests__/components/ClientManager.test.tsx[2m 
> [22mClientManager Component[2m > [22mEdit Client Workflow[2m > 
[22mouvre le modal pour ├®diter un client

[41m[1m FAIL [22m[49m src/__tests__/components/ClientManager.test.tsx[2m 
> [22mClientManager Component[2m > [22mEdit Client Workflow[2m > 
[22mpr├®charge les donn├®es du client en ├®dition
[41m[1m FAIL [22m[49m src/__tests__/components/ClientManager.test.tsx[2m 
> [22mClientManager Component[2m > [22mEdit Client Workflow[2m > 
[22msauvegarde les modifications du client
[41m[1m FAIL [22m[49m src/__tests__/components/ClientManager.test.tsx[2m 
> [22mClientManager Component[2m > [22mDelete Client Workflow[2m > 
[22maffiche un bouton supprimer
[41m[1m FAIL [22m[49m src/__tests__/components/ClientManager.test.tsx[2m 
> [22mClientManager Component[2m > [22mDelete Client Workflow[2m > 
[22mappelle onDelete avec l'ID du client
[41m[1m FAIL [22m[49m src/__tests__/components/ClientManager.test.tsx[2m 
> [22mClientManager Component[2m > [22mValidation - SIRET[2m > 
[22mrejette un SIRET invalide (trop court)
[41m[1m FAIL [22m[49m src/__tests__/components/ClientManager.test.tsx[2m 
> [22mClientManager Component[2m > [22mValidation - SIRET[2m > 
[22maccepte un SIRET valide (13 chiffres)
[41m[1m FAIL [22m[49m src/__tests__/components/ClientManager.test.tsx[2m 
> [22mClientManager Component[2m > [22mValidation - Email[2m > 
[22mrejette un email invalide (pas @)
[41m[1m FAIL [22m[49m src/__tests__/components/ClientManager.test.tsx[2m 
> [22mClientManager Component[2m > [22mValidation - Email[2m > 
[22maccepte un email valide
[2m Test Files [22m [1m[31m3 failed[39m[22m[2m | [22m[1m[32m26 passed[39m[22m[90m (30)[39m
[41m[1m FAIL [22m[49m src/__tests__/components/ClientManager.test.tsx[2m 
> [22mClientManager Component[2m > [22mValidation - Email[2m > 
[22maccepte les emails avec sous-domaines
[41m[1m FAIL [22m[49m src/__tests__/components/ClientManager.test.tsx[2m 
> [22mClientManager Component[2m > [22mValidation - French Phone[2m > 
[22maccepte un t├®l├®phone fran├ºais standard
[41m[1m FAIL [22m[49m src/__tests__/components/ClientManager.test.tsx[2m 
> [22mClientManager Component[2m > [22mValidation - French Phone[2m > 
[22maccepte un t├®l├®phone avec espaces
[41m[1m FAIL [22m[49m src/__tests__/components/ClientManager.test.tsx[2m 
> [22mClientManager Component[2m > [22mValidation - French Phone[2m > 
[22mrejette un t├®l├®phone invalide (moins de 10 chiffres)
[41m[1m FAIL [22m[49m src/__tests__/components/ClientManager.test.tsx[2m 
> [22mClientManager Component[2m > [22mData Integrity[2m > [22mne perd 
pas de donn├®es lors de l'├®dition
[41m[1m FAIL [22m[49m src/__tests__/components/ClientManager.test.tsx[2m 
> [22mClientManager Component[2m > [22mData Integrity[2m > [22mpr├®serve 
les informations lors de la suppression en base de donn├®es
[31m[1mError[22m: [vitest] No "CheckCircle2" export is defined on the 
"lucide-react" mock. Did you forget to return it from "vi.mock"?
If you need to partially mock a module, you can use "importOriginal" helper 
inside:
[39m
vi.mock(import("lucide-react"), async (importOriginal) => {
  const actual = await importOriginal()
[2m      Tests [22m [1m[31m27 failed[39m[22m[2m | [22m[1m[32m797 passed[39m[22m[90m (830)[39m
[2m   Start at [22m 00:54:53
[2m   Duration [22m 123.99s[2m (transform 1.74s, setup 21.74s, import 6.18s, tests 61.43s, environment 61.90s)[22m

[1m[41m FAIL [49m[22m [31mTests failed. Watching for file changes...[39m
       [2mpress [22m[1mh[22m[2m to show help[22m[2m, [22m[2mpress [22m[1mq[22m[2m to quit[22m
  return {
    ...actual,
    // your mocked methods
  }
})

[36m [2mÔØ»[22m FormFieldValidated 
src/components/FormFieldValidated.tsx:[2m261:12[22m[39m
    [90m259|[39m         [33m<[39m[33m/[39m[33mlabel[39m[33m>[39m
    [90m260|[39m         [33m{[39mshowValidationIcon [33m&&[39m 
hasSuccess [33m&&[39m (
    [90m261|[39m           [33m<[39m[33mCheckCircle2[39m
    [90m   |[39m            [31m^[39m
    [90m262|[39m             
[33msize[39m[33m=[39m[33m{[39m[34m14[39m[33m}[39m
    [90m263|[39m             
[33mclassName[39m[33m=[39m[32m"text-green-600 dark:text-green-400"[39m
[90m [2mÔØ»[22m Object.react_stack_bottom_frame node_modules/react-dom/cjs/r
eact-dom-client.development.js:[2m25904:20[22m[39m
[90m [2mÔØ»[22m renderWithHooks node_modules/react-dom/cjs/react-dom-client.
development.js:[2m7662:22[22m[39m
[90m [2mÔØ»[22m updateFunctionComponent node_modules/react-dom/cjs/react-dom
-client.development.js:[2m10166:19[22m[39m
[90m [2mÔØ»[22m beginWork node_modules/react-dom/cjs/react-dom-client.develo
pment.js:[2m11778:18[22m[39m
[90m [2mÔØ»[22m runWithFiberInDEV 
node_modules/react-dom/cjs/react-dom-client.development.js:[2m874:13[22m[39m
[90m [2mÔØ»[22m performUnitOfWork node_modules/react-dom/cjs/react-dom-clien
t.development.js:[2m17641:22[22m[39m
[90m [2mÔØ»[22m workLoopSync node_modules/react-dom/cjs/react-dom-client.dev
elopment.js:[2m17469:41[22m[39m

[31m[2mÔÄ»ÔÄ»ÔÄ»ÔÄ»ÔÄ»ÔÄ»ÔÄ»ÔÄ»ÔÄ»ÔÄ»ÔÄ»ÔÄ»ÔÄ»ÔÄ»ÔÄ»ÔÄ»ÔÄ»ÔÄ»ÔÄ»ÔÄ»ÔÄ»ÔÄ»ÔÄ»[
5/28]ÔÄ»[22m[39m

